******************************************************************************
              TMS320C55x Linker PC v4.4.1                      
******************************************************************************
>> Linked Sun Nov 15 17:09:03 2015

OUTPUT FILE NAME:   <CSL_I2C_IntcExample_Out.out>
ENTRY POINT SYMBOL: "_c_int00"  address: 0000dd5d


MEMORY CONFIGURATION

         name            origin    length      used     unused   attr    fill
                        (bytes)   (bytes)    (bytes)   (bytes)
----------------------  --------  ---------  --------  --------  ----  --------
  VEC                   00000100   00000100  00000000  00000100  RW X
  DATA                  00000200   00007e00  00005b38  000022c8  RW X
  PROG                  00008000   00010000  00006563  00009a9d  R  X


SECTION ALLOCATION MAP
(Addresses surrounded by []'s are displayed for convenience only!)

output                                                          attributes/
section   page  orgn(bytes) orgn(words) len(bytes) len(words)   input sections
--------  ----  ----------- ----------- ---------- ----------   --------------
.data        0   [ 00000200 ]  00000100          *   00000000   UNINITIALIZED

.stack       0   [ 00000200 ]  00000100          *   00001000   UNINITIALIZED
                 [ 00000200 ]  00000100          *   00001000   --HOLE--

.sysmem      0   [ 00002200 ]  00001100          *   00001000   UNINITIALIZED
                 [ 00002200 ]  00001100          *   00001000   --HOLE--

.sysstack 
*            0   [ 00004200 ]  00002100          *   00000800   UNINITIALIZED
                 [ 00004200 ]  00002100          *   00000800   --HOLE--

.bss         0   [ 00005200 ]  00002900          *   0000037c   UNINITIALIZED
                 [ 00005200 ]  00002900          *   00000119   rts55x.lib : defs.obj (.bss)
                 [ 00005432 ]  00002a19          *   000000d0              : trgdrv.obj (.bss)
                 [ 000055d2 ]  00002ae9          *   00000001              : fopen.obj (.bss)
                 [ 000055d4 ]  00002aea          *   00000084   C55XXCSL_LP.lib : csl_intc.obj (.bss)
                 [ 000056dc ]  00002b6e          *   0000007b   csl_i2c_intc_example.obj (.bss)
                 [ 000057d2 ]  00002be9          *   00000001   --HOLE--
                 [ 000057d4 ]  00002bea          *   00000071   rts55x.lib : lowlev.obj (.bss)
                 [ 000058b6 ]  00002c5b          *   00000001   --HOLE--
                 [ 000058b8 ]  00002c5c          *   00000012   C55XXCSL_LP.lib : csl_i2c.obj (.bss)
                 [ 000058dc ]  00002c6e          *   00000006   rts55x.lib : memory.obj (.bss)
                 [ 000058e8 ]  00002c74          *   00000004              : _lock.obj (.bss)
                 [ 000058f0 ]  00002c78          *   00000004              : exit.obj (.bss)

.cio         0   [ 000058f8 ]  00002c7c          *   00000120   UNINITIALIZED
                 [ 000058f8 ]  00002c7c          *   00000120   rts55x.lib : trgmsg.obj (.cio)

vectors      0     00005c00  [ 00002e00 ] 00000200          *   NOLOAD SECTION
                   00005c00  [ 00002e00 ] 00000100          *   C55XXCSL_LP.lib : vectors.obj (vectors)
                   00005d00  [ 00002e80 ] 00000100          *   rts55x.lib : vectors.obj (vectors)

.text        0     00008000  [ 00004000 ] 00005e7f          *   
                   00008000  [ 00004000 ] 000015a4          *   rts55x.lib : _printfi.obj (.text)
                   000095a4  [ 00004ad2 ] 00000e8f          *   C55XXCSL_LP.lib : csl_i2c.obj (.text)
                   0000a433  [ 00005219+] 00000872          *   csl_i2c_intc_example.obj (.text)
                   0000aca5  [ 00005652+] 00000543          *   rts55x.lib : lowlev.obj (.text)
                   0000b1e8  [ 000058f4 ] 00000528          *              : trgdrv.obj (.text)
                   0000b710  [ 00005b88 ] 00000508          *   C55XXCSL_LP.lib : csl_intc.obj (.text)
                   0000bc18  [ 00005e0c ] 000004b5          *   rts55x.lib : memory.obj (.text)
                   0000c0cd  [ 00006066+] 000003cc          *              : divd.obj (.text)
                   0000c499  [ 0000624c+] 0000027f          *              : fopen.obj (.text)
                   0000c718  [ 0000638c ] 0000025e          *              : llmpy.obj (.text)
                   0000c976  [ 000064bb ] 0000025a          *              : addd.obj (.text)
                   0000cbd0  [ 000065e8 ] 000001ea          *              : cmpd.obj (.text)
                   0000cdba  [ 000066dd ] 00000163          *              : fputs.obj (.text)
                   0000cf1d  [ 0000678e+] 0000014c          *              : mpyd.obj (.text)
                   0000d069  [ 00006834+] 00000120          *   csl_i2c_intc_example.obj (.text:retain)
                   0000d189  [ 000068c4+] 000000e6          *   rts55x.lib : setvbuf.obj (.text)
                   0000d26f  [ 00006937+] 000000dd          *              : _io_perm.obj (.text)
                   0000d34c  [ 000069a6 ] 000000c2          *              : fflush.obj (.text)
                   0000d40e  [ 00006a07 ] 000000ba          *              : trgmsg.obj (.text:CIO_breakpoint)
                   0000d4c8  [ 00006a64 ] 000000a6          *              : fputc.obj (.text)
                   0000d56e  [ 00006ab7 ] 000000a1          *              : divul.obj (.text)
                   0000d60f  [ 00006b07+] 0000008c          *   C55XXCSL_LP.lib : csl_irqplug.obj (.text)
                   0000d69b  [ 00006b4d+] 0000007d          *   rts55x.lib : ltoa.obj (.text)
                   0000d718  [ 00006b8c ] 0000007b          *              : fclose.obj (.text)
                   0000d793  [ 00006bc9+] 00000076          *              : frcmpyd.obj (.text)
                   0000d809  [ 00006c04+] 00000073          *              : frcmpyd_div.obj (.text)
                   0000d87c  [ 00006c3e ] 00000072          *              : remul.obj (.text)
                   0000d8ee  [ 00006c77 ] 0000006f          *              : fixdli.obj (.text)
                   0000d95d  [ 00006cae+] 0000006d          *   C55XXCSL_LP.lib : vectors.obj (.text)
                   0000d9ca  [ 00006ce5 ] 0000006d          *   rts55x.lib : trgmsg.obj (.text)
                   0000da37  [ 00006d1b+] 0000006b          *              : fseek.obj (.text)
                   0000daa2  [ 00006d51 ] 00000067          *              : fltlid.obj (.text)
                   0000db09  [ 00006d84+] 0000005c          *              : atoi.obj (.text)
                   0000db65  [ 00006db2+] 00000050          *              : printf.obj (.text)
                   0000dbb5  [ 00006dda+] 0000004d          *              : autoinit.obj (.text)
                   0000dc02  [ 00006e01 ] 0000004b          *              : args_main.obj (.text)
                   0000dc4d  [ 00006e26+] 0000004b          *              : remli.obj (.text)
                   0000dc98  [ 00006e4c ] 00000048          *              : divli.obj (.text)
                   0000dce0  [ 00006e70 ] 0000003f          *              : memcpy.obj (.text)
                   0000dd1f  [ 00006e8f+] 0000003e          *              : exit.obj (.text)
                   0000dd5d  [ 00006eae+] 00000034          *              : boot.obj (.text)
                   0000dd91  [ 00006ec8+] 0000002a          *              : fixdi.obj (.text)
                   0000ddbb  [ 00006edd+] 0000002a          *              : udiv.obj (.text)
                   0000dde5  [ 00006ef2+] 00000023          *              : memccpy.obj (.text)
                   0000de08  [ 00006f04 ] 0000001a          *              : isinf.obj (.text)
                   0000de22  [ 00006f11 ] 00000014          *              : subd.obj (.text)
                   0000de36  [ 00006f1b ] 00000013          *              : lmpy.obj (.text)
                   0000de49  [ 00006f24+] 00000012          *              : _lock.obj (.text)
                   0000de5b  [ 00006f2d+] 00000010          *              : negd.obj (.text)
                   0000de6b  [ 00006f35+] 0000000a          *              : remove.obj (.text)
                   0000de75  [ 00006f3a+] 00000007          *              : exit.obj (.text:CIO_breakpoint)
                   0000de7c  [ 00006f3e ] 00000002          *              : vectors.obj (.text)
                   0000de7e  [ 00006f3f ] 00000001          *   --HOLE-- [fill = 20]

.const       0   [ 0000de80 ]  00006f40          *   000002f2   
                 [ 0000de80 ]  00006f40          *   000001b4   csl_i2c_intc_example.obj (.const:.string)
                 [ 0000e1e8 ]  000070f4          *   00000101   rts55x.lib : ctype.obj (.const:__ctypes_)
                 [ 0000e3ea ]  000071f5          *   00000001   --HOLE-- [fill = 0]
                 [ 0000e3ec ]  000071f6          *   00000024              : _printfi.obj (.const:.string)
                 [ 0000e434 ]  0000721a          *   0000000c              : _printfi.obj (.const)
                 [ 0000e44c ]  00007226          *   00000008              : divd.obj (.const:_initial_approx$1)
                 [ 0000e45c ]  0000722e          *   00000002              : fputs.obj (.const:.string)
                 [ 0000e460 ]  00007230          *   00000002              : fltlid.obj (.const)

.cinit       0   [ 0000e464 ]  00007232          *   00000080   
                 [ 0000e464 ]  00007232          *   0000002d   rts55x.lib : lowlev.obj (.cinit)
                 [ 0000e4be ]  0000725f          *   0000002a              : defs.obj (.cinit)
                 [ 0000e512 ]  00007289          *   0000000c   csl_i2c_intc_example.obj (.cinit)
                 [ 0000e52a ]  00007295          *   0000000a   rts55x.lib : _lock.obj (.cinit)
                 [ 0000e53e ]  0000729f          *   0000000a              : exit.obj (.cinit)
                 [ 0000e552 ]  000072a9          *   00000004              : fopen.obj (.cinit)
                 [ 0000e55a ]  000072ad          *   00000004              : memory.obj (.cinit)
                 [ 0000e562 ]  000072b1          *   00000001   --HOLE-- [fill = 0]


GLOBAL SYMBOLS: SORTED ALPHABETICALLY BY Name 

abs. value/
byte addr   word addr   name
---------   ---------   ----
00000002                $TI_capability$C5500$CallingConvention
00000002                $TI_capability$C5500$MemoryModel
00000001                $TI_capability_requires_rev3
            00002900    .bss
            00000100    .data
00008000                .text
0000de76                C$$EXIT
0000d4c3                C$$IO$$
0000de36                I$$LMPY
0000ddbb                I$$UDIV
0000ddd0                I$$UMOD
00005c00                RST
0000aca3                _CSL_i2cAasCallback
0000ac49                _CSL_i2cAlCallback
0000ac53                _CSL_i2cArdyCallback
0000a47b                _CSL_i2cIntcTest
0000ac4b                _CSL_i2cNackCallback
0000ac55                _CSL_i2cRxCallback
0000ac9b                _CSL_i2cScdCallback
0000ac78                _CSL_i2cTxCallback
0000b6b2                _HOSTclock
0000b647                _HOSTclose
0000b592                _HOSTlseek
0000b4f3                _HOSTopen
0000b466                _HOSTread
0000b3b8                _HOSTrename
0000b35a                _HOSTtime
0000b2f0                _HOSTunlink
0000b263                _HOSTwrite
0000964d                _I2C_config
0000a26b                _I2C_eventDisable
0000a137                _I2C_eventEnable
000097b2                _I2C_getConfig
0000a417                _I2C_getEventId
000095a4                _I2C_init
00009cd5                _I2C_read
0000a38a                _I2C_setCallback
00009888                _I2C_setup
00009a82                _I2C_write
0000b798                _IRQ_clear
0000b7eb                _IRQ_clearAll
0000b7fb                _IRQ_config
0000b908                _IRQ_disable
0000b986                _IRQ_disableAll
0000b994                _IRQ_enable
0000ba8e                _IRQ_getArg
0000b880                _IRQ_getConfig
0000bbd2                _IRQ_globalDisable
0000bbeb                _IRQ_globalEnable
0000bc04                _IRQ_globalRestore
0000b710                _IRQ_init
0000bb03                _IRQ_map
0000d60f                _IRQ_plug
0000ba1e                _IRQ_restore
0000bad2                _IRQ_setArg
0000bb2f                _IRQ_setVecs
0000bb60                _IRQ_test
            00002be8    _PaSs
            00002be7    _PaSs_StAtE
00005d00                _Reset
00005c00                _VECSTART
            00002c7c    __CIOBUF_
            00001100    __STACK_END
00002000                __STACK_SIZE
00002000                __SYSMEM_SIZE
00001000                __SYSSTACK_SIZE
00000001                __TI_args_main
ffffffff                ___binit__
            00002900    ___bss__
ffffffff                ___c_args__
            00007232    ___cinit__
            00000100    ___data__
            00000100    ___edata__
            00002c7c    ___end__
0000de7f                ___etext__
0000de08                ___isinf
ffffffff                ___pinit__
00008000                ___text__
0000c976                __addd
0000dc02                __args_main
0000c5ba                __cleanup
            00002c78    __cleanup_ptr
0000cd62                __cmpd
            000070f4    __ctypes_
0000c0cd                __divd
0000dc98                __divli
0000c941                __divlli
0000ddbb                __divu
0000d56e                __divul
0000c84d                __divull
0000d34c                __doflush
            00002c7a    __dtors_ptr
0000cd2e                __eqld
0000dd91                __fixdi
0000d8ee                __fixdli
0000daa2                __fltlid
0000d793                __frcmpyd
0000d809                __frcmpyd_div
            00002a18    __ft_end
            00002900    __ftable
0000cce4                __geqd
0000cc99                __gtrd
0000cc4c                __leqd
            00002c74    __lock
0000cc04                __lssd
0000cf1d                __mpyd
0000de36                __mpyli
0000c795                __mpylli
0000de5b                __negd
0000cbd0                __neqd
0000de59                __nop
00009362                __printfi
0000d2ef                __rd_ok
0000de51                __register_lock
0000de49                __register_unlock
0000dc4d                __remli
0000c766                __remlli
0000ddd0                __remu
0000d87c                __remul
0000c718                __remull
            00000100    __stack
0000de22                __subd
            00001100    __sys_memory
            00002100    __sysstack
            00002978    __tmpnams
            00002c76    __unlock
0000d26f                __wrt_ok
0000de75                _abort
0000b0f8                _add_device
0000db09                _atoi
0000dbb5                _auto_init
0000dd5d                _c_int00
0000c0a7                _calloc
0000c09f                _chkheap
0000b085                _close
            00002bcc    _config
            00002be2    _dataLength
0000dd1f                _exit
0000d718                _fclose
0000d3b5                _fflush
0000b07c                _find_registered_device
0000c6dd                _fopen
0000d4c8                _fputc
0000cdba                _fputs
0000bc18                _free
0000c049                _free_memory
0000c614                _freopen
0000da37                _fseek
            00002c5c    _gI2cObj
            00002b90    _gI2cRdBuf
            00002b6e    _gI2cWrBuf
0000b1e8                _getenv
            00002bba    _i2cConfig
            00002be5    _i2cErrInTx
            00002bc3    _i2cGetConfig
            00002c6c    _i2cHandle
            00002bd4    _i2cIsrAddr
            00002be4    _i2cRxCount
            00002bb0    _i2cSetup
            00002be3    _i2cTxCount
0000d069                _i2c_isr
0000b016                _lseek
0000d69b                _ltoa
0000a433                _main
0000bd49                _malloc
0000bfef                _max_free
0000dde5                _memccpy
0000dce0                _memcpy
0000bce4                _minit
0000af57                _open
0000db65                _printf
0000d4c8                _putc
0000d55f                _putchar
0000ceef                _puts
0000aea9                _read
0000d9ca                _readmsg
0000be3e                _realloc
0000de6b                _remove
0000ae73                _remove_device
0000ae1a                _rename
0000d189                _setvbuf
            00002be6    _stopDetected
0000ade7                _unlink
0000aca5                _write
0000d40e                _writemsg
ffffffff                binit
            00007232    cinit
            00000100    edata
            00002c7c    end
0000de7f                etext
ffffffff                pinit


GLOBAL SYMBOLS: SORTED BY Symbol Address 

abs. value/
byte addr   word addr   name
---------   ---------   ----
00000001                $TI_capability_requires_rev3
00000001                __TI_args_main
00000002                $TI_capability$C5500$CallingConvention
00000002                $TI_capability$C5500$MemoryModel
            00000100    .data
            00000100    ___data__
            00000100    ___edata__
            00000100    __stack
            00000100    edata
00001000                __SYSSTACK_SIZE
00002000                __STACK_SIZE
00002000                __SYSMEM_SIZE
            00001100    __STACK_END
            00001100    __sys_memory
            00002100    __sysstack
            00002900    .bss
            00002900    ___bss__
            00002900    __ftable
            00002978    __tmpnams
            00002a18    __ft_end
            00002b6e    _gI2cWrBuf
            00002b90    _gI2cRdBuf
            00002bb0    _i2cSetup
            00002bba    _i2cConfig
            00002bc3    _i2cGetConfig
            00002bcc    _config
            00002bd4    _i2cIsrAddr
            00002be2    _dataLength
            00002be3    _i2cTxCount
            00002be4    _i2cRxCount
            00002be5    _i2cErrInTx
            00002be6    _stopDetected
            00002be7    _PaSs_StAtE
            00002be8    _PaSs
            00002c5c    _gI2cObj
            00002c6c    _i2cHandle
            00002c74    __lock
            00002c76    __unlock
            00002c78    __cleanup_ptr
            00002c7a    __dtors_ptr
            00002c7c    __CIOBUF_
            00002c7c    ___end__
            00002c7c    end
00005c00                RST
00005c00                _VECSTART
00005d00                _Reset
00008000                .text
00008000                ___text__
00009362                __printfi
000095a4                _I2C_init
0000964d                _I2C_config
000097b2                _I2C_getConfig
00009888                _I2C_setup
00009a82                _I2C_write
00009cd5                _I2C_read
0000a137                _I2C_eventEnable
0000a26b                _I2C_eventDisable
0000a38a                _I2C_setCallback
0000a417                _I2C_getEventId
0000a433                _main
0000a47b                _CSL_i2cIntcTest
0000ac49                _CSL_i2cAlCallback
0000ac4b                _CSL_i2cNackCallback
0000ac53                _CSL_i2cArdyCallback
0000ac55                _CSL_i2cRxCallback
0000ac78                _CSL_i2cTxCallback
0000ac9b                _CSL_i2cScdCallback
0000aca3                _CSL_i2cAasCallback
0000aca5                _write
0000ade7                _unlink
0000ae1a                _rename
0000ae73                _remove_device
0000aea9                _read
0000af57                _open
0000b016                _lseek
0000b07c                _find_registered_device
0000b085                _close
0000b0f8                _add_device
0000b1e8                _getenv
0000b263                _HOSTwrite
0000b2f0                _HOSTunlink
0000b35a                _HOSTtime
0000b3b8                _HOSTrename
0000b466                _HOSTread
0000b4f3                _HOSTopen
0000b592                _HOSTlseek
0000b647                _HOSTclose
0000b6b2                _HOSTclock
0000b710                _IRQ_init
0000b798                _IRQ_clear
0000b7eb                _IRQ_clearAll
0000b7fb                _IRQ_config
0000b880                _IRQ_getConfig
0000b908                _IRQ_disable
0000b986                _IRQ_disableAll
0000b994                _IRQ_enable
0000ba1e                _IRQ_restore
0000ba8e                _IRQ_getArg
0000bad2                _IRQ_setArg
0000bb03                _IRQ_map
0000bb2f                _IRQ_setVecs
0000bb60                _IRQ_test
0000bbd2                _IRQ_globalDisable
0000bbeb                _IRQ_globalEnable
0000bc04                _IRQ_globalRestore
0000bc18                _free
0000bce4                _minit
0000bd49                _malloc
0000be3e                _realloc
0000bfef                _max_free
0000c049                _free_memory
0000c09f                _chkheap
0000c0a7                _calloc
0000c0cd                __divd
0000c5ba                __cleanup
0000c614                _freopen
0000c6dd                _fopen
0000c718                __remull
0000c766                __remlli
0000c795                __mpylli
0000c84d                __divull
0000c941                __divlli
0000c976                __addd
0000cbd0                __neqd
0000cc04                __lssd
0000cc4c                __leqd
0000cc99                __gtrd
0000cce4                __geqd
0000cd2e                __eqld
0000cd62                __cmpd
0000cdba                _fputs
0000ceef                _puts
0000cf1d                __mpyd
0000d069                _i2c_isr
0000d189                _setvbuf
0000d26f                __wrt_ok
0000d2ef                __rd_ok
0000d34c                __doflush
0000d3b5                _fflush
0000d40e                _writemsg
0000d4c3                C$$IO$$
0000d4c8                _fputc
0000d4c8                _putc
0000d55f                _putchar
0000d56e                __divul
0000d60f                _IRQ_plug
0000d69b                _ltoa
0000d718                _fclose
0000d793                __frcmpyd
0000d809                __frcmpyd_div
0000d87c                __remul
0000d8ee                __fixdli
0000d9ca                _readmsg
0000da37                _fseek
0000daa2                __fltlid
0000db09                _atoi
0000db65                _printf
0000dbb5                _auto_init
0000dc02                __args_main
0000dc4d                __remli
0000dc98                __divli
0000dce0                _memcpy
0000dd1f                _exit
0000dd5d                _c_int00
0000dd91                __fixdi
0000ddbb                I$$UDIV
0000ddbb                __divu
0000ddd0                I$$UMOD
0000ddd0                __remu
0000dde5                _memccpy
0000de08                ___isinf
0000de22                __subd
0000de36                I$$LMPY
0000de36                __mpyli
0000de49                __register_unlock
0000de51                __register_lock
0000de59                __nop
0000de5b                __negd
0000de6b                _remove
0000de75                _abort
0000de76                C$$EXIT
0000de7f                ___etext__
0000de7f                etext
            000070f4    __ctypes_
            00007232    ___cinit__
            00007232    cinit
ffffffff                ___binit__
ffffffff                ___c_args__
ffffffff                ___pinit__
ffffffff                binit
ffffffff                pinit

[191 symbols]
