<?xml version="1.0"?>
<link_info>
   <banner>TMS320C55x Linker PC v4.4.1</banner>
   <copyright>Copyright (c) 1996-2012 Texas Instruments Incorporated</copyright>
   <link_time>0x5648ae1f</link_time>
   <output_file>CSL_I2C_IntcExample_Out.out</output_file>
   <entry_point>
      <name>_c_int00</name>
      <address>0xdd5d</address>
   </entry_point>
   <input_file_list>
      <input_file id="fl-2">
         <path>.\</path>
         <kind>object</kind>
         <file>csl_i2c_intc_example.obj</file>
         <name>csl_i2c_intc_example.obj</name>
      </input_file>
      <input_file id="fl-8">
         <path>C:\c55\DMFX_1_1\c55xx_csl\ccs_v5.0_examples\C55XXCSL_LP\Debug\</path>
         <kind>archive</kind>
         <file>C55XXCSL_LP.lib</file>
         <name>vectors.obj</name>
      </input_file>
      <input_file id="fl-9">
         <path>C:\c55\DMFX_1_1\c55xx_csl\ccs_v5.0_examples\C55XXCSL_LP\Debug\</path>
         <kind>archive</kind>
         <file>C55XXCSL_LP.lib</file>
         <name>csl_irqplug.obj</name>
      </input_file>
      <input_file id="fl-a">
         <path>C:\c55\DMFX_1_1\c55xx_csl\ccs_v5.0_examples\C55XXCSL_LP\Debug\</path>
         <kind>archive</kind>
         <file>C55XXCSL_LP.lib</file>
         <name>csl_intc.obj</name>
      </input_file>
      <input_file id="fl-b">
         <path>C:\c55\DMFX_1_1\c55xx_csl\ccs_v5.0_examples\C55XXCSL_LP\Debug\</path>
         <kind>archive</kind>
         <file>C55XXCSL_LP.lib</file>
         <name>csl_i2c.obj</name>
      </input_file>
      <input_file id="fl-c">
         <path>C:\ti\ccsv5\tools\compiler\c5500_4.4.1\lib\</path>
         <kind>archive</kind>
         <file>rts55x.lib</file>
         <name>boot.obj</name>
      </input_file>
      <input_file id="fl-d">
         <path>C:\ti\ccsv5\tools\compiler\c5500_4.4.1\lib\</path>
         <kind>archive</kind>
         <file>rts55x.lib</file>
         <name>divul.obj</name>
      </input_file>
      <input_file id="fl-e">
         <path>C:\ti\ccsv5\tools\compiler\c5500_4.4.1\lib\</path>
         <kind>archive</kind>
         <file>rts55x.lib</file>
         <name>exit.obj</name>
      </input_file>
      <input_file id="fl-f">
         <path>C:\ti\ccsv5\tools\compiler\c5500_4.4.1\lib\</path>
         <kind>archive</kind>
         <file>rts55x.lib</file>
         <name>lmpy.obj</name>
      </input_file>
      <input_file id="fl-10">
         <path>C:\ti\ccsv5\tools\compiler\c5500_4.4.1\lib\</path>
         <kind>archive</kind>
         <file>rts55x.lib</file>
         <name>printf.obj</name>
      </input_file>
      <input_file id="fl-11">
         <path>C:\ti\ccsv5\tools\compiler\c5500_4.4.1\lib\</path>
         <kind>archive</kind>
         <file>rts55x.lib</file>
         <name>remul.obj</name>
      </input_file>
      <input_file id="fl-12">
         <path>C:\ti\ccsv5\tools\compiler\c5500_4.4.1\lib\</path>
         <kind>archive</kind>
         <file>rts55x.lib</file>
         <name>vectors.obj</name>
      </input_file>
      <input_file id="fl-13">
         <path>C:\ti\ccsv5\tools\compiler\c5500_4.4.1\lib\</path>
         <kind>archive</kind>
         <file>rts55x.lib</file>
         <name>_lock.obj</name>
      </input_file>
      <input_file id="fl-14">
         <path>C:\ti\ccsv5\tools\compiler\c5500_4.4.1\lib\</path>
         <kind>archive</kind>
         <file>rts55x.lib</file>
         <name>_printfi.obj</name>
      </input_file>
      <input_file id="fl-15">
         <path>C:\ti\ccsv5\tools\compiler\c5500_4.4.1\lib\</path>
         <kind>archive</kind>
         <file>rts55x.lib</file>
         <name>args_main.obj</name>
      </input_file>
      <input_file id="fl-16">
         <path>C:\ti\ccsv5\tools\compiler\c5500_4.4.1\lib\</path>
         <kind>archive</kind>
         <file>rts55x.lib</file>
         <name>atoi.obj</name>
      </input_file>
      <input_file id="fl-17">
         <path>C:\ti\ccsv5\tools\compiler\c5500_4.4.1\lib\</path>
         <kind>archive</kind>
         <file>rts55x.lib</file>
         <name>autoinit.obj</name>
      </input_file>
      <input_file id="fl-18">
         <path>C:\ti\ccsv5\tools\compiler\c5500_4.4.1\lib\</path>
         <kind>archive</kind>
         <file>rts55x.lib</file>
         <name>cmpd.obj</name>
      </input_file>
      <input_file id="fl-19">
         <path>C:\ti\ccsv5\tools\compiler\c5500_4.4.1\lib\</path>
         <kind>archive</kind>
         <file>rts55x.lib</file>
         <name>ctype.obj</name>
      </input_file>
      <input_file id="fl-1a">
         <path>C:\ti\ccsv5\tools\compiler\c5500_4.4.1\lib\</path>
         <kind>archive</kind>
         <file>rts55x.lib</file>
         <name>defs.obj</name>
      </input_file>
      <input_file id="fl-1b">
         <path>C:\ti\ccsv5\tools\compiler\c5500_4.4.1\lib\</path>
         <kind>archive</kind>
         <file>rts55x.lib</file>
         <name>divd.obj</name>
      </input_file>
      <input_file id="fl-1c">
         <path>C:\ti\ccsv5\tools\compiler\c5500_4.4.1\lib\</path>
         <kind>archive</kind>
         <file>rts55x.lib</file>
         <name>fixdi.obj</name>
      </input_file>
      <input_file id="fl-1d">
         <path>C:\ti\ccsv5\tools\compiler\c5500_4.4.1\lib\</path>
         <kind>archive</kind>
         <file>rts55x.lib</file>
         <name>fixdli.obj</name>
      </input_file>
      <input_file id="fl-1e">
         <path>C:\ti\ccsv5\tools\compiler\c5500_4.4.1\lib\</path>
         <kind>archive</kind>
         <file>rts55x.lib</file>
         <name>fltlid.obj</name>
      </input_file>
      <input_file id="fl-1f">
         <path>C:\ti\ccsv5\tools\compiler\c5500_4.4.1\lib\</path>
         <kind>archive</kind>
         <file>rts55x.lib</file>
         <name>fputc.obj</name>
      </input_file>
      <input_file id="fl-20">
         <path>C:\ti\ccsv5\tools\compiler\c5500_4.4.1\lib\</path>
         <kind>archive</kind>
         <file>rts55x.lib</file>
         <name>fputs.obj</name>
      </input_file>
      <input_file id="fl-21">
         <path>C:\ti\ccsv5\tools\compiler\c5500_4.4.1\lib\</path>
         <kind>archive</kind>
         <file>rts55x.lib</file>
         <name>frcmpyd_div.obj</name>
      </input_file>
      <input_file id="fl-22">
         <path>C:\ti\ccsv5\tools\compiler\c5500_4.4.1\lib\</path>
         <kind>archive</kind>
         <file>rts55x.lib</file>
         <name>isinf.obj</name>
      </input_file>
      <input_file id="fl-23">
         <path>C:\ti\ccsv5\tools\compiler\c5500_4.4.1\lib\</path>
         <kind>archive</kind>
         <file>rts55x.lib</file>
         <name>llmpy.obj</name>
      </input_file>
      <input_file id="fl-24">
         <path>C:\ti\ccsv5\tools\compiler\c5500_4.4.1\lib\</path>
         <kind>archive</kind>
         <file>rts55x.lib</file>
         <name>lowlev.obj</name>
      </input_file>
      <input_file id="fl-25">
         <path>C:\ti\ccsv5\tools\compiler\c5500_4.4.1\lib\</path>
         <kind>archive</kind>
         <file>rts55x.lib</file>
         <name>ltoa.obj</name>
      </input_file>
      <input_file id="fl-26">
         <path>C:\ti\ccsv5\tools\compiler\c5500_4.4.1\lib\</path>
         <kind>archive</kind>
         <file>rts55x.lib</file>
         <name>memccpy.obj</name>
      </input_file>
      <input_file id="fl-27">
         <path>C:\ti\ccsv5\tools\compiler\c5500_4.4.1\lib\</path>
         <kind>archive</kind>
         <file>rts55x.lib</file>
         <name>memcpy.obj</name>
      </input_file>
      <input_file id="fl-28">
         <path>C:\ti\ccsv5\tools\compiler\c5500_4.4.1\lib\</path>
         <kind>archive</kind>
         <file>rts55x.lib</file>
         <name>mpyd.obj</name>
      </input_file>
      <input_file id="fl-29">
         <path>C:\ti\ccsv5\tools\compiler\c5500_4.4.1\lib\</path>
         <kind>archive</kind>
         <file>rts55x.lib</file>
         <name>negd.obj</name>
      </input_file>
      <input_file id="fl-2a">
         <path>C:\ti\ccsv5\tools\compiler\c5500_4.4.1\lib\</path>
         <kind>archive</kind>
         <file>rts55x.lib</file>
         <name>remli.obj</name>
      </input_file>
      <input_file id="fl-2b">
         <path>C:\ti\ccsv5\tools\compiler\c5500_4.4.1\lib\</path>
         <kind>archive</kind>
         <file>rts55x.lib</file>
         <name>subd.obj</name>
      </input_file>
      <input_file id="fl-2c">
         <path>C:\ti\ccsv5\tools\compiler\c5500_4.4.1\lib\</path>
         <kind>archive</kind>
         <file>rts55x.lib</file>
         <name>trgdrv.obj</name>
      </input_file>
      <input_file id="fl-2d">
         <path>C:\ti\ccsv5\tools\compiler\c5500_4.4.1\lib\</path>
         <kind>archive</kind>
         <file>rts55x.lib</file>
         <name>trgmsg.obj</name>
      </input_file>
      <input_file id="fl-2e">
         <path>C:\ti\ccsv5\tools\compiler\c5500_4.4.1\lib\</path>
         <kind>archive</kind>
         <file>rts55x.lib</file>
         <name>udiv.obj</name>
      </input_file>
      <input_file id="fl-2f">
         <path>C:\ti\ccsv5\tools\compiler\c5500_4.4.1\lib\</path>
         <kind>archive</kind>
         <file>rts55x.lib</file>
         <name>_io_perm.obj</name>
      </input_file>
      <input_file id="fl-30">
         <path>C:\ti\ccsv5\tools\compiler\c5500_4.4.1\lib\</path>
         <kind>archive</kind>
         <file>rts55x.lib</file>
         <name>addd.obj</name>
      </input_file>
      <input_file id="fl-31">
         <path>C:\ti\ccsv5\tools\compiler\c5500_4.4.1\lib\</path>
         <kind>archive</kind>
         <file>rts55x.lib</file>
         <name>divli.obj</name>
      </input_file>
      <input_file id="fl-32">
         <path>C:\ti\ccsv5\tools\compiler\c5500_4.4.1\lib\</path>
         <kind>archive</kind>
         <file>rts55x.lib</file>
         <name>fflush.obj</name>
      </input_file>
      <input_file id="fl-33">
         <path>C:\ti\ccsv5\tools\compiler\c5500_4.4.1\lib\</path>
         <kind>archive</kind>
         <file>rts55x.lib</file>
         <name>frcmpyd.obj</name>
      </input_file>
      <input_file id="fl-34">
         <path>C:\ti\ccsv5\tools\compiler\c5500_4.4.1\lib\</path>
         <kind>archive</kind>
         <file>rts55x.lib</file>
         <name>fseek.obj</name>
      </input_file>
      <input_file id="fl-35">
         <path>C:\ti\ccsv5\tools\compiler\c5500_4.4.1\lib\</path>
         <kind>archive</kind>
         <file>rts55x.lib</file>
         <name>setvbuf.obj</name>
      </input_file>
      <input_file id="fl-36">
         <path>C:\ti\ccsv5\tools\compiler\c5500_4.4.1\lib\</path>
         <kind>archive</kind>
         <file>rts55x.lib</file>
         <name>fopen.obj</name>
      </input_file>
      <input_file id="fl-37">
         <path>C:\ti\ccsv5\tools\compiler\c5500_4.4.1\lib\</path>
         <kind>archive</kind>
         <file>rts55x.lib</file>
         <name>memory.obj</name>
      </input_file>
      <input_file id="fl-38">
         <path>C:\ti\ccsv5\tools\compiler\c5500_4.4.1\lib\</path>
         <kind>archive</kind>
         <file>rts55x.lib</file>
         <name>fclose.obj</name>
      </input_file>
      <input_file id="fl-39">
         <path>C:\ti\ccsv5\tools\compiler\c5500_4.4.1\lib\</path>
         <kind>archive</kind>
         <file>rts55x.lib</file>
         <name>remove.obj</name>
      </input_file>
   </input_file_list>
   <object_component_list>
      <object_component id="oc-53">
         <name>.text</name>
         <load_address>0x8000</load_address>
         <run_address>0x8000</run_address>
         <size>0x15a4</size>
         <input_file_ref idref="fl-14"/>
      </object_component>
      <object_component id="oc-27">
         <name>.text</name>
         <load_address>0x95a4</load_address>
         <run_address>0x95a4</run_address>
         <size>0xe8f</size>
         <input_file_ref idref="fl-b"/>
      </object_component>
      <object_component id="oc-f">
         <name>.text</name>
         <load_address>0xa433</load_address>
         <run_address>0xa433</run_address>
         <size>0x872</size>
         <input_file_ref idref="fl-2"/>
      </object_component>
      <object_component id="oc-95">
         <name>.text</name>
         <load_address>0xaca5</load_address>
         <run_address>0xaca5</run_address>
         <size>0x543</size>
         <input_file_ref idref="fl-24"/>
      </object_component>
      <object_component id="oc-b7">
         <name>.text</name>
         <load_address>0xb1e8</load_address>
         <run_address>0xb1e8</run_address>
         <size>0x528</size>
         <input_file_ref idref="fl-2c"/>
      </object_component>
      <object_component id="oc-21">
         <name>.text</name>
         <load_address>0xb710</load_address>
         <run_address>0xb710</run_address>
         <size>0x508</size>
         <input_file_ref idref="fl-a"/>
      </object_component>
      <object_component id="oc-e8">
         <name>.text</name>
         <load_address>0xbc18</load_address>
         <run_address>0xbc18</run_address>
         <size>0x4b5</size>
         <input_file_ref idref="fl-37"/>
      </object_component>
      <object_component id="oc-6f">
         <name>.text</name>
         <load_address>0xc0cd</load_address>
         <run_address>0xc0cd</run_address>
         <size>0x3cc</size>
         <input_file_ref idref="fl-1b"/>
      </object_component>
      <object_component id="oc-e2">
         <name>.text</name>
         <load_address>0xc499</load_address>
         <run_address>0xc499</run_address>
         <size>0x27f</size>
         <input_file_ref idref="fl-36"/>
      </object_component>
      <object_component id="oc-91">
         <name>.text</name>
         <load_address>0xc718</load_address>
         <run_address>0xc718</run_address>
         <size>0x25e</size>
         <input_file_ref idref="fl-23"/>
      </object_component>
      <object_component id="oc-ca">
         <name>.text</name>
         <load_address>0xc976</load_address>
         <run_address>0xc976</run_address>
         <size>0x25a</size>
         <input_file_ref idref="fl-30"/>
      </object_component>
      <object_component id="oc-65">
         <name>.text</name>
         <load_address>0xcbd0</load_address>
         <run_address>0xcbd0</run_address>
         <size>0x1ea</size>
         <input_file_ref idref="fl-18"/>
      </object_component>
      <object_component id="oc-84">
         <name>.text</name>
         <load_address>0xcdba</load_address>
         <run_address>0xcdba</run_address>
         <size>0x163</size>
         <input_file_ref idref="fl-20"/>
      </object_component>
      <object_component id="oc-a7">
         <name>.text</name>
         <load_address>0xcf1d</load_address>
         <run_address>0xcf1d</run_address>
         <size>0x14c</size>
         <input_file_ref idref="fl-28"/>
      </object_component>
      <object_component id="oc-13">
         <name>.text:retain</name>
         <load_address>0xd069</load_address>
         <run_address>0xd069</run_address>
         <size>0x120</size>
         <input_file_ref idref="fl-2"/>
      </object_component>
      <object_component id="oc-de">
         <name>.text</name>
         <load_address>0xd189</load_address>
         <run_address>0xd189</run_address>
         <size>0xe6</size>
         <input_file_ref idref="fl-35"/>
      </object_component>
      <object_component id="oc-c6">
         <name>.text</name>
         <load_address>0xd26f</load_address>
         <run_address>0xd26f</run_address>
         <size>0xdd</size>
         <input_file_ref idref="fl-2f"/>
      </object_component>
      <object_component id="oc-d2">
         <name>.text</name>
         <load_address>0xd34c</load_address>
         <run_address>0xd34c</run_address>
         <size>0xc2</size>
         <input_file_ref idref="fl-32"/>
      </object_component>
      <object_component id="oc-bf">
         <name>.text:CIO_breakpoint</name>
         <load_address>0xd40e</load_address>
         <run_address>0xd40e</run_address>
         <size>0xba</size>
         <input_file_ref idref="fl-2d"/>
      </object_component>
      <object_component id="oc-80">
         <name>.text</name>
         <load_address>0xd4c8</load_address>
         <run_address>0xd4c8</run_address>
         <size>0xa6</size>
         <input_file_ref idref="fl-1f"/>
      </object_component>
      <object_component id="oc-31">
         <name>.text</name>
         <load_address>0xd56e</load_address>
         <run_address>0xd56e</run_address>
         <size>0xa1</size>
         <input_file_ref idref="fl-d"/>
      </object_component>
      <object_component id="oc-1d">
         <name>.text</name>
         <load_address>0xd60f</load_address>
         <run_address>0xd60f</run_address>
         <size>0x8c</size>
         <input_file_ref idref="fl-9"/>
      </object_component>
      <object_component id="oc-9b">
         <name>.text</name>
         <load_address>0xd69b</load_address>
         <run_address>0xd69b</run_address>
         <size>0x7d</size>
         <input_file_ref idref="fl-25"/>
      </object_component>
      <object_component id="oc-ef">
         <name>.text</name>
         <load_address>0xd718</load_address>
         <run_address>0xd718</run_address>
         <size>0x7b</size>
         <input_file_ref idref="fl-38"/>
      </object_component>
      <object_component id="oc-d6">
         <name>.text</name>
         <load_address>0xd793</load_address>
         <run_address>0xd793</run_address>
         <size>0x76</size>
         <input_file_ref idref="fl-33"/>
      </object_component>
      <object_component id="oc-89">
         <name>.text</name>
         <load_address>0xd809</load_address>
         <run_address>0xd809</run_address>
         <size>0x73</size>
         <input_file_ref idref="fl-21"/>
      </object_component>
      <object_component id="oc-44">
         <name>.text</name>
         <load_address>0xd87c</load_address>
         <run_address>0xd87c</run_address>
         <size>0x72</size>
         <input_file_ref idref="fl-11"/>
      </object_component>
      <object_component id="oc-77">
         <name>.text</name>
         <load_address>0xd8ee</load_address>
         <run_address>0xd8ee</run_address>
         <size>0x6f</size>
         <input_file_ref idref="fl-1d"/>
      </object_component>
      <object_component id="oc-18">
         <name>.text</name>
         <load_address>0xd95d</load_address>
         <run_address>0xd95d</run_address>
         <size>0x6d</size>
         <input_file_ref idref="fl-8"/>
      </object_component>
      <object_component id="oc-bc">
         <name>.text</name>
         <load_address>0xd9ca</load_address>
         <run_address>0xd9ca</run_address>
         <size>0x6d</size>
         <input_file_ref idref="fl-2d"/>
      </object_component>
      <object_component id="oc-da">
         <name>.text</name>
         <load_address>0xda37</load_address>
         <run_address>0xda37</run_address>
         <size>0x6b</size>
         <input_file_ref idref="fl-34"/>
      </object_component>
      <object_component id="oc-7b">
         <name>.text</name>
         <load_address>0xdaa2</load_address>
         <run_address>0xdaa2</run_address>
         <size>0x67</size>
         <input_file_ref idref="fl-1e"/>
      </object_component>
      <object_component id="oc-5d">
         <name>.text</name>
         <load_address>0xdb09</load_address>
         <run_address>0xdb09</run_address>
         <size>0x5c</size>
         <input_file_ref idref="fl-16"/>
      </object_component>
      <object_component id="oc-40">
         <name>.text</name>
         <load_address>0xdb65</load_address>
         <run_address>0xdb65</run_address>
         <size>0x50</size>
         <input_file_ref idref="fl-10"/>
      </object_component>
      <object_component id="oc-61">
         <name>.text</name>
         <load_address>0xdbb5</load_address>
         <run_address>0xdbb5</run_address>
         <size>0x4d</size>
         <input_file_ref idref="fl-17"/>
      </object_component>
      <object_component id="oc-59">
         <name>.text</name>
         <load_address>0xdc02</load_address>
         <run_address>0xdc02</run_address>
         <size>0x4b</size>
         <input_file_ref idref="fl-15"/>
      </object_component>
      <object_component id="oc-af">
         <name>.text</name>
         <load_address>0xdc4d</load_address>
         <run_address>0xdc4d</run_address>
         <size>0x4b</size>
         <input_file_ref idref="fl-2a"/>
      </object_component>
      <object_component id="oc-ce">
         <name>.text</name>
         <load_address>0xdc98</load_address>
         <run_address>0xdc98</run_address>
         <size>0x48</size>
         <input_file_ref idref="fl-31"/>
      </object_component>
      <object_component id="oc-a3">
         <name>.text</name>
         <load_address>0xdce0</load_address>
         <run_address>0xdce0</run_address>
         <size>0x3f</size>
         <input_file_ref idref="fl-27"/>
      </object_component>
      <object_component id="oc-35">
         <name>.text</name>
         <load_address>0xdd1f</load_address>
         <run_address>0xdd1f</run_address>
         <size>0x3e</size>
         <input_file_ref idref="fl-e"/>
      </object_component>
      <object_component id="oc-e">
         <name>.text</name>
         <load_address>0xdd5d</load_address>
         <run_address>0xdd5d</run_address>
         <size>0x34</size>
         <input_file_ref idref="fl-c"/>
      </object_component>
      <object_component id="oc-73">
         <name>.text</name>
         <load_address>0xdd91</load_address>
         <run_address>0xdd91</run_address>
         <size>0x2a</size>
         <input_file_ref idref="fl-1c"/>
      </object_component>
      <object_component id="oc-c2">
         <name>.text</name>
         <load_address>0xddbb</load_address>
         <run_address>0xddbb</run_address>
         <size>0x2a</size>
         <input_file_ref idref="fl-2e"/>
      </object_component>
      <object_component id="oc-9f">
         <name>.text</name>
         <load_address>0xdde5</load_address>
         <run_address>0xdde5</run_address>
         <size>0x23</size>
         <input_file_ref idref="fl-26"/>
      </object_component>
      <object_component id="oc-8d">
         <name>.text</name>
         <load_address>0xde08</load_address>
         <run_address>0xde08</run_address>
         <size>0x1a</size>
         <input_file_ref idref="fl-22"/>
      </object_component>
      <object_component id="oc-b3">
         <name>.text</name>
         <load_address>0xde22</load_address>
         <run_address>0xde22</run_address>
         <size>0x14</size>
         <input_file_ref idref="fl-2b"/>
      </object_component>
      <object_component id="oc-3c">
         <name>.text</name>
         <load_address>0xde36</load_address>
         <run_address>0xde36</run_address>
         <size>0x13</size>
         <input_file_ref idref="fl-f"/>
      </object_component>
      <object_component id="oc-4d">
         <name>.text</name>
         <load_address>0xde49</load_address>
         <run_address>0xde49</run_address>
         <size>0x12</size>
         <input_file_ref idref="fl-13"/>
      </object_component>
      <object_component id="oc-ab">
         <name>.text</name>
         <load_address>0xde5b</load_address>
         <run_address>0xde5b</run_address>
         <size>0x10</size>
         <input_file_ref idref="fl-29"/>
      </object_component>
      <object_component id="oc-f3">
         <name>.text</name>
         <load_address>0xde6b</load_address>
         <run_address>0xde6b</run_address>
         <size>0xa</size>
         <input_file_ref idref="fl-39"/>
      </object_component>
      <object_component id="oc-39">
         <name>.text:CIO_breakpoint</name>
         <load_address>0xde75</load_address>
         <run_address>0xde75</run_address>
         <size>0x7</size>
         <input_file_ref idref="fl-e"/>
      </object_component>
      <object_component id="oc-48">
         <name>.text</name>
         <load_address>0xde7c</load_address>
         <run_address>0xde7c</run_address>
         <size>0x2</size>
         <input_file_ref idref="fl-12"/>
      </object_component>
      <object_component id="oc-98">
         <name>.cinit</name>
         <load_address>0xe464</load_address>
         <run_address>0xe464</run_address>
         <size>0x5a</size>
         <input_file_ref idref="fl-24"/>
      </object_component>
      <object_component id="oc-6d">
         <name>.cinit</name>
         <load_address>0xe4be</load_address>
         <run_address>0xe4be</run_address>
         <size>0x54</size>
         <input_file_ref idref="fl-1a"/>
      </object_component>
      <object_component id="oc-12">
         <name>.cinit</name>
         <load_address>0xe512</load_address>
         <run_address>0xe512</run_address>
         <size>0x18</size>
         <input_file_ref idref="fl-2"/>
      </object_component>
      <object_component id="oc-50">
         <name>.cinit</name>
         <load_address>0xe52a</load_address>
         <run_address>0xe52a</run_address>
         <size>0x14</size>
         <input_file_ref idref="fl-13"/>
      </object_component>
      <object_component id="oc-38">
         <name>.cinit</name>
         <load_address>0xe53e</load_address>
         <run_address>0xe53e</run_address>
         <size>0x14</size>
         <input_file_ref idref="fl-e"/>
      </object_component>
      <object_component id="oc-e5">
         <name>.cinit</name>
         <load_address>0xe552</load_address>
         <run_address>0xe552</run_address>
         <size>0x8</size>
         <input_file_ref idref="fl-36"/>
      </object_component>
      <object_component id="oc-eb">
         <name>.cinit</name>
         <load_address>0xe55a</load_address>
         <run_address>0xe55a</run_address>
         <size>0x8</size>
         <input_file_ref idref="fl-37"/>
      </object_component>
      <object_component id="oc-2d">
         <name>.stack</name>
         <uninitialized>true</uninitialized>
         <run_address>0x200</run_address>
         <size>0x0</size>
         <input_file_ref idref="fl-c"/>
      </object_component>
      <object_component id="oc-10f">
         <name>.stack</name>
         <uninitialized>true</uninitialized>
         <run_address>0x200</run_address>
         <size>0x0</size>
      </object_component>
      <object_component id="oc-f7">
         <name>.sysstack</name>
         <uninitialized>true</uninitialized>
         <run_address>0x4200</run_address>
         <size>0x0</size>
         <input_file_ref idref="fl-c"/>
      </object_component>
      <object_component id="oc-111">
         <name>.sysstack</name>
         <uninitialized>true</uninitialized>
         <run_address>0x4200</run_address>
         <size>0x0</size>
      </object_component>
      <object_component id="oc-10">
         <name>.bss</name>
         <uninitialized>true</uninitialized>
         <run_address>0x56dc</run_address>
         <size>0xf6</size>
         <input_file_ref idref="fl-2"/>
      </object_component>
      <object_component id="oc-22">
         <name>.bss</name>
         <uninitialized>true</uninitialized>
         <run_address>0x55d4</run_address>
         <size>0x108</size>
         <input_file_ref idref="fl-a"/>
      </object_component>
      <object_component id="oc-28">
         <name>.bss</name>
         <uninitialized>true</uninitialized>
         <run_address>0x58b8</run_address>
         <size>0x24</size>
         <input_file_ref idref="fl-b"/>
      </object_component>
      <object_component id="oc-36">
         <name>.bss</name>
         <uninitialized>true</uninitialized>
         <run_address>0x58f0</run_address>
         <size>0x8</size>
         <input_file_ref idref="fl-e"/>
      </object_component>
      <object_component id="oc-4e">
         <name>.bss</name>
         <uninitialized>true</uninitialized>
         <run_address>0x58e8</run_address>
         <size>0x8</size>
         <input_file_ref idref="fl-13"/>
      </object_component>
      <object_component id="oc-6b">
         <name>.bss</name>
         <uninitialized>true</uninitialized>
         <run_address>0x5200</run_address>
         <size>0x232</size>
         <input_file_ref idref="fl-1a"/>
      </object_component>
      <object_component id="oc-96">
         <name>.bss</name>
         <uninitialized>true</uninitialized>
         <run_address>0x57d4</run_address>
         <size>0xe2</size>
         <input_file_ref idref="fl-24"/>
      </object_component>
      <object_component id="oc-b8">
         <name>.bss</name>
         <uninitialized>true</uninitialized>
         <run_address>0x5432</run_address>
         <size>0x1a0</size>
         <input_file_ref idref="fl-2c"/>
      </object_component>
      <object_component id="oc-e3">
         <name>.bss</name>
         <uninitialized>true</uninitialized>
         <run_address>0x55d2</run_address>
         <size>0x2</size>
         <input_file_ref idref="fl-36"/>
      </object_component>
      <object_component id="oc-e9">
         <name>.bss</name>
         <uninitialized>true</uninitialized>
         <run_address>0x58dc</run_address>
         <size>0xc</size>
         <input_file_ref idref="fl-37"/>
      </object_component>
      <object_component id="oc-ec">
         <name>.sysmem</name>
         <uninitialized>true</uninitialized>
         <run_address>0x2200</run_address>
         <size>0x0</size>
         <input_file_ref idref="fl-37"/>
      </object_component>
      <object_component id="oc-110">
         <name>.sysmem</name>
         <uninitialized>true</uninitialized>
         <run_address>0x2200</run_address>
         <size>0x0</size>
      </object_component>
      <object_component id="oc-14">
         <name>.const:.string</name>
         <load_address>0xde80</load_address>
         <run_address>0xde80</run_address>
         <size>0x368</size>
         <input_file_ref idref="fl-2"/>
      </object_component>
      <object_component id="oc-f8">
         <name>.const:__ctypes_</name>
         <load_address>0xe1e8</load_address>
         <run_address>0xe1e8</run_address>
         <size>0x202</size>
         <input_file_ref idref="fl-19"/>
      </object_component>
      <object_component id="oc-56">
         <name>.const:.string</name>
         <load_address>0xe3ec</load_address>
         <run_address>0xe3ec</run_address>
         <size>0x48</size>
         <input_file_ref idref="fl-14"/>
      </object_component>
      <object_component id="oc-55">
         <name>.const</name>
         <load_address>0xe434</load_address>
         <run_address>0xe434</run_address>
         <size>0x18</size>
         <input_file_ref idref="fl-14"/>
      </object_component>
      <object_component id="oc-f9">
         <name>.const:_initial_approx$1</name>
         <load_address>0xe44c</load_address>
         <run_address>0xe44c</run_address>
         <size>0x10</size>
         <input_file_ref idref="fl-1b"/>
      </object_component>
      <object_component id="oc-86">
         <name>.const:.string</name>
         <load_address>0xe45c</load_address>
         <run_address>0xe45c</run_address>
         <size>0x4</size>
         <input_file_ref idref="fl-20"/>
      </object_component>
      <object_component id="oc-7d">
         <name>.const</name>
         <load_address>0xe460</load_address>
         <run_address>0xe460</run_address>
         <size>0x4</size>
         <input_file_ref idref="fl-1e"/>
      </object_component>
      <object_component id="oc-be">
         <name>.cio</name>
         <uninitialized>true</uninitialized>
         <run_address>0x58f8</run_address>
         <size>0x240</size>
         <input_file_ref idref="fl-2d"/>
      </object_component>
      <object_component id="oc-19">
         <name>vectors</name>
         <load_address>0x5c00</load_address>
         <run_address>0x5c00</run_address>
         <size>0x100</size>
         <input_file_ref idref="fl-8"/>
      </object_component>
      <object_component id="oc-49">
         <name>vectors</name>
         <load_address>0x5d00</load_address>
         <run_address>0x5d00</run_address>
         <size>0x100</size>
         <input_file_ref idref="fl-12"/>
      </object_component>
      <object_component id="oc-11">
         <name>.debug_info</name>
         <load_address>0x0</load_address>
         <run_address>0x0</run_address>
         <size>0x2687</size>
         <input_file_ref idref="fl-2"/>
      </object_component>
      <object_component id="oc-1a">
         <name>.debug_info</name>
         <load_address>0x2687</load_address>
         <run_address>0x2687</run_address>
         <size>0x152</size>
         <input_file_ref idref="fl-8"/>
      </object_component>
      <object_component id="oc-1e">
         <name>.debug_info</name>
         <load_address>0x27d9</load_address>
         <run_address>0x27d9</run_address>
         <size>0x151</size>
         <input_file_ref idref="fl-9"/>
      </object_component>
      <object_component id="oc-23">
         <name>.debug_info</name>
         <load_address>0x292a</load_address>
         <run_address>0x292a</run_address>
         <size>0x18d4</size>
         <input_file_ref idref="fl-a"/>
      </object_component>
      <object_component id="oc-29">
         <name>.debug_info</name>
         <load_address>0x41fe</load_address>
         <run_address>0x41fe</run_address>
         <size>0x2781</size>
         <input_file_ref idref="fl-b"/>
      </object_component>
      <object_component id="oc-2e">
         <name>.debug_info</name>
         <load_address>0x697f</load_address>
         <run_address>0x697f</run_address>
         <size>0xe8</size>
         <input_file_ref idref="fl-c"/>
      </object_component>
      <object_component id="oc-32">
         <name>.debug_info</name>
         <load_address>0x6a67</load_address>
         <run_address>0x6a67</run_address>
         <size>0x534</size>
         <input_file_ref idref="fl-d"/>
      </object_component>
      <object_component id="oc-37">
         <name>.debug_info</name>
         <load_address>0x6f9b</load_address>
         <run_address>0x6f9b</run_address>
         <size>0x5fb</size>
         <input_file_ref idref="fl-e"/>
      </object_component>
      <object_component id="oc-3d">
         <name>.debug_info</name>
         <load_address>0x7596</load_address>
         <run_address>0x7596</run_address>
         <size>0xbd</size>
         <input_file_ref idref="fl-f"/>
      </object_component>
      <object_component id="oc-41">
         <name>.debug_info</name>
         <load_address>0x7653</load_address>
         <run_address>0x7653</run_address>
         <size>0x76c</size>
         <input_file_ref idref="fl-10"/>
      </object_component>
      <object_component id="oc-45">
         <name>.debug_info</name>
         <load_address>0x7dbf</load_address>
         <run_address>0x7dbf</run_address>
         <size>0x534</size>
         <input_file_ref idref="fl-11"/>
      </object_component>
      <object_component id="oc-4a">
         <name>.debug_info</name>
         <load_address>0x82f3</load_address>
         <run_address>0x82f3</run_address>
         <size>0xbc</size>
         <input_file_ref idref="fl-12"/>
      </object_component>
      <object_component id="oc-4f">
         <name>.debug_info</name>
         <load_address>0x83af</load_address>
         <run_address>0x83af</run_address>
         <size>0x5bc</size>
         <input_file_ref idref="fl-13"/>
      </object_component>
      <object_component id="oc-54">
         <name>.debug_info</name>
         <load_address>0x896b</load_address>
         <run_address>0x896b</run_address>
         <size>0x27bd</size>
         <input_file_ref idref="fl-14"/>
      </object_component>
      <object_component id="oc-5a">
         <name>.debug_info</name>
         <load_address>0xb128</load_address>
         <run_address>0xb128</run_address>
         <size>0x586</size>
         <input_file_ref idref="fl-15"/>
      </object_component>
      <object_component id="oc-5e">
         <name>.debug_info</name>
         <load_address>0xb6ae</load_address>
         <run_address>0xb6ae</run_address>
         <size>0x5a4</size>
         <input_file_ref idref="fl-16"/>
      </object_component>
      <object_component id="oc-62">
         <name>.debug_info</name>
         <load_address>0xbc52</load_address>
         <run_address>0xbc52</run_address>
         <size>0xcd</size>
         <input_file_ref idref="fl-17"/>
      </object_component>
      <object_component id="oc-66">
         <name>.debug_info</name>
         <load_address>0xbd1f</load_address>
         <run_address>0xbd1f</run_address>
         <size>0x81f</size>
         <input_file_ref idref="fl-18"/>
      </object_component>
      <object_component id="oc-69">
         <name>.debug_info</name>
         <load_address>0xc53e</load_address>
         <run_address>0xc53e</run_address>
         <size>0x498</size>
         <input_file_ref idref="fl-19"/>
      </object_component>
      <object_component id="oc-6c">
         <name>.debug_info</name>
         <load_address>0xc9d6</load_address>
         <run_address>0xc9d6</run_address>
         <size>0x57e</size>
         <input_file_ref idref="fl-1a"/>
      </object_component>
      <object_component id="oc-70">
         <name>.debug_info</name>
         <load_address>0xcf54</load_address>
         <run_address>0xcf54</run_address>
         <size>0x7e8</size>
         <input_file_ref idref="fl-1b"/>
      </object_component>
      <object_component id="oc-74">
         <name>.debug_info</name>
         <load_address>0xd73c</load_address>
         <run_address>0xd73c</run_address>
         <size>0x4cf</size>
         <input_file_ref idref="fl-1c"/>
      </object_component>
      <object_component id="oc-78">
         <name>.debug_info</name>
         <load_address>0xdc0b</load_address>
         <run_address>0xdc0b</run_address>
         <size>0x534</size>
         <input_file_ref idref="fl-1d"/>
      </object_component>
      <object_component id="oc-7c">
         <name>.debug_info</name>
         <load_address>0xe13f</load_address>
         <run_address>0xe13f</run_address>
         <size>0x549</size>
         <input_file_ref idref="fl-1e"/>
      </object_component>
      <object_component id="oc-81">
         <name>.debug_info</name>
         <load_address>0xe688</load_address>
         <run_address>0xe688</run_address>
         <size>0x6aa</size>
         <input_file_ref idref="fl-1f"/>
      </object_component>
      <object_component id="oc-85">
         <name>.debug_info</name>
         <load_address>0xed32</load_address>
         <run_address>0xed32</run_address>
         <size>0x942</size>
         <input_file_ref idref="fl-20"/>
      </object_component>
      <object_component id="oc-8a">
         <name>.debug_info</name>
         <load_address>0xf674</load_address>
         <run_address>0xf674</run_address>
         <size>0x53e</size>
         <input_file_ref idref="fl-21"/>
      </object_component>
      <object_component id="oc-8e">
         <name>.debug_info</name>
         <load_address>0xfbb2</load_address>
         <run_address>0xfbb2</run_address>
         <size>0x680</size>
         <input_file_ref idref="fl-22"/>
      </object_component>
      <object_component id="oc-92">
         <name>.debug_info</name>
         <load_address>0x10232</load_address>
         <run_address>0x10232</run_address>
         <size>0x7d4</size>
         <input_file_ref idref="fl-23"/>
      </object_component>
      <object_component id="oc-97">
         <name>.debug_info</name>
         <load_address>0x10a06</load_address>
         <run_address>0x10a06</run_address>
         <size>0x144b</size>
         <input_file_ref idref="fl-24"/>
      </object_component>
      <object_component id="oc-9c">
         <name>.debug_info</name>
         <load_address>0x11e51</load_address>
         <run_address>0x11e51</run_address>
         <size>0x5ad</size>
         <input_file_ref idref="fl-25"/>
      </object_component>
      <object_component id="oc-a0">
         <name>.debug_info</name>
         <load_address>0x123fe</load_address>
         <run_address>0x123fe</run_address>
         <size>0x574</size>
         <input_file_ref idref="fl-26"/>
      </object_component>
      <object_component id="oc-a4">
         <name>.debug_info</name>
         <load_address>0x12972</load_address>
         <run_address>0x12972</run_address>
         <size>0xd1</size>
         <input_file_ref idref="fl-27"/>
      </object_component>
      <object_component id="oc-a8">
         <name>.debug_info</name>
         <load_address>0x12a43</load_address>
         <run_address>0x12a43</run_address>
         <size>0x55b</size>
         <input_file_ref idref="fl-28"/>
      </object_component>
      <object_component id="oc-ac">
         <name>.debug_info</name>
         <load_address>0x12f9e</load_address>
         <run_address>0x12f9e</run_address>
         <size>0x4b7</size>
         <input_file_ref idref="fl-29"/>
      </object_component>
      <object_component id="oc-b0">
         <name>.debug_info</name>
         <load_address>0x13455</load_address>
         <run_address>0x13455</run_address>
         <size>0x4f2</size>
         <input_file_ref idref="fl-2a"/>
      </object_component>
      <object_component id="oc-b4">
         <name>.debug_info</name>
         <load_address>0x13947</load_address>
         <run_address>0x13947</run_address>
         <size>0x4de</size>
         <input_file_ref idref="fl-2b"/>
      </object_component>
      <object_component id="oc-b9">
         <name>.debug_info</name>
         <load_address>0x13e25</load_address>
         <run_address>0x13e25</run_address>
         <size>0xed4</size>
         <input_file_ref idref="fl-2c"/>
      </object_component>
      <object_component id="oc-bd">
         <name>.debug_info</name>
         <load_address>0x14cf9</load_address>
         <run_address>0x14cf9</run_address>
         <size>0x744</size>
         <input_file_ref idref="fl-2d"/>
      </object_component>
      <object_component id="oc-c3">
         <name>.debug_info</name>
         <load_address>0x1543d</load_address>
         <run_address>0x1543d</run_address>
         <size>0xef</size>
         <input_file_ref idref="fl-2e"/>
      </object_component>
      <object_component id="oc-c7">
         <name>.debug_info</name>
         <load_address>0x1552c</load_address>
         <run_address>0x1552c</run_address>
         <size>0x662</size>
         <input_file_ref idref="fl-2f"/>
      </object_component>
      <object_component id="oc-cb">
         <name>.debug_info</name>
         <load_address>0x15b8e</load_address>
         <run_address>0x15b8e</run_address>
         <size>0x5ab</size>
         <input_file_ref idref="fl-30"/>
      </object_component>
      <object_component id="oc-cf">
         <name>.debug_info</name>
         <load_address>0x16139</load_address>
         <run_address>0x16139</run_address>
         <size>0x4f2</size>
         <input_file_ref idref="fl-31"/>
      </object_component>
      <object_component id="oc-d3">
         <name>.debug_info</name>
         <load_address>0x1662b</load_address>
         <run_address>0x1662b</run_address>
         <size>0x706</size>
         <input_file_ref idref="fl-32"/>
      </object_component>
      <object_component id="oc-d7">
         <name>.debug_info</name>
         <load_address>0x16d31</load_address>
         <run_address>0x16d31</run_address>
         <size>0x4d2</size>
         <input_file_ref idref="fl-33"/>
      </object_component>
      <object_component id="oc-db">
         <name>.debug_info</name>
         <load_address>0x17203</load_address>
         <run_address>0x17203</run_address>
         <size>0x5f7</size>
         <input_file_ref idref="fl-34"/>
      </object_component>
      <object_component id="oc-df">
         <name>.debug_info</name>
         <load_address>0x177fa</load_address>
         <run_address>0x177fa</run_address>
         <size>0x64a</size>
         <input_file_ref idref="fl-35"/>
      </object_component>
      <object_component id="oc-e4">
         <name>.debug_info</name>
         <load_address>0x17e44</load_address>
         <run_address>0x17e44</run_address>
         <size>0xa1c</size>
         <input_file_ref idref="fl-36"/>
      </object_component>
      <object_component id="oc-ea">
         <name>.debug_info</name>
         <load_address>0x18860</load_address>
         <run_address>0x18860</run_address>
         <size>0xb97</size>
         <input_file_ref idref="fl-37"/>
      </object_component>
      <object_component id="oc-f0">
         <name>.debug_info</name>
         <load_address>0x193f7</load_address>
         <run_address>0x193f7</run_address>
         <size>0x64f</size>
         <input_file_ref idref="fl-38"/>
      </object_component>
      <object_component id="oc-f4">
         <name>.debug_info</name>
         <load_address>0x19a46</load_address>
         <run_address>0x19a46</run_address>
         <size>0x510</size>
         <input_file_ref idref="fl-39"/>
      </object_component>
      <object_component id="oc-113">
         <name>.debug_info</name>
         <load_address>0x19f56</load_address>
         <run_address>0x19f56</run_address>
         <size>0x6e</size>
      </object_component>
      <object_component id="oc-15">
         <name>.debug_frame</name>
         <load_address>0x0</load_address>
         <run_address>0x0</run_address>
         <size>0x332</size>
         <input_file_ref idref="fl-2"/>
      </object_component>
      <object_component id="oc-24">
         <name>.debug_frame</name>
         <load_address>0x332</load_address>
         <run_address>0x332</run_address>
         <size>0x2a1</size>
         <input_file_ref idref="fl-a"/>
      </object_component>
      <object_component id="oc-2a">
         <name>.debug_frame</name>
         <load_address>0x5d3</load_address>
         <run_address>0x5d3</run_address>
         <size>0x1ef</size>
         <input_file_ref idref="fl-b"/>
      </object_component>
      <object_component id="oc-16">
         <name>.debug_line</name>
         <load_address>0x0</load_address>
         <run_address>0x0</run_address>
         <size>0x2e9</size>
         <input_file_ref idref="fl-2"/>
      </object_component>
      <object_component id="oc-1b">
         <name>.debug_line</name>
         <load_address>0x2e9</load_address>
         <run_address>0x2e9</run_address>
         <size>0x93</size>
         <input_file_ref idref="fl-8"/>
      </object_component>
      <object_component id="oc-1f">
         <name>.debug_line</name>
         <load_address>0x37c</load_address>
         <run_address>0x37c</run_address>
         <size>0x97</size>
         <input_file_ref idref="fl-9"/>
      </object_component>
      <object_component id="oc-25">
         <name>.debug_line</name>
         <load_address>0x413</load_address>
         <run_address>0x413</run_address>
         <size>0x2e9</size>
         <input_file_ref idref="fl-a"/>
      </object_component>
      <object_component id="oc-2b">
         <name>.debug_line</name>
         <load_address>0x6fc</load_address>
         <run_address>0x6fc</run_address>
         <size>0x513</size>
         <input_file_ref idref="fl-b"/>
      </object_component>
      <object_component id="oc-2f">
         <name>.debug_line</name>
         <load_address>0xc0f</load_address>
         <run_address>0xc0f</run_address>
         <size>0x54</size>
         <input_file_ref idref="fl-c"/>
      </object_component>
      <object_component id="oc-33">
         <name>.debug_line</name>
         <load_address>0xc63</load_address>
         <run_address>0xc63</run_address>
         <size>0x44</size>
         <input_file_ref idref="fl-d"/>
      </object_component>
      <object_component id="oc-3a">
         <name>.debug_line</name>
         <load_address>0xca7</load_address>
         <run_address>0xca7</run_address>
         <size>0x51</size>
         <input_file_ref idref="fl-e"/>
      </object_component>
      <object_component id="oc-3e">
         <name>.debug_line</name>
         <load_address>0xcf8</load_address>
         <run_address>0xcf8</run_address>
         <size>0x3c</size>
         <input_file_ref idref="fl-f"/>
      </object_component>
      <object_component id="oc-42">
         <name>.debug_line</name>
         <load_address>0xd34</load_address>
         <run_address>0xd34</run_address>
         <size>0x69</size>
         <input_file_ref idref="fl-10"/>
      </object_component>
      <object_component id="oc-46">
         <name>.debug_line</name>
         <load_address>0xd9d</load_address>
         <run_address>0xd9d</run_address>
         <size>0x44</size>
         <input_file_ref idref="fl-11"/>
      </object_component>
      <object_component id="oc-4b">
         <name>.debug_line</name>
         <load_address>0xde1</load_address>
         <run_address>0xde1</run_address>
         <size>0x37</size>
         <input_file_ref idref="fl-12"/>
      </object_component>
      <object_component id="oc-51">
         <name>.debug_line</name>
         <load_address>0xe18</load_address>
         <run_address>0xe18</run_address>
         <size>0x57</size>
         <input_file_ref idref="fl-13"/>
      </object_component>
      <object_component id="oc-57">
         <name>.debug_line</name>
         <load_address>0xe6f</load_address>
         <run_address>0xe6f</run_address>
         <size>0x328</size>
         <input_file_ref idref="fl-14"/>
      </object_component>
      <object_component id="oc-5b">
         <name>.debug_line</name>
         <load_address>0x1197</load_address>
         <run_address>0x1197</run_address>
         <size>0x41</size>
         <input_file_ref idref="fl-15"/>
      </object_component>
      <object_component id="oc-5f">
         <name>.debug_line</name>
         <load_address>0x11d8</load_address>
         <run_address>0x11d8</run_address>
         <size>0x46</size>
         <input_file_ref idref="fl-16"/>
      </object_component>
      <object_component id="oc-63">
         <name>.debug_line</name>
         <load_address>0x121e</load_address>
         <run_address>0x121e</run_address>
         <size>0x55</size>
         <input_file_ref idref="fl-17"/>
      </object_component>
      <object_component id="oc-67">
         <name>.debug_line</name>
         <load_address>0x1273</load_address>
         <run_address>0x1273</run_address>
         <size>0xad</size>
         <input_file_ref idref="fl-18"/>
      </object_component>
      <object_component id="oc-71">
         <name>.debug_line</name>
         <load_address>0x1320</load_address>
         <run_address>0x1320</run_address>
         <size>0x5b</size>
         <input_file_ref idref="fl-1b"/>
      </object_component>
      <object_component id="oc-75">
         <name>.debug_line</name>
         <load_address>0x137b</load_address>
         <run_address>0x137b</run_address>
         <size>0x3d</size>
         <input_file_ref idref="fl-1c"/>
      </object_component>
      <object_component id="oc-79">
         <name>.debug_line</name>
         <load_address>0x13b8</load_address>
         <run_address>0x13b8</run_address>
         <size>0x3d</size>
         <input_file_ref idref="fl-1d"/>
      </object_component>
      <object_component id="oc-7e">
         <name>.debug_line</name>
         <load_address>0x13f5</load_address>
         <run_address>0x13f5</run_address>
         <size>0x44</size>
         <input_file_ref idref="fl-1e"/>
      </object_component>
      <object_component id="oc-82">
         <name>.debug_line</name>
         <load_address>0x1439</load_address>
         <run_address>0x1439</run_address>
         <size>0x56</size>
         <input_file_ref idref="fl-1f"/>
      </object_component>
      <object_component id="oc-87">
         <name>.debug_line</name>
         <load_address>0x148f</load_address>
         <run_address>0x148f</run_address>
         <size>0xa8</size>
         <input_file_ref idref="fl-20"/>
      </object_component>
      <object_component id="oc-8b">
         <name>.debug_line</name>
         <load_address>0x1537</load_address>
         <run_address>0x1537</run_address>
         <size>0x40</size>
         <input_file_ref idref="fl-21"/>
      </object_component>
      <object_component id="oc-8f">
         <name>.debug_line</name>
         <load_address>0x1577</load_address>
         <run_address>0x1577</run_address>
         <size>0x38</size>
         <input_file_ref idref="fl-22"/>
      </object_component>
      <object_component id="oc-93">
         <name>.debug_line</name>
         <load_address>0x15af</load_address>
         <run_address>0x15af</run_address>
         <size>0xa8</size>
         <input_file_ref idref="fl-23"/>
      </object_component>
      <object_component id="oc-99">
         <name>.debug_line</name>
         <load_address>0x1657</load_address>
         <run_address>0x1657</run_address>
         <size>0x1b0</size>
         <input_file_ref idref="fl-24"/>
      </object_component>
      <object_component id="oc-9d">
         <name>.debug_line</name>
         <load_address>0x1807</load_address>
         <run_address>0x1807</run_address>
         <size>0x40</size>
         <input_file_ref idref="fl-25"/>
      </object_component>
      <object_component id="oc-a1">
         <name>.debug_line</name>
         <load_address>0x1847</load_address>
         <run_address>0x1847</run_address>
         <size>0x3c</size>
         <input_file_ref idref="fl-26"/>
      </object_component>
      <object_component id="oc-a5">
         <name>.debug_line</name>
         <load_address>0x1883</load_address>
         <run_address>0x1883</run_address>
         <size>0x4d</size>
         <input_file_ref idref="fl-27"/>
      </object_component>
      <object_component id="oc-a9">
         <name>.debug_line</name>
         <load_address>0x18d0</load_address>
         <run_address>0x18d0</run_address>
         <size>0x3c</size>
         <input_file_ref idref="fl-28"/>
      </object_component>
      <object_component id="oc-ad">
         <name>.debug_line</name>
         <load_address>0x190c</load_address>
         <run_address>0x190c</run_address>
         <size>0x37</size>
         <input_file_ref idref="fl-29"/>
      </object_component>
      <object_component id="oc-b1">
         <name>.debug_line</name>
         <load_address>0x1943</load_address>
         <run_address>0x1943</run_address>
         <size>0x3c</size>
         <input_file_ref idref="fl-2a"/>
      </object_component>
      <object_component id="oc-b5">
         <name>.debug_line</name>
         <load_address>0x197f</load_address>
         <run_address>0x197f</run_address>
         <size>0x37</size>
         <input_file_ref idref="fl-2b"/>
      </object_component>
      <object_component id="oc-ba">
         <name>.debug_line</name>
         <load_address>0x19b6</load_address>
         <run_address>0x19b6</run_address>
         <size>0x15d</size>
         <input_file_ref idref="fl-2c"/>
      </object_component>
      <object_component id="oc-c0">
         <name>.debug_line</name>
         <load_address>0x1b13</load_address>
         <run_address>0x1b13</run_address>
         <size>0x6a</size>
         <input_file_ref idref="fl-2d"/>
      </object_component>
      <object_component id="oc-c4">
         <name>.debug_line</name>
         <load_address>0x1b7d</load_address>
         <run_address>0x1b7d</run_address>
         <size>0x58</size>
         <input_file_ref idref="fl-2e"/>
      </object_component>
      <object_component id="oc-c8">
         <name>.debug_line</name>
         <load_address>0x1bd5</load_address>
         <run_address>0x1bd5</run_address>
         <size>0x57</size>
         <input_file_ref idref="fl-2f"/>
      </object_component>
      <object_component id="oc-cc">
         <name>.debug_line</name>
         <load_address>0x1c2c</load_address>
         <run_address>0x1c2c</run_address>
         <size>0x5c</size>
         <input_file_ref idref="fl-30"/>
      </object_component>
      <object_component id="oc-d0">
         <name>.debug_line</name>
         <load_address>0x1c88</load_address>
         <run_address>0x1c88</run_address>
         <size>0x3c</size>
         <input_file_ref idref="fl-31"/>
      </object_component>
      <object_component id="oc-d4">
         <name>.debug_line</name>
         <load_address>0x1cc4</load_address>
         <run_address>0x1cc4</run_address>
         <size>0x5b</size>
         <input_file_ref idref="fl-32"/>
      </object_component>
      <object_component id="oc-d8">
         <name>.debug_line</name>
         <load_address>0x1d1f</load_address>
         <run_address>0x1d1f</run_address>
         <size>0x3a</size>
         <input_file_ref idref="fl-33"/>
      </object_component>
      <object_component id="oc-dc">
         <name>.debug_line</name>
         <load_address>0x1d59</load_address>
         <run_address>0x1d59</run_address>
         <size>0x3c</size>
         <input_file_ref idref="fl-34"/>
      </object_component>
      <object_component id="oc-e0">
         <name>.debug_line</name>
         <load_address>0x1d95</load_address>
         <run_address>0x1d95</run_address>
         <size>0x3f</size>
         <input_file_ref idref="fl-35"/>
      </object_component>
      <object_component id="oc-e6">
         <name>.debug_line</name>
         <load_address>0x1dd4</load_address>
         <run_address>0x1dd4</run_address>
         <size>0xd7</size>
         <input_file_ref idref="fl-36"/>
      </object_component>
      <object_component id="oc-ed">
         <name>.debug_line</name>
         <load_address>0x1eab</load_address>
         <run_address>0x1eab</run_address>
         <size>0x112</size>
         <input_file_ref idref="fl-37"/>
      </object_component>
      <object_component id="oc-f1">
         <name>.debug_line</name>
         <load_address>0x1fbd</load_address>
         <run_address>0x1fbd</run_address>
         <size>0x3d</size>
         <input_file_ref idref="fl-38"/>
      </object_component>
      <object_component id="oc-f5">
         <name>.debug_line</name>
         <load_address>0x1ffa</load_address>
         <run_address>0x1ffa</run_address>
         <size>0x39</size>
         <input_file_ref idref="fl-39"/>
      </object_component>
      <object_component id="oc-17">
         <name>.debug_abbrev</name>
         <load_address>0x0</load_address>
         <run_address>0x0</run_address>
         <size>0x210</size>
         <input_file_ref idref="fl-2"/>
      </object_component>
      <object_component id="oc-1c">
         <name>.debug_abbrev</name>
         <load_address>0x210</load_address>
         <run_address>0x210</run_address>
         <size>0x20</size>
         <input_file_ref idref="fl-8"/>
      </object_component>
      <object_component id="oc-20">
         <name>.debug_abbrev</name>
         <load_address>0x230</load_address>
         <run_address>0x230</run_address>
         <size>0x3a</size>
         <input_file_ref idref="fl-9"/>
      </object_component>
      <object_component id="oc-26">
         <name>.debug_abbrev</name>
         <load_address>0x26a</load_address>
         <run_address>0x26a</run_address>
         <size>0x177</size>
         <input_file_ref idref="fl-a"/>
      </object_component>
      <object_component id="oc-2c">
         <name>.debug_abbrev</name>
         <load_address>0x3e1</load_address>
         <run_address>0x3e1</run_address>
         <size>0x173</size>
         <input_file_ref idref="fl-b"/>
      </object_component>
      <object_component id="oc-30">
         <name>.debug_abbrev</name>
         <load_address>0x554</load_address>
         <run_address>0x554</run_address>
         <size>0x3a</size>
         <input_file_ref idref="fl-c"/>
      </object_component>
      <object_component id="oc-34">
         <name>.debug_abbrev</name>
         <load_address>0x58e</load_address>
         <run_address>0x58e</run_address>
         <size>0xb5</size>
         <input_file_ref idref="fl-d"/>
      </object_component>
      <object_component id="oc-3b">
         <name>.debug_abbrev</name>
         <load_address>0x643</load_address>
         <run_address>0x643</run_address>
         <size>0xf7</size>
         <input_file_ref idref="fl-e"/>
      </object_component>
      <object_component id="oc-3f">
         <name>.debug_abbrev</name>
         <load_address>0x73a</load_address>
         <run_address>0x73a</run_address>
         <size>0x38</size>
         <input_file_ref idref="fl-f"/>
      </object_component>
      <object_component id="oc-43">
         <name>.debug_abbrev</name>
         <load_address>0x772</load_address>
         <run_address>0x772</run_address>
         <size>0x145</size>
         <input_file_ref idref="fl-10"/>
      </object_component>
      <object_component id="oc-47">
         <name>.debug_abbrev</name>
         <load_address>0x8b7</load_address>
         <run_address>0x8b7</run_address>
         <size>0xb5</size>
         <input_file_ref idref="fl-11"/>
      </object_component>
      <object_component id="oc-4c">
         <name>.debug_abbrev</name>
         <load_address>0x96c</load_address>
         <run_address>0x96c</run_address>
         <size>0x26</size>
         <input_file_ref idref="fl-12"/>
      </object_component>
      <object_component id="oc-52">
         <name>.debug_abbrev</name>
         <load_address>0x992</load_address>
         <run_address>0x992</run_address>
         <size>0x9f</size>
         <input_file_ref idref="fl-13"/>
      </object_component>
      <object_component id="oc-58">
         <name>.debug_abbrev</name>
         <load_address>0xa31</load_address>
         <run_address>0xa31</run_address>
         <size>0x1f8</size>
         <input_file_ref idref="fl-14"/>
      </object_component>
      <object_component id="oc-5c">
         <name>.debug_abbrev</name>
         <load_address>0xc29</load_address>
         <run_address>0xc29</run_address>
         <size>0xec</size>
         <input_file_ref idref="fl-15"/>
      </object_component>
      <object_component id="oc-60">
         <name>.debug_abbrev</name>
         <load_address>0xd15</load_address>
         <run_address>0xd15</run_address>
         <size>0xd5</size>
         <input_file_ref idref="fl-16"/>
      </object_component>
      <object_component id="oc-64">
         <name>.debug_abbrev</name>
         <load_address>0xdea</load_address>
         <run_address>0xdea</run_address>
         <size>0x44</size>
         <input_file_ref idref="fl-17"/>
      </object_component>
      <object_component id="oc-68">
         <name>.debug_abbrev</name>
         <load_address>0xe2e</load_address>
         <run_address>0xe2e</run_address>
         <size>0xb7</size>
         <input_file_ref idref="fl-18"/>
      </object_component>
      <object_component id="oc-6a">
         <name>.debug_abbrev</name>
         <load_address>0xee5</load_address>
         <run_address>0xee5</run_address>
         <size>0x68</size>
         <input_file_ref idref="fl-19"/>
      </object_component>
      <object_component id="oc-6e">
         <name>.debug_abbrev</name>
         <load_address>0xf4d</load_address>
         <run_address>0xf4d</run_address>
         <size>0x83</size>
         <input_file_ref idref="fl-1a"/>
      </object_component>
      <object_component id="oc-72">
         <name>.debug_abbrev</name>
         <load_address>0xfd0</load_address>
         <run_address>0xfd0</run_address>
         <size>0x112</size>
         <input_file_ref idref="fl-1b"/>
      </object_component>
      <object_component id="oc-76">
         <name>.debug_abbrev</name>
         <load_address>0x10e2</load_address>
         <run_address>0x10e2</run_address>
         <size>0x8f</size>
         <input_file_ref idref="fl-1c"/>
      </object_component>
      <object_component id="oc-7a">
         <name>.debug_abbrev</name>
         <load_address>0x1171</load_address>
         <run_address>0x1171</run_address>
         <size>0xb7</size>
         <input_file_ref idref="fl-1d"/>
      </object_component>
      <object_component id="oc-7f">
         <name>.debug_abbrev</name>
         <load_address>0x1228</load_address>
         <run_address>0x1228</run_address>
         <size>0xc2</size>
         <input_file_ref idref="fl-1e"/>
      </object_component>
      <object_component id="oc-83">
         <name>.debug_abbrev</name>
         <load_address>0x12ea</load_address>
         <run_address>0x12ea</run_address>
         <size>0x103</size>
         <input_file_ref idref="fl-1f"/>
      </object_component>
      <object_component id="oc-88">
         <name>.debug_abbrev</name>
         <load_address>0x13ed</load_address>
         <run_address>0x13ed</run_address>
         <size>0x140</size>
         <input_file_ref idref="fl-20"/>
      </object_component>
      <object_component id="oc-8c">
         <name>.debug_abbrev</name>
         <load_address>0x152d</load_address>
         <run_address>0x152d</run_address>
         <size>0x9a</size>
         <input_file_ref idref="fl-21"/>
      </object_component>
      <object_component id="oc-90">
         <name>.debug_abbrev</name>
         <load_address>0x15c7</load_address>
         <run_address>0x15c7</run_address>
         <size>0xd0</size>
         <input_file_ref idref="fl-22"/>
      </object_component>
      <object_component id="oc-94">
         <name>.debug_abbrev</name>
         <load_address>0x1697</load_address>
         <run_address>0x1697</run_address>
         <size>0xb7</size>
         <input_file_ref idref="fl-23"/>
      </object_component>
      <object_component id="oc-9a">
         <name>.debug_abbrev</name>
         <load_address>0x174e</load_address>
         <run_address>0x174e</run_address>
         <size>0x225</size>
         <input_file_ref idref="fl-24"/>
      </object_component>
      <object_component id="oc-9e">
         <name>.debug_abbrev</name>
         <load_address>0x1973</load_address>
         <run_address>0x1973</run_address>
         <size>0xec</size>
         <input_file_ref idref="fl-25"/>
      </object_component>
      <object_component id="oc-a2">
         <name>.debug_abbrev</name>
         <load_address>0x1a5f</load_address>
         <run_address>0x1a5f</run_address>
         <size>0xb7</size>
         <input_file_ref idref="fl-26"/>
      </object_component>
      <object_component id="oc-a6">
         <name>.debug_abbrev</name>
         <load_address>0x1b16</load_address>
         <run_address>0x1b16</run_address>
         <size>0x38</size>
         <input_file_ref idref="fl-27"/>
      </object_component>
      <object_component id="oc-aa">
         <name>.debug_abbrev</name>
         <load_address>0x1b4e</load_address>
         <run_address>0x1b4e</run_address>
         <size>0xdc</size>
         <input_file_ref idref="fl-28"/>
      </object_component>
      <object_component id="oc-ae">
         <name>.debug_abbrev</name>
         <load_address>0x1c2a</load_address>
         <run_address>0x1c2a</run_address>
         <size>0x81</size>
         <input_file_ref idref="fl-29"/>
      </object_component>
      <object_component id="oc-b2">
         <name>.debug_abbrev</name>
         <load_address>0x1cab</load_address>
         <run_address>0x1cab</run_address>
         <size>0xa6</size>
         <input_file_ref idref="fl-2a"/>
      </object_component>
      <object_component id="oc-b6">
         <name>.debug_abbrev</name>
         <load_address>0x1d51</load_address>
         <run_address>0x1d51</run_address>
         <size>0x8f</size>
         <input_file_ref idref="fl-2b"/>
      </object_component>
      <object_component id="oc-bb">
         <name>.debug_abbrev</name>
         <load_address>0x1de0</load_address>
         <run_address>0x1de0</run_address>
         <size>0x15a</size>
         <input_file_ref idref="fl-2c"/>
      </object_component>
      <object_component id="oc-c1">
         <name>.debug_abbrev</name>
         <load_address>0x1f3a</load_address>
         <run_address>0x1f3a</run_address>
         <size>0xde</size>
         <input_file_ref idref="fl-2d"/>
      </object_component>
      <object_component id="oc-c5">
         <name>.debug_abbrev</name>
         <load_address>0x2018</load_address>
         <run_address>0x2018</run_address>
         <size>0x38</size>
         <input_file_ref idref="fl-2e"/>
      </object_component>
      <object_component id="oc-c9">
         <name>.debug_abbrev</name>
         <load_address>0x2050</load_address>
         <run_address>0x2050</run_address>
         <size>0xd1</size>
         <input_file_ref idref="fl-2f"/>
      </object_component>
      <object_component id="oc-cd">
         <name>.debug_abbrev</name>
         <load_address>0x2121</load_address>
         <run_address>0x2121</run_address>
         <size>0xd4</size>
         <input_file_ref idref="fl-30"/>
      </object_component>
      <object_component id="oc-d1">
         <name>.debug_abbrev</name>
         <load_address>0x21f5</load_address>
         <run_address>0x21f5</run_address>
         <size>0xa6</size>
         <input_file_ref idref="fl-31"/>
      </object_component>
      <object_component id="oc-d5">
         <name>.debug_abbrev</name>
         <load_address>0x229b</load_address>
         <run_address>0x229b</run_address>
         <size>0x136</size>
         <input_file_ref idref="fl-32"/>
      </object_component>
      <object_component id="oc-d9">
         <name>.debug_abbrev</name>
         <load_address>0x23d1</load_address>
         <run_address>0x23d1</run_address>
         <size>0x81</size>
         <input_file_ref idref="fl-33"/>
      </object_component>
      <object_component id="oc-dd">
         <name>.debug_abbrev</name>
         <load_address>0x2452</load_address>
         <run_address>0x2452</run_address>
         <size>0xd1</size>
         <input_file_ref idref="fl-34"/>
      </object_component>
      <object_component id="oc-e1">
         <name>.debug_abbrev</name>
         <load_address>0x2523</load_address>
         <run_address>0x2523</run_address>
         <size>0x10b</size>
         <input_file_ref idref="fl-35"/>
      </object_component>
      <object_component id="oc-e7">
         <name>.debug_abbrev</name>
         <load_address>0x262e</load_address>
         <run_address>0x262e</run_address>
         <size>0x1a2</size>
         <input_file_ref idref="fl-36"/>
      </object_component>
      <object_component id="oc-ee">
         <name>.debug_abbrev</name>
         <load_address>0x27d0</load_address>
         <run_address>0x27d0</run_address>
         <size>0x1de</size>
         <input_file_ref idref="fl-37"/>
      </object_component>
      <object_component id="oc-f2">
         <name>.debug_abbrev</name>
         <load_address>0x29ae</load_address>
         <run_address>0x29ae</run_address>
         <size>0x118</size>
         <input_file_ref idref="fl-38"/>
      </object_component>
      <object_component id="oc-f6">
         <name>.debug_abbrev</name>
         <load_address>0x2ac6</load_address>
         <run_address>0x2ac6</run_address>
         <size>0xbf</size>
         <input_file_ref idref="fl-39"/>
      </object_component>
      <object_component id="oc-114">
         <name>.debug_abbrev</name>
         <load_address>0x2b85</load_address>
         <run_address>0x2b85</run_address>
         <size>0xd</size>
      </object_component>
   </object_component_list>
   <logical_group_list>
      <logical_group id="lg-2">
         <name>.intvec</name>
         <run_address>0x0</run_address>
         <size>0x0</size>
         <contents>
         </contents>
      </logical_group>
      <logical_group id="lg-3">
         <name>.text</name>
         <load_address>0x8000</load_address>
         <run_address>0x8000</run_address>
         <size>0x5e7f</size>
         <contents>
            <object_component_ref idref="oc-53"/>
            <object_component_ref idref="oc-27"/>
            <object_component_ref idref="oc-f"/>
            <object_component_ref idref="oc-95"/>
            <object_component_ref idref="oc-b7"/>
            <object_component_ref idref="oc-21"/>
            <object_component_ref idref="oc-e8"/>
            <object_component_ref idref="oc-6f"/>
            <object_component_ref idref="oc-e2"/>
            <object_component_ref idref="oc-91"/>
            <object_component_ref idref="oc-ca"/>
            <object_component_ref idref="oc-65"/>
            <object_component_ref idref="oc-84"/>
            <object_component_ref idref="oc-a7"/>
            <object_component_ref idref="oc-13"/>
            <object_component_ref idref="oc-de"/>
            <object_component_ref idref="oc-c6"/>
            <object_component_ref idref="oc-d2"/>
            <object_component_ref idref="oc-bf"/>
            <object_component_ref idref="oc-80"/>
            <object_component_ref idref="oc-31"/>
            <object_component_ref idref="oc-1d"/>
            <object_component_ref idref="oc-9b"/>
            <object_component_ref idref="oc-ef"/>
            <object_component_ref idref="oc-d6"/>
            <object_component_ref idref="oc-89"/>
            <object_component_ref idref="oc-44"/>
            <object_component_ref idref="oc-77"/>
            <object_component_ref idref="oc-18"/>
            <object_component_ref idref="oc-bc"/>
            <object_component_ref idref="oc-da"/>
            <object_component_ref idref="oc-7b"/>
            <object_component_ref idref="oc-5d"/>
            <object_component_ref idref="oc-40"/>
            <object_component_ref idref="oc-61"/>
            <object_component_ref idref="oc-59"/>
            <object_component_ref idref="oc-af"/>
            <object_component_ref idref="oc-ce"/>
            <object_component_ref idref="oc-a3"/>
            <object_component_ref idref="oc-35"/>
            <object_component_ref idref="oc-e"/>
            <object_component_ref idref="oc-73"/>
            <object_component_ref idref="oc-c2"/>
            <object_component_ref idref="oc-9f"/>
            <object_component_ref idref="oc-8d"/>
            <object_component_ref idref="oc-b3"/>
            <object_component_ref idref="oc-3c"/>
            <object_component_ref idref="oc-4d"/>
            <object_component_ref idref="oc-ab"/>
            <object_component_ref idref="oc-f3"/>
            <object_component_ref idref="oc-39"/>
            <object_component_ref idref="oc-48"/>
         </contents>
      </logical_group>
      <logical_group id="lg-4">
         <name>.data</name>
         <run_address>0x200</run_address>
         <size>0x0</size>
         <contents>
         </contents>
      </logical_group>
      <logical_group id="lg-5">
         <name>.cinit</name>
         <load_address>0xe464</load_address>
         <run_address>0xe464</run_address>
         <size>0x100</size>
         <contents>
            <object_component_ref idref="oc-98"/>
            <object_component_ref idref="oc-6d"/>
            <object_component_ref idref="oc-12"/>
            <object_component_ref idref="oc-50"/>
            <object_component_ref idref="oc-38"/>
            <object_component_ref idref="oc-e5"/>
            <object_component_ref idref="oc-eb"/>
         </contents>
      </logical_group>
      <logical_group id="lg-6">
         <name>.switch</name>
         <run_address>0x0</run_address>
         <size>0x0</size>
         <contents>
         </contents>
      </logical_group>
      <logical_group id="lg-7">
         <name>.stack</name>
         <run_address>0x200</run_address>
         <size>0x2000</size>
         <contents>
            <object_component_ref idref="oc-2d"/>
            <object_component_ref idref="oc-10f"/>
         </contents>
      </logical_group>
      <logical_group id="lg-8">
         <name>.sysstack</name>
         <run_address>0x4200</run_address>
         <size>0x1000</size>
         <contents>
            <object_component_ref idref="oc-f7"/>
            <object_component_ref idref="oc-111"/>
         </contents>
      </logical_group>
      <logical_group id="lg-9">
         <name>.bss</name>
         <run_address>0x5200</run_address>
         <size>0x6f8</size>
         <contents>
            <object_component_ref idref="oc-10"/>
            <object_component_ref idref="oc-22"/>
            <object_component_ref idref="oc-28"/>
            <object_component_ref idref="oc-36"/>
            <object_component_ref idref="oc-4e"/>
            <object_component_ref idref="oc-6b"/>
            <object_component_ref idref="oc-96"/>
            <object_component_ref idref="oc-b8"/>
            <object_component_ref idref="oc-e3"/>
            <object_component_ref idref="oc-e9"/>
         </contents>
      </logical_group>
      <logical_group id="lg-a">
         <name>.sysmem</name>
         <run_address>0x2200</run_address>
         <size>0x2000</size>
         <contents>
            <object_component_ref idref="oc-ec"/>
            <object_component_ref idref="oc-110"/>
         </contents>
      </logical_group>
      <logical_group id="lg-b">
         <name>.const</name>
         <load_address>0xde80</load_address>
         <run_address>0xde80</run_address>
         <size>0x5e4</size>
         <contents>
            <object_component_ref idref="oc-14"/>
            <object_component_ref idref="oc-f8"/>
            <object_component_ref idref="oc-56"/>
            <object_component_ref idref="oc-55"/>
            <object_component_ref idref="oc-f9"/>
            <object_component_ref idref="oc-86"/>
            <object_component_ref idref="oc-7d"/>
         </contents>
      </logical_group>
      <logical_group id="lg-c">
         <name>.cio</name>
[...]
      <symbol id="sm-15b">
         <name>_IRQ_globalEnable</name>
         <value>0xbbeb</value>
         <object_component_ref idref="oc-21"/>
      </symbol>
      <symbol id="sm-15c">
         <name>_IRQ_disableAll</name>
         <value>0xb986</value>
         <object_component_ref idref="oc-21"/>
      </symbol>
      <symbol id="sm-15d">
         <name>_IRQ_config</name>
         <value>0xb7fb</value>
         <object_component_ref idref="oc-21"/>
      </symbol>
      <symbol id="sm-15e">
         <name>_IRQ_init</name>
         <value>0xb710</value>
         <object_component_ref idref="oc-21"/>
      </symbol>
      <symbol id="sm-15f">
         <name>_IRQ_enable</name>
         <value>0xb994</value>
         <object_component_ref idref="oc-21"/>
      </symbol>
      <symbol id="sm-160">
         <name>_IRQ_setVecs</name>
         <value>0xbb2f</value>
         <object_component_ref idref="oc-21"/>
      </symbol>
      <symbol id="sm-206">
         <name>_I2C_eventEnable</name>
         <value>0xa137</value>
         <object_component_ref idref="oc-27"/>
      </symbol>
      <symbol id="sm-207">
         <name>_i2cHandle</name>
         <value>0x58d8</value>
         <object_component_ref idref="oc-28"/>
      </symbol>
      <symbol id="sm-208">
         <name>_I2C_read</name>
         <value>0x9cd5</value>
         <object_component_ref idref="oc-27"/>
      </symbol>
      <symbol id="sm-209">
         <name>_I2C_write</name>
         <value>0x9a82</value>
         <object_component_ref idref="oc-27"/>
      </symbol>
      <symbol id="sm-20a">
         <name>_I2C_init</name>
         <value>0x95a4</value>
         <object_component_ref idref="oc-27"/>
      </symbol>
      <symbol id="sm-20b">
         <name>_I2C_getEventId</name>
         <value>0xa417</value>
         <object_component_ref idref="oc-27"/>
      </symbol>
      <symbol id="sm-20c">
         <name>_I2C_setCallback</name>
         <value>0xa38a</value>
         <object_component_ref idref="oc-27"/>
      </symbol>
      <symbol id="sm-20d">
         <name>_I2C_getConfig</name>
         <value>0x97b2</value>
         <object_component_ref idref="oc-27"/>
      </symbol>
      <symbol id="sm-20e">
         <name>_gI2cObj</name>
         <value>0x58b8</value>
         <object_component_ref idref="oc-28"/>
      </symbol>
      <symbol id="sm-20f">
         <name>_I2C_setup</name>
         <value>0x9888</value>
         <object_component_ref idref="oc-27"/>
      </symbol>
      <symbol id="sm-210">
         <name>_I2C_config</name>
         <value>0x964d</value>
         <object_component_ref idref="oc-27"/>
      </symbol>
      <symbol id="sm-211">
         <name>_I2C_eventDisable</name>
         <value>0xa26b</value>
         <object_component_ref idref="oc-27"/>
      </symbol>
      <symbol id="sm-21d">
         <name>__sysstack</name>
         <value>0x4200</value>
         <object_component_ref idref="oc-f7"/>
      </symbol>
      <symbol id="sm-21e">
         <name>_c_int00</name>
         <value>0xdd5d</value>
         <object_component_ref idref="oc-e"/>
      </symbol>
      <symbol id="sm-21f">
         <name>__stack</name>
         <value>0x200</value>
         <object_component_ref idref="oc-2d"/>
      </symbol>
      <symbol id="sm-22a">
         <name>__divul</name>
         <value>0xd56e</value>
         <object_component_ref idref="oc-31"/>
      </symbol>
      <symbol id="sm-23a">
         <name>C$$EXIT</name>
         <value>0xde76</value>
         <object_component_ref idref="oc-39"/>
      </symbol>
      <symbol id="sm-23b">
         <name>_exit</name>
         <value>0xdd1f</value>
         <object_component_ref idref="oc-35"/>
      </symbol>
      <symbol id="sm-23c">
         <name>_abort</name>
         <value>0xde75</value>
         <object_component_ref idref="oc-39"/>
      </symbol>
      <symbol id="sm-23d">
         <name>__cleanup_ptr</name>
         <value>0x58f0</value>
         <object_component_ref idref="oc-36"/>
      </symbol>
      <symbol id="sm-23e">
         <name>__dtors_ptr</name>
         <value>0x58f4</value>
         <object_component_ref idref="oc-36"/>
      </symbol>
      <symbol id="sm-246">
         <name>__mpyli</name>
         <value>0xde36</value>
         <object_component_ref idref="oc-3c"/>
      </symbol>
      <symbol id="sm-247">
         <name>I$$LMPY</name>
         <value>0xde36</value>
         <object_component_ref idref="oc-3c"/>
      </symbol>
      <symbol id="sm-251">
         <name>_printf</name>
         <value>0xdb65</value>
         <object_component_ref idref="oc-40"/>
      </symbol>
      <symbol id="sm-25c">
         <name>__remul</name>
         <value>0xd87c</value>
         <object_component_ref idref="oc-44"/>
      </symbol>
      <symbol id="sm-266">
         <name>_Reset</name>
         <value>0x5d00</value>
         <object_component_ref idref="oc-49"/>
      </symbol>
      <symbol id="sm-274">
         <name>__unlock</name>
         <value>0x58ec</value>
         <object_component_ref idref="oc-4e"/>
      </symbol>
      <symbol id="sm-275">
         <name>__lock</name>
         <value>0x58e8</value>
         <object_component_ref idref="oc-4e"/>
      </symbol>
      <symbol id="sm-276">
         <name>__register_lock</name>
         <value>0xde51</value>
         <object_component_ref idref="oc-4d"/>
      </symbol>
      <symbol id="sm-277">
         <name>__nop</name>
         <value>0xde59</value>
         <object_component_ref idref="oc-4d"/>
      </symbol>
      <symbol id="sm-278">
         <name>__register_unlock</name>
         <value>0xde49</value>
         <object_component_ref idref="oc-4d"/>
      </symbol>
      <symbol id="sm-28a">
         <name>__printfi</name>
         <value>0x9362</value>
         <object_component_ref idref="oc-53"/>
      </symbol>
      <symbol id="sm-294">
         <name>__args_main</name>
         <value>0xdc02</value>
         <object_component_ref idref="oc-59"/>
      </symbol>
      <symbol id="sm-295">
         <name>__TI_args_main</name>
         <value>0x1</value>
      </symbol>
      <symbol id="sm-29f">
         <name>_atoi</name>
         <value>0xdb09</value>
         <object_component_ref idref="oc-5d"/>
      </symbol>
      <symbol id="sm-2a7">
         <name>_auto_init</name>
         <value>0xdbb5</value>
         <object_component_ref idref="oc-61"/>
      </symbol>
      <symbol id="sm-2b1">
         <name>__eqld</name>
         <value>0xcd2e</value>
         <object_component_ref idref="oc-65"/>
      </symbol>
      <symbol id="sm-2b2">
         <name>__cmpd</name>
         <value>0xcd62</value>
         <object_component_ref idref="oc-65"/>
      </symbol>
      <symbol id="sm-2b3">
         <name>__neqd</name>
         <value>0xcbd0</value>
         <object_component_ref idref="oc-65"/>
      </symbol>
      <symbol id="sm-2b4">
         <name>__gtrd</name>
         <value>0xcc99</value>
         <object_component_ref idref="oc-65"/>
      </symbol>
      <symbol id="sm-2b5">
         <name>__geqd</name>
         <value>0xcce4</value>
         <object_component_ref idref="oc-65"/>
      </symbol>
      <symbol id="sm-2b6">
         <name>__leqd</name>
         <value>0xcc4c</value>
         <object_component_ref idref="oc-65"/>
      </symbol>
      <symbol id="sm-2b7">
         <name>__lssd</name>
         <value>0xcc04</value>
         <object_component_ref idref="oc-65"/>
      </symbol>
      <symbol id="sm-2bf">
         <name>__ctypes_</name>
         <value>0xe1e8</value>
         <object_component_ref idref="oc-f8"/>
      </symbol>
      <symbol id="sm-2c9">
         <name>__tmpnams</name>
         <value>0x52f0</value>
         <object_component_ref idref="oc-6b"/>
      </symbol>
      <symbol id="sm-2ca">
         <name>__ft_end</name>
         <value>0x5430</value>
         <object_component_ref idref="oc-6b"/>
      </symbol>
      <symbol id="sm-2cb">
         <name>__ftable</name>
         <value>0x5200</value>
         <object_component_ref idref="oc-6b"/>
      </symbol>
      <symbol id="sm-2d7">
         <name>__divd</name>
         <value>0xc0cd</value>
         <object_component_ref idref="oc-6f"/>
      </symbol>
      <symbol id="sm-2e1">
         <name>__fixdi</name>
         <value>0xdd91</value>
         <object_component_ref idref="oc-73"/>
      </symbol>
      <symbol id="sm-2eb">
         <name>__fixdli</name>
         <value>0xd8ee</value>
         <object_component_ref idref="oc-77"/>
      </symbol>
      <symbol id="sm-2f7">
         <name>__fltlid</name>
         <value>0xdaa2</value>
         <object_component_ref idref="oc-7b"/>
      </symbol>
      <symbol id="sm-301">
         <name>_putchar</name>
         <value>0xd55f</value>
         <object_component_ref idref="oc-80"/>
      </symbol>
      <symbol id="sm-302">
         <name>_putc</name>
         <value>0xd4c8</value>
         <object_component_ref idref="oc-80"/>
      </symbol>
      <symbol id="sm-303">
         <name>_fputc</name>
         <value>0xd4c8</value>
         <object_component_ref idref="oc-80"/>
      </symbol>
      <symbol id="sm-311">
         <name>_puts</name>
         <value>0xceef</value>
         <object_component_ref idref="oc-84"/>
      </symbol>
      <symbol id="sm-312">
         <name>_fputs</name>
         <value>0xcdba</value>
         <object_component_ref idref="oc-84"/>
      </symbol>
      <symbol id="sm-31c">
         <name>__frcmpyd_div</name>
         <value>0xd809</value>
         <object_component_ref idref="oc-89"/>
      </symbol>
      <symbol id="sm-326">
         <name>___isinf</name>
         <value>0xde08</value>
         <object_component_ref idref="oc-8d"/>
      </symbol>
      <symbol id="sm-330">
         <name>__divull</name>
         <value>0xc84d</value>
         <object_component_ref idref="oc-91"/>
      </symbol>
      <symbol id="sm-331">
         <name>__mpylli</name>
         <value>0xc795</value>
         <object_component_ref idref="oc-91"/>
      </symbol>
      <symbol id="sm-332">
         <name>__remlli</name>
         <value>0xc766</value>
         <object_component_ref idref="oc-91"/>
      </symbol>
      <symbol id="sm-333">
         <name>__divlli</name>
         <value>0xc941</value>
         <object_component_ref idref="oc-91"/>
      </symbol>
      <symbol id="sm-334">
         <name>__remull</name>
         <value>0xc718</value>
         <object_component_ref idref="oc-91"/>
      </symbol>
      <symbol id="sm-346">
         <name>_add_device</name>
         <value>0xb0f8</value>
         <object_component_ref idref="oc-95"/>
      </symbol>
      <symbol id="sm-347">
         <name>_rename</name>
         <value>0xae1a</value>
         <object_component_ref idref="oc-95"/>
      </symbol>
      <symbol id="sm-348">
         <name>_read</name>
         <value>0xaea9</value>
         <object_component_ref idref="oc-95"/>
      </symbol>
      <symbol id="sm-349">
         <name>_unlink</name>
         <value>0xade7</value>
         <object_component_ref idref="oc-95"/>
      </symbol>
      <symbol id="sm-34a">
         <name>_remove_device</name>
         <value>0xae73</value>
         <object_component_ref idref="oc-95"/>
      </symbol>
      <symbol id="sm-34b">
         <name>_open</name>
         <value>0xaf57</value>
         <object_component_ref idref="oc-95"/>
      </symbol>
      <symbol id="sm-34c">
         <name>_find_registered_device</name>
         <value>0xb07c</value>
         <object_component_ref idref="oc-95"/>
      </symbol>
      <symbol id="sm-34d">
         <name>_lseek</name>
         <value>0xb016</value>
         <object_component_ref idref="oc-95"/>
      </symbol>
      <symbol id="sm-34e">
         <name>_close</name>
         <value>0xb085</value>
         <object_component_ref idref="oc-95"/>
      </symbol>
      <symbol id="sm-34f">
         <name>_write</name>
         <value>0xaca5</value>
         <object_component_ref idref="oc-95"/>
      </symbol>
      <symbol id="sm-359">
         <name>_ltoa</name>
         <value>0xd69b</value>
         <object_component_ref idref="oc-9b"/>
      </symbol>
      <symbol id="sm-364">
         <name>_memccpy</name>
         <value>0xdde5</value>
         <object_component_ref idref="oc-9f"/>
      </symbol>
      <symbol id="sm-36c">
         <name>_memcpy</name>
         <value>0xdce0</value>
         <object_component_ref idref="oc-a3"/>
      </symbol>
      <symbol id="sm-376">
         <name>__mpyd</name>
         <value>0xcf1d</value>
         <object_component_ref idref="oc-a7"/>
      </symbol>
      <symbol id="sm-380">
         <name>__negd</name>
         <value>0xde5b</value>
         <object_component_ref idref="oc-ab"/>
      </symbol>
      <symbol id="sm-38a">
         <name>__remli</name>
         <value>0xdc4d</value>
         <object_component_ref idref="oc-af"/>
      </symbol>
      <symbol id="sm-394">
         <name>__subd</name>
         <value>0xde22</value>
         <object_component_ref idref="oc-b3"/>
      </symbol>
      <symbol id="sm-3a0">
         <name>_HOSTopen</name>
         <value>0xb4f3</value>
         <object_component_ref idref="oc-b7"/>
      </symbol>
      <symbol id="sm-3a1">
         <name>_HOSTread</name>
         <value>0xb466</value>
         <object_component_ref idref="oc-b7"/>
      </symbol>
      <symbol id="sm-3a2">
         <name>_HOSTtime</name>
         <value>0xb35a</value>
         <object_component_ref idref="oc-b7"/>
      </symbol>
      <symbol id="sm-3a3">
         <name>_getenv</name>
         <value>0xb1e8</value>
         <object_component_ref idref="oc-b7"/>
      </symbol>
      <symbol id="sm-3a4">
         <name>_HOSTrename</name>
         <value>0xb3b8</value>
         <object_component_ref idref="oc-b7"/>
      </symbol>
      <symbol id="sm-3a5">
         <name>_HOSTclock</name>
         <value>0xb6b2</value>
         <object_component_ref idref="oc-b7"/>
      </symbol>
      <symbol id="sm-3a6">
         <name>_HOSTwrite</name>
         <value>0xb263</value>
         <object_component_ref idref="oc-b7"/>
      </symbol>
      <symbol id="sm-3a7">
         <name>_HOSTlseek</name>
         <value>0xb592</value>
         <object_component_ref idref="oc-b7"/>
      </symbol>
      <symbol id="sm-3a8">
         <name>_HOSTunlink</name>
         <value>0xb2f0</value>
         <object_component_ref idref="oc-b7"/>
      </symbol>
      <symbol id="sm-3a9">
         <name>_HOSTclose</name>
         <value>0xb647</value>
         <object_component_ref idref="oc-b7"/>
      </symbol>
      <symbol id="sm-3bb">
         <name>C$$IO$$</name>
         <value>0xd4c3</value>
         <object_component_ref idref="oc-bf"/>
      </symbol>
      <symbol id="sm-3bc">
         <name>__CIOBUF_</name>
         <value>0x58f8</value>
         <object_component_ref idref="oc-be"/>
      </symbol>
      <symbol id="sm-3bd">
         <name>_readmsg</name>
         <value>0xd9ca</value>
         <object_component_ref idref="oc-bc"/>
      </symbol>
      <symbol id="sm-3be">
         <name>_writemsg</name>
         <value>0xd40e</value>
         <object_component_ref idref="oc-bf"/>
      </symbol>
      <symbol id="sm-3c6">
         <name>__remu</name>
         <value>0xddd0</value>
         <object_component_ref idref="oc-c2"/>
      </symbol>
      <symbol id="sm-3c7">
         <name>__divu</name>
         <value>0xddbb</value>
         <object_component_ref idref="oc-c2"/>
      </symbol>
      <symbol id="sm-3c8">
         <name>I$$UMOD</name>
         <value>0xddd0</value>
         <object_component_ref idref="oc-c2"/>
      </symbol>
      <symbol id="sm-3c9">
         <name>I$$UDIV</name>
         <value>0xddbb</value>
         <object_component_ref idref="oc-c2"/>
      </symbol>
      <symbol id="sm-3d3">
         <name>__rd_ok</name>
         <value>0xd2ef</value>
         <object_component_ref idref="oc-c6"/>
      </symbol>
      <symbol id="sm-3d4">
         <name>__wrt_ok</name>
         <value>0xd26f</value>
         <object_component_ref idref="oc-c6"/>
      </symbol>
      <symbol id="sm-3de">
         <name>__addd</name>
         <value>0xc976</value>
         <object_component_ref idref="oc-ca"/>
      </symbol>
      <symbol id="sm-3e8">
         <name>__divli</name>
         <value>0xdc98</value>
         <object_component_ref idref="oc-ce"/>
      </symbol>
      <symbol id="sm-3f2">
         <name>__doflush</name>
         <value>0xd34c</value>
         <object_component_ref idref="oc-d2"/>
      </symbol>
      <symbol id="sm-3f3">
         <name>_fflush</name>
         <value>0xd3b5</value>
         <object_component_ref idref="oc-d2"/>
      </symbol>
      <symbol id="sm-3fd">
         <name>__frcmpyd</name>
         <value>0xd793</value>
         <object_component_ref idref="oc-d6"/>
      </symbol>
      <symbol id="sm-407">
         <name>_fseek</name>
         <value>0xda37</value>
         <object_component_ref idref="oc-da"/>
      </symbol>
      <symbol id="sm-411">
         <name>_setvbuf</name>
         <value>0xd189</value>
         <object_component_ref idref="oc-de"/>
      </symbol>
      <symbol id="sm-420">
         <name>__cleanup</name>
         <value>0xc5ba</value>
         <object_component_ref idref="oc-e2"/>
      </symbol>
      <symbol id="sm-421">
         <name>_fopen</name>
         <value>0xc6dd</value>
         <object_component_ref idref="oc-e2"/>
      </symbol>
      <symbol id="sm-422">
         <name>_freopen</name>
         <value>0xc614</value>
         <object_component_ref idref="oc-e2"/>
      </symbol>
      <symbol id="sm-432">
         <name>__sys_memory</name>
         <value>0x2200</value>
         <object_component_ref idref="oc-ec"/>
      </symbol>
      <symbol id="sm-433">
         <name>_chkheap</name>
         <value>0xc09f</value>
         <object_component_ref idref="oc-e8"/>
      </symbol>
      <symbol id="sm-434">
         <name>_realloc</name>
         <value>0xbe3e</value>
         <object_component_ref idref="oc-e8"/>
      </symbol>
      <symbol id="sm-435">
         <name>_free_memory</name>
         <value>0xc049</value>
         <object_component_ref idref="oc-e8"/>
      </symbol>
      <symbol id="sm-436">
         <name>_max_free</name>
         <value>0xbfef</value>
         <object_component_ref idref="oc-e8"/>
      </symbol>
      <symbol id="sm-437">
         <name>_free</name>
         <value>0xbc18</value>
         <object_component_ref idref="oc-e8"/>
      </symbol>
      <symbol id="sm-438">
         <name>_calloc</name>
         <value>0xc0a7</value>
         <object_component_ref idref="oc-e8"/>
      </symbol>
      <symbol id="sm-439">
         <name>_malloc</name>
         <value>0xbd49</value>
         <object_component_ref idref="oc-e8"/>
      </symbol>
      <symbol id="sm-43a">
         <name>_minit</name>
         <value>0xbce4</value>
         <object_component_ref idref="oc-e8"/>
      </symbol>
      <symbol id="sm-444">
         <name>_fclose</name>
         <value>0xd718</value>
         <object_component_ref idref="oc-ef"/>
      </symbol>
      <symbol id="sm-44e">
         <name>_remove</name>
         <value>0xde6b</value>
         <object_component_ref idref="oc-f3"/>
      </symbol>
   </symbol_table>
</link_info>
