******************************************************************************
              TMS320C55x Linker PC v4.4.1                      
******************************************************************************
>> Linked Mon Jun 27 23:21:37 2016

OUTPUT FILE NAME:   <DMFX.1.1.out>
ENTRY POINT SYMBOL: "_c_int00"  address: 00042a45


MEMORY CONFIGURATION

         name            origin    length      used     unused   attr    fill
                        (bytes)   (bytes)    (bytes)   (bytes)
----------------------  --------  ---------  --------  --------  ----  --------
  DARAM                 000000c0   0000fe40  00009d0c  00006134  RWIX
  SARAM                 00010000   0003df00  00032c3e  0000b2c2  RWIX
  VECT                  0004df00   00000100  00000100  00000000  RWIX
  SARAM31               0004e000   00002000  00001000  00001000  RWIX


SECTION ALLOCATION MAP
(Addresses surrounded by []'s are displayed for convenience only!)

output                                                          attributes/
section   page  orgn(bytes) orgn(words) len(bytes) len(words)   input sections
--------  ----  ----------- ----------- ---------- ----------   --------------
.vers        0   [ 00000000 ]  00000000          *   00000044   COPY SECTION
                 [ 00000000 ]  00000000          *   00000044   DMFX1_CSL_BIOS_cfg.obj (.vers)

.sysstack 
*            0   [ 000000c0 ]  00000060          *   00000800   UNINITIALIZED
                 [ 000000c0 ]  00000060          *   00000800   --HOLE--

.stack       0   [ 000010c0 ]  00000860          *   00001000   UNINITIALIZED
                 [ 000010c0 ]  00000860          *   00001000   --HOLE--

.cinit       0   [ 000030c0 ]  00001860          *   00000dce   
                 [ 000030c0 ]  00001860          *   00000552   DMFX1_CSL_BIOS_cfg.obj (.cinit)
                 [ 00003b64 ]  00001db2          *   000002f2   equalizer.obj (.cinit)
                 [ 00004148 ]  000020a4          *   000000af   bios.a55L : biosdata.o55L (.cinit)
                 [ 000042a6 ]  00002153          *   000000a0             : knl.o55L (.cinit)
                 [ 000043e6 ]  000021f3          *   00000078   main.obj (.cinit)
                 [ 000044d6 ]  0000226b          *   0000006d   csl_i2c_intc.obj (.cinit)
                 [ 000045b0 ]  000022d8          *   0000006a   reverb.obj (.cinit)
                 [ 00004684 ]  00002342          *   0000005c   compressor.obj (.cinit)
                 [ 0000473c ]  0000239e          *   0000005c   variabledelay.obj (.cinit)
                 [ 000047f4 ]  000023fa          *   0000004a   dma_bios_drv_lib.lib : ddc_dma.obj (.cinit)
                 [ 00004888 ]  00002444          *   0000004a   flanger.obj (.cinit)
                 [ 0000491c ]  0000248e          *   0000004a   phaser.obj (.cinit)
                 [ 000049b0 ]  000024d8          *   00000031   bios.a55L : tsk.o55L (.cinit)
                 [ 00004a12 ]  00002509          *   0000002e             : tsk_stup.o55L (.cinit)
                 [ 00004a6e ]  00002537          *   00000026   i2s_sample.obj (.cinit)
                 [ 00004aba ]  0000255d          *   00000019   bios.a55L : rta.o55L (.cinit)
                 [ 00004aec ]  00002576          *   00000017   rtdxx.lib : buffer1.o55L (.cinit)
                 [ 00004b1a ]  0000258d          *   00000011   i2s_bios_drv_lib.lib : ddc_i2s.obj (.cinit)
                 [ 00004b3c ]  0000259e          *   0000000f   bios.a55L : utl_putc.o55L (.cinit)
                 [ 00004b5a ]  000025ad          *   0000000b             : knl_tick.o55L (.cinit)
                 [ 00004b70 ]  000025b8          *   0000000a             : obj_init.o55L (.cinit)
                 [ 00004b84 ]  000025c2          *   0000000a             : sys.o55L (.cinit)
                 [ 00004b98 ]  000025cc          *   0000000a   rts55x.lib : _lock.obj (.cinit)
                 [ 00004bac ]  000025d6          *   0000000a              : exit.obj (.cinit)
                 [ 00004bc0 ]  000025e0          *   00000009   bios.a55L : mem_defi.o55L (.cinit)
                 [ 00004bd2 ]  000025e9          *   00000009   codec_aic3254.obj (.cinit)
                 [ 00004be4 ]  000025f2          *   00000009   lnkrtdx.a55L : rtdx.o55L (.cinit)
                 [ 00004bf6 ]  000025fb          *   00000008   csl_sar_intc.obj (.cinit)
                 [ 00004c06 ]  00002603          *   00000008   gpio_control.obj (.cinit)
                 [ 00004c16 ]  0000260b          *   00000008   rts55x.lib : atexit.obj (.cinit)
                 [ 00004c26 ]  00002613          *   00000007   bios.a55L : sem_crea.o55L (.cinit)
                 [ 00004c34 ]  0000261a          *   00000005             : idl_busy.o55L (.cinit)
                 [ 00004c3e ]  0000261f          *   00000005             : knl_swit.o55L (.cinit)
                 [ 00004c48 ]  00002624          *   00000005   rts55x.lib : sinit.obj (.cinit)
                 [ 00004c52 ]  00002629          *   00000004   bios.a55L : tsk_disa.o55L (.cinit)
                 [ 00004c5a ]  0000262d          *   00000001   --HOLE-- [fill = 0]

.rtdx_data 
*            0   [ 00004c5c ]  0000262e          *   00000128   UNINITIALIZED
                 [ 00004c5c ]  0000262e          *   00000102   DMFX1_CSL_BIOS_cfg.obj (.rtdx_data)
                 [ 00004e60 ]  00002730          *   00000012   rtdxx.lib : rtdx_mon.o55L (.rtdx_data)
                 [ 00004e84 ]  00002742          *   00000010             : buffer1.o55L (.rtdx_data)
                 [ 00004ea4 ]  00002752          *   00000004   bios.a55L : rtdx_data.o55L (.rtdx_data)

.switch      0   [ 00004eac ]  00002756          *   00000094   
                 [ 00004eac ]  00002756          *   00000020   C55XXCSL_LP.lib : csl_dma.obj (.switch:_DMA_config)
                 [ 00004eec ]  00002776          *   00000020                   : csl_dma.obj (.switch:_DMA_getConfig)
                 [ 00004f2c ]  00002796          *   00000020                   : csl_dma.obj (.switch:_DMA_reset)
                 [ 00004f6c ]  000027b6          *   00000012   i2s_bios_drv_lib.lib : llc_i2s.obj (.switch:_LLC_I2SSetClkdiv)
                 [ 00004f90 ]  000027c8          *   00000012                        : llc_i2s.obj (.switch:_LLC_I2SSetWordLength)
                 [ 00004fb4 ]  000027da          *   00000010   i2c_bios_drv_lib.lib : ddc_i2c.obj (.switch:__DDC_i2cIntrHandler)

.log         0   [ 00004fd4 ]  000027ea          *   00000014   UNINITIALIZED
                 [ 00004fd4 ]  000027ea          *   00000014   DMFX1_CSL_BIOS_cfg.obj (.log)

.mem         0   [ 00004ffc ]  000027fe          *   00000001   UNINITIALIZED
                 [ 00004ffc ]  000027fe          *   00000001   DMFX1_CSL_BIOS_cfg.obj (.mem)

.LOG_system$buf 
*            0   [ 00005000 ]  00002800          *   00000800   UNINITIALIZED
                 [ 00005000 ]  00002800          *   00000800   DMFX1_CSL_BIOS_cfg.obj (.LOG_system$buf)

.AudioRx_Tsk$stk 
*            0   [ 00006000 ]  00003000          *   00000500   UNINITIALIZED
                 [ 00006000 ]  00003000          *   00000500   DMFX1_CSL_BIOS_cfg.obj (.AudioRx_Tsk$stk)

.AudioTx_Tsk$stk 
*            0   [ 00006a00 ]  00003500          *   00000500   UNINITIALIZED
                 [ 00006a00 ]  00003500          *   00000500   DMFX1_CSL_BIOS_cfg.obj (.AudioTx_Tsk$stk)

.Tsk_I2c_Intc_SlaveRx$stk 
*            0   [ 00007400 ]  00003a00          *   00000500   UNINITIALIZED
                 [ 00007400 ]  00003a00          *   00000500   DMFX1_CSL_BIOS_cfg.obj (.Tsk_I2c_Intc_SlaveRx$stk)

.mainTsk$stk 
*            0   [ 00007e00 ]  00003f00          *   00000500   UNINITIALIZED
                 [ 00007e00 ]  00003f00          *   00000500   DMFX1_CSL_BIOS_cfg.obj (.mainTsk$stk)

.rtdx_text 
*            0     00008800  [ 00004400 ] 00000942          *   
                   00008800  [ 00004400 ] 000001db          *   rtdxx.lib : buffer1.o55L (.rtdx_text:_RTDX_write_next)
                   000089db  [ 000044ed+] 0000017c          *             : buffer1.o55L (.rtdx_text:_RTDX_Buffer_WriteCB)
                   00008b57  [ 000045ab+] 0000010f          *             : rtdx_mon.o55L (.rtdx_text:_RTDX_Init_RT_Monitor)
                   00008c66  [ 00004633 ] 000000ec          *             : rtdx_mon.o55L (.rtdx_text:_RTDX_Poll)
                   00008d52  [ 000046a9 ] 000000b5          *             : buffer1.o55L (.rtdx_text:_claim)
                   00008e07  [ 00004703+] 00000093          *             : rtdx_mon.o55L (.rtdx_text:_StartXFer)
                   00008e9a  [ 0000474d ] 00000088          *             : rtdx_mon.o55L (.rtdx_text:_RTDX_Mon_Queue)
                   00008f22  [ 00004791 ] 00000065          *             : rtdx_mon.o55L (.rtdx_text:_RTDX_H2TPoll)
                   00008f87  [ 000047c3+] 00000053          *             : buffer1.o55L (.rtdx_text:_RTDX_Buffer_Initialize)
                   00008fda  [ 000047ed ] 0000004b          *             : buffer2.o55L (.rtdx_text:_RTDX_Buffer_ReadCB)
                   00009025  [ 00004812+] 0000003c          *             : rtdx_mon.o55L (.rtdx_text:_RTDX_Final_RT_Monitor)
                   00009061  [ 00004830+] 0000003b          *             : buffer1.o55L (.rtdx_text:_RTDX_Buffer_Size)
                   0000909c  [ 0000484e ] 0000002a          *             : intr_tgt.o55L (.rtdx_text:_RTDX_Mask_IER)
                   000090c6  [ 00004863 ] 00000022          *             : buffer2.o55L (.rtdx_text:_RTDX_Buffer_Read)
                   000090e8  [ 00004874 ] 0000001e          *             : intr_tgt.o55L (.rtdx_text:_RTDX_Set_IER)
                   00009106  [ 00004883 ] 0000001c          *             : buffer1.o55L (.rtdx_text:_RTDX_Buffer_Write)
                   00009122  [ 00004891 ] 00000017          *             : rtdx_mon.o55L (.rtdx_text:_Allow_EmuAccess)
                   00009139  [ 0000489c+] 00000004          *             : rtdx_mon.o55L (.rtdx_text:_Disallow_EmuAccess)
                   0000913d  [ 0000489e+] 00000004          *             : rtdx_mon.o55L (.rtdx_text:_Wait)
                   00009141  [ 000048a0 ] 00000001          *   --HOLE-- [fill = 20]

.trace       0   [ 00009142 ]  000048a1          *   00000200   
                 [ 00009142 ]  000048a1          *   00000200   --HOLE-- [fill = 00]

.tsk         0   [ 00009544 ]  00004aa2          *   000000dc   UNINITIALIZED
                 [ 00009544 ]  00004aa2          *   000000dc   DMFX1_CSL_BIOS_cfg.obj (.tsk)

.sysdata     0   [ 000096fc ]  00004b7e          *   000000ce   UNINITIALIZED
                 [ 000096fc ]  00004b7e          *   000000b0   bios.a55L : biosdata.o55L (.sysdata)
                 [ 0000985c ]  00004c2e          *   00000016             : rta.o55L (.sysdata)
                 [ 00009888 ]  00004c44          *   00000006   lnkrtdx.a55L : rtdx.o55L (.sysdata)
                 [ 00009894 ]  00004c4a          *   00000002   bios.a55L : idl_busy.o55L (.sysdata)

.sem         0   [ 00009898 ]  00004c4c          *   00000084   UNINITIALIZED
                 [ 00009898 ]  00004c4c          *   00000084   DMFX1_CSL_BIOS_cfg.obj (.sem)

.args        0   [ 000099a0 ]  00004cd0          *   00000080   
                 [ 000099a0 ]  00004cd0          *   00000080   --HOLE-- [fill = 0]

.sts         0   [ 00009aa0 ]  00004d50          *   00000070   UNINITIALIZED
                 [ 00009aa0 ]  00004d50          *   00000070   DMFX1_CSL_BIOS_cfg.obj (.sts)

.pip         0   [ 00009b80 ]  00004dc0          *   00000064   UNINITIALIZED
                 [ 00009b80 ]  00004dc0          *   00000064   DMFX1_CSL_BIOS_cfg.obj (.pip)

.gblinit     0   [ 00009c48 ]  00004e24          *   00000041   
                 [ 00009c48 ]  00004e24          *   00000041   DMFX1_CSL_BIOS_cfg.obj (.gblinit)

.swi         0   [ 00009ccc ]  00004e66          *   00000028   UNINITIALIZED
                 [ 00009ccc ]  00004e66          *   00000028   DMFX1_CSL_BIOS_cfg.obj (.swi)

.hst         0   [ 00009d1c ]  00004e8e          *   0000001a   UNINITIALIZED
                 [ 00009d1c ]  00004e8e          *   0000001a   DMFX1_CSL_BIOS_cfg.obj (.hst)

.prd         0   [ 00009d50 ]  00004ea8          *   0000000c   UNINITIALIZED
                 [ 00009d50 ]  00004ea8          *   0000000c   DMFX1_CSL_BIOS_cfg.obj (.prd)

.hst0        0   [ 00009d68 ]  00004eb4          *   00000008   UNINITIALIZED
                 [ 00009d68 ]  00004eb4          *   00000008   DMFX1_CSL_BIOS_cfg.obj (.hst0)

.hst1        0   [ 00009d78 ]  00004ebc          *   00000008   UNINITIALIZED
                 [ 00009d78 ]  00004ebc          *   00000008   DMFX1_CSL_BIOS_cfg.obj (.hst1)

.idl         0   [ 00009d88 ]  00004ec4          *   00000008   UNINITIALIZED
                 [ 00009d88 ]  00004ec4          *   00000008   DMFX1_CSL_BIOS_cfg.obj (.idl)

.idlcal      0   [ 00009d98 ]  00004ecc          *   00000008   UNINITIALIZED
                 [ 00009d98 ]  00004ecc          *   00000008   DMFX1_CSL_BIOS_cfg.obj (.idlcal)

.sys         0   [ 00009da8 ]  00004ed4          *   00000008   UNINITIALIZED
                 [ 00009da8 ]  00004ed4          *   00000008   DMFX1_CSL_BIOS_cfg.obj (.sys)

.pinit       0   [ 00009db8 ]  00004edc          *   00000006   
                 [ 00009db8 ]  00004edc          *   00000002   rtdxx.lib : buffer1.o55L (.pinit)
                 [ 00009dbc ]  00004ede          *   00000002             : rtdx_mon.o55L (.pinit)
                 [ 00009dc0 ]  00004ee0          *   00000002   --HOLE-- [fill = 0]

.clk         0   [ 00009dc4 ]  00004ee2          *   00000004   UNINITIALIZED
                 [ 00009dc4 ]  00004ee2          *   00000004   DMFX1_CSL_BIOS_cfg.obj (.clk)

.trcdata     0   [ 00009dcc ]  00004ee6          *   00000003   
                 [ 00009dcc ]  00004ee6          *   00000003   bios.a55L : trc.o55L (.trcdata)

.SARAM$heap 
*            0   [ 00010000 ]  00008000          *   0000d880   UNINITIALIZED
                 [ 00010000 ]  00008000          *   0000d880   --HOLE--

.text        0     0002b100  [ 00015880 ] 0000c1fc          *   
                   0002b100  [ 00015880 ] 00001f50          *   C55XXCSL_LP.lib : csl_dma.obj (.text)
                   0002d050  [ 00016828 ] 00001507          *   dma_bios_drv_lib.lib : ddc_dma.obj (.text)
                   0002e557  [ 000172ab+] 0000123f          *   i2c_bios_drv_lib.lib : ddc_i2c.obj (.text)
                   0002f796  [ 00017bcb ] 00000e8f          *   C55XXCSL_LP.lib : csl_i2c.obj (.text)
                   00030625  [ 00018312+] 00000cc0          *   csl_i2c_intc.obj (.text)
                   000312e5  [ 00018972+] 00000b18          *   C55XXCSL_LP.lib : csl_sar.obj (.text)
                   00031dfd  [ 00018efe+] 000009d7          *   codec_aic3254.obj (.text)
                   000327d4  [ 000193ea ] 000006ae          *   i2s_bios_drv_lib.lib : ddc_i2s.obj (.text)
                   00032e82  [ 00019741 ] 0000068d          *   C55XXCSL_LP.lib : csl_gpio.obj (.text)
                   0003350f  [ 00019a87+] 00000649          *   variabledelay.obj (.text)
                   00033b58  [ 00019dac ] 000005b3          *   i2s_bios_drv_lib.lib : llc_i2s.obj (.text)
                   0003410b  [ 0001a085+] 00000597          *   i2s_sample.obj (.text)
                   000346a2  [ 0001a351 ] 00000508          *   C55XXCSL_LP.lib : csl_intc.obj (.text)
                   00034baa  [ 0001a5d5 ] 00000476          *   reverb.obj (.text)
                   00035020  [ 0001a810 ] 00000354          *   C55XXCSL_LP.lib : csl_pll.obj (.text)
                   00035374  [ 0001a9ba ] 0000034a          *   main.obj (.text)
                   000356be  [ 0001ab5f ] 00000325          *   i2s_bios_drv_lib.lib : dda_i2s.obj (.text)
                   000359e3  [ 0001acf1+] 000002f6          *   csl_sar_intc.obj (.text)
                   00035cd9  [ 0001ae6c+] 000002b9          *   app_audio_alg.obj (.text)
                   00035f92  [ 0001afc9 ] 00000299          *   equalizer.obj (.text)
                   0003622b  [ 0001b115+] 00000230          *   compressor.obj (.text)
                   0003645b  [ 0001b22d+] 000001f0          *   i2c_bios_drv_lib.lib : dda_i2c.obj (.text)
                   0003664b  [ 0001b325+] 0000019f          *   phaser.obj (.text)
                   000367ea  [ 0001b3f5 ] 0000018f          *   flanger.obj (.text)
                   00036979  [ 0001b4bc+] 00000189          *   dma_bios_drv_lib.lib : dda_dma.obj (.text)
                   00036b02  [ 0001b581 ] 000000c7          *   pll_control.obj (.text)
                   00036bc9  [ 0001b5e4+] 000000b5          *   55xdspl.lib : iircas61.obj (.text)
                   00036c7e  [ 0001b63f ] 000000b1          *   gpio_control.obj (.text)
                   00036d2f  [ 0001b697+] 000000a1          *   rts55x.lib : divul.obj (.text)
                   00036dd0  [ 0001b6e8 ] 0000009f          *   palos_bios_lib.lib : pal_osSem.obj (.text)
                   00036e6f  [ 0001b737+] 00000077          *   55xdspl.lib : sine.obj (.text)
                   00036ee6  [ 0001b773 ] 00000075          *   rts55x.lib : sinit.obj (.text)
                   00036f5b  [ 0001b7ad+] 00000072          *              : remul.obj (.text)
                   00036fcd  [ 0001b7e6+] 0000006f          *              : atexit.obj (.text)
                   0003703c  [ 0001b81e ] 0000005c          *   bios.a55L : tsk_stup.o55L (.text)
                   00037098  [ 0001b84c ] 0000005c          *   palos_bios_lib.lib : pal_osprotect.obj (.text)
                   000370f4  [ 0001b87a ] 00000050          *                      : pal_osTime.obj (.text)
                   00037144  [ 0001b8a2 ] 00000049          *   55xdspl.lib : rand16.obj (.text)
                   0003718d  [ 0001b8c6+] 00000048          *   rts55x.lib : divli.obj (.text)
                   000371d5  [ 0001b8ea+] 00000046          *   clean.obj (.text)
                   0003721b  [ 0001b90d+] 0000003f          *   rts55x.lib : memcpy.obj (.text)
                   0003725a  [ 0001b92d ] 0000003e          *              : exit.obj (.text)
                   00037298  [ 0001b94c ] 0000001d          *   palos_bios_lib.lib : pal_osWait.obj (.text)
                   000372b5  [ 0001b95a+] 00000013          *   rts55x.lib : lmpy.obj (.text)
                   000372c8  [ 0001b964 ] 00000012          *              : _lock.obj (.text)
                   000372da  [ 0001b96d ] 00000011          *              : memset.obj (.text)
                   000372eb  [ 0001b975+] 00000008          *   55xdspl.lib : rand16i.obj (.text)
                   000372f3  [ 0001b979+] 00000007          *   rts55x.lib : exit.obj (.text:CIO_breakpoint)
                   000372fa  [ 0001b97d ] 00000002          *   --HOLE-- [fill = 20]

.bss         0   [ 00037300 ]  0001b980          *   000036f8   UNINITIALIZED
                 [ 00037300 ]  0001b980          *   0000173b   i2s_sample.obj (.bss)
                 [ 0003a176 ]  0001d0bb          *   00000001   55xdspl.lib : rand16i.obj (.bss)
                 [ 0003a178 ]  0001d0bc          *   00000c6a   main.obj (.bss)
                 [ 0003ba4c ]  0001dd26          *   00000a01   compressor.obj (.bss)
                 [ 0003ce4e ]  0001e727          *   000002e9   equalizer.obj (.bss)
                 [ 0003d420 ]  0001ea10          *   0000014c   dma_bios_drv_lib.lib : ddc_dma.obj (.bss)
                 [ 0003d6b8 ]  0001eb5c          *   000000c2   rts55x.lib : atexit.obj (.bss)
                 [ 0003d83c ]  0001ec1e          *   000000b1   csl_i2c_intc.obj (.bss)
                 [ 0003d99e ]  0001eccf          *   00000001   bios.a55L : tsk_disa.o55L (.bss)
                 [ 0003d9a0 ]  0001ecd0          *   0000008a             : knl.o55L (.bss)
                 [ 0003dab4 ]  0001ed5a          *   00000084   C55XXCSL_LP.lib : csl_intc.obj (.bss)
                 [ 0003dbbc ]  0001edde          *   00000053   reverb.obj (.bss)
                 [ 0003dc62 ]  0001ee31          *   00000001   clean.obj (.bss)
                 [ 0003dc64 ]  0001ee32          *   00000044   i2c_bios_drv_lib.lib : ddc_i2c.obj (.bss)
                 [ 0003dcec ]  0001ee76          *   00000040   i2s_bios_drv_lib.lib : ddc_i2s.obj (.bss)
                 [ 0003dd6c ]  0001eeb6          *   0000003e   flanger.obj (.bss)
                 [ 0003dde8 ]  0001eef4          *   0000003e   phaser.obj (.bss)
                 [ 0003de64 ]  0001ef32          *   00000030   bios.a55L : tsk.o55L (.bss)
                 [ 0003dec4 ]  0001ef62          *   00000028             : tsk_stup.o55L (.bss)
                 [ 0003df14 ]  0001ef8a          *   00000026   variabledelay.obj (.bss)
                 [ 0003df60 ]  0001efb0          *   00000023   bios.a55L : obj_init.o55L (.bss)
                 [ 0003dfa6 ]  0001efd3          *   00000001   --HOLE--
                 [ 0003dfa8 ]  0001efd4          *   00000014   DMFX1_CSL_BIOS_cfg.obj (.bss)
                 [ 0003dfd0 ]  0001efe8          *   00000014   bios.a55L : sys.o55L (.bss)
                 [ 0003dff8 ]  0001effc          *   00000012   C55XXCSL_LP.lib : csl_i2c.obj (.bss)
                 [ 0003e01c ]  0001f00e          *   00000010   i2s_bios_drv_lib.lib : dda_i2s.obj (.bss)
                 [ 0003e03c ]  0001f01e          *   0000000e   pll_control.obj (.bss)
                 [ 0003e058 ]  0001f02c          *   0000000c   bios5505.a55L : clk5505_data.o55L (.bss)
                 [ 0003e070 ]  0001f038          *   00000008   bios.a55L : knl_tick.o55L (.bss)
                 [ 0003e080 ]  0001f040          *   00000007   csl_sar_intc.obj (.bss)
                 [ 0003e08e ]  0001f047          *   00000001   --HOLE--
                 [ 0003e090 ]  0001f048          *   00000006   bios.a55L : utl_putc.o55L (.bss)
                 [ 0003e09c ]  0001f04e          *   00000006   gpio_control.obj (.bss)
                 [ 0003e0a8 ]  0001f054          *   00000006   rtdxx.lib : buffer1.o55L (.bss)
                 [ 0003e0b4 ]  0001f05a          *   00000004   bios.a55L : clk_data.o55L (.bss)
                 [ 0003e0bc ]  0001f05e          *   00000004             : mem_defi.o55L (.bss)
                 [ 0003e0c4 ]  0001f062          *   00000004             : sem_crea.o55L (.bss)
                 [ 0003e0cc ]  0001f066          *   00000004   rts55x.lib : _lock.obj (.bss)
                 [ 0003e0d4 ]  0001f06a          *   00000004              : exit.obj (.bss)
                 [ 0003e0dc ]  0001f06e          *   00000003   codec_aic3254.obj (.bss)
                 [ 0003e0e2 ]  0001f071          *   00000001   --HOLE--
                 [ 0003e0e4 ]  0001f072          *   00000002   bios.a55L : clk_data2.o55L (.bss)
                 [ 0003e0e8 ]  0001f074          *   00000002             : mem_asm.o55L (.bss)
                 [ 0003e0ec ]  0001f076          *   00000002   rts55x.lib : sinit.obj (.bss)

.bios        0     0003e0f0  [ 0001f078 ] 00002c90          *   
                   0003e0f0  [ 0001f078 ] 000003d4          *   bios.a55L : swi.o55L (.bios)
                   0003e4c4  [ 0001f262 ] 000003a3          *   lnkrtdx.a55L : rtdx.o55L (.bios)
                   0003e867  [ 0001f433 ] 00000001          *   --HOLE-- [fill = 20]
                   0003e868  [ 0001f434 ] 00000395          *   bios.a55L : sys_prin.o55L (.bios)
                   0003ebfd  [ 0001f5fe+] 0000035f          *             : hwi_disp_asm.o55L (.bios)
                   0003ef5c  [ 0001f7ae ] 000001ae          *             : mem_rede.o55L (.bios)
                   0003f10a  [ 0001f885 ] 00000002          *   --HOLE-- [fill = 20]
                   0003f10c  [ 0001f886 ] 0000018b          *             : sem_pend.o55L (.bios)
                   0003f297  [ 0001f94b+] 00000186          *             : prd.o55L (.bios)
                   0003f41d  [ 0001fa0e ] 00000003          *   --HOLE-- [fill = 20]
                   0003f420  [ 0001fa10 ] 00000185          *             : knl_run.o55L (.bios)
                   0003f5a5  [ 0001fad2 ] 00000003          *   --HOLE-- [fill = 20]
                   0003f5a8  [ 0001fad4 ] 0000017f          *             : mem_defi.o55L (.bios)
                   0003f727  [ 0001fb93 ] 00000001          *   --HOLE-- [fill = 20]
                   0003f728  [ 0001fb94 ] 00000175          *             : mem_free.o55L (.bios:.near)
                   0003f89d  [ 0001fc4e ] 00000003          *   --HOLE-- [fill = 20]
                   0003f8a0  [ 0001fc50 ] 00000144          *             : knl_tick.o55L (.bios)
                   0003f9e4  [ 0001fcf2 ] 00000130          *             : rta.o55L (.bios)
                   0003fb14  [ 0001fd8a ] 0000012d          *             : mem_allo.o55L (.bios:.near)
                   0003fc41  [ 0001fe20+] 00000119          *             : pip.o55L (.bios)
                   0003fd5a  [ 0001fead ] 0000010e          *             : knl_swit.o55L (.bios)
                   0003fe68  [ 0001ff34 ] 00000104          *             : sem_dopo.o55L (.bios)
                   0003ff6c  [ 0001ffb6 ] 000000f8          *             : tsk_exit.o55L (.bios)
                   00040064  [ 00020032 ] 000000f6          *             : tsk_setu.o55L (.bios)
                   0004015a  [ 000200ad ] 00000002          *   --HOLE-- [fill = 20]
                   0004015c  [ 000200ae ] 000000bf          *             : tsk_stup.o55L (.bios)
                   0004021b  [ 0002010d+] 000000a2          *             : c55_c.o55L (.bios)
                   000402bd  [ 0002015e ] 00000003          *   --HOLE-- [fill = 20]
                   000402c0  [ 00020160 ] 00000090          *   bios5505.a55L : clk5505_start.o55L (.bios)
                   00040350  [ 000201a8 ] 0000008d          *   bios.a55L : knl_chec.o55L (.bios)
                   000403dd  [ 000201ee ] 00000003          *   --HOLE-- [fill = 20]
                   000403e0  [ 000201f0 ] 0000008d          *   bios5505.a55L : clk5505_isr.o55L (.bios)
                   0004046d  [ 00020236 ] 00000003          *   --HOLE-- [fill = 20]
                   00040470  [ 00020238 ] 00000087          *                 : clk5505_htime.o55L (.bios)
                   000404f7  [ 0002027b+] 00000082          *   bios.a55L : sem_post_asm.o55L (.bios)
                   00040579  [ 000202bc ] 00000003          *   --HOLE-- [fill = 20]
                   0004057c  [ 000202be ] 00000068          *   bios5505.a55L : clk5505_meas.o55L (.bios)
                   000405e4  [ 000202f2 ] 00000062          *   bios.a55L : log_printf.o55L (.bios)
                   00040646  [ 00020323 ] 00000002          *   --HOLE-- [fill = 20]
                   00040648  [ 00020324 ] 00000062          *             : obj_crea.o55L (.bios)
                   000406aa  [ 00020355 ] 00000002          *   --HOLE-- [fill = 20]
                   000406ac  [ 00020356 ] 0000005f          *             : knl_exit.o55L (.bios)
                   0004070b  [ 00020385 ] 00000001          *   --HOLE-- [fill = 20]
                   0004070c  [ 00020386 ] 0000005b          *             : knl_ipos.o55L (.bios)
                   00040767  [ 000203b3 ] 00000001          *   --HOLE-- [fill = 20]
                   00040768  [ 000203b4 ] 0000005b          *             : sem_crea.o55L (.bios)
                   000407c3  [ 000203e1 ] 00000001          *   --HOLE-- [fill = 20]
                   000407c4  [ 000203e2 ] 00000058          *             : lck.o55L (.bios)
                   0004081c  [ 0002040e ] 00000051          *             : log.o55L (.bios)
                   0004086d  [ 00020436+] 0000004e          *             : sem_pend_counting.o55L (.bios)
                   000408bb  [ 0002045d ] 00000001          *   --HOLE-- [fill = 20]
                   000408bc  [ 0002045e ] 00000048          *             : sem_post.o55L (.bios)
                   00040904  [ 00020482 ] 00000048          *             : sts.o55L (.bios)
                   0004094c  [ 000204a6 ] 00000048          *             : sys_exit.o55L (.bios)
                   00040994  [ 000204ca ] 00000047          *             : idl_busy.o55L (.bios)
                   000409db  [ 000204ed+] 00000046          *             : idl_cal.o55L (.bios)
                   00040a21  [ 00020510 ] 00000003          *   --HOLE-- [fill = 20]
                   00040a24  [ 00020512 ] 00000045          *             : obj_dele.o55L (.bios)
                   00040a69  [ 00020534 ] 00000003          *   --HOLE-- [fill = 20]
                   00040a6c  [ 00020536 ] 00000044          *             : tsk_disa.o55L (.bios)
                   00040ab0  [ 00020558 ] 00000043          *             : rta_andn.o55L (.bios)
                   00040af3  [ 00020579+] 00000042          *             : que_get.o55L (.bios)
                   00040b35  [ 0002059a+] 00000036          *             : prd_c.o55L (.bios)
                   00040b6b  [ 000205b5 ] 00000001          *   --HOLE-- [fill = 20]
                   00040b6c  [ 000205b6 ] 00000036          *             : utl_putc.o55L (.bios)
                   00040ba2  [ 000205d1 ] 00000002          *   --HOLE-- [fill = 20]
                   00040ba4  [ 000205d2 ] 00000034          *             : knl_post.o55L (.bios)
                   00040bd8  [ 000205ec ] 00000034          *   bios5505.a55L : clk_itime.o55L (.bios)
                   00040c0c  [ 00020606 ] 00000032          *   bios.a55L : mem_vall.o55L (.bios:.near)
                   00040c3e  [ 0002061f ] 00000025          *             : fxn.o55L (.bios)
                   00040c63  [ 00020631+] 00000024          *             : idl_stub.o55L (.bios)
                   00040c87  [ 00020643 ] 00000001          *   --HOLE-- [fill = 20]
                   00040c88  [ 00020644 ] 00000023          *             : utl_doab.o55L (.bios)
                   00040cab  [ 00020655 ] 00000001          *   --HOLE-- [fill = 20]
                   00040cac  [ 00020656 ] 00000020          *             : utl_doer.o55L (.bios)
                   00040ccc  [ 00020666 ] 0000001a          *             : hwi_xable.o55L (.bios)
                   00040ce6  [ 00020673 ] 00000017          *             : clk_run.o55L (.bios)
                   00040cfd  [ 0002067e ] 00000003          *   --HOLE-- [fill = 20]
                   00040d00  [ 00020680 ] 00000017          *             : sys_abor.o55L (.bios)
                   00040d17  [ 0002068b ] 00000001          *   --HOLE-- [fill = 20]
                   00040d18  [ 0002068c ] 00000016          *             : sys_erro.o55L (.bios:.near)
                   00040d2e  [ 00020697 ] 00000015          *   bios5505.a55L : clk_gethtime.o55L (.bios)
                   00040d43  [ 000206a1 ] 00000001          *   --HOLE-- [fill = 20]
                   00040d44  [ 000206a2 ] 00000010          *   bios.a55L : sem_dele.o55L (.bios)
                   00040d54  [ 000206aa ] 0000000c          *             : idl.o55L (.bios)
                   00040d60  [ 000206b0 ] 00000008          *             : utl_halt.o55L (.bios)
                   00040d68  [ 000206b4 ] 00000007          *             : sts_set.o55L (.bios)
                   00040d6f  [ 000206b7+] 00000006          *             : gbl_vers.o55L (.bios)
                   00040d75  [ 000206ba ] 00000003          *   --HOLE-- [fill = 20]
                   00040d78  [ 000206bc ] 00000002          *             : fxn_c.o55L (.bios)
                   00040d7a  [ 000206bd ] 00000002          *   --HOLE-- [fill = 20]
                   00040d7c  [ 000206be ] 00000002          *   bios5505.a55L : clk5505_wdog.o55L (.bios)
                   00040d7e  [ 000206bf ] 00000002          *   --HOLE-- [fill = 20]

.const       0   [ 00040d80 ]  000206c0          *   000007f3   
                 [ 00040d80 ]  000206c0          *   000001bd   main.obj (.const:.string)
                 [ 000410fa ]  0002087d          *   00000001   --HOLE-- [fill = 0]
                 [ 000410fc ]  0002087e          *   00000175   csl_i2c_intc.obj (.const:.string)
                 [ 000413e6 ]  000209f3          *   00000001   --HOLE-- [fill = 0]
                 [ 000413e8 ]  000209f4          *   0000014b   codec_aic3254.obj (.const:.string)
                 [ 0004167e ]  00020b3f          *   00000001   --HOLE-- [fill = 0]
                 [ 00041680 ]  00020b40          *   00000112   csl_sar_intc.obj (.const:.string)
                 [ 000418a4 ]  00020c52          *   00000065   i2s_bios_drv_lib.lib : ddc_i2s.obj (.const:.string)
                 [ 0004196e ]  00020cb7          *   00000001   --HOLE-- [fill = 0]
                 [ 00041970 ]  00020cb8          *   0000004f   bios.a55L : tsk_stup.o55L (.const)
                 [ 00041a0e ]  00020d07          *   0000003e   DMFX1_CSL_BIOS_cfg.obj (.const)
                 [ 00041a8a ]  00020d45          *   00000001   --HOLE-- [fill = 0]
                 [ 00041a8c ]  00020d46          *   0000003c   compressor.obj (.const:.string)
                 [ 00041b04 ]  00020d82          *   00000032   bios.a55L : mem_rede.o55L (.const)
                 [ 00041b68 ]  00020db4          *   00000025   codec_aic3254.obj (.const:_volume_table)
                 [ 00041bb2 ]  00020dd9          *   00000001   --HOLE-- [fill = 0]
                 [ 00041bb4 ]  00020dda          *   00000023   bios.a55L : utl_doab.o55L (.const)
                 [ 00041bfa ]  00020dfd          *   00000001   --HOLE-- [fill = 0]
                 [ 00041bfc ]  00020dfe          *   00000022             : utl_doer.o55L (.const)
                 [ 00041c40 ]  00020e20          *   00000019             : sys_prin.o55L (.const)
                 [ 00041c72 ]  00020e39          *   00000001   --HOLE-- [fill = 0]
                 [ 00041c74 ]  00020e3a          *   00000014   equalizer.obj (.const:.string)
                 [ 00041c9c ]  00020e4e          *   00000013   i2c_bios_drv_lib.lib : ddc_i2c.obj (.const:.string)
                 [ 00041cc2 ]  00020e61          *   00000001   --HOLE-- [fill = 0]
                 [ 00041cc4 ]  00020e62          *   0000000f   i2s_sample.obj (.const:.string)
                 [ 00041ce2 ]  00020e71          *   0000000c   flanger.obj (.const:_$P$T0$7)
                 [ 00041cfa ]  00020e7d          *   0000000c   phaser.obj (.const:_$P$T0$7)
                 [ 00041d12 ]  00020e89          *   00000001   --HOLE-- [fill = 0]
                 [ 00041d14 ]  00020e8a          *   00000006   rtdxx.lib : rtdx_mon.o55L (.const)
                 [ 00041d20 ]  00020e90          *   00000005   compressor.obj (.const:_$P$T0$5)
                 [ 00041d2a ]  00020e95          *   00000001   --HOLE-- [fill = 0]
                 [ 00041d2c ]  00020e96          *   00000004   i2c_bios_drv_lib.lib : ddc_i2c.obj (.const:_$P$T0$1)
                 [ 00041d34 ]  00020e9a          *   00000004   pll_control.obj (.const:_pllCfg_100MHz)
                 [ 00041d3c ]  00020e9e          *   00000004   bios.a55L : mem_allo.o55L (.const)
                 [ 00041d44 ]  00020ea2          *   00000004             : mem_free.o55L (.const)
                 [ 00041d4c ]  00020ea6          *   00000004   rtdxx.lib : buffer1.o55L (.const)
                 [ 00041d54 ]  00020eaa          *   00000002   compressor.obj (.const:_$P$T1$6)
                 [ 00041d58 ]  00020eac          *   00000002   compressor.obj (.const:_$P$T2$7)
                 [ 00041d5c ]  00020eae          *   00000002   compressor.obj (.const:_$P$T3$8)
                 [ 00041d60 ]  00020eb0          *   00000001   bios.a55L : sem_crea.o55L (.const)
                 [ 00041d62 ]  00020eb1          *   00000001   --HOLE-- [fill = 0]
                 [ 00041d64 ]  00020eb2          *   00000001             : tsk.o55L (.const)

.printf      0   [ 00041d66 ]  00020eb3          *   00000113   COPY SECTION
                 [ 00041d66 ]  00020eb3          *   00000113   DMFX1_CSL_BIOS_cfg.obj (.printf)

.TSK_idle$stk 
*            0   [ 00041d68 ]  00020eb4          *   00000500   UNINITIALIZED
                 [ 00041d68 ]  00020eb4          *   00000500   DMFX1_CSL_BIOS_cfg.obj (.TSK_idle$stk)

.sysinit     0     00042768  [ 000213b4 ] 00000350          *   
                   00042768  [ 000213b4 ] 00000111          *   bios.a55L : mem_init.o55L (.sysinit)
                   00042879  [ 0002143c+] 000000d6          *   DMFX1_CSL_BIOS_cfg.obj (.sysinit)
                   0004294f  [ 000214a7 ] 00000001          *   --HOLE-- [fill = 20]
                   00042950  [ 000214a8 ] 00000084          *   bios.a55L : tsk_init.o55L (.sysinit)
                   000429d4  [ 000214ea ] 00000071          *             : autoinit.o55L (.sysinit)
                   00042a45  [ 00021522+] 0000006f          *             : boot.o55L (.sysinit)
                   00042ab4  [ 0002155a ] 00000002          *             : obj_init.o55L (.sysinit)
                   00042ab6  [ 0002155b ] 00000002          *   --HOLE-- [fill = 20]

.hwi_disp_sec 
*            0   [ 00042ab8 ]  0002155c          *   000000c0   UNINITIALIZED
                 [ 00042ab8 ]  0002155c          *   000000c0   bios.a55L : hwi_disp_asm.o55L (.hwi_disp_sec)

.data        0   [ 00042c38 ]  0002161c          *   00000006   
                 [ 00042c38 ]  0002161c          *   00000006   55xdspl.lib : sine.obj (.data)

.hwi_vec     0     0004df00  [ 00026f80 ] 00000100          *   
                   0004df00  [ 00026f80 ] 00000100          *   DMFX1_CSL_BIOS_cfg.obj (.hwi_vec)

.trace$buf 
*            0   [ 0004e000 ]  00027000          *   00000800   UNINITIALIZED
                 [ 0004e000 ]  00027000          *   00000800   DMFX1_CSL_BIOS_cfg.obj (.trace$buf)


GLOBAL SYMBOLS: SORTED ALPHABETICALLY BY Name 

abs. value/
byte addr   word addr   name
---------   ---------   ----
00000002                $TI_capability$C5500$CallingConvention
00000002                $TI_capability$C5500$MemoryModel
00000001                $TI_capability_requires_rev3
            0001b980    .bss
            0002161c    .data
0002b100                .text
            00004b2c    AudioRx_Tsk
00000005                AudioRx_Tsk$ord
0000000b                AudioRx_Tsk$pri
            00003000    AudioRx_Tsk$stack
            000033e2    AudioRx_Tsk$stkptr
            00004d92    AudioRx_Tsk$sts
            00020f76    AudioRx_Tsk$sts$avgfmt
00000002                AudioRx_Tsk$sts$filter
00000001                AudioRx_Tsk$sts$filtmaxmult
00000001                AudioRx_Tsk$sts$filtsummult
            00020f66    AudioRx_Tsk$sts$maxfmt
            00004d90    AudioRx_Tsk$sts$stsobj
            00020f6e    AudioRx_Tsk$sts$sumfmt
00000001                AudioRx_Tsk$sts$unittype
            00003400    AudioRx_Tsk$sysstack
            000034e2    AudioRx_Tsk$sysstkptr
00000000                AudioRx_Tsk$tsk
            00004b44    AudioRx_Tsk$tskobj
            00004b00    AudioTx_Tsk
00000004                AudioTx_Tsk$ord
0000000a                AudioTx_Tsk$pri
            00003500    AudioTx_Tsk$stack
            000038e2    AudioTx_Tsk$stkptr
            00004d8a    AudioTx_Tsk$sts
            00020f5c    AudioTx_Tsk$sts$avgfmt
00000002                AudioTx_Tsk$sts$filter
00000001                AudioTx_Tsk$sts$filtmaxmult
00000001                AudioTx_Tsk$sts$filtsummult
            00020f4c    AudioTx_Tsk$sts$maxfmt
            00004d88    AudioTx_Tsk$sts$stsobj
            00020f54    AudioTx_Tsk$sts$sumfmt
00000001                AudioTx_Tsk$sts$unittype
            00003900    AudioTx_Tsk$sysstack
            000039e2    AudioTx_Tsk$sysstkptr
00000000                AudioTx_Tsk$tsk
            00004b18    AudioTx_Tsk$tskobj
00000014                BIOSDATA_O_CLK_D_COUNTSPMS
0000000e                BIOSDATA_O_CLK_D_DIRTY
00000016                BIOSDATA_O_CLK_D_IDLETIME
00000018                BIOSDATA_O_CLK_D_ISRHOOK
00000010                BIOSDATA_O_CLK_D_PRD
0000001a                BIOSDATA_O_CLK_D_TABBEG
00000012                BIOSDATA_O_CLK_D_TDDR
0000001c                BIOSDATA_O_CLK_D_TIMEFXN
00000006                BIOSDATA_O_CLK_HTIMEDIV
00000008                BIOSDATA_O_CLK_HTIMEMULT
0000000a                BIOSDATA_O_CLK_LTIMEDIV
0000000c                BIOSDATA_O_CLK_LTIMEMULT
0000001e                BIOSDATA_O_CLK_R_TIMH
0000001f                BIOSDATA_O_CLK_R_TIML
00000020                BIOSDATA_O_HST_D_CHANMASK
000000a0                BIOSDATA_O_HST_D_TABBEGADDR
000000a2                BIOSDATA_O_HST_D_TABENDADDR
00000088                BIOSDATA_O_HWI_D_SPSAVE
0000008a                BIOSDATA_O_HWI_D_SSPSAVE
0000008c                BIOSDATA_O_HWI_D_STKBOTADDR
00000090                BIOSDATA_O_HWI_D_STKTOPADDR
0000008e                BIOSDATA_O_HWI_D_SYSTKBOTADDR
00000092                BIOSDATA_O_HWI_D_SYSTKTOPADDR
00000022                BIOSDATA_O_IDL_D_CALBEG
00000024                BIOSDATA_O_IDL_D_CALIBRATE
00000026                BIOSDATA_O_IDL_D_TABBEG
00000028                BIOSDATA_O_LOG_D_SYSTEM
00000098                BIOSDATA_O_MEM_D_FREELIST
0000009a                BIOSDATA_O_MEM_D_LOCKADDR
00000096                BIOSDATA_O_MEM_D_MEMTAB
00000095                BIOSDATA_O_MEM_D_NUMSEGMENTS
0000009c                BIOSDATA_O_MEM_D_UNLOCKADDR
0000002a                BIOSDATA_O_PIP_D_TABBEG
0000002c                BIOSDATA_O_PIP_D_TABLEN
0000002e                BIOSDATA_O_PRD_D_CUR
00000030                BIOSDATA_O_PRD_D_ELAPSED
00000031                BIOSDATA_O_PRD_D_PREVTIM
00000032                BIOSDATA_O_PRD_D_SCALAR
00000034                BIOSDATA_O_PRD_D_SWIHANDLE
00000036                BIOSDATA_O_PRD_D_TABBEG
00000038                BIOSDATA_O_PRD_D_TABLEN
0000003a                BIOSDATA_O_PRD_D_THOOK
0000003c                BIOSDATA_O_PRD_D_TICKH
0000003d                BIOSDATA_O_PRD_D_TICKL
000000a8                BIOSDATA_O_RTDX_D_BUFREAD
000000aa                BIOSDATA_O_RTDX_D_BUFWRITE
00000046                BIOSDATA_O_SWI_D_CURFXN
00000042                BIOSDATA_O_SWI_D_CURMASK
00000045                BIOSDATA_O_SWI_D_CURMBOX
00000043                BIOSDATA_O_SWI_D_CURSET
00000040                BIOSDATA_O_SWI_D_EXECADDR
00000044                BIOSDATA_O_SWI_D_LOCK
00000048                BIOSDATA_O_SWI_D_RDYBEG
0000004a                BIOSDATA_O_SWI_D_RDYTAB
0000003e                BIOSDATA_O_SWI_D_RUNADDR
0000009e                BIOSDATA_O_SYS
000000a4                BIOSDATA_O_TSK_D_IDLSTKADDR
000000a6                BIOSDATA_O_TSK_D_IDLSYSTKADDR
00042879                BIOS_init
0004290b                BIOS_start
00000000                BUF$
00000001                BUF_ENABLED
000372f4                C$$EXIT
            00004b7e    C55_BIOSDATAOBJ
00000001                CLK$
00004ee2                CLK_A_TABBEG
00009dc4                CLK_A_TABBEGb
00000001                CLK_CALDIV
00000004                CLK_CALMULT
0000c350                CLK_COUNTSPMS
00000000                CLK_COUNTSPMSHIGH
            00004b94    CLK_D_idletime
            00004b96    CLK_D_isrhook
            00004b98    CLK_D_tabbeg
            00004b9a    CLK_D_timefxn
00040cf1                CLK_F_dispRun
000404b0                CLK_F_gethtime
00040bd8                CLK_F_itime
00040cf1                CLK_HOOKFXN
00000001                CLK_HTIMEDIV
00000002                CLK_HTIMEMULT
0000c350                CLK_HTIMEPERLTIME
00000010                CLK_IMR0TINTMASK
00000000                CLK_IMR1TINTMASK
00000000                CLK_INTBIT
00000004                CLK_INTID
00000001                CLK_LTIMEDIV
000186a0                CLK_LTIMEMULT
000003e8                CLK_MICROSECS
            00004ee4    CLK_NULL
0000c34f                CLK_PRD
00000000                CLK_PRDHIGH
00001810                CLK_REGS
            00004b9c    CLK_R_timh
            00004b9d    CLK_R_timl
00000020                CLK_TCR
00000000                CLK_TDDR
00000000                CLK_TDDRHIGH
000404b0                CLK_TIMEFXN
00000001                CLK_TIMER0ARG
00040428                CLK_TIMER0FUNC
00000000                CLK_TIMER1ARG
00040c3e                CLK_TIMER1FUNC
00000000                CLK_TIMER2ARG
00040c3e                CLK_TIMER2FUNC
00000046                CLK_TIMERIFR
00000045                CLK_TIMERIMR
00000010                CLK_TIMERIMRMASK
00000000                CLK_TIMERNUM
00000001                CLK_USETIMER
ffffffff                DARAM
00000000                DEV$
00000000                DGN$
00000000                DHL$
00000000                DHL_gChannelsAvailable
00000000                DIO$
00000000                DIO_NUMSWIBASE
00000000                DIO_NUMTSKBASE
00000000                DIO_STATIC
00000000                DPI$
00040c3e                FXN_F_nop
00040c40                FXN_F_run
00040c61                FXN_F_selfLoop
00040c5d                FXN_F_zero
00000001                GBL$
00005205                GBL_A_VERSION
00040d78                GBL_BIOS_BOOTFXN
00f80000                GBL_CACHEICRTAG1
00f81000                GBL_CACHEICRTAG2
00000002                GBL_CACHETYPE
00000000                GBL_CALLCSLCFGINIT
00002ee0                GBL_CLKIN
00000001                GBL_CLKMD
00001581                GBL_CLKTYPE
00000001                GBL_DCRPOSTEDWRITE
00001581                GBL_DSPSUBTYPE
00000037                GBL_DSPTYPE
00000000                GBL_ENABLEICACHE
00000001                GBL_ENABLEINST
00000042                GBL_FOOTPRINT
000186a0                GBL_FREQ
00000001                GBL_LARGEMODEL
00000000                GBL_MODIFYCLKMD
00000000                GBL_NULL
00008000                GBL_PLLDIV0
00008003                GBL_PLLDIV1
0000000f                GBL_PLLM
00000000                GBL_PROCID
00000000                GBL_ROM
00000000                GBL_SUPPORTCSL
0000dbef                GBL_TRCMASKVALUE
00000000                GBL_USERINIT
00040d78                GBL_USERINITFXN
00000001                GBL_boot
            00004ee8    GBL_initdone
            00000860    GBL_stackbeg
            0000185f    GBL_stackend
            00000060    GBL_sysstackbeg
            0000085f    GBL_sysstackend
00000000                GIO$
00040d78                GIO_CREATEFXN
00040d78                GIO_DELETEFXN
00040d78                GIO_PENDFXN
00040d78                GIO_POSTFXN
00000000                HOOK$
00000000                HOOK_KNLID
00000001                HST$
00004e8e                HST_A_TABBEG
00009d1c                HST_A_TABBEGb
00004ea8                HST_A_TABEND
00009d50                HST_A_TABENDb
00000000                HST_BIOSLINK
00000000                HST_DSM
ffffffff                HST_DSMBUFSEG
00000400                HST_DSMMEMSIZE
            00004b9e    HST_D_chanmask
            00004c1e    HST_D_tabbegaddr
            00004c20    HST_D_tabendaddr
000000ff                HST_MAXFRAMEALLOWED
00000008                HST_MAXFRAMESET
00000000                HST_NONE
00000001                HST_RTDX
00000001                HWI$
0004df00                HWI_A_VECS
00000018                HWI_BERR
00000019                HWI_DLOG
            00004c12    HWI_D_inhwi
            00004c06    HWI_D_spsave
            00004c08    HWI_D_sspsave
            00004c0a    HWI_D_stkbotaddr
            00004c0e    HWI_D_stktopaddr
            00004c0c    HWI_D_systkbotaddr
            00004c10    HWI_D_systktopaddr
0003ebfd                HWI_F_dispatch
0000000a                HWI_INT10
0000000b                HWI_INT11
0000000c                HWI_INT12
0000000d                HWI_INT13
0000000e                HWI_INT14
0000000f                HWI_INT15
00000010                HWI_INT16
00000011                HWI_INT17
00000012                HWI_INT18
00000013                HWI_INT19
00000002                HWI_INT2
00000014                HWI_INT20
00000015                HWI_INT21
00000016                HWI_INT22
00000017                HWI_INT23
00000003                HWI_INT3
00000004                HWI_INT4
00000005                HWI_INT5
00000006                HWI_INT6
00000007                HWI_INT7
00000008                HWI_INT8
00000009                HWI_INT9
00000001                HWI_NMI
00000000                HWI_RESET
0000001a                HWI_RTOS
0000001b                HWI_SINT27
0000001c                HWI_SINT28
0000001d                HWI_SINT29
0000001e                HWI_SINT30
0000001f                HWI_SINT31
00000004                HWI_TINT
00000000                HWI_ZEROTAB
000372b5                I$$LMPY
00000001                IDL$
00004ecc                IDL_A_CALBEG
00009d98                IDL_A_CALBEGb
00004ec4                IDL_A_TABBEG
00009d88                IDL_A_TABBEGb
00000000                IDL_CALIBRERROR
00040c63                IDL_CALIBRFXN
            00004c4a    IDL_D_busyObj
            00004ba0    IDL_D_calbeg
            00004ba2    IDL_D_calibrate
            00004ba4    IDL_D_tabbeg
            00004eca    IDL_END
            00004ed2    IDL_END$
00040994                IDL_F_busy
00040d54                IDL_F_loop
00000001                IDL_USECLKIDLTIME
            00004da2    IDL_busyObj
            00020fa0    IDL_busyObj$avgfmt
00000001                IDL_busyObj$filter
00000001                IDL_busyObj$iA
00000000                IDL_busyObj$iB
00000001                IDL_busyObj$iC
            00020f9a    IDL_busyObj$maxfmt
00000000                IDL_busyObj$operation
            00004da0    IDL_busyObj$stsobj
            00020f9d    IDL_busyObj$sumfmt
00000002                IDL_busyObj$unittype
            00004ec4    IDL_cpuLoad
            00004ecc    IDL_cpuLoad$
00000001                ISRC$
0003fda8                KNL_glue
            00004e7a    KNL_swi
00000001                KNL_swi$dorta
00000002                KNL_swi$ord
00000000                KNL_swi$pri
            00004d72    KNL_swi$sts
            00020f0e    KNL_swi$sts$avgfmt
00000002                KNL_swi$sts$filter
00000001                KNL_swi$sts$filtmaxmult
00000001                KNL_swi$sts$filtsummult
            00020efe    KNL_swi$sts$maxfmt
            00004d70    KNL_swi$sts$stsobj
            00020f06    KNL_swi$sts$sumfmt
00000000                KNL_swi$sts$unittype
00000000                KNL_swi$swi
0003fde7                KNL_tick_stub
00000001                LCK$
            00004c44    LNKCTRL
            00004c45    LNK_D_dataReadyMask
            00004c44    LNK_D_fromHostMask
            00004c47    LNK_D_readDone
            00004c48    LNK_D_readFail
            00004c46    LNK_D_readPend
            00004c49    LNK_D_writeFail
0003e4c6                LNK_F_checkChanEnabled
0003e51f                LNK_F_dataPump
0003e4ed                LNK_F_getChanPtr
0003e4d4                LNK_F_getNextChan
0003e4c4                LNK_F_init
0003e842                LNK_F_readCallBack
            00004ec6    LNK_dataPump
            00004ece    LNK_dataPump$
0003e68a                LNK_newin
0003e76e                LNK_newout
0003e51f                LNK_rcloop
0003e573                LNK_rdrtry
0003e57d                LNK_rrloop
0003e5fd                LNK_wrloop
0003e5f3                LNK_wrrtry
00000001                LOG$
000027ea                LOG_A_TABBEG
00004fd4                LOG_A_TABBEGb
000027fe                LOG_A_TABEND
00004ffc                LOG_A_TABENDb
00000002                LOG_A_TABLEN
            00004ba6    LOG_D_system
00000001                LOG_ENABLED
0004081c                LOG_F_event
            000027ea    LOG_system
            00002800    LOG_system$buf
00000000                LOG_system$datatype
00000000                LOG_system$log
00000800                LOG_system$size
00000000                MBX$
00000001                MEM$
            0001efda    MEM_MALLOCSEG
00000000                MEM_NULL
            0001efda    MEM_SEGZERO
00000001                MEM_gNumHeap
00000000                MSGQ$
00000000                MSGQ_USEMSGQ
00000000                OBJ$
00000000                PIP$
00004dc0                PIP_A_TABBEG
00009b80                PIP_A_TABBEGb
00004e24                PIP_A_TABEND
00009c48                PIP_A_TABENDb
00000002                PIP_A_TABLEN
            00004ba8    PIP_D_tabbeg
            00004baa    PIP_D_tablen
0003fc97                PIP_F_give
0003fc95                PIP_F_probe
0003fd09                PIP_F_start
0003fc41                PIP_F_take
00000064                PIP_OBJSIZE
00000000                PIP_gNextId
00000002                PIP_gNumEmbed
00000000                POOL$
00000000                POOL_USEPOOL
00000001                PRD$
            00004ea8    PRD0
            00004eb2    PRD0$aaa
00000000                PRD0$mode
00000001                PRD0$ord
00000001                PRD0$period
00000000                PRD0$prd
            00004d52    PRD0$sts
            00020ecd    PRD0$sts$avgfmt
00000000                PRD0$sts$filter
            00020ebb    PRD0$sts$maxfmt
            00004d50    PRD0$sts$stsobj
            00020ec4    PRD0$sts$sumfmt
00000002                PRD0$sts$unittype
00004ea8                PRD_A_TABBEG
00009d50                PRD_A_TABBEGb
00004eb4                PRD_A_TABEND
00009d68                PRD_A_TABENDb
00000001                PRD_A_TABLEN
            00004bac    PRD_D_cur
            00004bae    PRD_D_elapsed
            00004baf    PRD_D_prevtim
            00004bb0    PRD_D_scalar
            00004bb2    PRD_D_swihandle
            00004bb4    PRD_D_tabbeg
            00004bb6    PRD_D_tablen
            00004bb8    PRD_D_thook
            00004bba    PRD_D_tickh
            00004bbb    PRD_D_tickl
0003f297                PRD_F_swi
0003f3bc                PRD_F_tick
00000001                PRD_SCALAR
            00004e66    PRD_SWIHANDLE
0003fde7                PRD_THOOKFXN
            00004ee2    PRD_clock
            00004e66    PRD_swi
00000001                PRD_swi$dorta
00000000                PRD_swi$ord
00000001                PRD_swi$pri
            00004d6a    PRD_swi$sts
            00020ef4    PRD_swi$sts$avgfmt
00000002                PRD_swi$sts$filter
00000001                PRD_swi$sts$filtmaxmult
00000001                PRD_swi$sts$filtsummult
            00020ee4    PRD_swi$sts$maxfmt
            00004d68    PRD_swi$sts$stsobj
            00020eec    PRD_swi$sts$sumfmt
00000000                PRD_swi$sts$unittype
00000000                PRD_swi$swi
00000001                PWRM$
00000000                PWRM_PWRM_ADAPTCLK
00040d78                PWRM_PWRM_BOOTHOOKFXN
00000023                PWRM_PWRM_CAPSMASK
0000003f                PWRM_PWRM_DS_IDLEMASK
00000000                PWRM_PWRM_ENABLE
00000005                PWRM_PWRM_IDLEMASK
00000000                PWRM_PWRM_IER0
00000000                PWRM_PWRM_IER1
00000640                PWRM_PWRM_INITMILVOLTS
0000000f                PWRM_PWRM_INITSP
00000000                PWRM_PWRM_SCALING
00000001                QUE$
            00004c2e    RTA_D_fromHost
            00004c32    RTA_D_logval
            00004c3c    RTA_D_stsval
            00004c30    RTA_D_toHost
00040ab0                RTA_F_andn
0003fa6d                RTA_F_dispatch
0003f9e4                RTA_F_getlog
0003fa10                RTA_F_getsts
00040ac6                RTA_F_or
0003fa3f                RTA_F_readblk
0003fa52                RTA_F_resetmem
0003fa4e                RTA_F_writeword
            00004ec8    RTA_dispatcher
            00004ed0    RTA_dispatcher$
            00004e90    RTA_fromHost
            00004ebc    RTA_fromHost$buf
00000008                RTA_fromHost$framesize
00000000                RTA_fromHost$hst
00000001                RTA_fromHost$id
00000000                RTA_fromHost$mode
            00004dc0    RTA_fromHost$pipe
            0001efdc    RTA_fromHost$pipe$dtab
            00004dc2    RTA_fromHost$pipe$rd
            00004dc4    RTA_fromHost$pipe$rdaddr
            00004dc8    RTA_fromHost$pipe$rdcurdesc
            00004dc6    RTA_fromHost$pipe$rdsize
            00004dd8    RTA_fromHost$pipe$rdstshdl
            00004d5a    RTA_fromHost$pipe$sts
            00020edc    RTA_fromHost$pipe$sts$avgfmt
00000000                RTA_fromHost$pipe$sts$filter
            00020ed8    RTA_fromHost$pipe$sts$maxfmt
            00004d58    RTA_fromHost$pipe$sts$stsobj
            00020eda    RTA_fromHost$pipe$sts$sumfmt
00000000                RTA_fromHost$pipe$sts$unittype
            00004dda    RTA_fromHost$pipe$wr
            00004ddc    RTA_fromHost$pipe$wraddr
            00004de0    RTA_fromHost$pipe$wrcurdesc
            00004dde    RTA_fromHost$pipe$wrsize
            00004df0    RTA_fromHost$pipe$wrstshdl
            00004e94    RTA_fromHost$rtdx
            00004e9c    RTA_toHost
            00004eb4    RTA_toHost$buf
00000008                RTA_toHost$framesize
00000000                RTA_toHost$hst
00000000                RTA_toHost$id
00000001                RTA_toHost$mode
            00004df2    RTA_toHost$pipe
            0001efe2    RTA_toHost$pipe$dtab
            00004df4    RTA_toHost$pipe$rd
            00004df6    RTA_toHost$pipe$rdaddr
            00004dfa    RTA_toHost$pipe$rdcurdesc
            00004df8    RTA_toHost$pipe$rdsize
            00004e0a    RTA_toHost$pipe$rdstshdl
            00004d62    RTA_toHost$pipe$sts
            00020ee2    RTA_toHost$pipe$sts$avgfmt
00000000                RTA_toHost$pipe$sts$filter
            00020ede    RTA_toHost$pipe$sts$maxfmt
            00004d60    RTA_toHost$pipe$sts$stsobj
            00020ee0    RTA_toHost$pipe$sts$sumfmt
00000000                RTA_toHost$pipe$sts$unittype
            00004e0c    RTA_toHost$pipe$wr
            00004e0e    RTA_toHost$pipe$wraddr
            00004e12    RTA_toHost$pipe$wrcurdesc
            00004e10    RTA_toHost$pipe$wrsize
            00004e22    RTA_toHost$pipe$wrstshdl
            00004ea0    RTA_toHost$rtdx
00000001                RTDX$
00000102                RTDX_BUFMEMSIZE
ffffffff                RTDX_DATAMEMSEG
            00004c26    RTDX_D_BufRead
            00004c28    RTDX_D_BufWrite
00000000                RTDX_MODE
00000001                RTDX_USERTDX
00000000                RTDX_USERTEXECUTION
            0001efda    SARAM
00008000                SARAM$B
00010000                SARAM$Bb
0001b100                SARAM$L
ffffffff                SARAM31
00000001                SEM$
            00004c52    SEM_DmaRxLeftComplete
            00004c94    SEM_DmaRxRightComplete
            00004c68    SEM_I2cDevBusy
            00004caa    SEM_I2c_Intc
            00004cc0    SEM_Int0
            00004c7e    SEM_TxSampsSent
00000000                SIO$
00000001                STS$
00004d50                STS_A_TABBEG
00009aa0                STS_A_TABBEGb
00004dc0                STS_A_TABEND
00009b80                STS_A_TABENDb
            00004db2    STS_AudioRx_Tsk
            00020fb6    STS_AudioRx_Tsk$avgfmt
00000001                STS_AudioRx_Tsk$filter
00000001                STS_AudioRx_Tsk$iA
00000000                STS_AudioRx_Tsk$iB
00000001                STS_AudioRx_Tsk$iC
            00020fb0    STS_AudioRx_Tsk$maxfmt
00000001                STS_AudioRx_Tsk$operation
            00004db0    STS_AudioRx_Tsk$stsobj
            00020fb3    STS_AudioRx_Tsk$sumfmt
00000000                STS_AudioRx_Tsk$unittype
            00004dba    STS_AudioTx_Tsk
            00020fc1    STS_AudioTx_Tsk$avgfmt
00000001                STS_AudioTx_Tsk$filter
00000001                STS_AudioTx_Tsk$iA
00000000                STS_AudioTx_Tsk$iB
00000001                STS_AudioTx_Tsk$iC
            00020fbb    STS_AudioTx_Tsk$maxfmt
00000001                STS_AudioTx_Tsk$operation
            00004db8    STS_AudioTx_Tsk$stsobj
            00020fbe    STS_AudioTx_Tsk$sumfmt
00000000                STS_AudioTx_Tsk$unittype
00040926                STS_F_add
00040904                STS_F_delta
0004093e                STS_F_reset
            00004daa    STS_I2c_Intc_SlaveRx
            00020fab    STS_I2c_Intc_SlaveRx$avgfmt
00000001                STS_I2c_Intc_SlaveRx$filter
00000001                STS_I2c_Intc_SlaveRx$iA
00000000                STS_I2c_Intc_SlaveRx$iB
00000001                STS_I2c_Intc_SlaveRx$iC
            00020fa5    STS_I2c_Intc_SlaveRx$maxfmt
00000001                STS_I2c_Intc_SlaveRx$operation
            00004da8    STS_I2c_Intc_SlaveRx$stsobj
            00020fa8    STS_I2c_Intc_SlaveRx$sumfmt
00000000                STS_I2c_Intc_SlaveRx$unittype
00000001                SWI$
00004e66                SWI_A_TABBEG
00009ccc                SWI_A_TABBEGb
00004e8e                SWI_A_TABEND
00009d1c                SWI_A_TABENDb
00000002                SWI_A_TABLEN
            00004bc4    SWI_D_curfxn
            00004bc0    SWI_D_curmask
            00004bc3    SWI_D_curmbox
            00004bc1    SWI_D_curset
            00004bbe    SWI_D_execaddr
            00004c04    SWI_D_inswi
            00004bc2    SWI_D_lock
            00004bc6    SWI_D_rdybeg
            00004bc8    SWI_D_rdytab
            00004bbc    SWI_D_runaddr
00000000                SWI_EHOOKFXN
0003e236                SWI_EXECFXN
0003e0f0                SWI_F_enable
0003e236                SWI_F_exec
0003e1ae                SWI_F_exec_sync
0003e123                SWI_F_post
0003e322                SWI_F_run
00000000                SWI_IHOOKFXN
0003e322                SWI_RUNFXN
00000001                SYS$
            00004ed4    SYS$config
00040c88                SYS_ABORTFXN
00040cac                SYS_ERRORFXN
00040d60                SYS_EXITFXN
00040b6c                SYS_PUTCFXN
00004000                TRC_GBLTARG
            00004ee7    TRC_R_mask
            00004ee6    TRC_cinit
00000001                TSK$
            00004c22    TSK_D_idlstkaddr
            00004c24    TSK_D_idlsystkaddr
00000000                TSK_NUM_HOOKS
00000001                TSK_PRIORITY
00000000                TSK_READYFXN
00000000                TSK_STACKSEG
00000400                TSK_STACKSIZE
00000000                TSK_SWITCHFXN
00000100                TSK_SYSTACKSIZE
00040d78                TSK_VCREATEFXN
00040d78                TSK_VDELETEFXN
00040d78                TSK_VEXITFXN
            00004aa8    TSK_idle
00000001                TSK_idle$ord
00000000                TSK_idle$pri
            00020eb4    TSK_idle$stack
            00021296    TSK_idle$stkptr
            00004d7a    TSK_idle$sts
            00020f28    TSK_idle$sts$avgfmt
00000002                TSK_idle$sts$filter
00000001                TSK_idle$sts$filtmaxmult
00000001                TSK_idle$sts$filtsummult
            00020f18    TSK_idle$sts$maxfmt
            00004d78    TSK_idle$sts$stsobj
            00020f20    TSK_idle$sts$sumfmt
00000000                TSK_idle$sts$unittype
            000212b4    TSK_idle$sysstack
            00021396    TSK_idle$sysstkptr
00000000                TSK_idle$tsk
            00004ac0    TSK_idle$tskobj
            00004b58    Tsk_I2c_Intc_SlaveRx
00000006                Tsk_I2c_Intc_SlaveRx$ord
0000000c                Tsk_I2c_Intc_SlaveRx$pri
            00003a00    Tsk_I2c_Intc_SlaveRx$stack
            00003de2    Tsk_I2c_Intc_SlaveRx$stkptr
            00004d9a    Tsk_I2c_Intc_SlaveRx$sts
            00020f90    Tsk_I2c_Intc_SlaveRx$sts$avgfmt
00000002                Tsk_I2c_Intc_SlaveRx$sts$filter
00000001                Tsk_I2c_Intc_SlaveRx$sts$filtmaxmult
00000001                Tsk_I2c_Intc_SlaveRx$sts$filtsummult
            00020f80    Tsk_I2c_Intc_SlaveRx$sts$maxfmt
            00004d98    Tsk_I2c_Intc_SlaveRx$sts$stsobj
            00020f88    Tsk_I2c_Intc_SlaveRx$sts$sumfmt
00000001                Tsk_I2c_Intc_SlaveRx$sts$unittype
            00003e00    Tsk_I2c_Intc_SlaveRx$sysstack
            00003ee2    Tsk_I2c_Intc_SlaveRx$sysstkptr
00000000                Tsk_I2c_Intc_SlaveRx$tsk
            00004b70    Tsk_I2c_Intc_SlaveRx$tskobj
00000000                UDEV$
ffffffff                VECT
00031238                _AGC
00031e87                _AIC3254_Read
00031e01                _AIC3254_Write
000323a0                _AIC3254_init
00032307                _Adjust_Volume
00033b2f                _AllocDelayBuf
00034f8a                _AllocReverbBuf
            0001ec9c    _AnaGain
            00004b2c    _AudioRx_Tsk
            00004b00    _AudioTx_Tsk
00042879                _BIOS_init
0004290b                _BIOS_start
            0001ef8d    _BL
0003223b                _Beep_Generator
00035374                _C5535_reset
00040293                _C55_clearIFR0
000402a8                _C55_clearIFR1
0004021b                _C55_disableIMR0
0004023e                _C55_disableIMR1
00040261                _C55_enableIMR0
0004027a                _C55_enableIMR1
0000c350                _CLK_COUNTSPMS
            0001f05a    _CLK_DFLTMICROSECS
            00004b92    _CLK_D_countspms
            00004b8c    _CLK_D_dirty
            0001f05c    _CLK_D_microseconds
            00004b8e    _CLK_D_prd
            00004b90    _CLK_D_tddr
0000c34f                _CLK_PRD
00001810                _CLK_REGS
00000020                _CLK_TCR
00000000                _CLK_TDDR
00000000                _CLK_TIMERNUM
00000001                _CLK_USETIMER
00040cf1                _CLK_dispRun
000403e0                _CLK_dispatch
000404a4                _CLK_getfhtime
00040d2e                _CLK_gethtime
000404b0                _CLK_getshtime
            00004b84    _CLK_htimeDiv
            00004b86    _CLK_htimeMult
            0001f072    _CLK_htimePerLtime
00040428                _CLK_isr
            00004b96    _CLK_isrhook
00040bd8                _CLK_itime
            00004b88    _CLK_ltimeDiv
            00004b8a    _CLK_ltimeMult
0004057c                _CLK_measure
00040ce6                _CLK_run
000402c0                _CLK_start
00040348                _CLK_stop
            00004b9c    _CLK_time
            0001f032    _CLK_timer0arg
            0001f02c    _CLK_timer0func
            0001f034    _CLK_timer1arg
            0001f02e    _CLK_timer1func
            0001f036    _CLK_timer2arg
            0001f030    _CLK_timer2func
00001810                _CLK_timer5505
00001c14                _CLK_timerIAFR
00000000                _CLK_timerNum
00040d7c                _CLK_wdogdisable
00035503                _CSL_acTest
00030625                _CSL_i2cAasCallback
00030674                _CSL_i2cAlCallback
0003066a                _CSL_i2cArdyCallback
0003066c                _CSL_i2cNackCallback
00030631                _CSL_i2cRxCallback
00030627                _CSL_i2cScdCallback
0003062f                _CSL_i2cTxCallback
00032189                _Change_Volume
            0001ec93    _ChorusOn
000353d0                _ClockGating
            0001dd27    _CmpAtt
            0001ec99    _CmpAttDec
            0001ec98    _CmpHold
            0001dd26    _CmpLevel
            0001dd28    _CmpRel
            0001ec97    _CmpThr
000311f3                _Codec_Read
000308ce                _Codec_Write
            0001ec8d    _CompressOn
ffffffff                _DARAM
00035787                _DDA_I2SHWInit
            0001f00e    _DDA_I2SInfo
0002de9f                _DDC_DMAAdjustAddrOffset
0002df39                _DDC_DMAChangeDestAddr
0002df13                _DDC_DMAChangeSrcAddr
0002e471                _DDC_DMACheckTxComplete
0002d490                _DDC_DMAConfigChan
0002d050                _DDC_DMADrvInit
0002d18b                _DDC_DMAReleaseChan
0002d0c6                _DDC_DMARequestChan
0002df62                _DDC_DMAStartTransfer
0002e03c                _DDC_DMAStopTransfer
00032855                _DDC_I2SClose
00032b65                _DDC_I2SDMADeinit
00032afb                _DDC_I2SDMAInit
00032c86                _DDC_I2SDMARead
00032b83                _DDC_I2SDMAWrite
0003291a                _DDC_I2SHwSetup
000327d4                _DDC_I2SOpen
            0001ee76    _DDC_I2S_Instance
0003468b                _DDC_I2S_transEnable
0003462c                _DDC_I2S_write
00036aa4                _DMA_AdjustAddrOffset
00036ade                _DMA_ChangeDestAddr
0002e2f8                _DMA_ChangeI2SDestAddr
0002e17f                _DMA_ChangeI2SSrcAddr
00036aba                _DMA_ChangeSrcAddr
00036a3c                _DMA_ConfigChan
000369f2                _DMA_DrvInit
00036979                _DMA_HwInit
0002e10a                _DMA_Isr
00036a1e                _DMA_ReleaseChan
000369fc                _DMA_RequestChan
00036a68                _DMA_StartTransfer
00036a86                _DMA_StopTransfer
0002b223                _DMA_close
0002b242                _DMA_config
0002c316                _DMA_getConfig
0002cfa4                _DMA_getLastTransferType
0002b100                _DMA_init
0002b137                _DMA_open
0002cc43                _DMA_reset
0002ca35                _DMA_start
0002cb42                _DMA_stop
0002cf2f                _DMA_swapWords
0003567f                _DMFX1
000353ea                _DMFX_init
00030943                _DRC
00033b18                _DeInitDelayBuf
00034f20                _DeInitReverbBuf
00033af5                _DefDelayBuf
            0001ec92    _DelayOn
            0001ee31    _DistMix
000371d5                _DistMix_l_r
            0001ec8e    _DistOn
            0001ef94    _DlyDelay
            0001ef92    _DlyDepth
            0001ef96    _DlyFreq
            0001ef90    _DlyStereo
            0001ef91    _DlyType
            0001ec95    _EchoOn
            0001ec8f    _EqualizeOn
            0001ef8f    _FB
            0001ef8e    _FF
00040d78                _FXN_F_nop
            0001eeb7    _FlDepth
            0001eeb8    _FlFreq
            0001eeb6    _FlGain
            0001eeba    _FlStereo
            0001ec91    _FlangerOn
            0001d0bc    _FxCmd
            00004b80    _GBL_clkIn
            00004b82    _GBL_freq
00040d6f                _GBL_getVersion
            00004b7e    _GBL_procId
0003336d                _GPIO_clearInt
00032ec6                _GPIO_close
00032eea                _GPIO_config
0003311d                _GPIO_configBit
00033265                _GPIO_disableInt
000332e3                _GPIO_enableInt
00032f6f                _GPIO_getConfig
00032e82                _GPIO_open
00032ff7                _GPIO_read
00033480                _GPIO_reset
000333f9                _GPIO_statusBit
0003307a                _GPIO_write
            0001d0ba    _Gh
            0001d0b8    _Gl
            0001d0b9    _Gm
00036d13                _GpioWrite02
00036cf7                _GpioWrite04
            0001ec9a    _HPGain
00004e8e                _HST_A_TABBEG
00004ea8                _HST_A_TABEND
            00020eb3    _HST_HOST_CHANNEL_DRIVER
00000018                _HWI_BERR
00000019                _HWI_DLOG
            00004c12    _HWI_D_inhwi
            00004c06    _HWI_D_spsave
            00004c08    _HWI_D_sspsave
0003ee7c                _HWI_F_DispIsr0
0003ebfd                _HWI_F_dispatch
0000000a                _HWI_INT10
0000000b                _HWI_INT11
0000000c                _HWI_INT12
0000000d                _HWI_INT13
0000000e                _HWI_INT14
0000000f                _HWI_INT15
00000010                _HWI_INT16
00000011                _HWI_INT17
00000012                _HWI_INT18
00000013                _HWI_INT19
00000002                _HWI_INT2
00000014                _HWI_INT20
00000015                _HWI_INT21
00000016                _HWI_INT22
00000017                _HWI_INT23
00000003                _HWI_INT3
00000004                _HWI_INT4
00000005                _HWI_INT5
00000006                _HWI_INT6
00000007                _HWI_INT7
00000008                _HWI_INT8
00000009                _HWI_INT9
00000001                _HWI_NMI
00000000                _HWI_RESET
0000001a                _HWI_RTOS
0000001b                _HWI_SINT27
0000001c                _HWI_SINT28
0000001d                _HWI_SINT29
0000001e                _HWI_SINT30
0000001f                _HWI_SINT31
            00001860    _HWI_STKBOTTOM
            00000860    _HWI_STKTOP
            00000860    _HWI_SYSSTKBOTTOM
            00000060    _HWI_SYSSTKTOP
00000004                _HWI_TINT
            00004c06    _HWI_data
00040ccc                _HWI_disable
            0002155c    _HWI_dispatchTab
00040cdc                _HWI_enable
00040ce0                _HWI_restore
0003645b                _I2C_Init
0003652e                _I2C_Read
000364c4                _I2C_Write
0002f83f                _I2C_config
0003045d                _I2C_eventDisable
00030329                _I2C_eventEnable
0002f9a4                _I2C_getConfig
00030609                _I2C_getEventId
0002f796                _I2C_init
0002fec7                _I2C_read
0003057c                _I2C_setCallback
0002fa7a                _I2C_setup
0002fc74                _I2C_write
00035907                _I2S_DMA_Deinit
000358d7                _I2S_DMA_INIT
000359bb                _I2S_DMA_ISR_INPUT
00035993                _I2S_DMA_ISR_OUTPUT
0003576a                _I2S_DeInit
00032de7                _I2S_DmaRxLChCallBack
00032e4c                _I2S_DmaRxRChCallBack
00032d77                _I2S_DmaTxLChCallBack
00032ddc                _I2S_DmaTxRChCallBack
000356be                _I2S_INIT
0003595c                _I2S_ReceiveData
00035925                _I2S_TransmitData
00030885                _I2c_Codec_Init
0003118b                _I2c_Intc_Deinit
000306c3                _I2c_Intc_Init
00030a67                _I2c_Intc_SlaveRx
000306b3                _I2c_Intc_reInit
00040994                _IDL_busy
            00004da2    _IDL_busyObj
000409db                _IDL_calibrate
            00004ec4    _IDL_cpuLoad
000409c0                _IDL_init
00040d54                _IDL_loop
00040c63                _IDL_stub
0003472a                _IRQ_clear
0003477d                _IRQ_clearAll
0003478d                _IRQ_config
0003489a                _IRQ_disable
00034918                _IRQ_disableAll
00034926                _IRQ_enable
00034a20                _IRQ_getArg
00034812                _IRQ_getConfig
00034b64                _IRQ_globalDisable
00034b7d                _IRQ_globalEnable
00034b96                _IRQ_globalRestore
000346a2                _IRQ_init
00034a95                _IRQ_map
000349b0                _IRQ_restore
00034a64                _IRQ_setArg
00034ac1                _IRQ_setVecs
00034af2                _IRQ_test
            0001d121    _InBufIdx
00033ae0                _InitDelayBuf
00034ed9                _InitReverbBuf
0003069d                _Int0_ISR
            0001ed24    _KNL_alarm
00040350                _KNL_check
            0001ed4c    _KNL_curqueue
            0001ed44    _KNL_curtask
            0001ed48    _KNL_curtime
            0001ed2c    _KNL_dummy
000406ac                _KNL_enter
000406ec                _KNL_exit
000403ab                _KNL_idle
            0001ed58    _KNL_idlefxn
            0001ed28    _KNL_inactive
0004070c                _KNL_ipost
000403c8                _KNL_max
            0001ed4e    _KNL_maxqueue
00040ba4                _KNL_post
            0001ed46    _KNL_prevtask
            0001ed2a    _KNL_priority
            0001ecd2    _KNL_queues
0003f420                _KNL_run
0003fe07                _KNL_saveIsrFrame
            0001ecd1    _KNL_set
            0001ed26    _KNL_setpri
            00004e7a    _KNL_swi
            0001ed4a    _KNL_swiptr
0003fd5a                _KNL_switch
            0001ed52    _KNL_tcreatefxn
            0001ed54    _KNL_tdeletefxn
0003f9d4                _KNL_tick
            0001ed56    _KNL_treadyfxn
            0001ed50    _KNL_tswitchfxn
            0001ecd0    _KNL_wFlag
            0001ed22    _KNL_wList
000407e4                _LCK_pend
000407c4                _LCK_post
00033b67                _LLC_I2SDisable
00033fb0                _LLC_I2SDisableICMR
00033bbb                _LLC_I2SDisableLoopBack
00033b58                _LLC_I2SEnable
00033f19                _LLC_I2SEnableICMR
00033bac                _LLC_I2SEnableLoopBack
00033f04                _LLC_I2SResetIR
00033d03                _LLC_I2SSetClkPol
00033e76                _LLC_I2SSetClkdiv
00033d6f                _LLC_I2SSetDataDelay
00033da5                _LLC_I2SSetDataFormat
00033bca                _LLC_I2SSetDataPacking
00033d39                _LLC_I2SSetFsPol
00033ddb                _LLC_I2SSetFsdiv
00033c36                _LLC_I2SSetMono
00033b76                _LLC_I2SSetSignExt
00033c00                _LLC_I2SSetTransmitMode
00033c6c                _LLC_I2SSetWordLength
00034047                _LLC_ResetAll
0003e842                _LNK_F_readCallBack
            00004ec6    _LNK_dataPump
000027ea                _LOG_A_TABBEG
000027fe                _LOG_A_TABEND
00000002                _LOG_A_TABLEN
            00004ba6    _LOG_D_system
0004081c                _LOG_event
000405e4                _LOG_printf
            000027ea    _LOG_system
            0001ec9b    _LOGain
            0001f074    _MEM
            0001f05e    _MEM_ATTRS
            00004c13    _MEM_D_NUMSEGMENTS
            00004c16    _MEM_D_freelist
            00004c18    _MEM_D_lockaddr
            00004c14    _MEM_D_memtab
            00004c1a    _MEM_D_unlockaddr
0003fb14                _MEM_alloc
0003f5a8                _MEM_define
0003f728                _MEM_free
00042768                _MEM_init
            0001efd4    _MEM_memtab
0003ef5c                _MEM_redefine
            0001f060    _MEM_staticMemtab
00040c0c                _MEM_valloc
00040648                _OBJ_create
00040a24                _OBJ_delete
00042ab4                _OBJ_init
            0001efcc    _OBJ_segtab
            0001efb0    _OBJ_table
            0001d123    _OutBufIdxR
            0001d122    _OutBufIdxW
000370fe                _PAL_osCheckTimeOut
000370f4                _PAL_osGetCurrentTick
00037098                _PAL_osProtectEntry
000370d1                _PAL_osProtectExit
00036dd0                _PAL_osSemCreate
00036e1a                _PAL_osSemDelete
00036e5a                _PAL_osSemGive
[...]
00036e5a                _PAL_osSemGive
00036e6f                _sine
00036ee6                _call_dtors
00036f3c                ___add_dtor
00036f5b                __remul
00036fcd                _atexit
00037098                _PAL_osProtectEntry
000370d1                _PAL_osProtectExit
000370f4                _PAL_osGetCurrentTick
000370fe                _PAL_osCheckTimeOut
00037144                _rand16
0003718d                __divli
000371d5                _DistMix_l_r
0003721b                _memcpy
0003725a                _exit
00037298                _PAL_osWaitMsecs
000372b5                I$$LMPY
000372b5                __mpyli
000372c8                __register_unlock
000372d0                __register_lock
000372d8                __nop
000372da                _memset
000372eb                _rand16init
000372f3                _abort
000372f4                C$$EXIT
000372fc                ___etext__
000372fc                etext
            0001b980    .bss
            0001b980    ___bss__
            0001b980    _ping_pong_i2sTxLeftBuf
            0001bb80    _ping_pong_i2sTxRightBuf
            0001bd80    _ping_i2sTxLeftBuf
            0001be84    _ping_i2sTxRightBuf
            0001bf88    _pong_i2sTxLeftBuf
            0001c08c    _pong_i2sTxRightBuf
            0001c190    _i2sNextTxLeftBuf
            0001c290    _i2sNextTxRightBuf
            0001c390    _ZeroBuf
            0001c490    _ping_pong_i2sRxLeftBuf
            0001c690    _left_rx_buf_sel
            0001c691    _right_rx_buf_sel
            0001c692    _i2sHandleTx
            0001c694    _ping_pong_i2sRxRightBuf
            0001c894    _i2sHandleRx
            0001c896    _fsError1
            0001c897    _ouError1
            0001c898    _hDmaTxLeft
            0001c89a    _hDmaTxRight
            0001c89c    _hDmaRxLeft
            0001c89e    _hDmaRxRight
            0001c8a0    _codec_input_buffer
            0001cca0    _codec_input_buffer_input_index
            0001cca1    _codec_input_buffer_output_index
            0001cca2    _codec_input_buffer_overflow
            0001cca4    _codec_input_buffer_underflow
            0001cca6    _ping_pong_i2sTxBuf
            0001d0a6    _codec_output_buffer
            0001d0a8    _tx_buf_sel
            0001d0a9    _codec_output_buf_samp_cnt
            0001d0aa    _codec_output_buffer_avail
            0001d0ab    _codec_output_buffer_out_error
            0001d0ac    _codec_input_buffer_avail
            0001d0ad    _codec_input_buffer_out_error
            0001d0ae    _TxIntCounter
            0001d0af    _RxIntCounter
            0001d0b0    _i2sTxBuffSz
            0001d0b1    _i2sTxBuf_idx
            0001d0b2    _gHl
            0001d0b3    _gCl
            0001d0b4    _gHm
            0001d0b5    _gCm
            0001d0b6    _gHh
            0001d0b7    _gCh
            0001d0b8    _Gl
            0001d0b9    _Gm
            0001d0ba    _Gh
            0001d0bb    rndseed
            0001d0bc    _FxCmd
            0001d121    _InBufIdx
            0001d122    _OutBufIdxW
            0001d123    _OutBufIdxR
            0001d124    _recInBuf_l
            0001d524    _recInBuf_r
            0001d924    _recOutBufLeft
            0001db24    _recOutBufRight
            0001dd24    _RdIdxDel
            0001dd25    _active_sample_rate
            0001dd26    _CmpLevel
            0001dd27    _CmpAtt
            0001dd28    _CmpRel
            0001dd29    _slope
            0001dd33    _ct
            0001dd3d    _att
            0001dd47    _rel
            0001dd51    _del
            0001dd5b    _WrBufIdx
            0001dd5c    _RdBufIdx
            0001e727    _bq
            0001e9bb    _WrBuffer
            0001ea10    _dmaChanObj
            0001eb10    _dmaEngObj
            0001eb18    _dmaChanLookUp
            0001eb32    _dmaEvtLookUp
            0001eb5c    ___atexit_func_id__
            0001ec1e    _gI2cRdBuf
            0001ec85    _dataLength
            0001ec86    _i2cTxCount
            0001ec87    _i2cRxCount
            0001ec88    _i2cErrInRx
            0001ec89    _stopDetected
            0001ec8a    _hp_vol
            0001ec8b    _lout_vol
            0001ec8c    _ana_gain
            0001ec8d    _CompressOn
            0001ec8e    _DistOn
            0001ec8f    _EqualizeOn
            0001ec90    _PhaserOn
            0001ec91    _FlangerOn
            0001ec92    _DelayOn
            0001ec93    _ChorusOn
            0001ec94    _TremoloOn
            0001ec95    _EchoOn
            0001ec96    _ReverbOn
            0001ec97    _CmpThr
            0001ec98    _CmpHold
            0001ec99    _CmpAttDec
            0001ec9a    _HPGain
            0001ec9b    _LOGain
            0001ec9c    _AnaGain
            0001ecd0    _KNL_wFlag
            0001ecd1    _KNL_set
            0001ecd2    _KNL_queues
            0001ed22    _KNL_wList
            0001ed24    _KNL_alarm
            0001ed26    _KNL_setpri
            0001ed28    _KNL_inactive
            0001ed2a    _KNL_priority
            0001ed2c    _KNL_dummy
            0001ed44    _KNL_curtask
            0001ed46    _KNL_prevtask
            0001ed48    _KNL_curtime
            0001ed4a    _KNL_swiptr
            0001ed4c    _KNL_curqueue
            0001ed4e    _KNL_maxqueue
            0001ed50    _KNL_tswitchfxn
            0001ed52    _KNL_tcreatefxn
            0001ed54    _KNL_tdeletefxn
            0001ed56    _KNL_treadyfxn
            0001ed58    _KNL_idlefxn
            0001edde    _fird
            0001edf0    _firg
            0001ee02    _lpr
            0001ee0e    _apr
            0001ee10    _err
            0001ee12    _lprD
            0001ee18    _lpg1
            0001ee1e    _lpg
            0001ee1f    _lpg2
            0001ee25    _ag
            0001ee26    _erg
            0001ee27    _lrg
            0001ee28    _dry
            0001ee31    _DistMix
            0001ee32    _ddcI2CObj
            0001ee58    _ddcI2CDriver
            0001ee76    _DDC_I2S_Instance
            0001ee9e    _nextBuffer
            0001ee9f    _prevDmaTxferComplete
            0001eea0    _gi2sTxLeftBuf
            0001eea2    _gi2sTxRightBuf
            0001eea4    _gi2sNextTxLeftBuf
            0001eea6    _gi2sNextTxRightBuf
            0001eea8    _gi2sNextRxLeftBuf
            0001eeaa    _gi2sNextRxRightBuf
            0001eeac    _gZeroBuf
            0001eeae    _dma_error
            0001eeb0    _use_tx_buffer
            0001eeb2    _gi2sRxLeftBuf
            0001eeb4    _gi2sRxRightBuf
            0001eeb6    _FlGain
            0001eeb7    _FlDepth
            0001eeb8    _FlFreq
            0001eeba    _FlStereo
            0001eef4    _PhGain
            0001eef5    _PhDepth
            0001eef6    _PhFreq
            0001eef8    _PhStereo
            0001ef32    _TSK_nTasks
            0001ef33    _TSK_pid
            0001ef34    _TSK_ATTRS
            0001ef42    _TSK_config
            0001ef50    _TSK
            0001ef52    _TSK_timerSem
            0001ef62    __TSK_mutex
            0001ef76    __MEM_mutex
            0001ef8a    _delaybuf
            0001ef8c    _dlybuf
            0001ef8d    _BL
            0001ef8e    _FF
            0001ef8f    _FB
            0001ef90    _DlyStereo
            0001ef91    _DlyType
            0001ef92    _DlyDepth
            0001ef94    _DlyDelay
            0001ef96    _DlyFreq
            0001efb0    _OBJ_table
            0001efcc    _OBJ_segtab
            0001efd4    _MEM_memtab
            0001efda    MEM_MALLOCSEG
            0001efda    MEM_SEGZERO
            0001efda    SARAM
            0001efda    _SARAM
            0001efdc    RTA_fromHost$pipe$dtab
            0001efe2    RTA_toHost$pipe$dtab
            0001efe8    _SYS_exitStack
            0001eff8    _SYS_exitStackPtr
            0001effa    _SYS_exitStackTop
            0001effc    _gI2cObj
            0001f00c    _i2cHandle
            0001f00e    _DDA_I2SInfo
            0001f01e    _pllObj
            0001f024    _pllCfg1
            0001f028    _hPll
            0001f02a    _pConfigInfo
            0001f02c    _CLK_timer0func
            0001f02e    _CLK_timer1func
            0001f030    _CLK_timer2func
            0001f032    _CLK_timer0arg
            0001f034    _CLK_timer1arg
            0001f036    _CLK_timer2arg
            0001f040    _SarObj
            0001f043    _SarData
            0001f044    _SarHandle
            0001f046    _chanNo
            0001f04e    _gGpioObj
            0001f050    _hGpio
            0001f052    _gpio02State
            0001f053    _gpio04State
            0001f058    _rtdxNullChanCnt
            0001f059    _rtdxNullFuncCnt
            0001f05a    _CLK_DFLTMICROSECS
            0001f05c    _CLK_D_microseconds
            0001f05e    _MEM_ATTRS
            0001f060    _MEM_staticMemtab
            0001f062    _SEM_ATTRS
            0001f066    __lock
            0001f068    __unlock
            0001f06a    __cleanup_ptr
            0001f06c    __dtors_ptr
            0001f06e    _hi2c
            0001f072    _CLK_htimePerLtime
            0001f074    _MEM
            0001f076    _dtors
0003e0f0                SWI_F_enable
0003e0f0                _SWI_enable
            0001f078    ___end__
            0001f078    end
0003e123                SWI_F_post
0003e123                _SWI_post
0003e1ae                SWI_F_exec_sync
0003e236                SWI_EXECFXN
0003e236                SWI_F_exec
0003e322                SWI_F_run
0003e322                SWI_RUNFXN
0003e428                logPost
0003e47a                stsPost
0003e4c4                LNK_F_init
0003e4c6                LNK_F_checkChanEnabled
0003e4d4                LNK_F_getNextChan
0003e4ed                LNK_F_getChanPtr
0003e51f                LNK_F_dataPump
0003e51f                LNK_rcloop
0003e573                LNK_rdrtry
0003e57d                LNK_rrloop
0003e5f3                LNK_wrrtry
0003e5fd                LNK_wrloop
0003e68a                LNK_newin
0003e76e                LNK_newout
0003e842                LNK_F_readCallBack
0003e842                _LNK_F_readCallBack
0003ebbc                _SYS_printf
0003ebcc                _SYS_sprintf
0003ebdc                _SYS_vprintf
0003ebf4                _SYS_vsprintf
0003ebfd                HWI_F_dispatch
0003ebfd                _HWI_F_dispatch
0003ee7c                _HWI_F_DispIsr0
0003ef5c                _MEM_redefine
0003f10c                _SEM_pendEnterKnl
0003f297                PRD_F_swi
0003f3bc                PRD_F_tick
0003f420                _KNL_run
0003f5a8                _MEM_define
0003f728                _MEM_free
0003f9d4                _KNL_tick
0003f9e4                RTA_F_getlog
0003f9e4                _RTA_F_getlog
0003fa10                RTA_F_getsts
0003fa3f                RTA_F_readblk
0003fa4e                RTA_F_writeword
0003fa52                RTA_F_resetmem
0003fa6d                RTA_F_dispatch
0003fb14                _MEM_alloc
0003fc41                PIP_F_take
0003fc95                PIP_F_probe
0003fc97                PIP_F_give
0003fd09                PIP_F_start
0003fd5a                _KNL_switch
0003fda8                KNL_glue
0003fde7                KNL_tick_stub
0003fde7                PRD_THOOKFXN
0003fe07                _KNL_saveIsrFrame
0003fe68                __SEM_dopost
0003ff6c                _TSK_exit
00040064                _TSK_setup
000401b8                _TSK_startup
0004021b                _C55_disableIMR0
0004023e                _C55_disableIMR1
00040261                _C55_enableIMR0
0004027a                _C55_enableIMR1
00040293                _C55_clearIFR0
000402a8                _C55_clearIFR1
000402c0                _CLK_start
00040348                _CLK_stop
00040350                _KNL_check
000403ab                _KNL_idle
000403c8                _KNL_max
000403e0                _CLK_dispatch
00040428                CLK_TIMER0FUNC
00040428                _CLK_isr
000404a4                _CLK_getfhtime
000404b0                CLK_F_gethtime
000404b0                CLK_TIMEFXN
000404b0                _CLK_getshtime
000404f7                _SEM_post
000404f7                _SEM_postBinary
0004057c                _CLK_measure
000405e4                _LOG_printf
00040648                _OBJ_create
000406ac                _KNL_enter
000406ec                _KNL_exit
0004070c                _KNL_ipost
00040768                _SEM_create
000407c4                _LCK_post
000407e4                _LCK_pend
0004081c                LOG_F_event
0004081c                _LOG_event
0004086d                _SEM_pend
000408bc                _SEM_postEnterKnl
00040904                STS_F_delta
00040904                _STS_delta
00040926                STS_F_add
00040926                _STS_add
0004093e                STS_F_reset
0004093e                _STS_reset
0004094c                _SYS_exit
00040994                IDL_F_busy
00040994                _IDL_busy
000409c0                _IDL_init
000409db                _IDL_calibrate
00040a24                _OBJ_delete
00040a6c                _TSK_disable
00040a98                _TSK_enable
00040ab0                RTA_F_andn
00040ac6                RTA_F_or
00040add                iRTA_F_or
00040af3                _QUE_get
00040b12                _QUE_put
00040b35                _PRD_getticks
00040b3d                _PRD_tick
00040b43                _PRD_start
00040b65                _PRD_stop
00040b6c                SYS_PUTCFXN
00040b6c                _UTL_doPutc
00040ba4                _KNL_post
00040bd8                CLK_F_itime
00040bd8                _CLK_itime
00040c0c                _MEM_valloc
00040c3e                CLK_TIMER1FUNC
00040c3e                CLK_TIMER2FUNC
00040c3e                FXN_F_nop
00040c40                FXN_F_run
00040c5d                FXN_F_zero
00040c61                FXN_F_selfLoop
00040c63                IDL_CALIBRFXN
00040c63                _IDL_stub
00040c88                SYS_ABORTFXN
00040c88                _UTL_doAbort
00040cac                SYS_ERRORFXN
00040cac                _UTL_doError
00040ccc                _HWI_disable
00040cdc                _HWI_enable
00040ce0                _HWI_restore
00040ce6                _CLK_run
00040cf1                CLK_F_dispRun
00040cf1                CLK_HOOKFXN
00040cf1                _CLK_dispRun
00040d00                _SYS_abort
00040d18                _SYS_error
00040d2e                _CLK_gethtime
00040d44                _SEM_delete
00040d54                IDL_F_loop
00040d54                _IDL_loop
00040d60                SYS_EXITFXN
00040d60                _UTL_halt
00040d68                _STS_set
00040d6f                _GBL_getVersion
00040d78                GBL_BIOS_BOOTFXN
00040d78                GBL_USERINITFXN
00040d78                GIO_CREATEFXN
00040d78                GIO_DELETEFXN
00040d78                GIO_PENDFXN
00040d78                GIO_POSTFXN
00040d78                PWRM_PWRM_BOOTHOOKFXN
00040d78                TSK_VCREATEFXN
00040d78                TSK_VDELETEFXN
00040d78                TSK_VEXITFXN
00040d78                _FXN_F_nop
00040d7c                _CLK_wdogdisable
            00020db4    _volume_table
            00020e9a    _pllCfg_100MHz
            00020eb3    _HST_HOST_CHANNEL_DRIVER
            00020eb4    TSK_idle$stack
            00020ebb    PRD0$sts$maxfmt
            00020ec4    PRD0$sts$sumfmt
            00020ecd    PRD0$sts$avgfmt
            00020ed8    RTA_fromHost$pipe$sts$maxfmt
            00020eda    RTA_fromHost$pipe$sts$sumfmt
            00020edc    RTA_fromHost$pipe$sts$avgfmt
            00020ede    RTA_toHost$pipe$sts$maxfmt
            00020ee0    RTA_toHost$pipe$sts$sumfmt
            00020ee2    RTA_toHost$pipe$sts$avgfmt
            00020ee4    PRD_swi$sts$maxfmt
            00020eec    PRD_swi$sts$sumfmt
            00020ef4    PRD_swi$sts$avgfmt
            00020efe    KNL_swi$sts$maxfmt
            00020f06    KNL_swi$sts$sumfmt
            00020f0e    KNL_swi$sts$avgfmt
            00020f18    TSK_idle$sts$maxfmt
            00020f20    TSK_idle$sts$sumfmt
            00020f28    TSK_idle$sts$avgfmt
            00020f32    mainTsk$sts$maxfmt
            00020f3a    mainTsk$sts$sumfmt
            00020f42    mainTsk$sts$avgfmt
            00020f4c    AudioTx_Tsk$sts$maxfmt
            00020f54    AudioTx_Tsk$sts$sumfmt
            00020f5c    AudioTx_Tsk$sts$avgfmt
            00020f66    AudioRx_Tsk$sts$maxfmt
            00020f6e    AudioRx_Tsk$sts$sumfmt
            00020f76    AudioRx_Tsk$sts$avgfmt
            00020f80    Tsk_I2c_Intc_SlaveRx$sts$maxfmt
            00020f88    Tsk_I2c_Intc_SlaveRx$sts$sumfmt
            00020f90    Tsk_I2c_Intc_SlaveRx$sts$avgfmt
            00020f9a    IDL_busyObj$maxfmt
            00020f9d    IDL_busyObj$sumfmt
            00020fa0    IDL_busyObj$avgfmt
            00020fa5    STS_I2c_Intc_SlaveRx$maxfmt
            00020fa8    STS_I2c_Intc_SlaveRx$sumfmt
            00020fab    STS_I2c_Intc_SlaveRx$avgfmt
            00020fb0    STS_AudioRx_Tsk$maxfmt
            00020fb3    STS_AudioRx_Tsk$sumfmt
            00020fb6    STS_AudioRx_Tsk$avgfmt
            00020fbb    STS_AudioTx_Tsk$maxfmt
            00020fbe    STS_AudioTx_Tsk$sumfmt
            00020fc1    STS_AudioTx_Tsk$avgfmt
            00021296    TSK_idle$stkptr
            000212b4    TSK_idle$sysstack
            00021396    TSK_idle$sysstkptr
00042768                _MEM_init
00042879                BIOS_init
00042879                _BIOS_init
0004290b                BIOS_start
0004290b                _BIOS_start
00042950                _TSK_init
000429d4                _auto_init
00042a45                _c_int00
00042ab4                _OBJ_init
            0002155c    _HWI_dispatchTab
            0002161c    .data
            0002161c    ___data__
            00021622    ___edata__
            00021622    edata
0004df00                HWI_A_VECS
0004df00                hwi0
0004df08                hwi1
0004df10                hwi2
0004df18                hwi3
0004df20                hwi4
0004df28                hwi5
0004df30                hwi6
0004df38                hwi7
0004df40                hwi8
0004df48                hwi9
0004df50                hwi10
0004df58                hwi11
0004df60                hwi12
0004df68                hwi13
0004df70                hwi14
0004df78                hwi15
0004df80                hwi16
0004df88                hwi17
0004df90                hwi18
0004df98                hwi19
0004dfa0                hwi20
0004dfa8                hwi21
0004dfb0                hwi22
0004dfb8                hwi23
0004dfc0                hwi24
0004dfc8                hwi25
0004dfd0                hwi26
0004dfd8                hwi27
0004dfe0                hwi28
0004dfe8                hwi29
0004dff0                hwi30
0004dff8                hwi31
            00027000    trace$buf
00f80000                GBL_CACHEICRTAG1
00f81000                GBL_CACHEICRTAG2
ffffffff                DARAM
ffffffff                HST_DSMBUFSEG
ffffffff                RTDX_DATAMEMSEG
ffffffff                SARAM31
ffffffff                VECT
ffffffff                _DARAM
ffffffff                _SARAM31
ffffffff                _VECT
ffffffff                ___binit__
ffffffff                ___c_args__
ffffffff                binit

[1446 symbols]
