<?xml version="1.0"?>
<link_info>
   <banner>TMS320C55x Linker PC v4.4.1</banner>
   <copyright>Copyright (c) 1996-2012 Texas Instruments Incorporated</copyright>
   <link_time>0x577198e1</link_time>
   <output_file>DMFX.1.1.out</output_file>
   <entry_point>
      <name>_c_int00</name>
      <address>0x42a45</address>
   </entry_point>
   <input_file_list>
      <input_file id="fl-a">
         <path>.\src\</path>
         <kind>object</kind>
         <file>variabledelay.obj</file>
         <name>variabledelay.obj</name>
      </input_file>
      <input_file id="fl-b">
         <path>.\src\</path>
         <kind>object</kind>
         <file>reverb.obj</file>
         <name>reverb.obj</name>
      </input_file>
      <input_file id="fl-c">
         <path>.\src\</path>
         <kind>object</kind>
         <file>pll_control.obj</file>
         <name>pll_control.obj</name>
      </input_file>
      <input_file id="fl-d">
         <path>.\src\</path>
         <kind>object</kind>
         <file>phaser.obj</file>
         <name>phaser.obj</name>
      </input_file>
      <input_file id="fl-e">
         <path>.\src\</path>
         <kind>object</kind>
         <file>main.obj</file>
         <name>main.obj</name>
      </input_file>
      <input_file id="fl-f">
         <path>.\src\</path>
         <kind>object</kind>
         <file>i2s_sample.obj</file>
         <name>i2s_sample.obj</name>
      </input_file>
      <input_file id="fl-10">
         <path>.\src\</path>
         <kind>object</kind>
         <file>gpio_control.obj</file>
         <name>gpio_control.obj</name>
      </input_file>
      <input_file id="fl-11">
         <path>.\src\</path>
         <kind>object</kind>
         <file>flanger.obj</file>
         <name>flanger.obj</name>
      </input_file>
      <input_file id="fl-12">
         <path>.\src\</path>
         <kind>object</kind>
         <file>equalizer.obj</file>
         <name>equalizer.obj</name>
      </input_file>
      <input_file id="fl-13">
         <path>.\src\</path>
         <kind>object</kind>
         <file>csl_sar_intc.obj</file>
         <name>csl_sar_intc.obj</name>
      </input_file>
      <input_file id="fl-14">
         <path>.\src\</path>
         <kind>object</kind>
         <file>csl_i2c_intc.obj</file>
         <name>csl_i2c_intc.obj</name>
      </input_file>
      <input_file id="fl-15">
         <path>.\src\</path>
         <kind>object</kind>
         <file>compressor.obj</file>
         <name>compressor.obj</name>
      </input_file>
      <input_file id="fl-16">
         <path>.\src\</path>
         <kind>object</kind>
         <file>codec_aic3254.obj</file>
         <name>codec_aic3254.obj</name>
      </input_file>
      <input_file id="fl-17">
         <path>.\src\</path>
         <kind>object</kind>
         <file>clean.obj</file>
         <name>clean.obj</name>
      </input_file>
      <input_file id="fl-18">
         <path>.\src\</path>
         <kind>object</kind>
         <file>app_audio_alg.obj</file>
         <name>app_audio_alg.obj</name>
      </input_file>
      <input_file id="fl-19">
         <path>.\</path>
         <kind>object</kind>
         <file>DMFX1_CSL_BIOS_cfg_c.obj</file>
         <name>DMFX1_CSL_BIOS_cfg_c.obj</name>
      </input_file>
      <input_file id="fl-1a">
         <path>.\</path>
         <kind>object</kind>
         <file>DMFX1_CSL_BIOS_cfg.obj</file>
         <name>DMFX1_CSL_BIOS_cfg.obj</name>
      </input_file>
      <input_file id="fl-38">
         <path>C:\ti\bios_5_42_01_09\packages\ti\bios\lib\</path>
         <kind>archive</kind>
         <file>bios.a55L</file>
         <name>fxn.o55L</name>
      </input_file>
      <input_file id="fl-39">
         <path>C:\ti\bios_5_42_01_09\packages\ti\bios\lib\</path>
         <kind>archive</kind>
         <file>bios.a55L</file>
         <name>biosdata.o55L</name>
      </input_file>
      <input_file id="fl-3a">
         <path>C:\ti\bios_5_42_01_09\packages\ti\bios\lib\</path>
         <kind>archive</kind>
         <file>bios.a55L</file>
         <name>knl_swit.o55L</name>
      </input_file>
      <input_file id="fl-3b">
         <path>C:\ti\bios_5_42_01_09\packages\ti\bios\lib\</path>
         <kind>archive</kind>
         <file>bios.a55L</file>
         <name>swi.o55L</name>
      </input_file>
      <input_file id="fl-3c">
         <path>C:\ti\bios_5_42_01_09\packages\ti\bios\lib\</path>
         <kind>archive</kind>
         <file>bios.a55L</file>
         <name>clk_run.o55L</name>
      </input_file>
      <input_file id="fl-3d">
         <path>C:\ti\bios_5_42_01_09\packages\ti\bios\lib\</path>
         <kind>archive</kind>
         <file>bios5505.a55L</file>
         <name>clk5505_htime.o55L</name>
      </input_file>
      <input_file id="fl-3e">
         <path>C:\ti\bios_5_42_01_09\packages\ti\bios\lib\</path>
         <kind>archive</kind>
         <file>bios5505.a55L</file>
         <name>clk5505_isr.o55L</name>
      </input_file>
      <input_file id="fl-3f">
         <path>C:\ti\bios_5_42_01_09\packages\ti\bios\lib\</path>
         <kind>archive</kind>
         <file>bios.a55L</file>
         <name>fxn_c.o55L</name>
      </input_file>
      <input_file id="fl-40">
         <path>C:\ti\bios_5_42_01_09\packages\ti\bios\lib\</path>
         <kind>archive</kind>
         <file>bios.a55L</file>
         <name>idl_stub.o55L</name>
      </input_file>
      <input_file id="fl-41">
         <path>C:\ti\bios_5_42_01_09\packages\ti\bios\lib\</path>
         <kind>archive</kind>
         <file>bios.a55L</file>
         <name>utl_doab.o55L</name>
      </input_file>
      <input_file id="fl-42">
         <path>C:\ti\bios_5_42_01_09\packages\ti\bios\lib\</path>
         <kind>archive</kind>
         <file>bios.a55L</file>
         <name>utl_doer.o55L</name>
      </input_file>
      <input_file id="fl-43">
         <path>C:\ti\bios_5_42_01_09\packages\ti\bios\lib\</path>
         <kind>archive</kind>
         <file>bios.a55L</file>
         <name>utl_putc.o55L</name>
      </input_file>
      <input_file id="fl-44">
         <path>C:\ti\bios_5_42_01_09\packages\ti\bios\lib\</path>
         <kind>archive</kind>
         <file>bios.a55L</file>
         <name>utl_halt.o55L</name>
      </input_file>
      <input_file id="fl-45">
         <path>C:\ti\bios_5_42_01_09\packages\ti\bios\lib\</path>
         <kind>archive</kind>
         <file>bios5505.a55L</file>
         <name>clk_itime.o55L</name>
      </input_file>
      <input_file id="fl-46">
         <path>C:\ti\bios_5_42_01_09\packages\ti\bios\lib\</path>
         <kind>archive</kind>
         <file>bios.a55L</file>
         <name>boot.o55L</name>
      </input_file>
      <input_file id="fl-47">
         <path>C:\ti\bios_5_42_01_09\packages\ti\bios\lib\</path>
         <kind>archive</kind>
         <file>bios.a55L</file>
         <name>trc.o55L</name>
      </input_file>
      <input_file id="fl-48">
         <path>C:\ti\bios_5_42_01_09\packages\ti\bios\lib\</path>
         <kind>archive</kind>
         <file>bios.a55L</file>
         <name>hwi_disp_asm.o55L</name>
      </input_file>
      <input_file id="fl-49">
         <path>C:\ti\bios_5_42_01_09\packages\ti\bios\lib\</path>
         <kind>archive</kind>
         <file>bios.a55L</file>
         <name>idl_busy.o55L</name>
      </input_file>
      <input_file id="fl-4a">
         <path>C:\ti\bios_5_42_01_09\packages\ti\bios\lib\</path>
         <kind>archive</kind>
         <file>bios.a55L</file>
         <name>idl.o55L</name>
      </input_file>
      <input_file id="fl-4b">
         <path>C:\ti\bios_5_42_01_09\packages\ti\bios\lib\</path>
         <kind>archive</kind>
         <file>lnkrtdx.a55L</file>
         <name>rtdx.o55L</name>
      </input_file>
      <input_file id="fl-4c">
         <path>C:\ti\bios_5_42_01_09\packages\ti\bios\lib\</path>
         <kind>archive</kind>
         <file>bios.a55L</file>
         <name>log.o55L</name>
      </input_file>
      <input_file id="fl-4d">
         <path>C:\ti\bios_5_42_01_09\packages\ti\bios\lib\</path>
         <kind>archive</kind>
         <file>bios.a55L</file>
         <name>pip.o55L</name>
      </input_file>
      <input_file id="fl-4e">
         <path>C:\ti\bios_5_42_01_09\packages\ti\bios\lib\</path>
         <kind>archive</kind>
         <file>bios.a55L</file>
         <name>prd.o55L</name>
      </input_file>
      <input_file id="fl-4f">
         <path>C:\ti\bios_5_42_01_09\packages\ti\bios\lib\</path>
         <kind>archive</kind>
         <file>bios.a55L</file>
         <name>rta.o55L</name>
      </input_file>
      <input_file id="fl-50">
         <path>C:\ti\bios_5_42_01_09\packages\ti\bios\lib\</path>
         <kind>archive</kind>
         <file>bios.a55L</file>
         <name>sts.o55L</name>
      </input_file>
      <input_file id="fl-51">
         <path>C:\ti\bios_5_42_01_09\packages\ti\bios\lib\</path>
         <kind>archive</kind>
         <file>bios.a55L</file>
         <name>clk_data.o55L</name>
      </input_file>
      <input_file id="fl-52">
         <path>C:\ti\bios_5_42_01_09\packages\ti\bios\lib\</path>
         <kind>archive</kind>
         <file>bios5505.a55L</file>
         <name>clk_gethtime.o55L</name>
      </input_file>
      <input_file id="fl-53">
         <path>C:\ti\bios_5_42_01_09\packages\ti\bios\lib\</path>
         <kind>archive</kind>
         <file>bios.a55L</file>
         <name>clk_data2.o55L</name>
      </input_file>
      <input_file id="fl-54">
         <path>C:\ti\bios_5_42_01_09\packages\ti\bios\lib\</path>
         <kind>archive</kind>
         <file>bios5505.a55L</file>
         <name>clk5505_start.o55L</name>
      </input_file>
      <input_file id="fl-55">
         <path>C:\ti\bios_5_42_01_09\packages\ti\bios\lib\</path>
         <kind>archive</kind>
         <file>bios.a55L</file>
         <name>c55_c.o55L</name>
      </input_file>
      <input_file id="fl-56">
         <path>C:\ti\bios_5_42_01_09\packages\ti\bios\lib\</path>
         <kind>archive</kind>
         <file>bios5505.a55L</file>
         <name>clk5505_data.o55L</name>
      </input_file>
      <input_file id="fl-57">
         <path>C:\ti\bios_5_42_01_09\packages\ti\bios\lib\</path>
         <kind>archive</kind>
         <file>bios5505.a55L</file>
         <name>clk5505_wdog.o55L</name>
      </input_file>
      <input_file id="fl-58">
         <path>C:\c55\DMFX_1_1\c55x5_drivers\lib\Debug\</path>
         <kind>archive</kind>
         <file>dma_bios_drv_lib.lib</file>
         <name>ddc_dma.obj</name>
      </input_file>
      <input_file id="fl-59">
         <path>C:\c55\DMFX_1_1\c55x5_drivers\lib\Debug\</path>
         <kind>archive</kind>
         <file>dma_bios_drv_lib.lib</file>
         <name>dda_dma.obj</name>
      </input_file>
      <input_file id="fl-5a">
         <path>C:\c55\DMFX_1_1\c55xx_csl\ccs_v5.0_examples\C55XXCSL_LP\Debug\</path>
         <kind>archive</kind>
         <file>C55XXCSL_LP.lib</file>
         <name>csl_dma.obj</name>
      </input_file>
      <input_file id="fl-5b">
         <path>C:\ti\bios_5_42_01_09\packages\ti\bios\lib\</path>
         <kind>archive</kind>
         <file>bios.a55L</file>
         <name>gbl_vers.o55L</name>
      </input_file>
      <input_file id="fl-5c">
         <path>C:\c55\DMFX_1_1\c55xx_csl\ccs_v5.0_examples\C55XXCSL_LP\Debug\</path>
         <kind>archive</kind>
         <file>C55XXCSL_LP.lib</file>
         <name>csl_gpio.obj</name>
      </input_file>
      <input_file id="fl-5d">
         <path>C:\ti\bios_5_42_01_09\packages\ti\bios\lib\</path>
         <kind>archive</kind>
         <file>bios.a55L</file>
         <name>hwi_xable.o55L</name>
      </input_file>
      <input_file id="fl-5e">
         <path>C:\c55\DMFX_1_1\c55x5_drivers\lib\Debug\</path>
         <kind>archive</kind>
         <file>i2c_bios_drv_lib.lib</file>
         <name>dda_i2c.obj</name>
      </input_file>
      <input_file id="fl-5f">
         <path>C:\c55\DMFX_1_1\c55xx_csl\ccs_v5.0_examples\C55XXCSL_LP\Debug\</path>
         <kind>archive</kind>
         <file>C55XXCSL_LP.lib</file>
         <name>csl_i2c.obj</name>
      </input_file>
      <input_file id="fl-60">
         <path>C:\c55\DMFX_1_1\c55x5_drivers\lib\Debug\</path>
         <kind>archive</kind>
         <file>i2s_bios_drv_lib.lib</file>
         <name>dda_i2s.obj</name>
      </input_file>
      <input_file id="fl-61">
         <path>C:\c55\DMFX_1_1\c55x5_drivers\lib\Debug\</path>
         <kind>archive</kind>
         <file>i2s_bios_drv_lib.lib</file>
         <name>ddc_i2s.obj</name>
      </input_file>
      <input_file id="fl-62">
         <path>C:\ti\bios_5_42_01_09\packages\ti\bios\lib\</path>
         <kind>archive</kind>
         <file>bios.a55L</file>
         <name>idl_cal.o55L</name>
      </input_file>
      <input_file id="fl-63">
         <path>C:\ti\bios_5_42_01_09\packages\ti\bios\lib\</path>
         <kind>archive</kind>
         <file>bios5505.a55L</file>
         <name>clk5505_meas.o55L</name>
      </input_file>
      <input_file id="fl-64">
         <path>C:\c55\DMFX_1_1\c55xx_csl\ccs_v5.0_examples\C55XXCSL_LP\Debug\</path>
         <kind>archive</kind>
         <file>C55XXCSL_LP.lib</file>
         <name>csl_intc.obj</name>
      </input_file>
      <input_file id="fl-65">
         <path>C:\ti\bios_5_42_01_09\packages\ti\bios\lib\</path>
         <kind>archive</kind>
         <file>bios.a55L</file>
         <name>knl_exit.o55L</name>
      </input_file>
      <input_file id="fl-66">
         <path>C:\ti\bios_5_42_01_09\packages\ti\bios\lib\</path>
         <kind>archive</kind>
         <file>bios.a55L</file>
         <name>knl_chec.o55L</name>
      </input_file>
      <input_file id="fl-67">
         <path>C:\ti\bios_5_42_01_09\packages\ti\bios\lib\</path>
         <kind>archive</kind>
         <file>bios.a55L</file>
         <name>knl.o55L</name>
      </input_file>
      <input_file id="fl-68">
         <path>C:\ti\bios_5_42_01_09\packages\ti\bios\lib\</path>
         <kind>archive</kind>
         <file>bios.a55L</file>
         <name>knl_run.o55L</name>
      </input_file>
      <input_file id="fl-69">
         <path>C:\ti\bios_5_42_01_09\packages\ti\bios\lib\</path>
         <kind>archive</kind>
         <file>bios.a55L</file>
         <name>knl_tick.o55L</name>
      </input_file>
      <input_file id="fl-6a">
         <path>C:\ti\bios_5_42_01_09\packages\ti\bios\lib\</path>
         <kind>archive</kind>
         <file>bios.a55L</file>
         <name>knl_post.o55L</name>
      </input_file>
      <input_file id="fl-6b">
         <path>C:\ti\bios_5_42_01_09\packages\ti\bios\lib\</path>
         <kind>archive</kind>
         <file>bios.a55L</file>
         <name>knl_ipos.o55L</name>
      </input_file>
      <input_file id="fl-6c">
         <path>C:\c55\DMFX_1_1\c55x5_drivers\lib\Debug\</path>
         <kind>archive</kind>
         <file>i2s_bios_drv_lib.lib</file>
         <name>llc_i2s.obj</name>
      </input_file>
      <input_file id="fl-6d">
         <path>C:\ti\bios_5_42_01_09\packages\ti\bios\lib\</path>
         <kind>archive</kind>
         <file>bios.a55L</file>
         <name>log_printf.o55L</name>
      </input_file>
      <input_file id="fl-6e">
         <path>C:\ti\bios_5_42_01_09\packages\ti\bios\lib\</path>
         <kind>archive</kind>
         <file>bios.a55L</file>
         <name>mem_asm.o55L</name>
      </input_file>
      <input_file id="fl-6f">
         <path>C:\ti\bios_5_42_01_09\packages\ti\bios\lib\</path>
         <kind>archive</kind>
         <file>bios.a55L</file>
         <name>mem_allo.o55L</name>
      </input_file>
      <input_file id="fl-70">
         <path>C:\ti\bios_5_42_01_09\packages\ti\bios\lib\</path>
         <kind>archive</kind>
         <file>bios.a55L</file>
         <name>mem_defi.o55L</name>
      </input_file>
      <input_file id="fl-71">
         <path>C:\ti\bios_5_42_01_09\packages\ti\bios\lib\</path>
         <kind>archive</kind>
         <file>bios.a55L</file>
         <name>mem_free.o55L</name>
      </input_file>
      <input_file id="fl-72">
         <path>C:\ti\bios_5_42_01_09\packages\ti\bios\lib\</path>
         <kind>archive</kind>
         <file>bios.a55L</file>
         <name>mem_init.o55L</name>
      </input_file>
      <input_file id="fl-73">
         <path>C:\ti\bios_5_42_01_09\packages\ti\bios\lib\</path>
         <kind>archive</kind>
         <file>bios.a55L</file>
         <name>mem_rede.o55L</name>
      </input_file>
      <input_file id="fl-74">
         <path>C:\ti\bios_5_42_01_09\packages\ti\bios\lib\</path>
         <kind>archive</kind>
         <file>bios.a55L</file>
         <name>obj_init.o55L</name>
      </input_file>
      <input_file id="fl-75">
         <path>C:\c55\DMFX_1_1\c55x5_drivers\pal_os\lib\Debug\</path>
         <kind>archive</kind>
         <file>palos_bios_lib.lib</file>
         <name>pal_osWait.obj</name>
      </input_file>
      <input_file id="fl-76">
         <path>C:\c55\DMFX_1_1\c55xx_csl\ccs_v5.0_examples\C55XXCSL_LP\Debug\</path>
         <kind>archive</kind>
         <file>C55XXCSL_LP.lib</file>
         <name>csl_pll.obj</name>
      </input_file>
      <input_file id="fl-77">
         <path>C:\c55\DMFX_1_1\c55x5_drivers\lib\Debug\</path>
         <kind>archive</kind>
         <file>i2c_bios_drv_lib.lib</file>
         <name>ddc_i2c.obj</name>
      </input_file>
      <input_file id="fl-78">
         <path>C:\c55\DMFX_1_1\c55x5_drivers\pal_os\lib\Debug\</path>
         <kind>archive</kind>
         <file>palos_bios_lib.lib</file>
         <name>pal_osTime.obj</name>
      </input_file>
      <input_file id="fl-79">
         <path>C:\c55\DMFX_1_1\c55x5_drivers\pal_os\lib\Debug\</path>
         <kind>archive</kind>
         <file>palos_bios_lib.lib</file>
         <name>pal_osprotect.obj</name>
      </input_file>
      <input_file id="fl-7a">
         <path>C:\c55\DMFX_1_1\c55x5_drivers\pal_os\lib\Debug\</path>
         <kind>archive</kind>
         <file>palos_bios_lib.lib</file>
         <name>pal_osSem.obj</name>
      </input_file>
      <input_file id="fl-7b">
         <path>C:\ti\bios_5_42_01_09\packages\ti\bios\lib\</path>
         <kind>archive</kind>
         <file>bios.a55L</file>
         <name>prd_c.o55L</name>
      </input_file>
      <input_file id="fl-7c">
         <path>C:\ti\bios_5_42_01_09\packages\ti\bios\lib\</path>
         <kind>archive</kind>
         <file>bios.a55L</file>
         <name>rtdx_data.o55L</name>
      </input_file>
      <input_file id="fl-7d">
         <path>C:\ti\bios_5_42_01_09\packages\ti\rtdx\lib\c5500\</path>
         <kind>archive</kind>
         <file>rtdxx.lib</file>
         <name>buffer2.o55L</name>
      </input_file>
      <input_file id="fl-7e">
         <path>C:\ti\bios_5_42_01_09\packages\ti\rtdx\lib\c5500\</path>
         <kind>archive</kind>
         <file>rtdxx.lib</file>
         <name>buffer1.o55L</name>
      </input_file>
      <input_file id="fl-7f">
         <path>C:\ti\bios_5_42_01_09\packages\ti\rtdx\lib\c5500\</path>
         <kind>archive</kind>
         <file>rtdxx.lib</file>
         <name>rtdx_mon.o55L</name>
      </input_file>
      <input_file id="fl-80">
         <path>C:\ti\bios_5_42_01_09\packages\ti\rtdx\lib\c5500\</path>
         <kind>archive</kind>
         <file>rtdxx.lib</file>
         <name>intr_tgt.o55L</name>
      </input_file>
      <input_file id="fl-81">
         <path>C:\c55\DMFX_1_1\c55xx_csl\ccs_v5.0_examples\C55XXCSL_LP\Debug\</path>
         <kind>archive</kind>
         <file>C55XXCSL_LP.lib</file>
         <name>csl_sar.obj</name>
      </input_file>
      <input_file id="fl-82">
         <path>C:\ti\bios_5_42_01_09\packages\ti\bios\lib\</path>
         <kind>archive</kind>
         <file>bios.a55L</file>
         <name>sem_crea.o55L</name>
      </input_file>
      <input_file id="fl-83">
         <path>C:\ti\bios_5_42_01_09\packages\ti\bios\lib\</path>
         <kind>archive</kind>
         <file>bios.a55L</file>
         <name>obj_crea.o55L</name>
      </input_file>
      <input_file id="fl-84">
         <path>C:\ti\bios_5_42_01_09\packages\ti\bios\lib\</path>
         <kind>archive</kind>
         <file>bios.a55L</file>
         <name>mem_vall.o55L</name>
      </input_file>
      <input_file id="fl-85">
         <path>C:\ti\bios_5_42_01_09\packages\ti\bios\lib\</path>
         <kind>archive</kind>
         <file>bios.a55L</file>
         <name>que_get.o55L</name>
      </input_file>
      <input_file id="fl-86">
         <path>C:\ti\bios_5_42_01_09\packages\ti\bios\lib\</path>
         <kind>archive</kind>
         <file>bios.a55L</file>
         <name>sem_dele.o55L</name>
      </input_file>
      <input_file id="fl-87">
         <path>C:\ti\bios_5_42_01_09\packages\ti\bios\lib\</path>
         <kind>archive</kind>
         <file>bios.a55L</file>
         <name>obj_dele.o55L</name>
      </input_file>
      <input_file id="fl-88">
         <path>C:\ti\bios_5_42_01_09\packages\ti\bios\lib\</path>
         <kind>archive</kind>
         <file>bios.a55L</file>
         <name>sem_pend_counting.o55L</name>
      </input_file>
      <input_file id="fl-89">
         <path>C:\ti\bios_5_42_01_09\packages\ti\bios\lib\</path>
         <kind>archive</kind>
         <file>bios.a55L</file>
         <name>sem_pend.o55L</name>
      </input_file>
      <input_file id="fl-8a">
         <path>C:\ti\bios_5_42_01_09\packages\ti\bios\lib\</path>
         <kind>archive</kind>
         <file>bios.a55L</file>
         <name>sem_post_asm.o55L</name>
      </input_file>
      <input_file id="fl-8b">
         <path>C:\ti\bios_5_42_01_09\packages\ti\bios\lib\</path>
         <kind>archive</kind>
         <file>bios.a55L</file>
         <name>sem_post.o55L</name>
      </input_file>
      <input_file id="fl-8c">
         <path>C:\ti\bios_5_42_01_09\packages\ti\bios\lib\</path>
         <kind>archive</kind>
         <file>bios.a55L</file>
         <name>sts_set.o55L</name>
      </input_file>
      <input_file id="fl-8d">
         <path>C:\ti\bios_5_42_01_09\packages\ti\bios\lib\</path>
         <kind>archive</kind>
         <file>bios.a55L</file>
         <name>sys_erro.o55L</name>
      </input_file>
      <input_file id="fl-8e">
         <path>C:\ti\bios_5_42_01_09\packages\ti\bios\lib\</path>
         <kind>archive</kind>
         <file>bios.a55L</file>
         <name>sys_prin.o55L</name>
      </input_file>
      <input_file id="fl-8f">
         <path>C:\ti\bios_5_42_01_09\packages\ti\bios\lib\</path>
         <kind>archive</kind>
         <file>bios.a55L</file>
         <name>tsk.o55L</name>
      </input_file>
      <input_file id="fl-90">
         <path>C:\ti\bios_5_42_01_09\packages\ti\bios\lib\</path>
         <kind>archive</kind>
         <file>bios.a55L</file>
         <name>tsk_disa.o55L</name>
      </input_file>
      <input_file id="fl-91">
         <path>C:\ti\bios_5_42_01_09\packages\ti\bios\lib\</path>
         <kind>archive</kind>
         <file>bios.a55L</file>
         <name>tsk_exit.o55L</name>
      </input_file>
      <input_file id="fl-92">
         <path>C:\ti\bios_5_42_01_09\packages\ti\bios\lib\</path>
         <kind>archive</kind>
         <file>bios.a55L</file>
         <name>sys_exit.o55L</name>
      </input_file>
      <input_file id="fl-93">
         <path>C:\ti\bios_5_42_01_09\packages\ti\bios\lib\</path>
         <kind>archive</kind>
         <file>bios.a55L</file>
         <name>sys.o55L</name>
      </input_file>
      <input_file id="fl-94">
         <path>C:\ti\bios_5_42_01_09\packages\ti\bios\lib\</path>
         <kind>archive</kind>
         <file>bios.a55L</file>
         <name>tsk_init.o55L</name>
      </input_file>
      <input_file id="fl-95">
         <path>C:\ti\bios_5_42_01_09\packages\ti\bios\lib\</path>
         <kind>archive</kind>
         <file>bios.a55L</file>
         <name>tsk_setu.o55L</name>
      </input_file>
      <input_file id="fl-96">
         <path>C:\ti\bios_5_42_01_09\packages\ti\bios\lib\</path>
         <kind>archive</kind>
         <file>bios.a55L</file>
         <name>tsk_stup.o55L</name>
      </input_file>
      <input_file id="fl-97">
         <path>C:\ti\bios_5_42_01_09\packages\ti\bios\lib\</path>
         <kind>archive</kind>
         <file>bios.a55L</file>
         <name>lck.o55L</name>
      </input_file>
      <input_file id="fl-98">
         <path>C:\ti\bios_5_42_01_09\packages\ti\bios\lib\</path>
         <kind>archive</kind>
         <file>bios.a55L</file>
         <name>sys_abor.o55L</name>
      </input_file>
      <input_file id="fl-99">
         <path>C:\ti\bios_5_42_01_09\packages\ti\bios\lib\</path>
         <kind>archive</kind>
         <file>bios.a55L</file>
         <name>sem_dopo.o55L</name>
      </input_file>
      <input_file id="fl-9a">
         <path>C:\ti\ccsv5\tools\compiler\c5500_4.4.1\lib\</path>
         <kind>archive</kind>
         <file>rts55x.lib</file>
         <name>divli.obj</name>
      </input_file>
      <input_file id="fl-9b">
         <path>C:\ti\ccsv5\tools\compiler\c5500_4.4.1\lib\</path>
         <kind>archive</kind>
         <file>rts55x.lib</file>
         <name>divul.obj</name>
      </input_file>
      <input_file id="fl-9c">
         <path>C:\ti\ccsv5\tools\compiler\c5500_4.4.1\lib\</path>
         <kind>archive</kind>
         <file>rts55x.lib</file>
         <name>lmpy.obj</name>
      </input_file>
      <input_file id="fl-9d">
         <path>C:\ti\ccsv5\tools\compiler\c5500_4.4.1\lib\</path>
         <kind>archive</kind>
         <file>rts55x.lib</file>
         <name>_lock.obj</name>
      </input_file>
      <input_file id="fl-9e">
         <path>C:\ti\ccsv5\tools\compiler\c5500_4.4.1\lib\</path>
         <kind>archive</kind>
         <file>rts55x.lib</file>
         <name>remul.obj</name>
      </input_file>
      <input_file id="fl-9f">
         <path>C:\ti\ccsv5\tools\compiler\c5500_4.4.1\lib\</path>
         <kind>archive</kind>
         <file>rts55x.lib</file>
         <name>atexit.obj</name>
      </input_file>
      <input_file id="fl-a0">
         <path>C:\ti\ccsv5\tools\compiler\c5500_4.4.1\lib\</path>
         <kind>archive</kind>
         <file>rts55x.lib</file>
         <name>sinit.obj</name>
      </input_file>
      <input_file id="fl-a1">
         <path>C:\ti\ccsv5\tools\compiler\c5500_4.4.1\lib\</path>
         <kind>archive</kind>
         <file>rts55x.lib</file>
         <name>exit.obj</name>
      </input_file>
      <input_file id="fl-a2">
         <path>C:\ti\bios_5_42_01_09\packages\ti\bios\lib\</path>
         <kind>archive</kind>
         <file>bios.a55L</file>
         <name>autoinit.o55L</name>
      </input_file>
      <input_file id="fl-a3">
         <path>C:\c55\DMFX_1_1\dsplib\lib\</path>
         <kind>archive</kind>
         <file>55xdspl.lib</file>
         <name>iircas61.obj</name>
      </input_file>
      <input_file id="fl-a4">
         <path>C:\ti\ccsv5\tools\compiler\c5500_4.4.1\lib\</path>
         <kind>archive</kind>
         <file>rts55x.lib</file>
         <name>memcpy.obj</name>
      </input_file>
      <input_file id="fl-a5">
         <path>C:\ti\ccsv5\tools\compiler\c5500_4.4.1\lib\</path>
         <kind>archive</kind>
         <file>rts55x.lib</file>
         <name>memset.obj</name>
      </input_file>
      <input_file id="fl-a6">
         <path>C:\c55\DMFX_1_1\dsplib\lib\</path>
         <kind>archive</kind>
         <file>55xdspl.lib</file>
         <name>rand16.obj</name>
      </input_file>
      <input_file id="fl-a7">
         <path>C:\c55\DMFX_1_1\dsplib\lib\</path>
         <kind>archive</kind>
         <file>55xdspl.lib</file>
         <name>rand16i.obj</name>
      </input_file>
      <input_file id="fl-a8">
         <path>C:\c55\DMFX_1_1\dsplib\lib\</path>
         <kind>archive</kind>
         <file>55xdspl.lib</file>
         <name>sine.obj</name>
      </input_file>
      <input_file id="fl-a9">
         <path>C:\ti\bios_5_42_01_09\packages\ti\bios\lib\</path>
         <kind>archive</kind>
         <file>bios.a55L</file>
         <name>rta_andn.o55L</name>
      </input_file>
   </input_file_list>
   <object_component_list>
      <object_component id="oc-e4">
         <name>.vers</name>
         <load_address>0x0</load_address>
         <run_address>0x0</run_address>
         <size>0x88</size>
         <input_file_ref idref="fl-1a"/>
      </object_component>
      <object_component id="oc-cd">
         <name>.clk</name>
         <uninitialized>true</uninitialized>
         <run_address>0x9dc4</run_address>
         <size>0x8</size>
         <input_file_ref idref="fl-1a"/>
      </object_component>
      <object_component id="oc-ce">
         <name>.prd</name>
         <uninitialized>true</uninitialized>
         <run_address>0x9d50</run_address>
         <size>0x18</size>
         <input_file_ref idref="fl-1a"/>
      </object_component>
      <object_component id="oc-d5">
         <name>.swi</name>
         <uninitialized>true</uninitialized>
         <run_address>0x9ccc</run_address>
         <size>0x50</size>
         <input_file_ref idref="fl-1a"/>
      </object_component>
      <object_component id="oc-d8">
         <name>.tsk</name>
         <uninitialized>true</uninitialized>
         <run_address>0x9544</run_address>
         <size>0x1b8</size>
         <input_file_ref idref="fl-1a"/>
      </object_component>
      <object_component id="oc-de">
         <name>.idl</name>
         <uninitialized>true</uninitialized>
         <run_address>0x9d88</run_address>
         <size>0x10</size>
         <input_file_ref idref="fl-1a"/>
      </object_component>
      <object_component id="oc-dd">
         <name>.idlcal</name>
         <uninitialized>true</uninitialized>
         <run_address>0x9d98</run_address>
         <size>0x10</size>
         <input_file_ref idref="fl-1a"/>
      </object_component>
      <object_component id="oc-eb">
         <name>.sysdata</name>
         <uninitialized>true</uninitialized>
         <run_address>0x96fc</run_address>
         <size>0x160</size>
         <input_file_ref idref="fl-39"/>
      </object_component>
      <object_component id="oc-128">
         <name>.sysdata</name>
         <uninitialized>true</uninitialized>
         <run_address>0x9894</run_address>
         <size>0x4</size>
         <input_file_ref idref="fl-49"/>
      </object_component>
      <object_component id="oc-132">
         <name>.sysdata</name>
         <uninitialized>true</uninitialized>
         <run_address>0x9888</run_address>
         <size>0xc</size>
         <input_file_ref idref="fl-4b"/>
      </object_component>
      <object_component id="oc-144">
         <name>.sysdata</name>
         <uninitialized>true</uninitialized>
         <run_address>0x985c</run_address>
         <size>0x2c</size>
         <input_file_ref idref="fl-4f"/>
      </object_component>
      <object_component id="oc-c8">
         <name>.mem</name>
         <uninitialized>true</uninitialized>
         <run_address>0x4ffc</run_address>
         <size>0x2</size>
         <input_file_ref idref="fl-1a"/>
      </object_component>
      <object_component id="oc-2f4">
         <name>.switch:_DMA_config</name>
         <load_address>0x4eac</load_address>
         <run_address>0x4eac</run_address>
         <size>0x40</size>
         <input_file_ref idref="fl-5a"/>
      </object_component>
      <object_component id="oc-2f5">
         <name>.switch:_DMA_getConfig</name>
         <load_address>0x4eec</load_address>
         <run_address>0x4eec</run_address>
         <size>0x40</size>
         <input_file_ref idref="fl-5a"/>
      </object_component>
      <object_component id="oc-2f6">
         <name>.switch:_DMA_reset</name>
         <load_address>0x4f2c</load_address>
         <run_address>0x4f2c</run_address>
         <size>0x40</size>
         <input_file_ref idref="fl-5a"/>
      </object_component>
      <object_component id="oc-2f8">
         <name>.switch:_LLC_I2SSetClkdiv</name>
         <load_address>0x4f6c</load_address>
         <run_address>0x4f6c</run_address>
         <size>0x24</size>
         <input_file_ref idref="fl-6c"/>
      </object_component>
      <object_component id="oc-2f7">
         <name>.switch:_LLC_I2SSetWordLength</name>
         <load_address>0x4f90</load_address>
         <run_address>0x4f90</run_address>
         <size>0x24</size>
         <input_file_ref idref="fl-6c"/>
      </object_component>
      <object_component id="oc-2fa">
         <name>.switch:__DDC_i2cIntrHandler</name>
         <load_address>0x4fb4</load_address>
         <run_address>0x4fb4</run_address>
         <size>0x20</size>
         <input_file_ref idref="fl-77"/>
      </object_component>
      <object_component id="oc-11f">
         <name>.trcdata</name>
         <load_address>0x9dcc</load_address>
         <run_address>0x9dcc</run_address>
         <size>0x6</size>
         <input_file_ref idref="fl-47"/>
      </object_component>
      <object_component id="oc-308">
         <name>.rtdx_text:_RTDX_write_next</name>
         <load_address>0x8800</load_address>
         <run_address>0x8800</run_address>
         <size>0x1db</size>
         <input_file_ref idref="fl-7e"/>
      </object_component>
      <object_component id="oc-303">
         <name>.rtdx_text:_RTDX_Buffer_WriteCB</name>
         <load_address>0x89db</load_address>
         <run_address>0x89db</run_address>
         <size>0x17c</size>
         <input_file_ref idref="fl-7e"/>
      </object_component>
      <object_component id="oc-2fc">
         <name>.rtdx_text:_RTDX_Init_RT_Monitor</name>
         <load_address>0x8b57</load_address>
         <run_address>0x8b57</run_address>
         <size>0x10f</size>
         <input_file_ref idref="fl-7f"/>
      </object_component>
      <object_component id="oc-2f0">
         <name>.rtdx_text:_RTDX_Poll</name>
         <load_address>0x8c66</load_address>
         <run_address>0x8c66</run_address>
         <size>0xec</size>
         <input_file_ref idref="fl-7f"/>
      </object_component>
      <object_component id="oc-307">
         <name>.rtdx_text:_claim</name>
         <load_address>0x8d52</load_address>
         <run_address>0x8d52</run_address>
         <size>0xb5</size>
         <input_file_ref idref="fl-7e"/>
      </object_component>
      <object_component id="oc-300">
         <name>.rtdx_text:_StartXFer</name>
         <load_address>0x8e07</load_address>
         <run_address>0x8e07</run_address>
         <size>0x93</size>
         <input_file_ref idref="fl-7f"/>
      </object_component>
      <object_component id="oc-309">
         <name>.rtdx_text:_RTDX_Mon_Queue</name>
         <load_address>0x8e9a</load_address>
         <run_address>0x8e9a</run_address>
         <size>0x88</size>
         <input_file_ref idref="fl-7f"/>
      </object_component>
      <object_component id="oc-2f1">
         <name>.rtdx_text:_RTDX_H2TPoll</name>
         <load_address>0x8f22</load_address>
         <run_address>0x8f22</run_address>
         <size>0x65</size>
         <input_file_ref idref="fl-7f"/>
      </object_component>
      <object_component id="oc-2fb">
         <name>.rtdx_text:_RTDX_Buffer_Initialize</name>
         <load_address>0x8f87</load_address>
         <run_address>0x8f87</run_address>
         <size>0x53</size>
         <input_file_ref idref="fl-7e"/>
      </object_component>
      <object_component id="oc-302">
         <name>.rtdx_text:_RTDX_Buffer_ReadCB</name>
         <load_address>0x8fda</load_address>
         <run_address>0x8fda</run_address>
         <size>0x4b</size>
         <input_file_ref idref="fl-7d"/>
      </object_component>
      <object_component id="oc-305">
         <name>.rtdx_text:_RTDX_Final_RT_Monitor</name>
         <load_address>0x9025</load_address>
         <run_address>0x9025</run_address>
         <size>0x3c</size>
         <input_file_ref idref="fl-7f"/>
      </object_component>
      <object_component id="oc-306">
         <name>.rtdx_text:_RTDX_Buffer_Size</name>
         <load_address>0x9061</load_address>
         <run_address>0x9061</run_address>
         <size>0x3b</size>
         <input_file_ref idref="fl-7e"/>
      </object_component>
      <object_component id="oc-2fd">
         <name>.rtdx_text:_RTDX_Mask_IER</name>
         <load_address>0x909c</load_address>
         <run_address>0x909c</run_address>
         <size>0x2a</size>
         <input_file_ref idref="fl-80"/>
      </object_component>
      <object_component id="oc-2f2">
         <name>.rtdx_text:_RTDX_Buffer_Read</name>
         <load_address>0x90c6</load_address>
         <run_address>0x90c6</run_address>
         <size>0x22</size>
         <input_file_ref idref="fl-7d"/>
      </object_component>
      <object_component id="oc-301">
         <name>.rtdx_text:_RTDX_Set_IER</name>
         <load_address>0x90e8</load_address>
         <run_address>0x90e8</run_address>
         <size>0x1e</size>
         <input_file_ref idref="fl-80"/>
      </object_component>
      <object_component id="oc-2f3">
         <name>.rtdx_text:_RTDX_Buffer_Write</name>
         <load_address>0x9106</load_address>
         <run_address>0x9106</run_address>
         <size>0x1c</size>
         <input_file_ref idref="fl-7e"/>
      </object_component>
      <object_component id="oc-2fe">
         <name>.rtdx_text:_Allow_EmuAccess</name>
         <load_address>0x9122</load_address>
         <run_address>0x9122</run_address>
         <size>0x17</size>
         <input_file_ref idref="fl-7f"/>
      </object_component>
      <object_component id="oc-2ff">
         <name>.rtdx_text:_Disallow_EmuAccess</name>
         <load_address>0x9139</load_address>
         <run_address>0x9139</run_address>
         <size>0x4</size>
         <input_file_ref idref="fl-7f"/>
      </object_component>
      <object_component id="oc-304">
         <name>.rtdx_text:_Wait</name>
         <load_address>0x913d</load_address>
         <run_address>0x913d</run_address>
         <size>0x4</size>
         <input_file_ref idref="fl-7f"/>
      </object_component>
      <object_component id="oc-e2">
         <name>.sem</name>
         <uninitialized>true</uninitialized>
         <run_address>0x9898</run_address>
         <size>0x108</size>
         <input_file_ref idref="fl-1a"/>
      </object_component>
      <object_component id="oc-cc">
         <name>.sys</name>
         <uninitialized>true</uninitialized>
         <run_address>0x9da8</run_address>
         <size>0x10</size>
         <input_file_ref idref="fl-1a"/>
      </object_component>
      <object_component id="oc-c9">
         <name>.cinit</name>
         <load_address>0x30c0</load_address>
         <run_address>0x30c0</run_address>
         <size>0xaa4</size>
         <input_file_ref idref="fl-1a"/>
      </object_component>
      <object_component id="oc-95">
         <name>.cinit</name>
         <load_address>0x3b64</load_address>
         <run_address>0x3b64</run_address>
         <size>0x5e4</size>
         <input_file_ref idref="fl-12"/>
      </object_component>
      <object_component id="oc-ec">
         <name>.cinit</name>
         <load_address>0x4148</load_address>
         <run_address>0x4148</run_address>
         <size>0x15e</size>
         <input_file_ref idref="fl-39"/>
      </object_component>
      <object_component id="oc-1b8">
         <name>.cinit</name>
         <load_address>0x42a6</load_address>
         <run_address>0x42a6</run_address>
         <size>0x140</size>
         <input_file_ref idref="fl-67"/>
      </object_component>
      <object_component id="oc-77">
         <name>.cinit</name>
         <load_address>0x43e6</load_address>
         <run_address>0x43e6</run_address>
         <size>0xf0</size>
         <input_file_ref idref="fl-e"/>
      </object_component>
      <object_component id="oc-a5">
         <name>.cinit</name>
         <load_address>0x44d6</load_address>
         <run_address>0x44d6</run_address>
         <size>0xda</size>
         <input_file_ref idref="fl-14"/>
      </object_component>
      <object_component id="oc-63">
         <name>.cinit</name>
         <load_address>0x45b0</load_address>
         <run_address>0x45b0</run_address>
         <size>0xd4</size>
         <input_file_ref idref="fl-b"/>
      </object_component>
      <object_component id="oc-ad">
         <name>.cinit</name>
         <load_address>0x4684</load_address>
         <run_address>0x4684</run_address>
         <size>0xb8</size>
         <input_file_ref idref="fl-15"/>
      </object_component>
      <object_component id="oc-5c">
         <name>.cinit</name>
         <load_address>0x473c</load_address>
         <run_address>0x473c</run_address>
         <size>0xb8</size>
         <input_file_ref idref="fl-a"/>
      </object_component>
      <object_component id="oc-16d">
         <name>.cinit</name>
         <load_address>0x47f4</load_address>
         <run_address>0x47f4</run_address>
         <size>0x94</size>
         <input_file_ref idref="fl-58"/>
      </object_component>
      <object_component id="oc-8e">
         <name>.cinit</name>
         <load_address>0x4888</load_address>
         <run_address>0x4888</run_address>
         <size>0x94</size>
         <input_file_ref idref="fl-11"/>
      </object_component>
      <object_component id="oc-70">
         <name>.cinit</name>
         <load_address>0x491c</load_address>
         <run_address>0x491c</run_address>
         <size>0x94</size>
         <input_file_ref idref="fl-d"/>
      </object_component>
      <object_component id="oc-268">
         <name>.cinit</name>
         <load_address>0x49b0</load_address>
         <run_address>0x49b0</run_address>
         <size>0x62</size>
         <input_file_ref idref="fl-8f"/>
      </object_component>
      <object_component id="oc-28a">
         <name>.cinit</name>
         <load_address>0x4a12</load_address>
         <run_address>0x4a12</run_address>
         <size>0x5c</size>
         <input_file_ref idref="fl-96"/>
      </object_component>
      <object_component id="oc-7f">
         <name>.cinit</name>
         <load_address>0x4a6e</load_address>
         <run_address>0x4a6e</run_address>
         <size>0x4c</size>
         <input_file_ref idref="fl-f"/>
      </object_component>
      <object_component id="oc-145">
         <name>.cinit</name>
         <load_address>0x4aba</load_address>
         <run_address>0x4aba</run_address>
         <size>0x32</size>
         <input_file_ref idref="fl-4f"/>
      </object_component>
      <object_component id="oc-223">
         <name>.cinit</name>
         <load_address>0x4aec</load_address>
         <run_address>0x4aec</run_address>
         <size>0x2e</size>
         <input_file_ref idref="fl-7e"/>
      </object_component>
      <object_component id="oc-19c">
         <name>.cinit</name>
         <load_address>0x4b1a</load_address>
         <run_address>0x4b1a</run_address>
         <size>0x22</size>
         <input_file_ref idref="fl-61"/>
      </object_component>
      <object_component id="oc-10f">
         <name>.cinit</name>
         <load_address>0x4b3c</load_address>
         <run_address>0x4b3c</run_address>
         <size>0x1e</size>
         <input_file_ref idref="fl-43"/>
      </object_component>
      <object_component id="oc-1c1">
         <name>.cinit</name>
         <load_address>0x4b5a</load_address>
         <run_address>0x4b5a</run_address>
         <size>0x16</size>
         <input_file_ref idref="fl-69"/>
      </object_component>
      <object_component id="oc-1f5">
         <name>.cinit</name>
         <load_address>0x4b70</load_address>
         <run_address>0x4b70</run_address>
         <size>0x14</size>
         <input_file_ref idref="fl-74"/>
      </object_component>
      <object_component id="oc-27c">
         <name>.cinit</name>
         <load_address>0x4b84</load_address>
         <run_address>0x4b84</run_address>
         <size>0x14</size>
         <input_file_ref idref="fl-93"/>
      </object_component>
      <object_component id="oc-2ab">
         <name>.cinit</name>
         <load_address>0x4b98</load_address>
         <run_address>0x4b98</run_address>
         <size>0x14</size>
         <input_file_ref idref="fl-9d"/>
      </object_component>
      <object_component id="oc-2c1">
         <name>.cinit</name>
         <load_address>0x4bac</load_address>
         <run_address>0x4bac</run_address>
         <size>0x14</size>
         <input_file_ref idref="fl-a1"/>
      </object_component>
      <object_component id="oc-1e1">
         <name>.cinit</name>
         <load_address>0x4bc0</load_address>
         <run_address>0x4bc0</run_address>
         <size>0x12</size>
         <input_file_ref idref="fl-70"/>
      </object_component>
      <object_component id="oc-b5">
         <name>.cinit</name>
         <load_address>0x4bd2</load_address>
         <run_address>0x4bd2</run_address>
         <size>0x12</size>
         <input_file_ref idref="fl-16"/>
      </object_component>
      <object_component id="oc-133">
         <name>.cinit</name>
         <load_address>0x4be4</load_address>
         <run_address>0x4be4</run_address>
         <size>0x12</size>
         <input_file_ref idref="fl-4b"/>
      </object_component>
      <object_component id="oc-9d">
         <name>.cinit</name>
         <load_address>0x4bf6</load_address>
         <run_address>0x4bf6</run_address>
         <size>0x10</size>
         <input_file_ref idref="fl-13"/>
      </object_component>
      <object_component id="oc-87">
         <name>.cinit</name>
         <load_address>0x4c06</load_address>
         <run_address>0x4c06</run_address>
         <size>0x10</size>
         <input_file_ref idref="fl-10"/>
      </object_component>
      <object_component id="oc-2b5">
         <name>.cinit</name>
         <load_address>0x4c16</load_address>
         <run_address>0x4c16</run_address>
         <size>0x10</size>
         <input_file_ref idref="fl-9f"/>
      </object_component>
      <object_component id="oc-230">
         <name>.cinit</name>
         <load_address>0x4c26</load_address>
         <run_address>0x4c26</run_address>
         <size>0xe</size>
         <input_file_ref idref="fl-82"/>
      </object_component>
      <object_component id="oc-129">
         <name>.cinit</name>
         <load_address>0x4c34</load_address>
         <run_address>0x4c34</run_address>
         <size>0xa</size>
         <input_file_ref idref="fl-49"/>
      </object_component>
      <object_component id="oc-f0">
         <name>.cinit</name>
         <load_address>0x4c3e</load_address>
         <run_address>0x4c3e</run_address>
         <size>0xa</size>
         <input_file_ref idref="fl-3a"/>
      </object_component>
      <object_component id="oc-2bb">
         <name>.cinit</name>
         <load_address>0x4c48</load_address>
         <run_address>0x4c48</run_address>
         <size>0xa</size>
         <input_file_ref idref="fl-a0"/>
      </object_component>
      <object_component id="oc-26e">
         <name>.cinit</name>
         <load_address>0x4c52</load_address>
         <run_address>0x4c52</run_address>
         <size>0x8</size>
         <input_file_ref idref="fl-90"/>
      </object_component>
      <object_component id="oc-226">
         <name>.pinit</name>
         <load_address>0x9db8</load_address>
         <run_address>0x9db8</run_address>
         <size>0x4</size>
         <input_file_ref idref="fl-7e"/>
      </object_component>
      <object_component id="oc-229">
         <name>.pinit</name>
         <load_address>0x9dbc</load_address>
         <run_address>0x9dbc</run_address>
         <size>0x4</size>
         <input_file_ref idref="fl-7f"/>
      </object_component>
      <object_component id="oc-c7">
         <name>.gblinit</name>
         <load_address>0x9c48</load_address>
         <run_address>0x9c48</run_address>
         <size>0x82</size>
         <input_file_ref idref="fl-1a"/>
      </object_component>
      <object_component id="oc-ca">
         <name>.rtdx_data</name>
         <uninitialized>true</uninitialized>
         <run_address>0x4c5c</run_address>
         <size>0x204</size>
         <input_file_ref idref="fl-1a"/>
      </object_component>
      <object_component id="oc-21e">
         <name>.rtdx_data</name>
         <uninitialized>true</uninitialized>
         <run_address>0x4ea4</run_address>
         <size>0x8</size>
         <input_file_ref idref="fl-7c"/>
      </object_component>
      <object_component id="oc-224">
         <name>.rtdx_data</name>
         <uninitialized>true</uninitialized>
         <run_address>0x4e84</run_address>
         <size>0x20</size>
         <input_file_ref idref="fl-7e"/>
      </object_component>
      <object_component id="oc-227">
         <name>.rtdx_data</name>
         <uninitialized>true</uninitialized>
         <run_address>0x4e60</run_address>
         <size>0x24</size>
         <input_file_ref idref="fl-7f"/>
      </object_component>
      <object_component id="oc-d9">
         <name>.mainTsk$stk</name>
         <uninitialized>true</uninitialized>
         <run_address>0x7e00</run_address>
         <size>0xa00</size>
         <input_file_ref idref="fl-1a"/>
      </object_component>
      <object_component id="oc-da">
         <name>.AudioTx_Tsk$stk</name>
         <uninitialized>true</uninitialized>
         <run_address>0x6a00</run_address>
         <size>0xa00</size>
         <input_file_ref idref="fl-1a"/>
      </object_component>
      <object_component id="oc-db">
         <name>.AudioRx_Tsk$stk</name>
         <uninitialized>true</uninitialized>
         <run_address>0x6000</run_address>
         <size>0xa00</size>
         <input_file_ref idref="fl-1a"/>
      </object_component>
      <object_component id="oc-dc">
         <name>.Tsk_I2c_Intc_SlaveRx$stk</name>
         <uninitialized>true</uninitialized>
         <run_address>0x7400</run_address>
         <size>0xa00</size>
         <input_file_ref idref="fl-1a"/>
      </object_component>
      <object_component id="oc-df">
         <name>.LOG_system$buf</name>
         <uninitialized>true</uninitialized>
         <run_address>0x5000</run_address>
         <size>0x1000</size>
         <input_file_ref idref="fl-1a"/>
      </object_component>
      <object_component id="oc-d0">
         <name>.hst1</name>
         <uninitialized>true</uninitialized>
         <run_address>0x9d78</run_address>
         <size>0x10</size>
         <input_file_ref idref="fl-1a"/>
      </object_component>
      <object_component id="oc-d3">
         <name>.hst0</name>
         <uninitialized>true</uninitialized>
         <run_address>0x9d68</run_address>
         <size>0x10</size>
         <input_file_ref idref="fl-1a"/>
      </object_component>
      <object_component id="oc-11b">
         <name>.args</name>
         <load_address>0x99a0</load_address>
         <run_address>0x99a0</run_address>
         <size>0x0</size>
         <input_file_ref idref="fl-46"/>
      </object_component>
      <object_component id="oc-2c">
         <name>_SYS_PUTCBEG</name>
         <load_address>0x9142</load_address>
         <run_address>0x9142</run_address>
         <size>0x0</size>
      </object_component>
      <object_component id="oc-2e">
         <name>_SYS_PUTCEND</name>
         <load_address>0x9542</load_address>
         <run_address>0x9542</run_address>
         <size>0x0</size>
      </object_component>
      <object_component id="oc-d1">
         <name>.hst</name>
         <uninitialized>true</uninitialized>
         <run_address>0x9d1c</run_address>
         <size>0x34</size>
         <input_file_ref idref="fl-1a"/>
      </object_component>
      <object_component id="oc-e0">
         <name>.log</name>
         <uninitialized>true</uninitialized>
         <run_address>0x4fd4</run_address>
         <size>0x28</size>
         <input_file_ref idref="fl-1a"/>
      </object_component>
      <object_component id="oc-d2">
         <name>.pip</name>
         <uninitialized>true</uninitialized>
         <run_address>0x9b80</run_address>
         <size>0xc8</size>
         <input_file_ref idref="fl-1a"/>
      </object_component>
      <object_component id="oc-cf">
         <name>.sts</name>
         <uninitialized>true</uninitialized>
         <run_address>0x9aa0</run_address>
         <size>0xe0</size>
         <input_file_ref idref="fl-1a"/>
      </object_component>
      <object_component id="oc-35">
         <name>GBL_sysstackbeg</name>
         <uninitialized>true</uninitialized>
         <run_address>0xc0</run_address>
         <size>0x0</size>
      </object_component>
      <object_component id="oc-2e7">
         <name>.sysstack</name>
         <uninitialized>true</uninitialized>
         <run_address>0xc0</run_address>
         <size>0x0</size>
         <input_file_ref idref="fl-46"/>
      </object_component>
      <object_component id="oc-34a">
         <name>.sysstack</name>
         <uninitialized>true</uninitialized>
         <run_address>0xc0</run_address>
         <size>0x0</size>
      </object_component>
      <object_component id="oc-38">
         <name>GBL_stackbeg</name>
         <uninitialized>true</uninitialized>
         <run_address>0x10c0</run_address>
         <size>0x0</size>
      </object_component>
      <object_component id="oc-11a">
         <name>.stack</name>
         <uninitialized>true</uninitialized>
         <run_address>0x10c0</run_address>
         <size>0x0</size>
         <input_file_ref idref="fl-46"/>
      </object_component>
      <object_component id="oc-349">
         <name>.stack</name>
         <uninitialized>true</uninitialized>
         <run_address>0x10c0</run_address>
         <size>0x0</size>
      </object_component>
      <object_component id="oc-55">
         <name>.bss</name>
         <uninitialized>true</uninitialized>
         <run_address>0x3dfa8</run_address>
         <size>0x28</size>
         <input_file_ref idref="fl-1a"/>
      </object_component>
      <object_component id="oc-5a">
         <name>.bss</name>
         <uninitialized>true</uninitialized>
         <run_address>0x3df14</run_address>
         <size>0x4c</size>
         <input_file_ref idref="fl-a"/>
      </object_component>
      <object_component id="oc-61">
         <name>.bss</name>
         <uninitialized>true</uninitialized>
         <run_address>0x3dbbc</run_address>
         <size>0xa6</size>
         <input_file_ref idref="fl-b"/>
      </object_component>
      <object_component id="oc-68">
         <name>.bss</name>
         <uninitialized>true</uninitialized>
         <run_address>0x3e03c</run_address>
         <size>0x1c</size>
         <input_file_ref idref="fl-c"/>
      </object_component>
      <object_component id="oc-6e">
         <name>.bss</name>
         <uninitialized>true</uninitialized>
         <run_address>0x3dde8</run_address>
         <size>0x7c</size>
         <input_file_ref idref="fl-d"/>
      </object_component>
      <object_component id="oc-75">
         <name>.bss</name>
         <uninitialized>true</uninitialized>
         <run_address>0x3a178</run_address>
         <size>0x18d4</size>
         <input_file_ref idref="fl-e"/>
      </object_component>
      <object_component id="oc-7d">
         <name>.bss</name>
         <uninitialized>true</uninitialized>
         <run_address>0x37300</run_address>
         <size>0x2e76</size>
         <input_file_ref idref="fl-f"/>
      </object_component>
      <object_component id="oc-85">
         <name>.bss</name>
         <uninitialized>true</uninitialized>
         <run_address>0x3e09c</run_address>
         <size>0xc</size>
         <input_file_ref idref="fl-10"/>
      </object_component>
      <object_component id="oc-8c">
         <name>.bss</name>
         <uninitialized>true</uninitialized>
         <run_address>0x3dd6c</run_address>
         <size>0x7c</size>
         <input_file_ref idref="fl-11"/>
      </object_component>
      <object_component id="oc-93">
         <name>.bss</name>
         <uninitialized>true</uninitialized>
         <run_address>0x3ce4e</run_address>
         <size>0x5d2</size>
         <input_file_ref idref="fl-12"/>
      </object_component>
      <object_component id="oc-9b">
         <name>.bss</name>
         <uninitialized>true</uninitialized>
         <run_address>0x3e080</run_address>
         <size>0xe</size>
         <input_file_ref idref="fl-13"/>
      </object_component>
      <object_component id="oc-a3">
         <name>.bss</name>
         <uninitialized>true</uninitialized>
         <run_address>0x3d83c</run_address>
         <size>0x162</size>
         <input_file_ref idref="fl-14"/>
      </object_component>
      <object_component id="oc-ab">
         <name>.bss</name>
         <uninitialized>true</uninitialized>
         <run_address>0x3ba4c</run_address>
         <size>0x1402</size>
         <input_file_ref idref="fl-15"/>
      </object_component>
      <object_component id="oc-b3">
         <name>.bss</name>
         <uninitialized>true</uninitialized>
         <run_address>0x3e0dc</run_address>
         <size>0x6</size>
         <input_file_ref idref="fl-16"/>
      </object_component>
      <object_component id="oc-bb">
         <name>.bss</name>
         <uninitialized>true</uninitialized>
         <run_address>0x3dc62</run_address>
         <size>0x2</size>
         <input_file_ref idref="fl-17"/>
      </object_component>
      <object_component id="oc-10e">
         <name>.bss</name>
         <uninitialized>true</uninitialized>
         <run_address>0x3e090</run_address>
         <size>0xc</size>
         <input_file_ref idref="fl-43"/>
      </object_component>
      <object_component id="oc-14e">
         <name>.bss</name>
         <uninitialized>true</uninitialized>
         <run_address>0x3e0b4</run_address>
         <size>0x8</size>
         <input_file_ref idref="fl-51"/>
      </object_component>
      <object_component id="oc-156">
         <name>.bss</name>
         <uninitialized>true</uninitialized>
         <run_address>0x3e0e4</run_address>
         <size>0x4</size>
         <input_file_ref idref="fl-53"/>
      </object_component>
      <object_component id="oc-162">
         <name>.bss</name>
         <uninitialized>true</uninitialized>
         <run_address>0x3e058</run_address>
         <size>0x18</size>
         <input_file_ref idref="fl-56"/>
      </object_component>
      <object_component id="oc-16b">
         <name>.bss</name>
         <uninitialized>true</uninitialized>
         <run_address>0x3d420</run_address>
         <size>0x298</size>
         <input_file_ref idref="fl-58"/>
      </object_component>
      <object_component id="oc-18e">
         <name>.bss</name>
         <uninitialized>true</uninitialized>
         <run_address>0x3dff8</run_address>
         <size>0x24</size>
         <input_file_ref idref="fl-5f"/>
      </object_component>
      <object_component id="oc-194">
         <name>.bss</name>
         <uninitialized>true</uninitialized>
         <run_address>0x3e01c</run_address>
         <size>0x20</size>
         <input_file_ref idref="fl-60"/>
      </object_component>
      <object_component id="oc-19a">
         <name>.bss</name>
         <uninitialized>true</uninitialized>
         <run_address>0x3dcec</run_address>
         <size>0x80</size>
         <input_file_ref idref="fl-61"/>
      </object_component>
      <object_component id="oc-1aa">
         <name>.bss</name>
         <uninitialized>true</uninitialized>
         <run_address>0x3dab4</run_address>
         <size>0x108</size>
         <input_file_ref idref="fl-64"/>
      </object_component>
      <object_component id="oc-1b7">
         <name>.bss</name>
         <uninitialized>true</uninitialized>
         <run_address>0x3d9a0</run_address>
         <size>0x114</size>
         <input_file_ref idref="fl-67"/>
      </object_component>
      <object_component id="oc-1c0">
         <name>.bss</name>
         <uninitialized>true</uninitialized>
         <run_address>0x3e070</run_address>
         <size>0x10</size>
         <input_file_ref idref="fl-69"/>
      </object_component>
      <object_component id="oc-1d7">
         <name>.bss</name>
         <uninitialized>true</uninitialized>
         <run_address>0x3e0e8</run_address>
         <size>0x4</size>
         <input_file_ref idref="fl-6e"/>
      </object_component>
      <object_component id="oc-1e0">
         <name>.bss</name>
         <uninitialized>true</uninitialized>
         <run_address>0x3e0bc</run_address>
         <size>0x8</size>
         <input_file_ref idref="fl-70"/>
      </object_component>
      <object_component id="oc-1f4">
         <name>.bss</name>
         <uninitialized>true</uninitialized>
         <run_address>0x3df60</run_address>
         <size>0x46</size>
         <input_file_ref idref="fl-74"/>
      </object_component>
      <object_component id="oc-205">
         <name>.bss</name>
         <uninitialized>true</uninitialized>
         <run_address>0x3dc64</run_address>
         <size>0x88</size>
         <input_file_ref idref="fl-77"/>
      </object_component>
      <object_component id="oc-222">
         <name>.bss</name>
         <uninitialized>true</uninitialized>
         <run_address>0x3e0a8</run_address>
         <size>0xc</size>
         <input_file_ref idref="fl-7e"/>
      </object_component>
      <object_component id="oc-22f">
         <name>.bss</name>
         <uninitialized>true</uninitialized>
         <run_address>0x3e0c4</run_address>
         <size>0x8</size>
         <input_file_ref idref="fl-82"/>
      </object_component>
      <object_component id="oc-267">
         <name>.bss</name>
         <uninitialized>true</uninitialized>
         <run_address>0x3de64</run_address>
         <size>0x60</size>
         <input_file_ref idref="fl-8f"/>
      </object_component>
      <object_component id="oc-26d">
         <name>.bss</name>
         <uninitialized>true</uninitialized>
         <run_address>0x3d99e</run_address>
         <size>0x2</size>
         <input_file_ref idref="fl-90"/>
      </object_component>
      <object_component id="oc-27b">
         <name>.bss</name>
         <uninitialized>true</uninitialized>
         <run_address>0x3dfd0</run_address>
         <size>0x28</size>
         <input_file_ref idref="fl-93"/>
      </object_component>
      <object_component id="oc-289">
         <name>.bss</name>
         <uninitialized>true</uninitialized>
         <run_address>0x3dec4</run_address>
         <size>0x50</size>
         <input_file_ref idref="fl-96"/>
      </object_component>
      <object_component id="oc-2a9">
         <name>.bss</name>
         <uninitialized>true</uninitialized>
         <run_address>0x3e0cc</run_address>
         <size>0x8</size>
         <input_file_ref idref="fl-9d"/>
      </object_component>
      <object_component id="oc-2b3">
         <name>.bss</name>
         <uninitialized>true</uninitialized>
         <run_address>0x3d6b8</run_address>
         <size>0x184</size>
         <input_file_ref idref="fl-9f"/>
      </object_component>
      <object_component id="oc-2b9">
         <name>.bss</name>
         <uninitialized>true</uninitialized>
         <run_address>0x3e0ec</run_address>
         <size>0x4</size>
         <input_file_ref idref="fl-a0"/>
      </object_component>
      <object_component id="oc-2bf">
         <name>.bss</name>
         <uninitialized>true</uninitialized>
         <run_address>0x3e0d4</run_address>
         <size>0x8</size>
         <input_file_ref idref="fl-a1"/>
      </object_component>
      <object_component id="oc-2da">
         <name>.bss</name>
         <uninitialized>true</uninitialized>
         <run_address>0x3a176</run_address>
         <size>0x2</size>
         <input_file_ref idref="fl-a7"/>
      </object_component>
      <object_component id="oc-123">
         <name>.hwi_disp_sec</name>
         <uninitialized>true</uninitialized>
         <run_address>0x42ab8</run_address>
         <size>0x180</size>
         <input_file_ref idref="fl-48"/>
      </object_component>
      <object_component id="oc-4f">
         <name>.bios</name>
         <load_address>0x3e0f0</load_address>
         <run_address>0x3e0f0</run_address>
         <size>0x3d4</size>
         <input_file_ref idref="fl-3b"/>
      </object_component>
      <object_component id="oc-134">
         <name>.bios</name>
         <load_address>0x3e4c4</load_address>
         <run_address>0x3e4c4</run_address>
         <size>0x3a3</size>
         <input_file_ref idref="fl-4b"/>
      </object_component>
      <object_component id="oc-263">
         <name>.bios</name>
         <load_address>0x3e868</load_address>
         <run_address>0x3e868</run_address>
         <size>0x395</size>
         <input_file_ref idref="fl-8e"/>
      </object_component>
      <object_component id="oc-124">
         <name>.bios</name>
         <load_address>0x3ebfd</load_address>
         <run_address>0x3ebfd</run_address>
         <size>0x35f</size>
         <input_file_ref idref="fl-48"/>
      </object_component>
      <object_component id="oc-1ef">
         <name>.bios</name>
         <load_address>0x3ef5c</load_address>
         <run_address>0x3ef5c</run_address>
         <size>0x1ae</size>
         <input_file_ref idref="fl-73"/>
      </object_component>
      <object_component id="oc-24e">
         <name>.bios</name>
         <load_address>0x3f10c</load_address>
         <run_address>0x3f10c</run_address>
         <size>0x18b</size>
         <input_file_ref idref="fl-89"/>
      </object_component>
      <object_component id="oc-140">
         <name>.bios</name>
         <load_address>0x3f297</load_address>
         <run_address>0x3f297</run_address>
         <size>0x186</size>
         <input_file_ref idref="fl-4e"/>
      </object_component>
      <object_component id="oc-1bc">
         <name>.bios</name>
         <load_address>0x3f420</load_address>
         <run_address>0x3f420</run_address>
         <size>0x185</size>
         <input_file_ref idref="fl-68"/>
      </object_component>
      <object_component id="oc-1e2">
         <name>.bios</name>
         <load_address>0x3f5a8</load_address>
         <run_address>0x3f5a8</run_address>
         <size>0x17f</size>
         <input_file_ref idref="fl-70"/>
      </object_component>
      <object_component id="oc-1e6">
         <name>.bios:.near</name>
         <load_address>0x3f728</load_address>
         <run_address>0x3f728</run_address>
         <size>0x175</size>
         <input_file_ref idref="fl-71"/>
      </object_component>
      <object_component id="oc-1c2">
         <name>.bios</name>
         <load_address>0x3f8a0</load_address>
         <run_address>0x3f8a0</run_address>
         <size>0x144</size>
         <input_file_ref idref="fl-69"/>
      </object_component>
      <object_component id="oc-146">
         <name>.bios</name>
         <load_address>0x3f9e4</load_address>
         <run_address>0x3f9e4</run_address>
         <size>0x130</size>
         <input_file_ref idref="fl-4f"/>
      </object_component>
      <object_component id="oc-1db">
         <name>.bios:.near</name>
         <load_address>0x3fb14</load_address>
         <run_address>0x3fb14</run_address>
         <size>0x12d</size>
         <input_file_ref idref="fl-6f"/>
      </object_component>
      <object_component id="oc-13c">
         <name>.bios</name>
         <load_address>0x3fc41</load_address>
         <run_address>0x3fc41</run_address>
         <size>0x119</size>
         <input_file_ref idref="fl-4d"/>
      </object_component>
      <object_component id="oc-4b">
         <name>.bios</name>
         <load_address>0x3fd5a</load_address>
         <run_address>0x3fd5a</run_address>
         <size>0x10e</size>
         <input_file_ref idref="fl-3a"/>
      </object_component>
      <object_component id="oc-298">
         <name>.bios</name>
         <load_address>0x3fe68</load_address>
         <run_address>0x3fe68</run_address>
         <size>0x104</size>
         <input_file_ref idref="fl-99"/>
      </object_component>
      <object_component id="oc-273">
         <name>.bios</name>
         <load_address>0x3ff6c</load_address>
         <run_address>0x3ff6c</run_address>
         <size>0xf8</size>
         <input_file_ref idref="fl-91"/>
      </object_component>
      <object_component id="oc-284">
         <name>.bios</name>
         <load_address>0x40064</load_address>
         <run_address>0x40064</run_address>
         <size>0xf6</size>
         <input_file_ref idref="fl-95"/>
      </object_component>
      <object_component id="oc-28b">
         <name>.bios</name>
         <load_address>0x4015c</load_address>
         <run_address>0x4015c</run_address>
         <size>0xbf</size>
         <input_file_ref idref="fl-96"/>
      </object_component>
      <object_component id="oc-15e">
         <name>.bios</name>
         <load_address>0x4021b</load_address>
         <run_address>0x4021b</run_address>
         <size>0xa2</size>
         <input_file_ref idref="fl-55"/>
      </object_component>
      <object_component id="oc-15a">
         <name>.bios</name>
         <load_address>0x402c0</load_address>
         <run_address>0x402c0</run_address>
         <size>0x90</size>
         <input_file_ref idref="fl-54"/>
      </object_component>
      <object_component id="oc-1b3">
         <name>.bios</name>
         <load_address>0x40350</load_address>
         <run_address>0x40350</run_address>
         <size>0x8d</size>
         <input_file_ref idref="fl-66"/>
      </object_component>
      <object_component id="oc-50">
         <name>.bios</name>
         <load_address>0x403e0</load_address>
         <run_address>0x403e0</run_address>
         <size>0x8d</size>
         <input_file_ref idref="fl-3e"/>
      </object_component>
      <object_component id="oc-52">
         <name>.bios</name>
         <load_address>0x40470</load_address>
         <run_address>0x40470</run_address>
         <size>0x87</size>
         <input_file_ref idref="fl-3d"/>
      </object_component>
      <object_component id="oc-252">
         <name>.bios</name>
         <load_address>0x404f7</load_address>
         <run_address>0x404f7</run_address>
         <size>0x82</size>
         <input_file_ref idref="fl-8a"/>
      </object_component>
      <object_component id="oc-1a5">
         <name>.bios</name>
         <load_address>0x4057c</load_address>
         <run_address>0x4057c</run_address>
         <size>0x68</size>
         <input_file_ref idref="fl-63"/>
      </object_component>
      <object_component id="oc-1d3">
         <name>.bios</name>
         <load_address>0x405e4</load_address>
         <run_address>0x405e4</run_address>
         <size>0x62</size>
         <input_file_ref idref="fl-6d"/>
      </object_component>
      <object_component id="oc-236">
         <name>.bios</name>
         <load_address>0x40648</load_address>
         <run_address>0x40648</run_address>
         <size>0x62</size>
         <input_file_ref idref="fl-83"/>
      </object_component>
      <object_component id="oc-1af">
         <name>.bios</name>
         <load_address>0x406ac</load_address>
         <run_address>0x406ac</run_address>
         <size>0x5f</size>
         <input_file_ref idref="fl-65"/>
      </object_component>
      <object_component id="oc-1ca">
         <name>.bios</name>
         <load_address>0x4070c</load_address>
         <run_address>0x4070c</run_address>
         <size>0x5b</size>
         <input_file_ref idref="fl-6b"/>
      </object_component>
      <object_component id="oc-231">
         <name>.bios</name>
         <load_address>0x40768</load_address>
         <run_address>0x40768</run_address>
         <size>0x5b</size>
         <input_file_ref idref="fl-82"/>
      </object_component>
      <object_component id="oc-290">
         <name>.bios</name>
         <load_address>0x407c4</load_address>
         <run_address>0x407c4</run_address>
         <size>0x58</size>
         <input_file_ref idref="fl-97"/>
      </object_component>
      <object_component id="oc-138">
         <name>.bios</name>
         <load_address>0x4081c</load_address>
         <run_address>0x4081c</run_address>
         <size>0x51</size>
         <input_file_ref idref="fl-4c"/>
      </object_component>
      <object_component id="oc-24a">
         <name>.bios</name>
         <load_address>0x4086d</load_address>
         <run_address>0x4086d</run_address>
         <size>0x4e</size>
         <input_file_ref idref="fl-88"/>
      </object_component>
      <object_component id="oc-256">
         <name>.bios</name>
         <load_address>0x408bc</load_address>
         <run_address>0x408bc</run_address>
         <size>0x48</size>
         <input_file_ref idref="fl-8b"/>
      </object_component>
      <object_component id="oc-14a">
         <name>.bios</name>
         <load_address>0x40904</load_address>
         <run_address>0x40904</run_address>
         <size>0x48</size>
         <input_file_ref idref="fl-50"/>
      </object_component>
      <object_component id="oc-277">
         <name>.bios</name>
         <load_address>0x4094c</load_address>
         <run_address>0x4094c</run_address>
         <size>0x48</size>
         <input_file_ref idref="fl-92"/>
      </object_component>
      <object_component id="oc-12a">
         <name>.bios</name>
         <load_address>0x40994</load_address>
         <run_address>0x40994</run_address>
         <size>0x47</size>
         <input_file_ref idref="fl-49"/>
      </object_component>
      <object_component id="oc-1a1">
         <name>.bios</name>
         <load_address>0x409db</load_address>
         <run_address>0x409db</run_address>
         <size>0x46</size>
         <input_file_ref idref="fl-62"/>
      </object_component>
      <object_component id="oc-246">
         <name>.bios</name>
         <load_address>0x40a24</load_address>
         <run_address>0x40a24</run_address>
         <size>0x45</size>
         <input_file_ref idref="fl-87"/>
      </object_component>
      <object_component id="oc-26f">
         <name>.bios</name>
         <load_address>0x40a6c</load_address>
         <run_address>0x40a6c</run_address>
         <size>0x44</size>
         <input_file_ref idref="fl-90"/>
      </object_component>
      <object_component id="oc-2e3">
         <name>.bios</name>
         <load_address>0x40ab0</load_address>
         <run_address>0x40ab0</run_address>
         <size>0x43</size>
         <input_file_ref idref="fl-a9"/>
      </object_component>
      <object_component id="oc-23e">
         <name>.bios</name>
         <load_address>0x40af3</load_address>
         <run_address>0x40af3</run_address>
         <size>0x42</size>
         <input_file_ref idref="fl-85"/>
      </object_component>
      <object_component id="oc-21a">
         <name>.bios</name>
         <load_address>0x40b35</load_address>
         <run_address>0x40b35</run_address>
         <size>0x36</size>
         <input_file_ref idref="fl-7b"/>
      </object_component>
      <object_component id="oc-53">
         <name>.bios</name>
         <load_address>0x40b6c</load_address>
         <run_address>0x40b6c</run_address>
         <size>0x36</size>
         <input_file_ref idref="fl-43"/>
      </object_component>
      <object_component id="oc-1c6">
         <name>.bios</name>
         <load_address>0x40ba4</load_address>
         <run_address>0x40ba4</run_address>
         <size>0x34</size>
         <input_file_ref idref="fl-6a"/>
      </object_component>
      <object_component id="oc-116">
         <name>.bios</name>
         <load_address>0x40bd8</load_address>
         <run_address>0x40bd8</run_address>
         <size>0x34</size>
         <input_file_ref idref="fl-45"/>
      </object_component>
      <object_component id="oc-23a">
         <name>.bios:.near</name>
         <load_address>0x40c0c</load_address>
         <run_address>0x40c0c</run_address>
         <size>0x32</size>
         <input_file_ref idref="fl-84"/>
      </object_component>
      <object_component id="oc-4d">
         <name>.bios</name>
         <load_address>0x40c3e</load_address>
         <run_address>0x40c3e</run_address>
         <size>0x25</size>
         <input_file_ref idref="fl-38"/>
      </object_component>
      <object_component id="oc-58">
         <name>.bios</name>
         <load_address>0x40c63</load_address>
         <run_address>0x40c63</run_address>
         <size>0x24</size>
         <input_file_ref idref="fl-40"/>
      </object_component>
      <object_component id="oc-4c">
         <name>.bios</name>
         <load_address>0x40c88</load_address>
         <run_address>0x40c88</run_address>
         <size>0x23</size>
         <input_file_ref idref="fl-41"/>
      </object_component>
      <object_component id="oc-56">
         <name>.bios</name>
         <load_address>0x40cac</load_address>
         <run_address>0x40cac</run_address>
         <size>0x20</size>
         <input_file_ref idref="fl-42"/>
      </object_component>
      <object_component id="oc-184">
         <name>.bios</name>
         <load_address>0x40ccc</load_address>
         <run_address>0x40ccc</run_address>
         <size>0x1a</size>
         <input_file_ref idref="fl-5d"/>
      </object_component>
      <object_component id="oc-51">
         <name>.bios</name>
         <load_address>0x40ce6</load_address>
         <run_address>0x40ce6</run_address>
         <size>0x17</size>
         <input_file_ref idref="fl-3c"/>
      </object_component>
      <object_component id="oc-294">
         <name>.bios</name>
         <load_address>0x40d00</load_address>
         <run_address>0x40d00</run_address>
         <size>0x17</size>
         <input_file_ref idref="fl-98"/>
      </object_component>
      <object_component id="oc-25e">
         <name>.bios:.near</name>
[...]
      </symbol>
      <symbol id="sm-107c">
         <name>_PSP_i2cIoctl</name>
         <value>0x2ef42</value>
         <object_component_ref idref="oc-204"/>
      </symbol>
      <symbol id="sm-108a">
         <name>_PAL_osCheckTimeOut</name>
         <value>0x370fe</value>
         <object_component_ref idref="oc-20b"/>
      </symbol>
      <symbol id="sm-108b">
         <name>_PAL_osGetCurrentTick</name>
         <value>0x370f4</value>
         <object_component_ref idref="oc-20b"/>
      </symbol>
      <symbol id="sm-1099">
         <name>_PAL_osProtectEntry</name>
         <value>0x37098</value>
         <object_component_ref idref="oc-210"/>
      </symbol>
      <symbol id="sm-109a">
         <name>_PAL_osProtectExit</name>
         <value>0x370d1</value>
         <object_component_ref idref="oc-210"/>
      </symbol>
      <symbol id="sm-10a8">
         <name>_PAL_osSemDelete</name>
         <value>0x36e1a</value>
         <object_component_ref idref="oc-215"/>
      </symbol>
      <symbol id="sm-10a9">
         <name>_PAL_osSemCreate</name>
         <value>0x36dd0</value>
         <object_component_ref idref="oc-215"/>
      </symbol>
      <symbol id="sm-10aa">
         <name>_PAL_osSemTake</name>
         <value>0x36e2f</value>
         <object_component_ref idref="oc-215"/>
      </symbol>
      <symbol id="sm-10ab">
         <name>_PAL_osSemGive</name>
         <value>0x36e5a</value>
         <object_component_ref idref="oc-215"/>
      </symbol>
      <symbol id="sm-10b5">
         <name>_PRD_tick</name>
         <value>0x40b3d</value>
         <object_component_ref idref="oc-21a"/>
      </symbol>
      <symbol id="sm-10b6">
         <name>_PRD_start</name>
         <value>0x40b43</value>
         <object_component_ref idref="oc-21a"/>
      </symbol>
      <symbol id="sm-10b7">
         <name>_PRD_getticks</name>
         <value>0x40b35</value>
         <object_component_ref idref="oc-21a"/>
      </symbol>
      <symbol id="sm-10b8">
         <name>_PRD_stop</name>
         <value>0x40b65</value>
         <object_component_ref idref="oc-21a"/>
      </symbol>
      <symbol id="sm-10c2">
         <name>_RTDX_Buffer_Start</name>
         <value>0x4ea4</value>
         <object_component_ref idref="oc-21e"/>
      </symbol>
      <symbol id="sm-10c3">
         <name>_RTDX_Buffer_End</name>
         <value>0x4ea8</value>
         <object_component_ref idref="oc-21e"/>
      </symbol>
      <symbol id="sm-10c9">
         <name>_RTDX_Buffer_ReadCB</name>
         <value>0x8fda</value>
         <object_component_ref idref="oc-302"/>
      </symbol>
      <symbol id="sm-10ca">
         <name>_RTDX_Buffer_Read</name>
         <value>0x90c6</value>
         <object_component_ref idref="oc-2f2"/>
      </symbol>
      <symbol id="sm-10e2">
         <name>_rtdx_buffer_state</name>
         <value>0x4e84</value>
         <object_component_ref idref="oc-224"/>
      </symbol>
      <symbol id="sm-10e3">
         <name>_RTDX_Buffer_WriteCB</name>
         <value>0x89db</value>
         <object_component_ref idref="oc-303"/>
      </symbol>
      <symbol id="sm-10e4">
         <name>_rtdxNullChanCnt</name>
         <value>0x3e0b0</value>
         <object_component_ref idref="oc-222"/>
      </symbol>
      <symbol id="sm-10e5">
         <name>_RTDX_writing</name>
         <value>0x4e90</value>
         <object_component_ref idref="oc-224"/>
      </symbol>
      <symbol id="sm-10e6">
         <name>_RTDX_Buffer_Initialize</name>
         <value>0x8f87</value>
         <object_component_ref idref="oc-2fb"/>
      </symbol>
      <symbol id="sm-10e7">
         <name>_RTDX_Buffer_Write</name>
         <value>0x9106</value>
         <object_component_ref idref="oc-2f3"/>
      </symbol>
      <symbol id="sm-10e8">
         <name>_rtdxNullFuncCnt</name>
         <value>0x3e0b2</value>
         <object_component_ref idref="oc-222"/>
      </symbol>
      <symbol id="sm-10e9">
         <name>_RTDX_Buffer_Size</name>
         <value>0x9061</value>
         <object_component_ref idref="oc-306"/>
      </symbol>
      <symbol id="sm-1103">
         <name>_RTDX_LMM</name>
         <value>0x1</value>
      </symbol>
      <symbol id="sm-1104">
         <name>_RTDX_Mon_Queue</name>
         <value>0x8e9a</value>
         <object_component_ref idref="oc-309"/>
      </symbol>
      <symbol id="sm-1105">
         <name>_rtdx_mon_state</name>
         <value>0x4e60</value>
         <object_component_ref idref="oc-227"/>
      </symbol>
      <symbol id="sm-1106">
         <name>_RTDX_JTAGONLY</name>
         <value>0x3</value>
      </symbol>
      <symbol id="sm-1107">
         <name>_RTDX_Final_RT_Monitor</name>
         <value>0x9025</value>
         <object_component_ref idref="oc-305"/>
      </symbol>
      <symbol id="sm-1108">
         <name>_RTDX_Poll</name>
         <value>0x8c66</value>
         <object_component_ref idref="oc-2f0"/>
      </symbol>
      <symbol id="sm-1109">
         <name>_RTDX_H2TPoll</name>
         <value>0x8f22</value>
         <object_component_ref idref="oc-2f1"/>
      </symbol>
      <symbol id="sm-110a">
         <name>_RTDX_Init_RT_Monitor</name>
         <value>0x8b57</value>
         <object_component_ref idref="oc-2fc"/>
      </symbol>
      <symbol id="sm-1110">
         <name>_RTDX_Set_IER</name>
         <value>0x90e8</value>
         <object_component_ref idref="oc-301"/>
      </symbol>
      <symbol id="sm-1111">
         <name>_RTDX_Mask_IER</name>
         <value>0x909c</value>
         <object_component_ref idref="oc-2fd"/>
      </symbol>
      <symbol id="sm-115d">
         <name>_SAR_chanClose</name>
         <value>0x313df</value>
         <object_component_ref idref="oc-22a"/>
      </symbol>
      <symbol id="sm-115e">
         <name>_SAR_readData</name>
         <value>0x31827</value>
         <object_component_ref idref="oc-22a"/>
      </symbol>
      <symbol id="sm-115f">
         <name>_SAR_chanInit</name>
         <value>0x31362</value>
         <object_component_ref idref="oc-22a"/>
      </symbol>
      <symbol id="sm-1160">
         <name>_SAR_chanSetup</name>
         <value>0x3154b</value>
         <object_component_ref idref="oc-22a"/>
      </symbol>
      <symbol id="sm-1161">
         <name>_SAR_getConfig</name>
         <value>0x314d9</value>
         <object_component_ref idref="oc-22a"/>
      </symbol>
      <symbol id="sm-1162">
         <name>_SAR_chanOpen</name>
         <value>0x3137d</value>
         <object_component_ref idref="oc-22a"/>
      </symbol>
      <symbol id="sm-1163">
         <name>_SAR_getStatus</name>
         <value>0x31dbe</value>
         <object_component_ref idref="oc-22a"/>
      </symbol>
      <symbol id="sm-1164">
         <name>_SAR_GPODirSet</name>
         <value>0x31ce2</value>
         <object_component_ref idref="oc-22a"/>
      </symbol>
      <symbol id="sm-1165">
         <name>_SAR_chanCycSet</name>
         <value>0x3175f</value>
         <object_component_ref idref="oc-22a"/>
      </symbol>
      <symbol id="sm-1166">
         <name>_SAR_stopConversion</name>
         <value>0x317e0</value>
         <object_component_ref idref="oc-22a"/>
      </symbol>
      <symbol id="sm-1167">
         <name>_SAR_A2DMeasParamSet</name>
         <value>0x31868</value>
         <object_component_ref idref="oc-22a"/>
      </symbol>
      <symbol id="sm-1168">
         <name>_SAR_chanConfig</name>
         <value>0x31463</value>
         <object_component_ref idref="oc-22a"/>
      </symbol>
      <symbol id="sm-1169">
         <name>_SAR_deInit</name>
         <value>0x31342</value>
         <object_component_ref idref="oc-22a"/>
      </symbol>
      <symbol id="sm-116a">
         <name>_SAR_init</name>
         <value>0x312e5</value>
         <object_component_ref idref="oc-22a"/>
      </symbol>
      <symbol id="sm-116b">
         <name>_SAR_startConversion</name>
         <value>0x317ae</value>
         <object_component_ref idref="oc-22a"/>
      </symbol>
      <symbol id="sm-117b">
         <name>_SEM_create</name>
         <value>0x40768</value>
         <object_component_ref idref="oc-231"/>
      </symbol>
      <symbol id="sm-117c">
         <name>_SEM_ATTRS</name>
         <value>0x3e0c4</value>
         <object_component_ref idref="oc-22f"/>
      </symbol>
      <symbol id="sm-1186">
         <name>_OBJ_create</name>
         <value>0x40648</value>
         <object_component_ref idref="oc-236"/>
      </symbol>
      <symbol id="sm-1190">
         <name>_MEM_valloc</name>
         <value>0x40c0c</value>
         <object_component_ref idref="oc-23a"/>
      </symbol>
      <symbol id="sm-119a">
         <name>_QUE_get</name>
         <value>0x40af3</value>
         <object_component_ref idref="oc-23e"/>
      </symbol>
      <symbol id="sm-119b">
         <name>_QUE_put</name>
         <value>0x40b12</value>
         <object_component_ref idref="oc-23e"/>
      </symbol>
      <symbol id="sm-11a5">
         <name>_SEM_delete</name>
         <value>0x40d44</value>
         <object_component_ref idref="oc-242"/>
      </symbol>
      <symbol id="sm-11af">
         <name>_OBJ_delete</name>
         <value>0x40a24</value>
         <object_component_ref idref="oc-246"/>
      </symbol>
      <symbol id="sm-11b9">
         <name>_SEM_pend</name>
         <value>0x4086d</value>
         <object_component_ref idref="oc-24a"/>
      </symbol>
      <symbol id="sm-11c3">
         <name>_SEM_pendEnterKnl</name>
         <value>0x3f10c</value>
         <object_component_ref idref="oc-24e"/>
      </symbol>
      <symbol id="sm-11cd">
         <name>_SEM_postBinary</name>
         <value>0x404f7</value>
         <object_component_ref idref="oc-252"/>
      </symbol>
      <symbol id="sm-11ce">
         <name>_SEM_post</name>
         <value>0x404f7</value>
         <object_component_ref idref="oc-252"/>
      </symbol>
      <symbol id="sm-11d8">
         <name>_SEM_postEnterKnl</name>
         <value>0x408bc</value>
         <object_component_ref idref="oc-256"/>
      </symbol>
      <symbol id="sm-11e2">
         <name>_STS_set</name>
         <value>0x40d68</value>
         <object_component_ref idref="oc-25a"/>
      </symbol>
      <symbol id="sm-11ec">
         <name>_SYS_error</name>
         <value>0x40d18</value>
         <object_component_ref idref="oc-25e"/>
      </symbol>
      <symbol id="sm-11f8">
         <name>_SYS_vprintf</name>
         <value>0x3ebdc</value>
         <object_component_ref idref="oc-263"/>
      </symbol>
      <symbol id="sm-11f9">
         <name>_SYS_sprintf</name>
         <value>0x3ebcc</value>
         <object_component_ref idref="oc-263"/>
      </symbol>
      <symbol id="sm-11fa">
         <name>_SYS_printf</name>
         <value>0x3ebbc</value>
         <object_component_ref idref="oc-263"/>
      </symbol>
      <symbol id="sm-11fb">
         <name>_SYS_vsprintf</name>
         <value>0x3ebf4</value>
         <object_component_ref idref="oc-263"/>
      </symbol>
      <symbol id="sm-1209">
         <name>_TSK_nTasks</name>
         <value>0x3de64</value>
         <object_component_ref idref="oc-267"/>
      </symbol>
      <symbol id="sm-120a">
         <name>_TSK_config</name>
         <value>0x3de84</value>
         <object_component_ref idref="oc-267"/>
      </symbol>
      <symbol id="sm-120b">
         <name>_TSK</name>
         <value>0x3dea0</value>
         <object_component_ref idref="oc-267"/>
      </symbol>
      <symbol id="sm-120c">
         <name>_TSK_timerSem</name>
         <value>0x3dea4</value>
         <object_component_ref idref="oc-267"/>
      </symbol>
      <symbol id="sm-120d">
         <name>_TSK_pid</name>
         <value>0x3de66</value>
         <object_component_ref idref="oc-267"/>
      </symbol>
      <symbol id="sm-120e">
         <name>_TSK_ATTRS</name>
         <value>0x3de68</value>
         <object_component_ref idref="oc-267"/>
      </symbol>
      <symbol id="sm-121c">
         <name>_TSK_enable</name>
         <value>0x40a98</value>
         <object_component_ref idref="oc-26f"/>
      </symbol>
      <symbol id="sm-121d">
         <name>_TSK_disable</name>
         <value>0x40a6c</value>
         <object_component_ref idref="oc-26f"/>
      </symbol>
      <symbol id="sm-1227">
         <name>_TSK_exit</name>
         <value>0x3ff6c</value>
         <object_component_ref idref="oc-273"/>
      </symbol>
      <symbol id="sm-1231">
         <name>_SYS_exit</name>
         <value>0x4094c</value>
         <object_component_ref idref="oc-277"/>
      </symbol>
      <symbol id="sm-123d">
         <name>_SYS_exitStack</name>
         <value>0x3dfd0</value>
         <object_component_ref idref="oc-27b"/>
      </symbol>
      <symbol id="sm-123e">
         <name>_SYS_exitStackPtr</name>
         <value>0x3dff0</value>
         <object_component_ref idref="oc-27b"/>
      </symbol>
      <symbol id="sm-123f">
         <name>_SYS_exitStackTop</name>
         <value>0x3dff4</value>
         <object_component_ref idref="oc-27b"/>
      </symbol>
      <symbol id="sm-1249">
         <name>_TSK_init</name>
         <value>0x42950</value>
         <object_component_ref idref="oc-280"/>
      </symbol>
      <symbol id="sm-1253">
         <name>_TSK_setup</name>
         <value>0x40064</value>
         <object_component_ref idref="oc-284"/>
      </symbol>
      <symbol id="sm-1265">
         <name>__MEM_mutex</name>
         <value>0x3deec</value>
         <object_component_ref idref="oc-289"/>
      </symbol>
      <symbol id="sm-1266">
         <name>_TSK_startup</name>
         <value>0x401b8</value>
         <object_component_ref idref="oc-28b"/>
      </symbol>
      <symbol id="sm-1267">
         <name>__TSK_mutex</name>
         <value>0x3dec4</value>
         <object_component_ref idref="oc-289"/>
      </symbol>
      <symbol id="sm-1271">
         <name>_LCK_pend</name>
         <value>0x407e4</value>
         <object_component_ref idref="oc-290"/>
      </symbol>
      <symbol id="sm-1272">
         <name>_LCK_post</name>
         <value>0x407c4</value>
         <object_component_ref idref="oc-290"/>
      </symbol>
      <symbol id="sm-127c">
         <name>_SYS_abort</name>
         <value>0x40d00</value>
         <object_component_ref idref="oc-294"/>
      </symbol>
      <symbol id="sm-1286">
         <name>__SEM_dopost</name>
         <value>0x3fe68</value>
         <object_component_ref idref="oc-298"/>
      </symbol>
      <symbol id="sm-1290">
         <name>__divli</name>
         <value>0x3718d</value>
         <object_component_ref idref="oc-29c"/>
      </symbol>
      <symbol id="sm-129b">
         <name>__divul</name>
         <value>0x36d2f</value>
         <object_component_ref idref="oc-2a0"/>
      </symbol>
      <symbol id="sm-12a3">
         <name>__mpyli</name>
         <value>0x372b5</value>
         <object_component_ref idref="oc-2a4"/>
      </symbol>
      <symbol id="sm-12a4">
         <name>I$$LMPY</name>
         <value>0x372b5</value>
         <object_component_ref idref="oc-2a4"/>
      </symbol>
      <symbol id="sm-12b2">
         <name>__unlock</name>
         <value>0x3e0d0</value>
         <object_component_ref idref="oc-2a9"/>
      </symbol>
      <symbol id="sm-12b3">
         <name>__lock</name>
         <value>0x3e0cc</value>
         <object_component_ref idref="oc-2a9"/>
      </symbol>
      <symbol id="sm-12b4">
         <name>__register_lock</name>
         <value>0x372d0</value>
         <object_component_ref idref="oc-2a8"/>
      </symbol>
      <symbol id="sm-12b5">
         <name>__nop</name>
         <value>0x372d8</value>
         <object_component_ref idref="oc-2a8"/>
      </symbol>
      <symbol id="sm-12b6">
         <name>__register_unlock</name>
         <value>0x372c8</value>
         <object_component_ref idref="oc-2a8"/>
      </symbol>
      <symbol id="sm-12c1">
         <name>__remul</name>
         <value>0x36f5b</value>
         <object_component_ref idref="oc-2ae"/>
      </symbol>
      <symbol id="sm-12cf">
         <name>_atexit</name>
         <value>0x36fcd</value>
         <object_component_ref idref="oc-2b2"/>
      </symbol>
      <symbol id="sm-12d0">
         <name>___atexit_func_id__</name>
         <value>0x3d6b8</value>
         <object_component_ref idref="oc-2b3"/>
      </symbol>
      <symbol id="sm-12de">
         <name>_dtors</name>
         <value>0x3e0ec</value>
         <object_component_ref idref="oc-2b9"/>
      </symbol>
      <symbol id="sm-12df">
         <name>_call_dtors</name>
         <value>0x36ee6</value>
         <object_component_ref idref="oc-2b8"/>
      </symbol>
      <symbol id="sm-12e0">
         <name>___add_dtor</name>
         <value>0x36f3c</value>
         <object_component_ref idref="oc-2b8"/>
      </symbol>
      <symbol id="sm-12f0">
         <name>C$$EXIT</name>
         <value>0x372f4</value>
         <object_component_ref idref="oc-2c2"/>
      </symbol>
      <symbol id="sm-12f1">
         <name>_exit</name>
         <value>0x3725a</value>
         <object_component_ref idref="oc-2be"/>
      </symbol>
      <symbol id="sm-12f2">
         <name>_abort</name>
         <value>0x372f3</value>
         <object_component_ref idref="oc-2c2"/>
      </symbol>
      <symbol id="sm-12f3">
         <name>__cleanup_ptr</name>
         <value>0x3e0d4</value>
         <object_component_ref idref="oc-2bf"/>
      </symbol>
      <symbol id="sm-12f4">
         <name>__dtors_ptr</name>
         <value>0x3e0d8</value>
         <object_component_ref idref="oc-2bf"/>
      </symbol>
      <symbol id="sm-12fe">
         <name>_auto_init</name>
         <value>0x429d4</value>
         <object_component_ref idref="oc-2c5"/>
      </symbol>
      <symbol id="sm-130e">
         <name>_iircas61</name>
         <value>0x36bc9</value>
         <object_component_ref idref="oc-2c9"/>
      </symbol>
      <symbol id="sm-1316">
         <name>_memcpy</name>
         <value>0x3721b</value>
         <object_component_ref idref="oc-2cd"/>
      </symbol>
      <symbol id="sm-1320">
         <name>_memset</name>
         <value>0x372da</value>
         <object_component_ref idref="oc-2d1"/>
      </symbol>
      <symbol id="sm-132c">
         <name>_rand16</name>
         <value>0x37144</value>
         <object_component_ref idref="oc-2d5"/>
      </symbol>
      <symbol id="sm-1336">
         <name>_rand16init</name>
         <value>0x372eb</value>
         <object_component_ref idref="oc-2d9"/>
      </symbol>
      <symbol id="sm-1337">
         <name>rndseed</name>
         <value>0x3a176</value>
         <object_component_ref idref="oc-2da"/>
      </symbol>
      <symbol id="sm-1348">
         <name>_sine</name>
         <value>0x36e6f</value>
         <object_component_ref idref="oc-2de"/>
      </symbol>
      <symbol id="sm-1352">
         <name>iRTA_F_or</name>
         <value>0x40add</value>
         <object_component_ref idref="oc-2e3"/>
      </symbol>
      <symbol id="sm-1353">
         <name>RTA_F_or</name>
         <value>0x40ac6</value>
         <object_component_ref idref="oc-2e3"/>
      </symbol>
      <symbol id="sm-1354">
         <name>RTA_F_andn</name>
         <value>0x40ab0</value>
         <object_component_ref idref="oc-2e3"/>
      </symbol>
   </symbol_table>
</link_info>
