******************************************************************************
              TMS320C55x Linker PC v4.4.1                      
******************************************************************************
>> Linked Thu May 05 17:43:44 2016

OUTPUT FILE NAME:   <DMFX.1.1.out>
ENTRY POINT SYMBOL: "_c_int00"  address: 0001f97d


MEMORY CONFIGURATION

         name            origin    length      used     unused   attr    fill
                        (bytes)   (bytes)    (bytes)   (bytes)
----------------------  --------  ---------  --------  --------  ----  --------
  DARAM                 000000c0   0000fe40  0000b26e  00004bd2  RWIX
  SARAM                 00010000   0003df00  00024f86  00018f7a  RWIX
  VECT                  0004df00   00000100  00000100  00000000  RWIX
  SARAM31               0004e000   00002000  00001000  00001000  RWIX


SECTION ALLOCATION MAP
(Addresses surrounded by []'s are displayed for convenience only!)

output                                                          attributes/
section   page  orgn(bytes) orgn(words) len(bytes) len(words)   input sections
--------  ----  ----------- ----------- ---------- ----------   --------------
.vers        0   [ 00000000 ]  00000000          *   00000044   COPY SECTION
                 [ 00000000 ]  00000000          *   00000044   DMFX1_CSL_BIOS_cfg.obj (.vers)

.sysstack 
*            0   [ 000000c0 ]  00000060          *   00000800   UNINITIALIZED
                 [ 000000c0 ]  00000060          *   00000800   --HOLE--

.stack       0   [ 000010c0 ]  00000860          *   00001000   UNINITIALIZED
                 [ 000010c0 ]  00000860          *   00001000   --HOLE--

.cinit       0   [ 000030c0 ]  00001860          *   00000c80   
                 [ 000030c0 ]  00001860          *   0000053c   DMFX1_CSL_BIOS_cfg.obj (.cinit)
                 [ 00003b38 ]  00001d9c          *   000002f2   equalizer.obj (.cinit)
                 [ 0000411c ]  0000208e          *   000000af   bios.a55L : biosdata.o55L (.cinit)
                 [ 0000427a ]  0000213d          *   000000a0             : knl.o55L (.cinit)
                 [ 000043ba ]  000021dd          *   00000074   main.obj (.cinit)
                 [ 000044a2 ]  00002251          *   0000005c   compressor.obj (.cinit)
                 [ 0000455a ]  000022ad          *   0000004a   dma_bios_drv_lib.lib : ddc_dma.obj (.cinit)
                 [ 000045ee ]  000022f7          *   0000004a   phaser.obj (.cinit)
                 [ 00004682 ]  00002341          *   00000036   variabledelay.obj (.cinit)
                 [ 000046ee ]  00002377          *   00000031   bios.a55L : tsk.o55L (.cinit)
                 [ 00004750 ]  000023a8          *   0000002e             : tsk_stup.o55L (.cinit)
                 [ 000047ac ]  000023d6          *   00000026   i2s_sample.obj (.cinit)
                 [ 000047f8 ]  000023fc          *   0000001c   csl_i2c_intc.obj (.cinit)
                 [ 00004830 ]  00002418          *   00000019   bios.a55L : rta.o55L (.cinit)
                 [ 00004862 ]  00002431          *   00000017   rtdxx.lib : buffer1.o55L (.cinit)
                 [ 00004890 ]  00002448          *   00000011   i2s_bios_drv_lib.lib : ddc_i2s.obj (.cinit)
                 [ 000048b2 ]  00002459          *   0000000f   bios.a55L : utl_putc.o55L (.cinit)
                 [ 000048d0 ]  00002468          *   0000000b             : knl_tick.o55L (.cinit)
                 [ 000048e6 ]  00002473          *   0000000a             : obj_init.o55L (.cinit)
                 [ 000048fa ]  0000247d          *   0000000a             : sys.o55L (.cinit)
                 [ 0000490e ]  00002487          *   0000000a   rts55x.lib : _lock.obj (.cinit)
                 [ 00004922 ]  00002491          *   0000000a              : exit.obj (.cinit)
                 [ 00004936 ]  0000249b          *   00000009   codec_aic3254.obj (.cinit)
                 [ 00004948 ]  000024a4          *   00000009   lnkrtdx.a55L : rtdx.o55L (.cinit)
                 [ 0000495a ]  000024ad          *   00000008   csl_sar_intc.obj (.cinit)
                 [ 0000496a ]  000024b5          *   00000008   gpio_control.obj (.cinit)
                 [ 0000497a ]  000024bd          *   00000008   rts55x.lib : atexit.obj (.cinit)
                 [ 0000498a ]  000024c5          *   00000007   bios.a55L : sem_crea.o55L (.cinit)
                 [ 00004998 ]  000024cc          *   00000005             : idl_busy.o55L (.cinit)
                 [ 000049a2 ]  000024d1          *   00000005             : knl_swit.o55L (.cinit)
                 [ 000049ac ]  000024d6          *   00000005   rts55x.lib : sinit.obj (.cinit)
                 [ 000049b6 ]  000024db          *   00000004   bios.a55L : tsk_disa.o55L (.cinit)
                 [ 000049be ]  000024df          *   00000001   --HOLE-- [fill = 0]

.trace       0   [ 000049c0 ]  000024e0          *   00000200   
                 [ 000049c0 ]  000024e0          *   00000200   --HOLE-- [fill = 00]

.tsk         0   [ 00004dc0 ]  000026e0          *   000000dc   UNINITIALIZED
                 [ 00004dc0 ]  000026e0          *   000000dc   DMFX1_CSL_BIOS_cfg.obj (.tsk)

.gblinit     0   [ 00004f78 ]  000027bc          *   00000041   
                 [ 00004f78 ]  000027bc          *   00000041   DMFX1_CSL_BIOS_cfg.obj (.gblinit)

.trcdata     0   [ 00004ffa ]  000027fd          *   00000003   
                 [ 00004ffa ]  000027fd          *   00000003   bios.a55L : trc.o55L (.trcdata)

.LOG_system$buf 
*            0   [ 00005000 ]  00002800          *   00000800   UNINITIALIZED
                 [ 00005000 ]  00002800          *   00000800   DMFX1_CSL_BIOS_cfg.obj (.LOG_system$buf)

.AudioRx_Tsk$stk 
*            0   [ 00006000 ]  00003000          *   00000500   UNINITIALIZED
                 [ 00006000 ]  00003000          *   00000500   DMFX1_CSL_BIOS_cfg.obj (.AudioRx_Tsk$stk)

.AudioTx_Tsk$stk 
*            0   [ 00006a00 ]  00003500          *   00000500   UNINITIALIZED
                 [ 00006a00 ]  00003500          *   00000500   DMFX1_CSL_BIOS_cfg.obj (.AudioTx_Tsk$stk)

.Tsk_I2c_Intc_SlaveRx$stk 
*            0   [ 00007400 ]  00003a00          *   00000500   UNINITIALIZED
                 [ 00007400 ]  00003a00          *   00000500   DMFX1_CSL_BIOS_cfg.obj (.Tsk_I2c_Intc_SlaveRx$stk)

.mainTsk$stk 
*            0   [ 00007e00 ]  00003f00          *   00000500   UNINITIALIZED
                 [ 00007e00 ]  00003f00          *   00000500   DMFX1_CSL_BIOS_cfg.obj (.mainTsk$stk)

.rtdx_text 
*            0     00008800  [ 00004400 ] 00000942          *   
                   00008800  [ 00004400 ] 000001db          *   rtdxx.lib : buffer1.o55L (.rtdx_text:_RTDX_write_next)
                   000089db  [ 000044ed+] 0000017c          *             : buffer1.o55L (.rtdx_text:_RTDX_Buffer_WriteCB)
                   00008b57  [ 000045ab+] 0000010f          *             : rtdx_mon.o55L (.rtdx_text:_RTDX_Init_RT_Monitor)
                   00008c66  [ 00004633 ] 000000ec          *             : rtdx_mon.o55L (.rtdx_text:_RTDX_Poll)
                   00008d52  [ 000046a9 ] 000000b5          *             : buffer1.o55L (.rtdx_text:_claim)
                   00008e07  [ 00004703+] 00000093          *             : rtdx_mon.o55L (.rtdx_text:_StartXFer)
                   00008e9a  [ 0000474d ] 00000088          *             : rtdx_mon.o55L (.rtdx_text:_RTDX_Mon_Queue)
                   00008f22  [ 00004791 ] 00000065          *             : rtdx_mon.o55L (.rtdx_text:_RTDX_H2TPoll)
                   00008f87  [ 000047c3+] 00000053          *             : buffer1.o55L (.rtdx_text:_RTDX_Buffer_Initialize)
                   00008fda  [ 000047ed ] 0000004b          *             : buffer2.o55L (.rtdx_text:_RTDX_Buffer_ReadCB)
                   00009025  [ 00004812+] 0000003c          *             : rtdx_mon.o55L (.rtdx_text:_RTDX_Final_RT_Monitor)
                   00009061  [ 00004830+] 0000003b          *             : buffer1.o55L (.rtdx_text:_RTDX_Buffer_Size)
                   0000909c  [ 0000484e ] 0000002a          *             : intr_tgt.o55L (.rtdx_text:_RTDX_Mask_IER)
                   000090c6  [ 00004863 ] 00000022          *             : buffer2.o55L (.rtdx_text:_RTDX_Buffer_Read)
                   000090e8  [ 00004874 ] 0000001e          *             : intr_tgt.o55L (.rtdx_text:_RTDX_Set_IER)
                   00009106  [ 00004883 ] 0000001c          *             : buffer1.o55L (.rtdx_text:_RTDX_Buffer_Write)
                   00009122  [ 00004891 ] 00000017          *             : rtdx_mon.o55L (.rtdx_text:_Allow_EmuAccess)
                   00009139  [ 0000489c+] 00000004          *             : rtdx_mon.o55L (.rtdx_text:_Disallow_EmuAccess)
                   0000913d  [ 0000489e+] 00000004          *             : rtdx_mon.o55L (.rtdx_text:_Wait)
                   00009141  [ 000048a0 ] 00000001          *   --HOLE-- [fill = 20]

.rtdx_data 
*            0   [ 00009144 ]  000048a2          *   00000128   UNINITIALIZED
                 [ 00009144 ]  000048a2          *   00000102   DMFX1_CSL_BIOS_cfg.obj (.rtdx_data)
                 [ 00009348 ]  000049a4          *   00000012   rtdxx.lib : rtdx_mon.o55L (.rtdx_data)
                 [ 0000936c ]  000049b6          *   00000010             : buffer1.o55L (.rtdx_data)
                 [ 0000938c ]  000049c6          *   00000004   bios.a55L : rtdx_data.o55L (.rtdx_data)

.sysdata     0   [ 00009394 ]  000049ca          *   000000ce   UNINITIALIZED
                 [ 00009394 ]  000049ca          *   000000b0   bios.a55L : biosdata.o55L (.sysdata)
                 [ 000094f4 ]  00004a7a          *   00000016             : rta.o55L (.sysdata)
                 [ 00009520 ]  00004a90          *   00000006   lnkrtdx.a55L : rtdx.o55L (.sysdata)
                 [ 0000952c ]  00004a96          *   00000002   bios.a55L : idl_busy.o55L (.sysdata)

.switch      0   [ 00009530 ]  00004a98          *   00000094   
                 [ 00009530 ]  00004a98          *   00000020   C55XXCSL_LP.lib : csl_dma.obj (.switch:_DMA_config)
                 [ 00009570 ]  00004ab8          *   00000020                   : csl_dma.obj (.switch:_DMA_getConfig)
                 [ 000095b0 ]  00004ad8          *   00000020                   : csl_dma.obj (.switch:_DMA_reset)
                 [ 000095f0 ]  00004af8          *   00000012   i2s_bios_drv_lib.lib : llc_i2s.obj (.switch:_LLC_I2SSetClkdiv)
                 [ 00009614 ]  00004b0a          *   00000012                        : llc_i2s.obj (.switch:_LLC_I2SSetWordLength)
                 [ 00009638 ]  00004b1c          *   00000010   i2c_bios_drv_lib.lib : ddc_i2c.obj (.switch:__DDC_i2cIntrHandler)

.sem         0   [ 00009658 ]  00004b2c          *   00000084   UNINITIALIZED
                 [ 00009658 ]  00004b2c          *   00000084   DMFX1_CSL_BIOS_cfg.obj (.sem)

.args        0   [ 00009760 ]  00004bb0          *   00000080   
                 [ 00009760 ]  00004bb0          *   00000080   --HOLE-- [fill = 0]

.sts         0   [ 00009860 ]  00004c30          *   00000070   UNINITIALIZED
                 [ 00009860 ]  00004c30          *   00000070   DMFX1_CSL_BIOS_cfg.obj (.sts)

.pip         0   [ 00009940 ]  00004ca0          *   00000064   UNINITIALIZED
                 [ 00009940 ]  00004ca0          *   00000064   DMFX1_CSL_BIOS_cfg.obj (.pip)

.swi         0   [ 00009a08 ]  00004d04          *   00000028   UNINITIALIZED
                 [ 00009a08 ]  00004d04          *   00000028   DMFX1_CSL_BIOS_cfg.obj (.swi)

.hst         0   [ 00009a58 ]  00004d2c          *   0000001a   UNINITIALIZED
                 [ 00009a58 ]  00004d2c          *   0000001a   DMFX1_CSL_BIOS_cfg.obj (.hst)

.log         0   [ 00009a8c ]  00004d46          *   00000014   UNINITIALIZED
                 [ 00009a8c ]  00004d46          *   00000014   DMFX1_CSL_BIOS_cfg.obj (.log)

.prd         0   [ 00009ab4 ]  00004d5a          *   0000000c   UNINITIALIZED
                 [ 00009ab4 ]  00004d5a          *   0000000c   DMFX1_CSL_BIOS_cfg.obj (.prd)

.hst0        0   [ 00009acc ]  00004d66          *   00000008   UNINITIALIZED
                 [ 00009acc ]  00004d66          *   00000008   DMFX1_CSL_BIOS_cfg.obj (.hst0)

.hst1        0   [ 00009adc ]  00004d6e          *   00000008   UNINITIALIZED
                 [ 00009adc ]  00004d6e          *   00000008   DMFX1_CSL_BIOS_cfg.obj (.hst1)

.idl         0   [ 00009aec ]  00004d76          *   00000008   UNINITIALIZED
                 [ 00009aec ]  00004d76          *   00000008   DMFX1_CSL_BIOS_cfg.obj (.idl)

.idlcal      0   [ 00009afc ]  00004d7e          *   00000008   UNINITIALIZED
                 [ 00009afc ]  00004d7e          *   00000008   DMFX1_CSL_BIOS_cfg.obj (.idlcal)

.sys         0   [ 00009b0c ]  00004d86          *   00000008   UNINITIALIZED
                 [ 00009b0c ]  00004d86          *   00000008   DMFX1_CSL_BIOS_cfg.obj (.sys)

.pinit       0   [ 00009b1c ]  00004d8e          *   00000006   
                 [ 00009b1c ]  00004d8e          *   00000002   rtdxx.lib : buffer1.o55L (.pinit)
                 [ 00009b20 ]  00004d90          *   00000002             : rtdx_mon.o55L (.pinit)
                 [ 00009b24 ]  00004d92          *   00000002   --HOLE-- [fill = 0]

.clk         0   [ 00009b28 ]  00004d94          *   00000004   UNINITIALIZED
                 [ 00009b28 ]  00004d94          *   00000004   DMFX1_CSL_BIOS_cfg.obj (.clk)

SARAM        0   [ 00009b30 ]  00004d98          *   00000c00   UNINITIALIZED
                 [ 00009b30 ]  00004d98          *   00000c00   main.obj (SARAM)

.text        0     00010000  [ 00008000 ] 0000b84c          *   
                   00010000  [ 00008000 ] 00001f50          *   C55XXCSL_LP.lib : csl_dma.obj (.text)
                   00011f50  [ 00008fa8 ] 00001507          *   dma_bios_drv_lib.lib : ddc_dma.obj (.text)
                   00013457  [ 00009a2b+] 0000123f          *   i2c_bios_drv_lib.lib : ddc_i2c.obj (.text)
                   00014696  [ 0000a34b ] 00000e8f          *   C55XXCSL_LP.lib : csl_i2c.obj (.text)
                   00015525  [ 0000aa92+] 00000b18          *                   : csl_sar.obj (.text)
                   0001603d  [ 0000b01e+] 000009d7          *   codec_aic3254.obj (.text)
                   00016a14  [ 0000b50a ] 000007cf          *   csl_i2c_intc.obj (.text)
                   000171e3  [ 0000b8f1+] 000006ae          *   i2s_bios_drv_lib.lib : ddc_i2s.obj (.text)
                   00017891  [ 0000bc48+] 0000068d          *   C55XXCSL_LP.lib : csl_gpio.obj (.text)
                   00017f1e  [ 0000bf8f ] 000005b9          *   variabledelay.obj (.text)
                   000184d7  [ 0000c26b+] 000005b3          *   i2s_bios_drv_lib.lib : llc_i2s.obj (.text)
                   00018a8a  [ 0000c545 ] 00000597          *   i2s_sample.obj (.text)
                   00019021  [ 0000c810+] 00000508          *   C55XXCSL_LP.lib : csl_intc.obj (.text)
                   00019529  [ 0000ca94+] 000004c0          *   app_audio_alg.obj (.text)
                   000199e9  [ 0000ccf4+] 00000354          *   C55XXCSL_LP.lib : csl_pll.obj (.text)
                   00019d3d  [ 0000ce9e+] 0000032e          *   main.obj (.text)
                   0001a06b  [ 0000d035+] 00000325          *   i2s_bios_drv_lib.lib : dda_i2s.obj (.text)
                   0001a390  [ 0000d1c8 ] 000002f6          *   csl_sar_intc.obj (.text)
                   0001a686  [ 0000d343 ] 00000299          *   equalizer.obj (.text)
                   0001a91f  [ 0000d48f+] 00000232          *   compressor.obj (.text)
                   0001ab51  [ 0000d5a8+] 000001f0          *   i2c_bios_drv_lib.lib : dda_i2c.obj (.text)
                   0001ad41  [ 0000d6a0+] 000001bb          *   phaser.obj (.text)
                   0001aefc  [ 0000d77e ] 00000189          *   dma_bios_drv_lib.lib : dda_dma.obj (.text)
                   0001b085  [ 0000d842+] 000000c7          *   pll_control.obj (.text)
                   0001b14c  [ 0000d8a6 ] 000000b5          *   55xdspl.lib : iircas61.obj (.text)
                   0001b201  [ 0000d900+] 000000b1          *   gpio_control.obj (.text)
                   0001b2b2  [ 0000d959 ] 000000a1          *   rts55x.lib : divul.obj (.text)
                   0001b353  [ 0000d9a9+] 0000009f          *   palos_bios_lib.lib : pal_osSem.obj (.text)
                   0001b3f2  [ 0000d9f9 ] 00000077          *   55xdspl.lib : sine.obj (.text)
                   0001b469  [ 0000da34+] 00000075          *   rts55x.lib : sinit.obj (.text)
                   0001b4de  [ 0000da6f ] 00000072          *              : remul.obj (.text)
                   0001b550  [ 0000daa8 ] 0000006f          *              : atexit.obj (.text)
                   0001b5bf  [ 0000dadf ] 00000001          *   --HOLE-- [fill = 20]
                   0001b5c0  [ 0000dae0 ] 0000005c          *   bios.a55L : tsk_stup.o55L (.text)
                   0001b61c  [ 0000db0e ] 0000005c          *   palos_bios_lib.lib : pal_osprotect.obj (.text)
                   0001b678  [ 0000db3c ] 0000005a          *   clean.obj (.text)
                   0001b6d2  [ 0000db69 ] 00000050          *   palos_bios_lib.lib : pal_osTime.obj (.text)
                   0001b722  [ 0000db91 ] 00000049          *   55xdspl.lib : rand16.obj (.text)
                   0001b76b  [ 0000dbb5+] 0000003f          *   rts55x.lib : memcpy.obj (.text)
                   0001b7aa  [ 0000dbd5 ] 0000003e          *              : exit.obj (.text)
                   0001b7e8  [ 0000dbf4 ] 0000001d          *   palos_bios_lib.lib : pal_osWait.obj (.text)
                   0001b805  [ 0000dc02+] 00000013          *   rts55x.lib : lmpy.obj (.text)
                   0001b818  [ 0000dc0c ] 00000012          *              : _lock.obj (.text)
                   0001b82a  [ 0000dc15 ] 00000011          *              : memset.obj (.text)
                   0001b83b  [ 0000dc1d+] 00000008          *   55xdspl.lib : rand16i.obj (.text)
                   0001b843  [ 0000dc21+] 00000007          *   rts55x.lib : exit.obj (.text:CIO_breakpoint)
                   0001b84a  [ 0000dc25 ] 00000002          *   --HOLE-- [fill = 20]

.bios        0     0001b84c  [ 0000dc26 ] 000025cc          *   
                   0001b84c  [ 0000dc26 ] 000003d4          *   bios.a55L : swi.o55L (.bios)
                   0001bc20  [ 0000de10 ] 000003a3          *   lnkrtdx.a55L : rtdx.o55L (.bios)
                   0001bfc3  [ 0000dfe1+] 0000035f          *   bios.a55L : hwi_disp_asm.o55L (.bios)
                   0001c322  [ 0000e191 ] 00000002          *   --HOLE-- [fill = 20]
                   0001c324  [ 0000e192 ] 0000018b          *             : sem_pend.o55L (.bios)
                   0001c4af  [ 0000e257+] 00000186          *             : prd.o55L (.bios)
                   0001c635  [ 0000e31a ] 00000003          *   --HOLE-- [fill = 20]
                   0001c638  [ 0000e31c ] 00000185          *             : knl_run.o55L (.bios)
                   0001c7bd  [ 0000e3de ] 00000003          *   --HOLE-- [fill = 20]
                   0001c7c0  [ 0000e3e0 ] 00000175          *             : mem_free.o55L (.bios:.near)
                   0001c935  [ 0000e49a ] 00000003          *   --HOLE-- [fill = 20]
                   0001c938  [ 0000e49c ] 00000144          *             : knl_tick.o55L (.bios)
                   0001ca7c  [ 0000e53e ] 00000130          *             : rta.o55L (.bios)
                   0001cbac  [ 0000e5d6 ] 0000012d          *             : mem_allo.o55L (.bios:.near)
                   0001ccd9  [ 0000e66c+] 00000119          *             : pip.o55L (.bios)
                   0001cdf2  [ 0000e6f9 ] 0000010e          *             : knl_swit.o55L (.bios)
                   0001cf00  [ 0000e780 ] 00000104          *             : sem_dopo.o55L (.bios)
                   0001d004  [ 0000e802 ] 000000f8          *             : tsk_exit.o55L (.bios)
                   0001d0fc  [ 0000e87e ] 000000f6          *             : tsk_setu.o55L (.bios)
                   0001d1f2  [ 0000e8f9 ] 00000002          *   --HOLE-- [fill = 20]
                   0001d1f4  [ 0000e8fa ] 000000bf          *             : tsk_stup.o55L (.bios)
                   0001d2b3  [ 0000e959+] 000000a2          *             : c55_c.o55L (.bios)
                   0001d355  [ 0000e9aa ] 00000003          *   --HOLE-- [fill = 20]
                   0001d358  [ 0000e9ac ] 00000090          *   bios5505.a55L : clk5505_start.o55L (.bios)
                   0001d3e8  [ 0000e9f4 ] 0000008d          *   bios.a55L : knl_chec.o55L (.bios)
                   0001d475  [ 0000ea3a ] 00000003          *   --HOLE-- [fill = 20]
                   0001d478  [ 0000ea3c ] 0000008d          *   bios5505.a55L : clk5505_isr.o55L (.bios)
                   0001d505  [ 0000ea82 ] 00000003          *   --HOLE-- [fill = 20]
                   0001d508  [ 0000ea84 ] 00000087          *                 : clk5505_htime.o55L (.bios)
                   0001d58f  [ 0000eac7+] 00000082          *   bios.a55L : sem_post_asm.o55L (.bios)
                   0001d611  [ 0000eb08 ] 00000003          *   --HOLE-- [fill = 20]
                   0001d614  [ 0000eb0a ] 00000068          *   bios5505.a55L : clk5505_meas.o55L (.bios)
                   0001d67c  [ 0000eb3e ] 00000062          *   bios.a55L : log_printf.o55L (.bios)
                   0001d6de  [ 0000eb6f ] 00000002          *   --HOLE-- [fill = 20]
                   0001d6e0  [ 0000eb70 ] 00000062          *             : obj_crea.o55L (.bios)
                   0001d742  [ 0000eba1 ] 00000002          *   --HOLE-- [fill = 20]
                   0001d744  [ 0000eba2 ] 0000005f          *             : knl_exit.o55L (.bios)
                   0001d7a3  [ 0000ebd1 ] 00000001          *   --HOLE-- [fill = 20]
                   0001d7a4  [ 0000ebd2 ] 0000005b          *             : knl_ipos.o55L (.bios)
                   0001d7ff  [ 0000ebff ] 00000001          *   --HOLE-- [fill = 20]
                   0001d800  [ 0000ec00 ] 0000005b          *             : sem_crea.o55L (.bios)
                   0001d85b  [ 0000ec2d ] 00000001          *   --HOLE-- [fill = 20]
                   0001d85c  [ 0000ec2e ] 00000058          *             : lck.o55L (.bios)
                   0001d8b4  [ 0000ec5a ] 00000051          *             : log.o55L (.bios)
                   0001d905  [ 0000ec82+] 0000004e          *             : sem_pend_counting.o55L (.bios)
                   0001d953  [ 0000eca9 ] 00000001          *   --HOLE-- [fill = 20]
                   0001d954  [ 0000ecaa ] 00000048          *             : sem_post.o55L (.bios)
                   0001d99c  [ 0000ecce ] 00000048          *             : sts.o55L (.bios)
                   0001d9e4  [ 0000ecf2 ] 00000048          *             : sys_exit.o55L (.bios)
                   0001da2c  [ 0000ed16 ] 00000047          *             : idl_busy.o55L (.bios)
                   0001da73  [ 0000ed39+] 00000046          *             : idl_cal.o55L (.bios)
                   0001dab9  [ 0000ed5c ] 00000003          *   --HOLE-- [fill = 20]
                   0001dabc  [ 0000ed5e ] 00000045          *             : obj_dele.o55L (.bios)
                   0001db01  [ 0000ed80 ] 00000003          *   --HOLE-- [fill = 20]
                   0001db04  [ 0000ed82 ] 00000044          *             : tsk_disa.o55L (.bios)
                   0001db48  [ 0000eda4 ] 00000043          *             : rta_andn.o55L (.bios)
                   0001db8b  [ 0000edc5+] 00000042          *             : que_get.o55L (.bios)
                   0001dbcd  [ 0000ede6+] 00000036          *             : prd_c.o55L (.bios)
                   0001dc03  [ 0000ee01 ] 00000001          *   --HOLE-- [fill = 20]
                   0001dc04  [ 0000ee02 ] 00000036          *             : utl_putc.o55L (.bios)
                   0001dc3a  [ 0000ee1d ] 00000002          *   --HOLE-- [fill = 20]
                   0001dc3c  [ 0000ee1e ] 00000034          *             : knl_post.o55L (.bios)
                   0001dc70  [ 0000ee38 ] 00000034          *   bios5505.a55L : clk_itime.o55L (.bios)
                   0001dca4  [ 0000ee52 ] 00000032          *   bios.a55L : mem_vall.o55L (.bios:.near)
                   0001dcd6  [ 0000ee6b ] 00000025          *             : fxn.o55L (.bios)
                   0001dcfb  [ 0000ee7d+] 00000024          *             : idl_stub.o55L (.bios)
                   0001dd1f  [ 0000ee8f ] 00000001          *   --HOLE-- [fill = 20]
                   0001dd20  [ 0000ee90 ] 00000023          *             : utl_doab.o55L (.bios)
                   0001dd43  [ 0000eea1 ] 00000001          *   --HOLE-- [fill = 20]
                   0001dd44  [ 0000eea2 ] 00000020          *             : utl_doer.o55L (.bios)
                   0001dd64  [ 0000eeb2 ] 0000001a          *             : hwi_xable.o55L (.bios)
                   0001dd7e  [ 0000eebf ] 00000017          *             : clk_run.o55L (.bios)
                   0001dd95  [ 0000eeca ] 00000003          *   --HOLE-- [fill = 20]
                   0001dd98  [ 0000eecc ] 00000017          *             : sys_abor.o55L (.bios)
                   0001ddaf  [ 0000eed7 ] 00000001          *   --HOLE-- [fill = 20]
                   0001ddb0  [ 0000eed8 ] 00000016          *             : sys_erro.o55L (.bios:.near)
                   0001ddc6  [ 0000eee3 ] 00000015          *   bios5505.a55L : clk_gethtime.o55L (.bios)
                   0001dddb  [ 0000eeed ] 00000001          *   --HOLE-- [fill = 20]
                   0001dddc  [ 0000eeee ] 00000010          *   bios.a55L : sem_dele.o55L (.bios)
                   0001ddec  [ 0000eef6 ] 0000000c          *             : idl.o55L (.bios)
                   0001ddf8  [ 0000eefc ] 00000008          *             : utl_halt.o55L (.bios)
                   0001de00  [ 0000ef00 ] 00000007          *             : sts_set.o55L (.bios)
                   0001de07  [ 0000ef03+] 00000006          *             : gbl_vers.o55L (.bios)
                   0001de0d  [ 0000ef06 ] 00000003          *   --HOLE-- [fill = 20]
                   0001de10  [ 0000ef08 ] 00000002          *             : fxn_c.o55L (.bios)
                   0001de12  [ 0000ef09 ] 00000002          *   --HOLE-- [fill = 20]
                   0001de14  [ 0000ef0a ] 00000002          *   bios5505.a55L : clk5505_wdog.o55L (.bios)
                   0001de16  [ 0000ef0b ] 00000002          *   --HOLE-- [fill = 20]

.const       0   [ 0001de18 ]  0000ef0c          *   000007cd   
                 [ 0001de18 ]  0000ef0c          *   000001bd   main.obj (.const:.string)
                 [ 0001e192 ]  0000f0c9          *   00000001   --HOLE-- [fill = 0]
                 [ 0001e194 ]  0000f0ca          *   00000175   csl_i2c_intc.obj (.const:.string)
                 [ 0001e47e ]  0000f23f          *   00000001   --HOLE-- [fill = 0]
                 [ 0001e480 ]  0000f240          *   0000014b   codec_aic3254.obj (.const:.string)
                 [ 0001e716 ]  0000f38b          *   00000001   --HOLE-- [fill = 0]
                 [ 0001e718 ]  0000f38c          *   00000112   csl_sar_intc.obj (.const:.string)
                 [ 0001e93c ]  0000f49e          *   00000065   i2s_bios_drv_lib.lib : ddc_i2s.obj (.const:.string)
                 [ 0001ea06 ]  0000f503          *   00000001   --HOLE-- [fill = 0]
                 [ 0001ea08 ]  0000f504          *   0000004f   bios.a55L : tsk_stup.o55L (.const)
                 [ 0001eaa6 ]  0000f553          *   0000003e   DMFX1_CSL_BIOS_cfg.obj (.const)
                 [ 0001eb22 ]  0000f591          *   00000001   --HOLE-- [fill = 0]
                 [ 0001eb24 ]  0000f592          *   0000003c   compressor.obj (.const:.string)
                 [ 0001eb9c ]  0000f5ce          *   00000032   csl_i2c_intc.obj (.const:_$P$T0$1)
                 [ 0001ec00 ]  0000f600          *   00000025   codec_aic3254.obj (.const:_volume_table)
                 [ 0001ec4a ]  0000f625          *   00000001   --HOLE-- [fill = 0]
                 [ 0001ec4c ]  0000f626          *   00000023   bios.a55L : utl_doab.o55L (.const)
                 [ 0001ec92 ]  0000f649          *   00000001   --HOLE-- [fill = 0]
                 [ 0001ec94 ]  0000f64a          *   00000022             : utl_doer.o55L (.const)
                 [ 0001ecd8 ]  0000f66c          *   00000014   equalizer.obj (.const:.string)
                 [ 0001ed00 ]  0000f680          *   00000013   i2c_bios_drv_lib.lib : ddc_i2c.obj (.const:.string)
                 [ 0001ed26 ]  0000f693          *   00000001   --HOLE-- [fill = 0]
                 [ 0001ed28 ]  0000f694          *   0000000f   i2s_sample.obj (.const:.string)
                 [ 0001ed46 ]  0000f6a3          *   0000000c   phaser.obj (.const:_$P$T0$7)
                 [ 0001ed5e ]  0000f6af          *   00000001   --HOLE-- [fill = 0]
                 [ 0001ed60 ]  0000f6b0          *   00000006   rtdxx.lib : rtdx_mon.o55L (.const)
                 [ 0001ed6c ]  0000f6b6          *   00000005   compressor.obj (.const:_$P$T0$5)
                 [ 0001ed76 ]  0000f6bb          *   00000001   --HOLE-- [fill = 0]
                 [ 0001ed78 ]  0000f6bc          *   00000004   i2c_bios_drv_lib.lib : ddc_i2c.obj (.const:_$P$T0$1)
                 [ 0001ed80 ]  0000f6c0          *   00000004   pll_control.obj (.const:_pllCfg_100MHz)
                 [ 0001ed88 ]  0000f6c4          *   00000004   bios.a55L : mem_allo.o55L (.const)
                 [ 0001ed90 ]  0000f6c8          *   00000004             : mem_free.o55L (.const)
                 [ 0001ed98 ]  0000f6cc          *   00000004   rtdxx.lib : buffer1.o55L (.const)
                 [ 0001eda0 ]  0000f6d0          *   00000002   compressor.obj (.const:_$P$T1$6)
                 [ 0001eda4 ]  0000f6d2          *   00000002   compressor.obj (.const:_$P$T2$7)
                 [ 0001eda8 ]  0000f6d4          *   00000002   compressor.obj (.const:_$P$T3$8)
                 [ 0001edac ]  0000f6d6          *   00000001   bios.a55L : sem_crea.o55L (.const)
                 [ 0001edae ]  0000f6d7          *   00000001   --HOLE-- [fill = 0]
                 [ 0001edb0 ]  0000f6d8          *   00000001             : tsk.o55L (.const)

.printf      0   [ 0001edb2 ]  0000f6d9          *   00000113   COPY SECTION
                 [ 0001edb2 ]  0000f6d9          *   00000113   DMFX1_CSL_BIOS_cfg.obj (.printf)

.TSK_idle$stk 
*            0   [ 0001edb4 ]  0000f6da          *   00000500   UNINITIALIZED
                 [ 0001edb4 ]  0000f6da          *   00000500   DMFX1_CSL_BIOS_cfg.obj (.TSK_idle$stk)

.sysinit     0     0001f7b4  [ 0000fbda ] 0000023c          *   
                   0001f7b4  [ 0000fbda ] 000000d2          *   DMFX1_CSL_BIOS_cfg.obj (.sysinit)
                   0001f886  [ 0000fc43 ] 00000002          *   --HOLE-- [fill = 20]
                   0001f888  [ 0000fc44 ] 00000084          *   bios.a55L : tsk_init.o55L (.sysinit)
                   0001f90c  [ 0000fc86 ] 00000071          *             : autoinit.o55L (.sysinit)
                   0001f97d  [ 0000fcbe+] 0000006f          *             : boot.o55L (.sysinit)
                   0001f9ec  [ 0000fcf6 ] 00000002          *             : obj_init.o55L (.sysinit)
                   0001f9ee  [ 0000fcf7 ] 00000002          *   --HOLE-- [fill = 20]

.hwi_disp_sec 
*            0   [ 0001f9f0 ]  0000fcf8          *   000000c0   UNINITIALIZED
                 [ 0001f9f0 ]  0000fcf8          *   000000c0   bios.a55L : hwi_disp_asm.o55L (.hwi_disp_sec)

.data        0   [ 0001fb70 ]  0000fdb8          *   00000006   
                 [ 0001fb70 ]  0000fdb8          *   00000006   55xdspl.lib : sine.obj (.data)

.bss         0   [ 00020000 ]  00010000          *   00002a06   UNINITIALIZED
                 [ 00020000 ]  00010000          *   0000173b   i2s_sample.obj (.bss)
                 [ 00022e76 ]  0001173b          *   000009fe   compressor.obj (.bss)
                 [ 00024272 ]  00012139          *   000002e9   equalizer.obj (.bss)
                 [ 00024844 ]  00012422          *   0000014c   dma_bios_drv_lib.lib : ddc_dma.obj (.bss)
                 [ 00024adc ]  0001256e          *   000000c2   rts55x.lib : atexit.obj (.bss)
                 [ 00024c60 ]  00012630          *   0000008a   bios.a55L : knl.o55L (.bss)
                 [ 00024d74 ]  000126ba          *   00000084   C55XXCSL_LP.lib : csl_intc.obj (.bss)
                 [ 00024e7c ]  0001273e          *   00000071   csl_i2c_intc.obj (.bss)
                 [ 00024f5e ]  000127af          *   00000066   main.obj (.bss)
                 [ 0002502a ]  00012815          *   00000001   55xdspl.lib : rand16i.obj (.bss)
                 [ 0002502c ]  00012816          *   00000044   i2c_bios_drv_lib.lib : ddc_i2c.obj (.bss)
                 [ 000250b4 ]  0001285a          *   00000040   i2s_bios_drv_lib.lib : ddc_i2s.obj (.bss)
                 [ 00025134 ]  0001289a          *   00000038   phaser.obj (.bss)
                 [ 000251a4 ]  000128d2          *   00000030   bios.a55L : tsk.o55L (.bss)
                 [ 00025204 ]  00012902          *   00000028             : tsk_stup.o55L (.bss)
                 [ 00025254 ]  0001292a          *   00000023             : obj_init.o55L (.bss)
                 [ 0002529a ]  0001294d          *   00000001             : tsk_disa.o55L (.bss)
                 [ 0002529c ]  0001294e          *   00000018   variabledelay.obj (.bss)
                 [ 000252cc ]  00012966          *   00000014   bios.a55L : sys.o55L (.bss)
                 [ 000252f4 ]  0001297a          *   00000012   C55XXCSL_LP.lib : csl_i2c.obj (.bss)
                 [ 00025318 ]  0001298c          *   00000010   i2s_bios_drv_lib.lib : dda_i2s.obj (.bss)
                 [ 00025338 ]  0001299c          *   0000000e   pll_control.obj (.bss)
                 [ 00025354 ]  000129aa          *   0000000c   DMFX1_CSL_BIOS_cfg.obj (.bss)
                 [ 0002536c ]  000129b6          *   0000000c   bios5505.a55L : clk5505_data.o55L (.bss)
                 [ 00025384 ]  000129c2          *   0000000a   app_audio_alg.obj (.bss)
                 [ 00025398 ]  000129cc          *   00000008   bios.a55L : knl_tick.o55L (.bss)
                 [ 000253a8 ]  000129d4          *   00000007   csl_sar_intc.obj (.bss)
                 [ 000253b6 ]  000129db          *   00000001   --HOLE--
                 [ 000253b8 ]  000129dc          *   00000006   bios.a55L : utl_putc.o55L (.bss)
                 [ 000253c4 ]  000129e2          *   00000006   gpio_control.obj (.bss)
                 [ 000253d0 ]  000129e8          *   00000006   rtdxx.lib : buffer1.o55L (.bss)
                 [ 000253dc ]  000129ee          *   00000004   bios.a55L : clk_data.o55L (.bss)
                 [ 000253e4 ]  000129f2          *   00000004             : sem_crea.o55L (.bss)
                 [ 000253ec ]  000129f6          *   00000004   rts55x.lib : _lock.obj (.bss)
                 [ 000253f4 ]  000129fa          *   00000004              : exit.obj (.bss)
                 [ 000253fc ]  000129fe          *   00000003   codec_aic3254.obj (.bss)
                 [ 00025402 ]  00012a01          *   00000001   --HOLE--
                 [ 00025404 ]  00012a02          *   00000002   bios.a55L : clk_data2.o55L (.bss)
                 [ 00025408 ]  00012a04          *   00000002   rts55x.lib : sinit.obj (.bss)

.dlybuf      0   [ 0002540c ]  00012a06          *   00008000   UNINITIALIZED
                 [ 0002540c ]  00012a06          *   00008000   variabledelay.obj (.dlybuf)

.hwi_vec     0     0004df00  [ 00026f80 ] 00000100          *   
                   0004df00  [ 00026f80 ] 00000100          *   DMFX1_CSL_BIOS_cfg.obj (.hwi_vec)

.trace$buf 
*            0   [ 0004e000 ]  00027000          *   00000800   UNINITIALIZED
                 [ 0004e000 ]  00027000          *   00000800   DMFX1_CSL_BIOS_cfg.obj (.trace$buf)


GLOBAL SYMBOLS: SORTED ALPHABETICALLY BY Name 

abs. value/
byte addr   word addr   name
---------   ---------   ----
00000002                $TI_capability$C5500$CallingConvention
00000002                $TI_capability$C5500$MemoryModel
00000001                $TI_capability_requires_rev3
            00010000    .bss
            0000fdb8    .data
00010000                .text
            0000276a    AudioRx_Tsk
00000005                AudioRx_Tsk$ord
0000000b                AudioRx_Tsk$pri
            00003000    AudioRx_Tsk$stack
            000033e2    AudioRx_Tsk$stkptr
            00004c72    AudioRx_Tsk$sts
            0000f79c    AudioRx_Tsk$sts$avgfmt
00000002                AudioRx_Tsk$sts$filter
00000001                AudioRx_Tsk$sts$filtmaxmult
00000001                AudioRx_Tsk$sts$filtsummult
            0000f78c    AudioRx_Tsk$sts$maxfmt
            00004c70    AudioRx_Tsk$sts$stsobj
            0000f794    AudioRx_Tsk$sts$sumfmt
00000001                AudioRx_Tsk$sts$unittype
            00003400    AudioRx_Tsk$sysstack
            000034e2    AudioRx_Tsk$sysstkptr
00000000                AudioRx_Tsk$tsk
            00002782    AudioRx_Tsk$tskobj
            0000273e    AudioTx_Tsk
00000004                AudioTx_Tsk$ord
0000000a                AudioTx_Tsk$pri
            00003500    AudioTx_Tsk$stack
            000038e2    AudioTx_Tsk$stkptr
            00004c6a    AudioTx_Tsk$sts
            0000f782    AudioTx_Tsk$sts$avgfmt
00000002                AudioTx_Tsk$sts$filter
00000001                AudioTx_Tsk$sts$filtmaxmult
00000001                AudioTx_Tsk$sts$filtsummult
            0000f772    AudioTx_Tsk$sts$maxfmt
            00004c68    AudioTx_Tsk$sts$stsobj
            0000f77a    AudioTx_Tsk$sts$sumfmt
00000001                AudioTx_Tsk$sts$unittype
            00003900    AudioTx_Tsk$sysstack
            000039e2    AudioTx_Tsk$sysstkptr
00000000                AudioTx_Tsk$tsk
            00002756    AudioTx_Tsk$tskobj
00000014                BIOSDATA_O_CLK_D_COUNTSPMS
0000000e                BIOSDATA_O_CLK_D_DIRTY
00000016                BIOSDATA_O_CLK_D_IDLETIME
00000018                BIOSDATA_O_CLK_D_ISRHOOK
00000010                BIOSDATA_O_CLK_D_PRD
0000001a                BIOSDATA_O_CLK_D_TABBEG
00000012                BIOSDATA_O_CLK_D_TDDR
0000001c                BIOSDATA_O_CLK_D_TIMEFXN
00000006                BIOSDATA_O_CLK_HTIMEDIV
00000008                BIOSDATA_O_CLK_HTIMEMULT
0000000a                BIOSDATA_O_CLK_LTIMEDIV
0000000c                BIOSDATA_O_CLK_LTIMEMULT
0000001e                BIOSDATA_O_CLK_R_TIMH
0000001f                BIOSDATA_O_CLK_R_TIML
00000020                BIOSDATA_O_HST_D_CHANMASK
000000a0                BIOSDATA_O_HST_D_TABBEGADDR
000000a2                BIOSDATA_O_HST_D_TABENDADDR
00000088                BIOSDATA_O_HWI_D_SPSAVE
0000008a                BIOSDATA_O_HWI_D_SSPSAVE
0000008c                BIOSDATA_O_HWI_D_STKBOTADDR
00000090                BIOSDATA_O_HWI_D_STKTOPADDR
0000008e                BIOSDATA_O_HWI_D_SYSTKBOTADDR
00000092                BIOSDATA_O_HWI_D_SYSTKTOPADDR
00000022                BIOSDATA_O_IDL_D_CALBEG
00000024                BIOSDATA_O_IDL_D_CALIBRATE
00000026                BIOSDATA_O_IDL_D_TABBEG
00000028                BIOSDATA_O_LOG_D_SYSTEM
00000098                BIOSDATA_O_MEM_D_FREELIST
0000009a                BIOSDATA_O_MEM_D_LOCKADDR
00000096                BIOSDATA_O_MEM_D_MEMTAB
00000095                BIOSDATA_O_MEM_D_NUMSEGMENTS
0000009c                BIOSDATA_O_MEM_D_UNLOCKADDR
0000002a                BIOSDATA_O_PIP_D_TABBEG
0000002c                BIOSDATA_O_PIP_D_TABLEN
0000002e                BIOSDATA_O_PRD_D_CUR
00000030                BIOSDATA_O_PRD_D_ELAPSED
00000031                BIOSDATA_O_PRD_D_PREVTIM
00000032                BIOSDATA_O_PRD_D_SCALAR
00000034                BIOSDATA_O_PRD_D_SWIHANDLE
00000036                BIOSDATA_O_PRD_D_TABBEG
00000038                BIOSDATA_O_PRD_D_TABLEN
0000003a                BIOSDATA_O_PRD_D_THOOK
0000003c                BIOSDATA_O_PRD_D_TICKH
0000003d                BIOSDATA_O_PRD_D_TICKL
000000a8                BIOSDATA_O_RTDX_D_BUFREAD
000000aa                BIOSDATA_O_RTDX_D_BUFWRITE
00000046                BIOSDATA_O_SWI_D_CURFXN
00000042                BIOSDATA_O_SWI_D_CURMASK
00000045                BIOSDATA_O_SWI_D_CURMBOX
00000043                BIOSDATA_O_SWI_D_CURSET
00000040                BIOSDATA_O_SWI_D_EXECADDR
00000044                BIOSDATA_O_SWI_D_LOCK
00000048                BIOSDATA_O_SWI_D_RDYBEG
0000004a                BIOSDATA_O_SWI_D_RDYTAB
0000003e                BIOSDATA_O_SWI_D_RUNADDR
0000009e                BIOSDATA_O_SYS
000000a4                BIOSDATA_O_TSK_D_IDLSTKADDR
000000a6                BIOSDATA_O_TSK_D_IDLSYSTKADDR
0001f7b4                BIOS_init
0001f842                BIOS_start
00000000                BUF$
00000001                BUF_ENABLED
0001b844                C$$EXIT
            000049ca    C55_BIOSDATAOBJ
00000001                CLK$
00004d94                CLK_A_TABBEG
00009b28                CLK_A_TABBEGb
00000001                CLK_CALDIV
00000004                CLK_CALMULT
0000c350                CLK_COUNTSPMS
00000000                CLK_COUNTSPMSHIGH
            000049e0    CLK_D_idletime
            000049e2    CLK_D_isrhook
            000049e4    CLK_D_tabbeg
            000049e6    CLK_D_timefxn
0001dd89                CLK_F_dispRun
0001d548                CLK_F_gethtime
0001dc70                CLK_F_itime
0001dd89                CLK_HOOKFXN
00000001                CLK_HTIMEDIV
00000002                CLK_HTIMEMULT
0000c350                CLK_HTIMEPERLTIME
00000010                CLK_IMR0TINTMASK
00000000                CLK_IMR1TINTMASK
00000000                CLK_INTBIT
00000004                CLK_INTID
00000001                CLK_LTIMEDIV
000186a0                CLK_LTIMEMULT
000003e8                CLK_MICROSECS
            00004d96    CLK_NULL
0000c34f                CLK_PRD
00000000                CLK_PRDHIGH
00001810                CLK_REGS
            000049e8    CLK_R_timh
            000049e9    CLK_R_timl
00000020                CLK_TCR
00000000                CLK_TDDR
00000000                CLK_TDDRHIGH
0001d548                CLK_TIMEFXN
00000001                CLK_TIMER0ARG
0001d4c0                CLK_TIMER0FUNC
00000000                CLK_TIMER1ARG
0001dcd6                CLK_TIMER1FUNC
00000000                CLK_TIMER2ARG
0001dcd6                CLK_TIMER2FUNC
00000046                CLK_TIMERIFR
00000045                CLK_TIMERIMR
00000010                CLK_TIMERIMRMASK
00000000                CLK_TIMERNUM
00000001                CLK_USETIMER
ffffffff                DARAM
00000000                DEV$
00000000                DGN$
00000000                DHL$
00000000                DHL_gChannelsAvailable
00000000                DIO$
00000000                DIO_NUMSWIBASE
00000000                DIO_NUMTSKBASE
00000000                DIO_STATIC
00000000                DPI$
0001dcd6                FXN_F_nop
0001dcd8                FXN_F_run
0001dcf9                FXN_F_selfLoop
0001dcf5                FXN_F_zero
00000001                GBL$
00005205                GBL_A_VERSION
0001de10                GBL_BIOS_BOOTFXN
00f80000                GBL_CACHEICRTAG1
00f81000                GBL_CACHEICRTAG2
00000002                GBL_CACHETYPE
00000000                GBL_CALLCSLCFGINIT
00002ee0                GBL_CLKIN
00000001                GBL_CLKMD
00001581                GBL_CLKTYPE
00000001                GBL_DCRPOSTEDWRITE
00001581                GBL_DSPSUBTYPE
00000037                GBL_DSPTYPE
00000000                GBL_ENABLEICACHE
00000001                GBL_ENABLEINST
00000042                GBL_FOOTPRINT
000186a0                GBL_FREQ
00000001                GBL_LARGEMODEL
00000000                GBL_MODIFYCLKMD
00000000                GBL_NULL
00008000                GBL_PLLDIV0
00008003                GBL_PLLDIV1
0000000f                GBL_PLLM
00000000                GBL_PROCID
00000000                GBL_ROM
00000000                GBL_SUPPORTCSL
0000dbef                GBL_TRCMASKVALUE
00000000                GBL_USERINIT
0001de10                GBL_USERINITFXN
00000001                GBL_boot
            000027ff    GBL_initdone
            00000860    GBL_stackbeg
            0000185f    GBL_stackend
            00000060    GBL_sysstackbeg
            0000085f    GBL_sysstackend
00000000                GIO$
0001de10                GIO_CREATEFXN
0001de10                GIO_DELETEFXN
0001de10                GIO_PENDFXN
0001de10                GIO_POSTFXN
00000000                HOOK$
00000000                HOOK_KNLID
00000001                HST$
00004d2c                HST_A_TABBEG
00009a58                HST_A_TABBEGb
00004d46                HST_A_TABEND
00009a8c                HST_A_TABENDb
00000000                HST_BIOSLINK
00000000                HST_DSM
ffffffff                HST_DSMBUFSEG
00000400                HST_DSMMEMSIZE
            000049ea    HST_D_chanmask
            00004a6a    HST_D_tabbegaddr
            00004a6c    HST_D_tabendaddr
000000ff                HST_MAXFRAMEALLOWED
00000008                HST_MAXFRAMESET
00000000                HST_NONE
00000001                HST_RTDX
00000001                HWI$
0004df00                HWI_A_VECS
00000018                HWI_BERR
00000019                HWI_DLOG
            00004a5e    HWI_D_inhwi
            00004a52    HWI_D_spsave
            00004a54    HWI_D_sspsave
            00004a56    HWI_D_stkbotaddr
            00004a5a    HWI_D_stktopaddr
            00004a58    HWI_D_systkbotaddr
            00004a5c    HWI_D_systktopaddr
0001bfc3                HWI_F_dispatch
0000000a                HWI_INT10
0000000b                HWI_INT11
0000000c                HWI_INT12
0000000d                HWI_INT13
0000000e                HWI_INT14
0000000f                HWI_INT15
00000010                HWI_INT16
00000011                HWI_INT17
00000012                HWI_INT18
00000013                HWI_INT19
00000002                HWI_INT2
00000014                HWI_INT20
00000015                HWI_INT21
00000016                HWI_INT22
00000017                HWI_INT23
00000003                HWI_INT3
00000004                HWI_INT4
00000005                HWI_INT5
00000006                HWI_INT6
00000007                HWI_INT7
00000008                HWI_INT8
00000009                HWI_INT9
00000001                HWI_NMI
00000000                HWI_RESET
0000001a                HWI_RTOS
0000001b                HWI_SINT27
0000001c                HWI_SINT28
0000001d                HWI_SINT29
0000001e                HWI_SINT30
0000001f                HWI_SINT31
00000004                HWI_TINT
00000000                HWI_ZEROTAB
0001b805                I$$LMPY
00000001                IDL$
00004d7e                IDL_A_CALBEG
00009afc                IDL_A_CALBEGb
00004d76                IDL_A_TABBEG
00009aec                IDL_A_TABBEGb
00000000                IDL_CALIBRERROR
0001dcfb                IDL_CALIBRFXN
            00004a96    IDL_D_busyObj
            000049ec    IDL_D_calbeg
            000049ee    IDL_D_calibrate
            000049f0    IDL_D_tabbeg
            00004d7c    IDL_END
            00004d84    IDL_END$
0001da2c                IDL_F_busy
0001ddec                IDL_F_loop
00000001                IDL_USECLKIDLTIME
            00004c82    IDL_busyObj
            0000f7c6    IDL_busyObj$avgfmt
00000001                IDL_busyObj$filter
00000001                IDL_busyObj$iA
00000000                IDL_busyObj$iB
00000001                IDL_busyObj$iC
            0000f7c0    IDL_busyObj$maxfmt
00000000                IDL_busyObj$operation
            00004c80    IDL_busyObj$stsobj
            0000f7c3    IDL_busyObj$sumfmt
00000002                IDL_busyObj$unittype
            00004d76    IDL_cpuLoad
            00004d7e    IDL_cpuLoad$
00000001                ISRC$
0001ce40                KNL_glue
            00004d18    KNL_swi
00000001                KNL_swi$dorta
00000002                KNL_swi$ord
00000000                KNL_swi$pri
            00004c52    KNL_swi$sts
            0000f734    KNL_swi$sts$avgfmt
00000002                KNL_swi$sts$filter
00000001                KNL_swi$sts$filtmaxmult
00000001                KNL_swi$sts$filtsummult
            0000f724    KNL_swi$sts$maxfmt
            00004c50    KNL_swi$sts$stsobj
            0000f72c    KNL_swi$sts$sumfmt
00000000                KNL_swi$sts$unittype
00000000                KNL_swi$swi
0001ce7f                KNL_tick_stub
00000001                LCK$
            00004a90    LNKCTRL
            00004a91    LNK_D_dataReadyMask
            00004a90    LNK_D_fromHostMask
            00004a93    LNK_D_readDone
            00004a94    LNK_D_readFail
            00004a92    LNK_D_readPend
            00004a95    LNK_D_writeFail
0001bc22                LNK_F_checkChanEnabled
0001bc7b                LNK_F_dataPump
0001bc49                LNK_F_getChanPtr
0001bc30                LNK_F_getNextChan
0001bc20                LNK_F_init
0001bf9e                LNK_F_readCallBack
            00004d78    LNK_dataPump
            00004d80    LNK_dataPump$
0001bde6                LNK_newin
0001beca                LNK_newout
0001bc7b                LNK_rcloop
0001bccf                LNK_rdrtry
0001bcd9                LNK_rrloop
0001bd59                LNK_wrloop
0001bd4f                LNK_wrrtry
00000001                LOG$
00004d46                LOG_A_TABBEG
00009a8c                LOG_A_TABBEGb
00004d5a                LOG_A_TABEND
00009ab4                LOG_A_TABENDb
00000002                LOG_A_TABLEN
            000049f2    LOG_D_system
00000001                LOG_ENABLED
0001d8b4                LOG_F_event
            00004d46    LOG_system
            00002800    LOG_system$buf
00000000                LOG_system$datatype
00000000                LOG_system$log
00000800                LOG_system$size
00000000                MBX$
00000001                MEM$
00000000                MEM_MALLOCSEG
00000000                MEM_NULL
00000000                MEM_SEGZERO
00000000                MEM_gNumHeap
00000000                MSGQ$
00000000                MSGQ_USEMSGQ
00000000                OBJ$
00000000                PIP$
00004ca0                PIP_A_TABBEG
00009940                PIP_A_TABBEGb
00004d04                PIP_A_TABEND
00009a08                PIP_A_TABENDb
00000002                PIP_A_TABLEN
            000049f4    PIP_D_tabbeg
            000049f6    PIP_D_tablen
0001cd2f                PIP_F_give
0001cd2d                PIP_F_probe
0001cda1                PIP_F_start
0001ccd9                PIP_F_take
00000064                PIP_OBJSIZE
00000000                PIP_gNextId
00000002                PIP_gNumEmbed
00000000                POOL$
00000000                POOL_USEPOOL
00000001                PRD$
            00004d5a    PRD0
            00004d64    PRD0$aaa
00000000                PRD0$mode
00000001                PRD0$ord
00000001                PRD0$period
00000000                PRD0$prd
            00004c32    PRD0$sts
            0000f6f3    PRD0$sts$avgfmt
00000000                PRD0$sts$filter
            0000f6e1    PRD0$sts$maxfmt
            00004c30    PRD0$sts$stsobj
            0000f6ea    PRD0$sts$sumfmt
00000002                PRD0$sts$unittype
00004d5a                PRD_A_TABBEG
00009ab4                PRD_A_TABBEGb
00004d66                PRD_A_TABEND
00009acc                PRD_A_TABENDb
00000001                PRD_A_TABLEN
            000049f8    PRD_D_cur
            000049fa    PRD_D_elapsed
            000049fb    PRD_D_prevtim
            000049fc    PRD_D_scalar
            000049fe    PRD_D_swihandle
            00004a00    PRD_D_tabbeg
            00004a02    PRD_D_tablen
            00004a04    PRD_D_thook
            00004a06    PRD_D_tickh
            00004a07    PRD_D_tickl
0001c4af                PRD_F_swi
0001c5d4                PRD_F_tick
00000001                PRD_SCALAR
            00004d04    PRD_SWIHANDLE
0001ce7f                PRD_THOOKFXN
            00004d94    PRD_clock
            00004d04    PRD_swi
00000001                PRD_swi$dorta
00000000                PRD_swi$ord
00000001                PRD_swi$pri
            00004c4a    PRD_swi$sts
            0000f71a    PRD_swi$sts$avgfmt
00000002                PRD_swi$sts$filter
00000001                PRD_swi$sts$filtmaxmult
00000001                PRD_swi$sts$filtsummult
            0000f70a    PRD_swi$sts$maxfmt
            00004c48    PRD_swi$sts$stsobj
            0000f712    PRD_swi$sts$sumfmt
00000000                PRD_swi$sts$unittype
00000000                PRD_swi$swi
00000001                PWRM$
00000000                PWRM_PWRM_ADAPTCLK
0001de10                PWRM_PWRM_BOOTHOOKFXN
00000023                PWRM_PWRM_CAPSMASK
0000003f                PWRM_PWRM_DS_IDLEMASK
00000000                PWRM_PWRM_ENABLE
00000005                PWRM_PWRM_IDLEMASK
00000000                PWRM_PWRM_IER0
00000000                PWRM_PWRM_IER1
00000640                PWRM_PWRM_INITMILVOLTS
0000000f                PWRM_PWRM_INITSP
00000000                PWRM_PWRM_SCALING
00000001                QUE$
            00004a7a    RTA_D_fromHost
            00004a7e    RTA_D_logval
            00004a88    RTA_D_stsval
            00004a7c    RTA_D_toHost
0001db48                RTA_F_andn
0001cb05                RTA_F_dispatch
0001ca7c                RTA_F_getlog
0001caa8                RTA_F_getsts
0001db5e                RTA_F_or
0001cad7                RTA_F_readblk
0001caea                RTA_F_resetmem
0001cae6                RTA_F_writeword
            00004d7a    RTA_dispatcher
            00004d82    RTA_dispatcher$
            00004d2e    RTA_fromHost
            00004d6e    RTA_fromHost$buf
00000008                RTA_fromHost$framesize
00000000                RTA_fromHost$hst
00000001                RTA_fromHost$id
00000000                RTA_fromHost$mode
            00004ca0    RTA_fromHost$pipe
            000129aa    RTA_fromHost$pipe$dtab
            00004ca2    RTA_fromHost$pipe$rd
            00004ca4    RTA_fromHost$pipe$rdaddr
            00004ca8    RTA_fromHost$pipe$rdcurdesc
            00004ca6    RTA_fromHost$pipe$rdsize
            00004cb8    RTA_fromHost$pipe$rdstshdl
            00004c3a    RTA_fromHost$pipe$sts
            0000f702    RTA_fromHost$pipe$sts$avgfmt
00000000                RTA_fromHost$pipe$sts$filter
            0000f6fe    RTA_fromHost$pipe$sts$maxfmt
            00004c38    RTA_fromHost$pipe$sts$stsobj
            0000f700    RTA_fromHost$pipe$sts$sumfmt
00000000                RTA_fromHost$pipe$sts$unittype
            00004cba    RTA_fromHost$pipe$wr
            00004cbc    RTA_fromHost$pipe$wraddr
            00004cc0    RTA_fromHost$pipe$wrcurdesc
            00004cbe    RTA_fromHost$pipe$wrsize
            00004cd0    RTA_fromHost$pipe$wrstshdl
            00004d32    RTA_fromHost$rtdx
            00004d3a    RTA_toHost
            00004d66    RTA_toHost$buf
00000008                RTA_toHost$framesize
00000000                RTA_toHost$hst
00000000                RTA_toHost$id
00000001                RTA_toHost$mode
            00004cd2    RTA_toHost$pipe
            000129b0    RTA_toHost$pipe$dtab
            00004cd4    RTA_toHost$pipe$rd
            00004cd6    RTA_toHost$pipe$rdaddr
            00004cda    RTA_toHost$pipe$rdcurdesc
            00004cd8    RTA_toHost$pipe$rdsize
            00004cea    RTA_toHost$pipe$rdstshdl
            00004c42    RTA_toHost$pipe$sts
            0000f708    RTA_toHost$pipe$sts$avgfmt
00000000                RTA_toHost$pipe$sts$filter
            0000f704    RTA_toHost$pipe$sts$maxfmt
            00004c40    RTA_toHost$pipe$sts$stsobj
            0000f706    RTA_toHost$pipe$sts$sumfmt
00000000                RTA_toHost$pipe$sts$unittype
            00004cec    RTA_toHost$pipe$wr
            00004cee    RTA_toHost$pipe$wraddr
            00004cf2    RTA_toHost$pipe$wrcurdesc
            00004cf0    RTA_toHost$pipe$wrsize
            00004d02    RTA_toHost$pipe$wrstshdl
            00004d3e    RTA_toHost$rtdx
00000001                RTDX$
00000102                RTDX_BUFMEMSIZE
ffffffff                RTDX_DATAMEMSEG
            00004a72    RTDX_D_BufRead
            00004a74    RTDX_D_BufWrite
00000000                RTDX_MODE
00000001                RTDX_USERTDX
00000000                RTDX_USERTEXECUTION
ffffffff                SARAM
ffffffff                SARAM31
00000001                SEM$
            00004b32    SEM_DmaRxLeftComplete
            00004b74    SEM_DmaRxRightComplete
            00004b48    SEM_I2cDevBusy
            00004b8a    SEM_I2c_Intc
            00004ba0    SEM_Int0
            00004b5e    SEM_TxSampsSent
00000000                SIO$
00000001                STS$
00004c30                STS_A_TABBEG
00009860                STS_A_TABBEGb
00004ca0                STS_A_TABEND
00009940                STS_A_TABENDb
            00004c92    STS_AudioRx_Tsk
            0000f7dc    STS_AudioRx_Tsk$avgfmt
00000001                STS_AudioRx_Tsk$filter
00000001                STS_AudioRx_Tsk$iA
00000000                STS_AudioRx_Tsk$iB
00000001                STS_AudioRx_Tsk$iC
            0000f7d6    STS_AudioRx_Tsk$maxfmt
00000001                STS_AudioRx_Tsk$operation
            00004c90    STS_AudioRx_Tsk$stsobj
            0000f7d9    STS_AudioRx_Tsk$sumfmt
00000000                STS_AudioRx_Tsk$unittype
            00004c9a    STS_AudioTx_Tsk
            0000f7e7    STS_AudioTx_Tsk$avgfmt
00000001                STS_AudioTx_Tsk$filter
00000001                STS_AudioTx_Tsk$iA
00000000                STS_AudioTx_Tsk$iB
00000001                STS_AudioTx_Tsk$iC
            0000f7e1    STS_AudioTx_Tsk$maxfmt
00000001                STS_AudioTx_Tsk$operation
            00004c98    STS_AudioTx_Tsk$stsobj
            0000f7e4    STS_AudioTx_Tsk$sumfmt
00000000                STS_AudioTx_Tsk$unittype
0001d9be                STS_F_add
0001d99c                STS_F_delta
0001d9d6                STS_F_reset
            00004c8a    STS_I2c_Intc_SlaveRx
            0000f7d1    STS_I2c_Intc_SlaveRx$avgfmt
00000001                STS_I2c_Intc_SlaveRx$filter
00000001                STS_I2c_Intc_SlaveRx$iA
00000000                STS_I2c_Intc_SlaveRx$iB
00000001                STS_I2c_Intc_SlaveRx$iC
            0000f7cb    STS_I2c_Intc_SlaveRx$maxfmt
00000001                STS_I2c_Intc_SlaveRx$operation
            00004c88    STS_I2c_Intc_SlaveRx$stsobj
            0000f7ce    STS_I2c_Intc_SlaveRx$sumfmt
00000000                STS_I2c_Intc_SlaveRx$unittype
00000001                SWI$
00004d04                SWI_A_TABBEG
00009a08                SWI_A_TABBEGb
00004d2c                SWI_A_TABEND
00009a58                SWI_A_TABENDb
00000002                SWI_A_TABLEN
            00004a10    SWI_D_curfxn
            00004a0c    SWI_D_curmask
            00004a0f    SWI_D_curmbox
            00004a0d    SWI_D_curset
            00004a0a    SWI_D_execaddr
            00004a50    SWI_D_inswi
            00004a0e    SWI_D_lock
            00004a12    SWI_D_rdybeg
            00004a14    SWI_D_rdytab
            00004a08    SWI_D_runaddr
00000000                SWI_EHOOKFXN
0001b992                SWI_EXECFXN
0001b84c                SWI_F_enable
0001b992                SWI_F_exec
0001b90a                SWI_F_exec_sync
0001b87f                SWI_F_post
0001ba7e                SWI_F_run
00000000                SWI_IHOOKFXN
0001ba7e                SWI_RUNFXN
00000001                SYS$
            00004d86    SYS$config
0001dd20                SYS_ABORTFXN
0001dd44                SYS_ERRORFXN
0001ddf8                SYS_EXITFXN
0001dc04                SYS_PUTCFXN
00004000                TRC_GBLTARG
            000027fe    TRC_R_mask
            000027fd    TRC_cinit
00000001                TSK$
            00004a6e    TSK_D_idlstkaddr
            00004a70    TSK_D_idlsystkaddr
00000000                TSK_NUM_HOOKS
00000001                TSK_PRIORITY
00000000                TSK_READYFXN
00000000                TSK_STACKSEG
00000400                TSK_STACKSIZE
00000000                TSK_SWITCHFXN
00000100                TSK_SYSTACKSIZE
0001de10                TSK_VCREATEFXN
0001de10                TSK_VDELETEFXN
0001de10                TSK_VEXITFXN
            000026e6    TSK_idle
00000001                TSK_idle$ord
00000000                TSK_idle$pri
            0000f6da    TSK_idle$stack
            0000fabc    TSK_idle$stkptr
            00004c5a    TSK_idle$sts
            0000f74e    TSK_idle$sts$avgfmt
00000002                TSK_idle$sts$filter
00000001                TSK_idle$sts$filtmaxmult
00000001                TSK_idle$sts$filtsummult
            0000f73e    TSK_idle$sts$maxfmt
            00004c58    TSK_idle$sts$stsobj
            0000f746    TSK_idle$sts$sumfmt
00000000                TSK_idle$sts$unittype
            0000fada    TSK_idle$sysstack
            0000fbbc    TSK_idle$sysstkptr
00000000                TSK_idle$tsk
            000026fe    TSK_idle$tskobj
            00002796    Tsk_I2c_Intc_SlaveRx
00000006                Tsk_I2c_Intc_SlaveRx$ord
0000000c                Tsk_I2c_Intc_SlaveRx$pri
            00003a00    Tsk_I2c_Intc_SlaveRx$stack
            00003de2    Tsk_I2c_Intc_SlaveRx$stkptr
            00004c7a    Tsk_I2c_Intc_SlaveRx$sts
            0000f7b6    Tsk_I2c_Intc_SlaveRx$sts$avgfmt
00000002                Tsk_I2c_Intc_SlaveRx$sts$filter
00000001                Tsk_I2c_Intc_SlaveRx$sts$filtmaxmult
00000001                Tsk_I2c_Intc_SlaveRx$sts$filtsummult
            0000f7a6    Tsk_I2c_Intc_SlaveRx$sts$maxfmt
            00004c78    Tsk_I2c_Intc_SlaveRx$sts$stsobj
            0000f7ae    Tsk_I2c_Intc_SlaveRx$sts$sumfmt
00000001                Tsk_I2c_Intc_SlaveRx$sts$unittype
            00003e00    Tsk_I2c_Intc_SlaveRx$sysstack
            00003ee2    Tsk_I2c_Intc_SlaveRx$sysstkptr
00000000                Tsk_I2c_Intc_SlaveRx$tsk
            000027ae    Tsk_I2c_Intc_SlaveRx$tskobj
00000000                UDEV$
ffffffff                VECT
00017136                _AGC
000160c7                _AIC3254_Read
00016041                _AIC3254_Write
000165e0                _AIC3254_init
00016547                _Adjust_Volume
            0000276a    _AudioRx_Tsk
            0000273e    _AudioTx_Tsk
0001f7b4                _BIOS_init
0001f842                _BIOS_start
            000129c2    _BL
0001647b                _Beep_Generator
00019d3d                _C5535_reset
0001d32b                _C55_clearIFR0
0001d340                _C55_clearIFR1
0001d2b3                _C55_disableIMR0
0001d2d6                _C55_disableIMR1
0001d2f9                _C55_enableIMR0
0001d312                _C55_enableIMR1
0000c350                _CLK_COUNTSPMS
            000129ee    _CLK_DFLTMICROSECS
            000049de    _CLK_D_countspms
            000049d8    _CLK_D_dirty
            000129f0    _CLK_D_microseconds
            000049da    _CLK_D_prd
            000049dc    _CLK_D_tddr
0000c34f                _CLK_PRD
00001810                _CLK_REGS
00000020                _CLK_TCR
00000000                _CLK_TDDR
00000000                _CLK_TIMERNUM
00000001                _CLK_USETIMER
0001dd89                _CLK_dispRun
0001d478                _CLK_dispatch
0001d53c                _CLK_getfhtime
0001ddc6                _CLK_gethtime
0001d548                _CLK_getshtime
            000049d0    _CLK_htimeDiv
            000049d2    _CLK_htimeMult
            00012a02    _CLK_htimePerLtime
0001d4c0                _CLK_isr
            000049e2    _CLK_isrhook
0001dc70                _CLK_itime
            000049d4    _CLK_ltimeDiv
            000049d6    _CLK_ltimeMult
0001d614                _CLK_measure
0001dd7e                _CLK_run
0001d358                _CLK_start
0001d3e0                _CLK_stop
            000049e8    _CLK_time
            000129bc    _CLK_timer0arg
            000129b6    _CLK_timer0func
            000129be    _CLK_timer1arg
            000129b8    _CLK_timer1func
            000129c0    _CLK_timer2arg
            000129ba    _CLK_timer2func
00001810                _CLK_timer5505
00001c14                _CLK_timerIAFR
00000000                _CLK_timerNum
0001de14                _CLK_wdogdisable
00019eb0                _CSL_acTest
00016a14                _CSL_i2cAasCallback
00016a63                _CSL_i2cAlCallback
00016a59                _CSL_i2cArdyCallback
00016a5b                _CSL_i2cNackCallback
00016a20                _CSL_i2cRxCallback
00016a16                _CSL_i2cScdCallback
00016a1e                _CSL_i2cTxCallback
000163c9                _Change_Volume
00019d99                _ClockGating
000170f1                _Codec_Read
00016cbd                _Codec_Write
ffffffff                _DARAM
0001a134                _DDA_I2SHWInit
            0001298c    _DDA_I2SInfo
00012d9f                _DDC_DMAAdjustAddrOffset
00012e39                _DDC_DMAChangeDestAddr
00012e13                _DDC_DMAChangeSrcAddr
00013371                _DDC_DMACheckTxComplete
00012390                _DDC_DMAConfigChan
00011f50                _DDC_DMADrvInit
0001208b                _DDC_DMAReleaseChan
00011fc6                _DDC_DMARequestChan
00012e62                _DDC_DMAStartTransfer
00012f3c                _DDC_DMAStopTransfer
00017264                _DDC_I2SClose
00017574                _DDC_I2SDMADeinit
0001750a                _DDC_I2SDMAInit
00017695                _DDC_I2SDMARead
00017592                _DDC_I2SDMAWrite
00017329                _DDC_I2SHwSetup
000171e3                _DDC_I2SOpen
            0001285a    _DDC_I2S_Instance
0001900a                _DDC_I2S_transEnable
00018fab                _DDC_I2S_write
0001b027                _DMA_AdjustAddrOffset
0001b061                _DMA_ChangeDestAddr
000131f8                _DMA_ChangeI2SDestAddr
0001307f                _DMA_ChangeI2SSrcAddr
0001b03d                _DMA_ChangeSrcAddr
0001afbf                _DMA_ConfigChan
0001af75                _DMA_DrvInit
0001aefc                _DMA_HwInit
0001300a                _DMA_Isr
0001afa1                _DMA_ReleaseChan
0001af7f                _DMA_RequestChan
0001afeb                _DMA_StartTransfer
0001b009                _DMA_StopTransfer
00010123                _DMA_close
00010142                _DMA_config
00011216                _DMA_getConfig
00011ea4                _DMA_getLastTransferType
00010000                _DMA_init
00010037                _DMA_open
00011b43                _DMA_reset
00011935                _DMA_start
00011a42                _DMA_stop
00011e2f                _DMA_swapWords
0001a02c                _DMFX1
00019db3                _DMFX_init
00016d32                _DRC
0001b678                _DistMix_l_r
            000129c4    _FB
            000129c3    _FF
0001de10                _FXN_F_nop
            000127af    _FxCmd
            000049cc    _GBL_clkIn
            000049ce    _GBL_freq
0001de07                _GBL_getVersion
            000049ca    _GBL_procId
00017d7c                _GPIO_clearInt
000178d5                _GPIO_close
000178f9                _GPIO_config
00017b2c                _GPIO_configBit
00017c74                _GPIO_disableInt
00017cf2                _GPIO_enableInt
0001797e                _GPIO_getConfig
00017891                _GPIO_open
00017a06                _GPIO_read
00017e8f                _GPIO_reset
00017e08                _GPIO_statusBit
00017a89                _GPIO_write
            0001173a    _Gh
            00011738    _Gl
            00011739    _Gm
0001b296                _GpioWrite02
0001b27a                _GpioWrite04
00004d2c                _HST_A_TABBEG
00004d46                _HST_A_TABEND
            0000f6d9    _HST_HOST_CHANNEL_DRIVER
00000018                _HWI_BERR
00000019                _HWI_DLOG
            00004a5e    _HWI_D_inhwi
            00004a52    _HWI_D_spsave
            00004a54    _HWI_D_sspsave
0001c242                _HWI_F_DispIsr0
0001bfc3                _HWI_F_dispatch
0000000a                _HWI_INT10
0000000b                _HWI_INT11
0000000c                _HWI_INT12
0000000d                _HWI_INT13
0000000e                _HWI_INT14
0000000f                _HWI_INT15
00000010                _HWI_INT16
00000011                _HWI_INT17
00000012                _HWI_INT18
00000013                _HWI_INT19
00000002                _HWI_INT2
00000014                _HWI_INT20
00000015                _HWI_INT21
00000016                _HWI_INT22
00000017                _HWI_INT23
00000003                _HWI_INT3
00000004                _HWI_INT4
00000005                _HWI_INT5
00000006                _HWI_INT6
00000007                _HWI_INT7
00000008                _HWI_INT8
00000009                _HWI_INT9
00000001                _HWI_NMI
00000000                _HWI_RESET
0000001a                _HWI_RTOS
0000001b                _HWI_SINT27
0000001c                _HWI_SINT28
0000001d                _HWI_SINT29
0000001e                _HWI_SINT30
0000001f                _HWI_SINT31
            00001860    _HWI_STKBOTTOM
            00000860    _HWI_STKTOP
            00000860    _HWI_SYSSTKBOTTOM
            00000060    _HWI_SYSSTKTOP
00000004                _HWI_TINT
            00004a52    _HWI_data
0001dd64                _HWI_disable
            0000fcf8    _HWI_dispatchTab
0001dd74                _HWI_enable
0001dd78                _HWI_restore
0001ab51                _I2C_Init
0001ac24                _I2C_Read
0001abba                _I2C_Write
0001473f                _I2C_config
0001535d                _I2C_eventDisable
00015229                _I2C_eventEnable
000148a4                _I2C_getConfig
00015509                _I2C_getEventId
00014696                _I2C_init
00014dc7                _I2C_read
0001547c                _I2C_setCallback
0001497a                _I2C_setup
00014b74                _I2C_write
0001a2b4                _I2S_DMA_Deinit
0001a284                _I2S_DMA_INIT
0001a368                _I2S_DMA_ISR_INPUT
0001a340                _I2S_DMA_ISR_OUTPUT
0001a117                _I2S_DeInit
000177f6                _I2S_DmaRxLChCallBack
0001785b                _I2S_DmaRxRChCallBack
00017786                _I2S_DmaTxLChCallBack
000177eb                _I2S_DmaTxRChCallBack
0001a06b                _I2S_INIT
0001a309                _I2S_ReceiveData
0001a2d2                _I2S_TransmitData
00016c74                _I2c_Codec_Init
00017089                _I2c_Intc_Deinit
00016ab2                _I2c_Intc_Init
00016e5e                _I2c_Intc_SlaveRx
00016aa2                _I2c_Intc_reInit
0001da2c                _IDL_busy
            00004c82    _IDL_busyObj
0001da73                _IDL_calibrate
            00004d76    _IDL_cpuLoad
0001da58                _IDL_init
0001ddec                _IDL_loop
0001dcfb                _IDL_stub
000190a9                _IRQ_clear
000190fc                _IRQ_clearAll
0001910c                _IRQ_config
00019219                _IRQ_disable
00019297                _IRQ_disableAll
000192a5                _IRQ_enable
0001939f                _IRQ_getArg
00019191                _IRQ_getConfig
000194e3                _IRQ_globalDisable
000194fc                _IRQ_globalEnable
00019515                _IRQ_globalRestore
00019021                _IRQ_init
00019414                _IRQ_map
0001932f                _IRQ_restore
000193e3                _IRQ_setArg
00019440                _IRQ_setVecs
00019471                _IRQ_test
            00012810    _InBufIdx
00016a8c                _Int0_ISR
            00012684    _KNL_alarm
0001d3e8                _KNL_check
            000126ac    _KNL_curqueue
            000126a4    _KNL_curtask
            000126a8    _KNL_curtime
            0001268c    _KNL_dummy
0001d744                _KNL_enter
0001d784                _KNL_exit
0001d443                _KNL_idle
            000126b8    _KNL_idlefxn
            00012688    _KNL_inactive
0001d7a4                _KNL_ipost
0001d460                _KNL_max
            000126ae    _KNL_maxqueue
0001dc3c                _KNL_post
            000126a6    _KNL_prevtask
            0001268a    _KNL_priority
            00012632    _KNL_queues
0001c638                _KNL_run
0001ce9f                _KNL_saveIsrFrame
            00012631    _KNL_set
            00012686    _KNL_setpri
            00004d18    _KNL_swi
            000126aa    _KNL_swiptr
0001cdf2                _KNL_switch
            000126b2    _KNL_tcreatefxn
            000126b4    _KNL_tdeletefxn
0001ca6c                _KNL_tick
            000126b6    _KNL_treadyfxn
            000126b0    _KNL_tswitchfxn
            00012630    _KNL_wFlag
            00012682    _KNL_wList
0001d87c                _LCK_pend
0001d85c                _LCK_post
000184e6                _LLC_I2SDisable
0001892f                _LLC_I2SDisableICMR
0001853a                _LLC_I2SDisableLoopBack
000184d7                _LLC_I2SEnable
00018898                _LLC_I2SEnableICMR
0001852b                _LLC_I2SEnableLoopBack
00018883                _LLC_I2SResetIR
00018682                _LLC_I2SSetClkPol
000187f5                _LLC_I2SSetClkdiv
000186ee                _LLC_I2SSetDataDelay
00018724                _LLC_I2SSetDataFormat
00018549                _LLC_I2SSetDataPacking
000186b8                _LLC_I2SSetFsPol
0001875a                _LLC_I2SSetFsdiv
000185b5                _LLC_I2SSetMono
000184f5                _LLC_I2SSetSignExt
0001857f                _LLC_I2SSetTransmitMode
000185eb                _LLC_I2SSetWordLength
000189c6                _LLC_ResetAll
0001bf9e                _LNK_F_readCallBack
            00004d78    _LNK_dataPump
00004d46                _LOG_A_TABBEG
00004d5a                _LOG_A_TABEND
00000002                _LOG_A_TABLEN
            000049f2    _LOG_D_system
0001d8b4                _LOG_event
0001d67c                _LOG_printf
            00004d46    _LOG_system
            00004a5f    _MEM_D_NUMSEGMENTS
            00004a62    _MEM_D_freelist
            00004a64    _MEM_D_lockaddr
            00004a60    _MEM_D_memtab
            00004a66    _MEM_D_unlockaddr
0001cbac                _MEM_alloc
0001c7c0                _MEM_free
00000000                _MEM_memtab
0001dca4                _MEM_valloc
0001d6e0                _OBJ_create
0001dabc                _OBJ_delete
0001f9ec                _OBJ_init
            00012946    _OBJ_segtab
            0001292a    _OBJ_table
            00012812    _OutBufIdxR
            00012811    _OutBufIdxW
0001b6dc                _PAL_osCheckTimeOut
0001b6d2                _PAL_osGetCurrentTick
0001b61c                _PAL_osProtectEntry
0001b655                _PAL_osProtectExit
0001b353                _PAL_osSemCreate
0001b39d                _PAL_osSemDelete
0001b3dd                _PAL_osSemGive
0001b3b2                _PAL_osSemTake
0001b7e8                _PAL_osWaitMsecs
00004ca0                _PIP_A_TABBEG
00004d04                _PIP_A_TABEND
00019be9                _PLL_bypass
00019a4b                _PLL_config
00019b82                _PLL_enable
00019a13                _PLL_init
00019c38                _PLL_reset
            00004d5a    _PRD0
            00004a07    _PRD_D_tick
            00004d94    _PRD_clock
0001dbcd                _PRD_getticks
0001dbdb                _PRD_start
0001dbfd                _PRD_stop
            00004d04    _PRD_swi
0001dbd5                _PRD_tick
00013914                _PSP_i2cClose
00013457                _PSP_i2cCreate
0001362d                _PSP_i2cDelete
00013e42                _PSP_i2cIoctl
000136c6                _PSP_i2cOpen
00013a24                _PSP_i2cTransfer
00013d52                _PSP_i2cTransferMultiple
0001db8b                _QUE_get
0001dbaa                _QUE_put
0001ca7c                _RTA_F_getlog
            00004d7a    _RTA_dispatcher
            00004d2e    _RTA_fromHost
            00004d3a    _RTA_toHost
            000048a2    _RTDX_Buffer
            000049c8    _RTDX_Buffer_End
00008f87                _RTDX_Buffer_Initialize
000090c6                _RTDX_Buffer_Read
00008fda                _RTDX_Buffer_ReadCB
00009061                _RTDX_Buffer_Size
            000049c6    _RTDX_Buffer_Start
00009106                _RTDX_Buffer_Write
000089db                _RTDX_Buffer_WriteCB
00009025                _RTDX_Final_RT_Monitor
00008f22                _RTDX_H2TPoll
00008b57                _RTDX_Init_RT_Monitor
00000003                _RTDX_JTAGONLY
00000001                _RTDX_LMM
0000909c                _RTDX_Mask_IER
00008e9a                _RTDX_Mon_Queue
00008c66                _RTDX_Poll
000090e8                _RTDX_Set_IER
00000000                _RTDX_interrupt_mask
            000049bc    _RTDX_writing
            0001176e    _RdBufIdx
            00012813    _RdIdxDel
000160f6                _ReadFilterCoeffs
            0001172f    _RxIntCounter
0001964d                _Rx_Audio_Tsk
ffffffff                _SARAM
ffffffff                _SARAM31
00015aa8                _SAR_A2DMeasParamSet
0001a3e7                _SAR_A2DSetParam
00015f22                _SAR_GPODirSet
0001a434                _SAR_SetCh_StrtCnv
0001561f                _SAR_chanClose
000156a3                _SAR_chanConfig
0001599f                _SAR_chanCycSet
000155a2                _SAR_chanInit
000155bd                _SAR_chanOpen
0001578b                _SAR_chanSetup
00015582                _SAR_deInit
00015719                _SAR_getConfig
00015ffe                _SAR_getStatus
00015525                _SAR_init
00015a67                _SAR_readData
000159ee                _SAR_startConversion
00015a20                _SAR_stopConversion
            000129f2    _SEM_ATTRS
            00004b32    _SEM_DmaRxLeftComplete
            00004b74    _SEM_DmaRxRightComplete
            00004b48    _SEM_I2cDevBusy
            00004b8a    _SEM_I2c_Intc
            00004ba0    _SEM_Int0
            00004b5e    _SEM_TxSampsSent
0001d800                _SEM_create
[...]
00019d99                _ClockGating
00019db3                _DMFX_init
00019e82                _initSampleRate
00019eb0                _CSL_acTest
0001a00d                _main
0001a02c                _DMFX1
0001a06b                _I2S_INIT
0001a117                _I2S_DeInit
0001a134                _DDA_I2SHWInit
0001a284                _I2S_DMA_INIT
0001a2b4                _I2S_DMA_Deinit
0001a2d2                _I2S_TransmitData
0001a309                _I2S_ReceiveData
0001a340                _I2S_DMA_ISR_OUTPUT
0001a368                _I2S_DMA_ISR_INPUT
0001a390                _sar_test_pot_voltage
0001a3e7                _SAR_A2DSetParam
0001a434                _SAR_SetCh_StrtCnv
0001a474                _sar_pot_init
0001a5ad                _sar_pot_deinit
0001a629                _sarISR
0001a686                _equalizer
0001a91f                _compressor
0001ab51                _I2C_Init
0001abba                _I2C_Write
0001ac24                _I2C_Read
0001ad10                __DDA_i2cSleep
0001ad20                __DDA_i2cOsGetTicks
0001ad41                _phaser2
0001aefc                _DMA_HwInit
0001af75                _DMA_DrvInit
0001af7f                _DMA_RequestChan
0001afa1                _DMA_ReleaseChan
0001afbf                _DMA_ConfigChan
0001afeb                _DMA_StartTransfer
0001b009                _DMA_StopTransfer
0001b027                _DMA_AdjustAddrOffset
0001b03d                _DMA_ChangeSrcAddr
0001b061                _DMA_ChangeDestAddr
0001b085                _pll_sample
0001b14c                _iircas61
0001b201                _gpioInit
0001b27a                _GpioWrite04
0001b296                _GpioWrite02
0001b2b2                __divul
0001b353                _PAL_osSemCreate
0001b39d                _PAL_osSemDelete
0001b3b2                _PAL_osSemTake
0001b3dd                _PAL_osSemGive
0001b3f2                _sine
0001b469                _call_dtors
0001b4bf                ___add_dtor
0001b4de                __remul
0001b550                _atexit
0001b61c                _PAL_osProtectEntry
0001b655                _PAL_osProtectExit
0001b678                _DistMix_l_r
0001b6d2                _PAL_osGetCurrentTick
0001b6dc                _PAL_osCheckTimeOut
0001b722                _rand16
0001b76b                _memcpy
0001b7aa                _exit
0001b7e8                _PAL_osWaitMsecs
0001b805                I$$LMPY
0001b805                __mpyli
0001b818                __register_unlock
0001b820                __register_lock
0001b828                __nop
0001b82a                _memset
0001b83b                _rand16init
0001b843                _abort
0001b844                C$$EXIT
0001b84c                SWI_F_enable
0001b84c                _SWI_enable
0001b84c                ___etext__
0001b84c                etext
0001b87f                SWI_F_post
0001b87f                _SWI_post
0001b90a                SWI_F_exec_sync
0001b992                SWI_EXECFXN
0001b992                SWI_F_exec
0001ba7e                SWI_F_run
0001ba7e                SWI_RUNFXN
0001bb84                logPost
0001bbd6                stsPost
0001bc20                LNK_F_init
0001bc22                LNK_F_checkChanEnabled
0001bc30                LNK_F_getNextChan
0001bc49                LNK_F_getChanPtr
0001bc7b                LNK_F_dataPump
0001bc7b                LNK_rcloop
0001bccf                LNK_rdrtry
0001bcd9                LNK_rrloop
0001bd4f                LNK_wrrtry
0001bd59                LNK_wrloop
0001bde6                LNK_newin
0001beca                LNK_newout
0001bf9e                LNK_F_readCallBack
0001bf9e                _LNK_F_readCallBack
0001bfc3                HWI_F_dispatch
0001bfc3                _HWI_F_dispatch
0001c242                _HWI_F_DispIsr0
0001c324                _SEM_pendEnterKnl
0001c4af                PRD_F_swi
0001c5d4                PRD_F_tick
0001c638                _KNL_run
0001c7c0                _MEM_free
0001ca6c                _KNL_tick
0001ca7c                RTA_F_getlog
0001ca7c                _RTA_F_getlog
0001caa8                RTA_F_getsts
0001cad7                RTA_F_readblk
0001cae6                RTA_F_writeword
0001caea                RTA_F_resetmem
0001cb05                RTA_F_dispatch
0001cbac                _MEM_alloc
0001ccd9                PIP_F_take
0001cd2d                PIP_F_probe
0001cd2f                PIP_F_give
0001cda1                PIP_F_start
0001cdf2                _KNL_switch
0001ce40                KNL_glue
0001ce7f                KNL_tick_stub
0001ce7f                PRD_THOOKFXN
0001ce9f                _KNL_saveIsrFrame
0001cf00                __SEM_dopost
0001d004                _TSK_exit
0001d0fc                _TSK_setup
0001d250                _TSK_startup
0001d2b3                _C55_disableIMR0
0001d2d6                _C55_disableIMR1
0001d2f9                _C55_enableIMR0
0001d312                _C55_enableIMR1
0001d32b                _C55_clearIFR0
0001d340                _C55_clearIFR1
0001d358                _CLK_start
0001d3e0                _CLK_stop
0001d3e8                _KNL_check
0001d443                _KNL_idle
0001d460                _KNL_max
0001d478                _CLK_dispatch
0001d4c0                CLK_TIMER0FUNC
0001d4c0                _CLK_isr
0001d53c                _CLK_getfhtime
0001d548                CLK_F_gethtime
0001d548                CLK_TIMEFXN
0001d548                _CLK_getshtime
0001d58f                _SEM_post
0001d58f                _SEM_postBinary
0001d614                _CLK_measure
0001d67c                _LOG_printf
0001d6e0                _OBJ_create
0001d744                _KNL_enter
0001d784                _KNL_exit
0001d7a4                _KNL_ipost
0001d800                _SEM_create
0001d85c                _LCK_post
0001d87c                _LCK_pend
0001d8b4                LOG_F_event
0001d8b4                _LOG_event
0001d905                _SEM_pend
0001d954                _SEM_postEnterKnl
0001d99c                STS_F_delta
0001d99c                _STS_delta
0001d9be                STS_F_add
0001d9be                _STS_add
0001d9d6                STS_F_reset
0001d9d6                _STS_reset
0001d9e4                _SYS_exit
0001da2c                IDL_F_busy
0001da2c                _IDL_busy
0001da58                _IDL_init
0001da73                _IDL_calibrate
0001dabc                _OBJ_delete
0001db04                _TSK_disable
0001db30                _TSK_enable
0001db48                RTA_F_andn
0001db5e                RTA_F_or
0001db75                iRTA_F_or
0001db8b                _QUE_get
0001dbaa                _QUE_put
0001dbcd                _PRD_getticks
0001dbd5                _PRD_tick
0001dbdb                _PRD_start
0001dbfd                _PRD_stop
0001dc04                SYS_PUTCFXN
0001dc04                _UTL_doPutc
0001dc3c                _KNL_post
0001dc70                CLK_F_itime
0001dc70                _CLK_itime
0001dca4                _MEM_valloc
0001dcd6                CLK_TIMER1FUNC
0001dcd6                CLK_TIMER2FUNC
0001dcd6                FXN_F_nop
0001dcd8                FXN_F_run
0001dcf5                FXN_F_zero
0001dcf9                FXN_F_selfLoop
0001dcfb                IDL_CALIBRFXN
0001dcfb                _IDL_stub
0001dd20                SYS_ABORTFXN
0001dd20                _UTL_doAbort
0001dd44                SYS_ERRORFXN
0001dd44                _UTL_doError
0001dd64                _HWI_disable
0001dd74                _HWI_enable
0001dd78                _HWI_restore
0001dd7e                _CLK_run
0001dd89                CLK_F_dispRun
0001dd89                CLK_HOOKFXN
0001dd89                _CLK_dispRun
0001dd98                _SYS_abort
0001ddb0                _SYS_error
0001ddc6                _CLK_gethtime
0001dddc                _SEM_delete
0001ddec                IDL_F_loop
0001ddec                _IDL_loop
0001ddf8                SYS_EXITFXN
0001ddf8                _UTL_halt
0001de00                _STS_set
0001de07                _GBL_getVersion
0001de10                GBL_BIOS_BOOTFXN
0001de10                GBL_USERINITFXN
0001de10                GIO_CREATEFXN
0001de10                GIO_DELETEFXN
0001de10                GIO_PENDFXN
0001de10                GIO_POSTFXN
0001de10                PWRM_PWRM_BOOTHOOKFXN
0001de10                TSK_VCREATEFXN
0001de10                TSK_VDELETEFXN
0001de10                TSK_VEXITFXN
0001de10                _FXN_F_nop
0001de14                _CLK_wdogdisable
            0000f600    _volume_table
            0000f6c0    _pllCfg_100MHz
            0000f6d9    _HST_HOST_CHANNEL_DRIVER
            0000f6da    TSK_idle$stack
            0000f6e1    PRD0$sts$maxfmt
            0000f6ea    PRD0$sts$sumfmt
            0000f6f3    PRD0$sts$avgfmt
            0000f6fe    RTA_fromHost$pipe$sts$maxfmt
            0000f700    RTA_fromHost$pipe$sts$sumfmt
            0000f702    RTA_fromHost$pipe$sts$avgfmt
            0000f704    RTA_toHost$pipe$sts$maxfmt
            0000f706    RTA_toHost$pipe$sts$sumfmt
            0000f708    RTA_toHost$pipe$sts$avgfmt
            0000f70a    PRD_swi$sts$maxfmt
            0000f712    PRD_swi$sts$sumfmt
            0000f71a    PRD_swi$sts$avgfmt
            0000f724    KNL_swi$sts$maxfmt
            0000f72c    KNL_swi$sts$sumfmt
            0000f734    KNL_swi$sts$avgfmt
            0000f73e    TSK_idle$sts$maxfmt
            0000f746    TSK_idle$sts$sumfmt
            0000f74e    TSK_idle$sts$avgfmt
            0000f758    mainTsk$sts$maxfmt
            0000f760    mainTsk$sts$sumfmt
            0000f768    mainTsk$sts$avgfmt
            0000f772    AudioTx_Tsk$sts$maxfmt
            0000f77a    AudioTx_Tsk$sts$sumfmt
            0000f782    AudioTx_Tsk$sts$avgfmt
            0000f78c    AudioRx_Tsk$sts$maxfmt
            0000f794    AudioRx_Tsk$sts$sumfmt
            0000f79c    AudioRx_Tsk$sts$avgfmt
            0000f7a6    Tsk_I2c_Intc_SlaveRx$sts$maxfmt
            0000f7ae    Tsk_I2c_Intc_SlaveRx$sts$sumfmt
            0000f7b6    Tsk_I2c_Intc_SlaveRx$sts$avgfmt
            0000f7c0    IDL_busyObj$maxfmt
            0000f7c3    IDL_busyObj$sumfmt
            0000f7c6    IDL_busyObj$avgfmt
            0000f7cb    STS_I2c_Intc_SlaveRx$maxfmt
            0000f7ce    STS_I2c_Intc_SlaveRx$sumfmt
            0000f7d1    STS_I2c_Intc_SlaveRx$avgfmt
            0000f7d6    STS_AudioRx_Tsk$maxfmt
            0000f7d9    STS_AudioRx_Tsk$sumfmt
            0000f7dc    STS_AudioRx_Tsk$avgfmt
            0000f7e1    STS_AudioTx_Tsk$maxfmt
            0000f7e4    STS_AudioTx_Tsk$sumfmt
            0000f7e7    STS_AudioTx_Tsk$avgfmt
            0000fabc    TSK_idle$stkptr
            0000fada    TSK_idle$sysstack
            0000fbbc    TSK_idle$sysstkptr
0001f7b4                BIOS_init
0001f7b4                _BIOS_init
0001f842                BIOS_start
0001f842                _BIOS_start
0001f888                _TSK_init
0001f90c                _auto_init
0001f97d                _c_int00
0001f9ec                _OBJ_init
            0000fcf8    _HWI_dispatchTab
            0000fdb8    .data
            0000fdb8    ___data__
            0000fdbe    ___edata__
            0000fdbe    edata
            00010000    .bss
            00010000    ___bss__
            00010000    _ping_pong_i2sTxLeftBuf
            00010200    _ping_pong_i2sTxRightBuf
            00010400    _ping_i2sTxLeftBuf
            00010504    _ping_i2sTxRightBuf
            00010608    _pong_i2sTxLeftBuf
            0001070c    _pong_i2sTxRightBuf
            00010810    _i2sNextTxLeftBuf
            00010910    _i2sNextTxRightBuf
            00010a10    _ZeroBuf
            00010b10    _ping_pong_i2sRxLeftBuf
            00010d10    _left_rx_buf_sel
            00010d11    _right_rx_buf_sel
            00010d12    _i2sHandleTx
            00010d14    _ping_pong_i2sRxRightBuf
            00010f14    _i2sHandleRx
            00010f16    _fsError1
            00010f17    _ouError1
            00010f18    _hDmaTxLeft
            00010f1a    _hDmaTxRight
            00010f1c    _hDmaRxLeft
            00010f1e    _hDmaRxRight
            00010f20    _codec_input_buffer
            00011320    _codec_input_buffer_input_index
            00011321    _codec_input_buffer_output_index
            00011322    _codec_input_buffer_overflow
            00011324    _codec_input_buffer_underflow
            00011326    _ping_pong_i2sTxBuf
            00011726    _codec_output_buffer
            00011728    _tx_buf_sel
            00011729    _codec_output_buf_samp_cnt
            0001172a    _codec_output_buffer_avail
            0001172b    _codec_output_buffer_out_error
            0001172c    _codec_input_buffer_avail
            0001172d    _codec_input_buffer_out_error
            0001172e    _TxIntCounter
            0001172f    _RxIntCounter
            00011730    _i2sTxBuffSz
            00011731    _i2sTxBuf_idx
            00011732    _gHl
            00011733    _gCl
            00011734    _gHm
            00011735    _gCm
            00011736    _gHh
            00011737    _gCh
            00011738    _Gl
            00011739    _Gm
            0001173a    _Gh
            0001173b    _slope
            00011745    _ct
            0001174f    _att
            00011759    _rel
            00011763    _del
            0001176d    _WrBufIdx
            0001176e    _RdBufIdx
            00012139    _bq
            000123cd    _WrBuffer
            00012422    _dmaChanObj
            00012522    _dmaEngObj
            0001252a    _dmaChanLookUp
            00012544    _dmaEvtLookUp
            0001256e    ___atexit_func_id__
            00012630    _KNL_wFlag
            00012631    _KNL_set
            00012632    _KNL_queues
            00012682    _KNL_wList
            00012684    _KNL_alarm
            00012686    _KNL_setpri
            00012688    _KNL_inactive
            0001268a    _KNL_priority
            0001268c    _KNL_dummy
            000126a4    _KNL_curtask
            000126a6    _KNL_prevtask
            000126a8    _KNL_curtime
            000126aa    _KNL_swiptr
            000126ac    _KNL_curqueue
            000126ae    _KNL_maxqueue
            000126b0    _KNL_tswitchfxn
            000126b2    _KNL_tcreatefxn
            000126b4    _KNL_tdeletefxn
            000126b6    _KNL_treadyfxn
            000126b8    _KNL_idlefxn
            0001273e    _gI2cRdBuf
            000127a1    _dataLength
            000127a2    _i2cTxCount
            000127a3    _i2cRxCount
            000127a4    _i2cErrInRx
            000127a5    _stopDetected
            000127a6    _hp_vol
            000127a7    _lout_vol
            000127a8    _ana_gain
            000127a9    _compress
            000127aa    _equalize
            000127ab    _distortion
            000127ac    _threshold
            000127ad    _hold
            000127ae    _att_dec
            000127af    _FxCmd
            00012810    _InBufIdx
            00012811    _OutBufIdxW
            00012812    _OutBufIdxR
            00012813    _RdIdxDel
            00012814    _active_sample_rate
            00012815    rndseed
            00012816    _ddcI2CObj
            0001283c    _ddcI2CDriver
            0001285a    _DDC_I2S_Instance
            00012882    _nextBuffer
            00012883    _prevDmaTxferComplete
            00012884    _gi2sTxLeftBuf
            00012886    _gi2sTxRightBuf
            00012888    _gi2sNextTxLeftBuf
            0001288a    _gi2sNextTxRightBuf
            0001288c    _gi2sNextRxLeftBuf
            0001288e    _gi2sNextRxRightBuf
            00012890    _gZeroBuf
            00012892    _dma_error
            00012894    _use_tx_buffer
            00012896    _gi2sRxLeftBuf
            00012898    _gi2sRxRightBuf
            000128d2    _TSK_nTasks
            000128d3    _TSK_pid
            000128d4    _TSK_ATTRS
            000128e2    _TSK_config
            000128f0    _TSK
            000128f2    _TSK_timerSem
            00012902    __TSK_mutex
            00012916    __MEM_mutex
            0001292a    _OBJ_table
            00012946    _OBJ_segtab
            00012966    _SYS_exitStack
            00012976    _SYS_exitStackPtr
            00012978    _SYS_exitStackTop
            0001297a    _gI2cObj
            0001298a    _i2cHandle
            0001298c    _DDA_I2SInfo
            0001299c    _pllObj
            000129a2    _pllCfg1
            000129a6    _hPll
            000129a8    _pConfigInfo
            000129aa    RTA_fromHost$pipe$dtab
            000129b0    RTA_toHost$pipe$dtab
            000129b6    _CLK_timer0func
            000129b8    _CLK_timer1func
            000129ba    _CLK_timer2func
            000129bc    _CLK_timer0arg
            000129be    _CLK_timer1arg
            000129c0    _CLK_timer2arg
            000129c2    _BL
            000129c3    _FF
            000129c4    _FB
            000129c5    _stereo
            000129c6    _type
            000129c7    _depth
            000129c8    _delay
            000129ca    _freq
            000129d4    _SarObj
            000129d7    _SarData
            000129d8    _SarHandle
            000129da    _chanNo
            000129e2    _gGpioObj
            000129e4    _hGpio
            000129e6    _gpio02State
            000129e7    _gpio04State
            000129ec    _rtdxNullChanCnt
            000129ed    _rtdxNullFuncCnt
            000129ee    _CLK_DFLTMICROSECS
            000129f0    _CLK_D_microseconds
            000129f2    _SEM_ATTRS
            000129f6    __lock
            000129f8    __unlock
            000129fa    __cleanup_ptr
            000129fc    __dtors_ptr
            000129fe    _hi2c
            00012a02    _CLK_htimePerLtime
            00012a04    _dtors
            00012a06    ___end__
            00012a06    _delaybuf
            00012a06    end
0004df00                HWI_A_VECS
0004df00                hwi0
0004df08                hwi1
0004df10                hwi2
0004df18                hwi3
0004df20                hwi4
0004df28                hwi5
0004df30                hwi6
0004df38                hwi7
0004df40                hwi8
0004df48                hwi9
0004df50                hwi10
0004df58                hwi11
0004df60                hwi12
0004df68                hwi13
0004df70                hwi14
0004df78                hwi15
0004df80                hwi16
0004df88                hwi17
0004df90                hwi18
0004df98                hwi19
0004dfa0                hwi20
0004dfa8                hwi21
0004dfb0                hwi22
0004dfb8                hwi23
0004dfc0                hwi24
0004dfc8                hwi25
0004dfd0                hwi26
0004dfd8                hwi27
0004dfe0                hwi28
0004dfe8                hwi29
0004dff0                hwi30
0004dff8                hwi31
            00027000    trace$buf
00f80000                GBL_CACHEICRTAG1
00f81000                GBL_CACHEICRTAG2
ffffffff                DARAM
ffffffff                HST_DSMBUFSEG
ffffffff                RTDX_DATAMEMSEG
ffffffff                SARAM
ffffffff                SARAM31
ffffffff                VECT
ffffffff                _DARAM
ffffffff                _SARAM
ffffffff                _SARAM31
ffffffff                _VECT
ffffffff                ___binit__
ffffffff                ___c_args__
ffffffff                binit

[1381 symbols]
