******************************************************************************
              TMS320C55x Linker PC v4.4.1                      
******************************************************************************
>> Linked Tue Mar 25 15:50:26 2014

OUTPUT FILE NAME:   <CSL_USB_MSC_fullSpeedExample_Out.out>
ENTRY POINT SYMBOL: "_c_int00"  address: 0000c4dd


MEMORY CONFIGURATION

         name            origin    length      used     unused   attr    fill
                        (bytes)   (bytes)    (bytes)   (bytes)
----------------------  --------  ---------  --------  --------  ----  --------
  DARAM                 000000c0   0000fe40  0000d59c  000028a4  RWIX
  SARAM                 00010000   0003fc00  0002e396  0001186a  RWIX
  VECT                  0004fc00   00000100  00000100  00000000  RWIX


SECTION ALLOCATION MAP
(Addresses surrounded by []'s are displayed for convenience only!)

output                                                          attributes/
section   page  orgn(bytes) orgn(words) len(bytes) len(words)   input sections
--------  ----  ----------- ----------- ---------- ----------   --------------
.vers        0   [ 00000000 ]  00000000          *   00000048   COPY SECTION
                 [ 00000000 ]  00000000          *   00000048   VC5505_CSL_BIOS_cfg.obj (.vers)

.clk         0   [ 000000c0 ]  00000060          *   00000000   UNINITIALIZED

.prd         0   [ 000000c0 ]  00000060          *   00000000   UNINITIALIZED

.DARAM$heap 
*            0   [ 000000c0 ]  00000060          *   00003fd0   UNINITIALIZED
                 [ 000000c0 ]  00000060          *   00003fd0   --HOLE--

.bios        0     00008060  [ 00004030 ] 000020c4          *   
                   00008060  [ 00004030 ] 000003d4          *   bios.a55L : swi.o55L (.bios)
                   00008434  [ 0000421a ] 000003a3          *   lnkrtdx.a55L : rtdx.o55L (.bios)
                   000087d7  [ 000043eb+] 0000035f          *   bios.a55L : hwi_disp_asm.o55L (.bios)
                   00008b36  [ 0000459b ] 00000002          *   --HOLE-- [fill = 20]
                   00008b38  [ 0000459c ] 0000018b          *             : sem_pend.o55L (.bios)
                   00008cc3  [ 00004661 ] 00000001          *   --HOLE-- [fill = 20]
                   00008cc4  [ 00004662 ] 00000185          *             : knl_run.o55L (.bios)
                   00008e49  [ 00004724 ] 00000003          *   --HOLE-- [fill = 20]
                   00008e4c  [ 00004726 ] 00000175          *             : mem_free.o55L (.bios:.near)
                   00008fc1  [ 000047e0 ] 00000003          *   --HOLE-- [fill = 20]
                   00008fc4  [ 000047e2 ] 00000170          *             : malloc.o55L (.bios)
                   00009134  [ 0000489a ] 00000144          *             : knl_tick.o55L (.bios)
                   00009278  [ 0000493c ] 00000130          *             : rta.o55L (.bios)
                   000093a8  [ 000049d4 ] 0000012d          *             : mem_allo.o55L (.bios:.near)
                   000094d5  [ 00004a6a+] 00000119          *             : pip.o55L (.bios)
                   000095ee  [ 00004af7 ] 0000010e          *             : knl_swit.o55L (.bios)
                   000096fc  [ 00004b7e ] 0000010d          *             : mbx.o55L (.bios)
                   00009809  [ 00004c04 ] 00000003          *   --HOLE-- [fill = 20]
                   0000980c  [ 00004c06 ] 00000104          *             : sem_dopo.o55L (.bios)
                   00009910  [ 00004c88 ] 000000f8          *             : tsk_exit.o55L (.bios)
                   00009a08  [ 00004d04 ] 000000f6          *             : tsk_setu.o55L (.bios)
                   00009afe  [ 00004d7f ] 00000002          *   --HOLE-- [fill = 20]
                   00009b00  [ 00004d80 ] 000000bf          *             : tsk_stup.o55L (.bios)
                   00009bbf  [ 00004ddf+] 0000008d          *             : knl_chec.o55L (.bios)
                   00009c4c  [ 00004e26 ] 00000082          *             : sem_post_asm.o55L (.bios)
                   00009cce  [ 00004e67 ] 00000002          *   --HOLE-- [fill = 20]
                   00009cd0  [ 00004e68 ] 0000005f          *             : knl_exit.o55L (.bios)
                   00009d2f  [ 00004e97 ] 00000001          *   --HOLE-- [fill = 20]
                   00009d30  [ 00004e98 ] 0000005b          *             : knl_ipos.o55L (.bios)
                   00009d8b  [ 00004ec5 ] 00000001          *   --HOLE-- [fill = 20]
                   00009d8c  [ 00004ec6 ] 00000058          *             : lck.o55L (.bios)
                   00009de4  [ 00004ef2 ] 00000051          *             : log.o55L (.bios)
                   00009e35  [ 00004f1a+] 0000004e          *             : sem_pend_counting.o55L (.bios)
                   00009e83  [ 00004f41 ] 00000001          *   --HOLE-- [fill = 20]
                   00009e84  [ 00004f42 ] 00000048          *             : sem_post.o55L (.bios)
                   00009ecc  [ 00004f66 ] 00000048          *             : sts.o55L (.bios)
                   00009f14  [ 00004f8a ] 00000048          *             : sys_exit.o55L (.bios)
                   00009f5c  [ 00004fae ] 00000043          *             : rta_andn.o55L (.bios)
                   00009f9f  [ 00004fcf ] 00000001          *   --HOLE-- [fill = 20]
                   00009fa0  [ 00004fd0 ] 00000036          *             : utl_putc.o55L (.bios)
                   00009fd6  [ 00004feb ] 00000002          *   --HOLE-- [fill = 20]
                   00009fd8  [ 00004fec ] 00000034          *             : knl_post.o55L (.bios)
                   0000a00c  [ 00005006 ] 00000034          *   bios5505.a55L : clk_itime.o55L (.bios)
                   0000a040  [ 00005020 ] 00000025          *   bios.a55L : fxn.o55L (.bios)
                   0000a065  [ 00005032 ] 00000003          *   --HOLE-- [fill = 20]
                   0000a068  [ 00005034 ] 00000023          *             : utl_doab.o55L (.bios)
                   0000a08b  [ 00005045 ] 00000001          *   --HOLE-- [fill = 20]
                   0000a08c  [ 00005046 ] 00000020          *             : utl_doer.o55L (.bios)
                   0000a0ac  [ 00005056 ] 0000001a          *             : hwi_xable.o55L (.bios)
                   0000a0c6  [ 00005063 ] 00000002          *   --HOLE-- [fill = 20]
                   0000a0c8  [ 00005064 ] 00000017          *             : sys_abor.o55L (.bios)
                   0000a0df  [ 0000506f ] 00000001          *   --HOLE-- [fill = 20]
                   0000a0e0  [ 00005070 ] 00000016          *             : sys_erro.o55L (.bios:.near)
                   0000a0f6  [ 0000507b ] 0000000c          *             : idl.o55L (.bios)
                   0000a102  [ 00005081 ] 00000002          *   --HOLE-- [fill = 20]
                   0000a104  [ 00005082 ] 00000008          *             : utl_halt.o55L (.bios)
                   0000a10c  [ 00005086 ] 00000007          *             : sts_set.o55L (.bios)
                   0000a113  [ 00005089+] 00000006          *             : gbl_vers.o55L (.bios)
                   0000a119  [ 0000508c ] 00000003          *   --HOLE-- [fill = 20]
                   0000a11c  [ 0000508e ] 00000002          *             : fxn_c.o55L (.bios)
                   0000a11e  [ 0000508f ] 00000002          *   --HOLE-- [fill = 20]
                   0000a120  [ 00005090 ] 00000002          *   bios5505.a55L : clk5505_wdog.o55L (.bios)
                   0000a122  [ 00005091 ] 00000002          *   --HOLE-- [fill = 20]

.cinit       0   [ 0000a124 ]  00005092          *   000009d2   
                 [ 0000a124 ]  00005092          *   00000691   VC5505_CSL_BIOS_cfg.obj (.cinit)
                 [ 0000ae46 ]  00005723          *   000000af   bios.a55L : biosdata.o55L (.cinit)
                 [ 0000afa4 ]  000057d2          *   000000a0             : knl.o55L (.cinit)
                 [ 0000b0e4 ]  00005872          *   00000087   csl_usb_msc_fullspeed_example.obj (.cinit)
                 [ 0000b1f2 ]  000058f9          *   00000031   bios.a55L : tsk.o55L (.cinit)
                 [ 0000b254 ]  0000592a          *   0000002e             : tsk_stup.o55L (.cinit)
                 [ 0000b2b0 ]  00005958          *   0000002d   rts55x.lib : lowlev.obj (.cinit)
                 [ 0000b30a ]  00005985          *   0000002a              : defs.obj (.cinit)
                 [ 0000b35e ]  000059af          *   00000023   C55XXCSL_LP.lib : csl_mmcsd_ataIf.obj (.cinit)
                 [ 0000b3a4 ]  000059d2          *   00000019   bios.a55L : rta.o55L (.cinit)
                 [ 0000b3d6 ]  000059eb          *   00000017   rtdxx.lib : buffer1.o55L (.cinit)
                 [ 0000b404 ]  00005a02          *   0000000f   bios.a55L : utl_putc.o55L (.cinit)
                 [ 0000b422 ]  00005a11          *   0000000b             : knl_tick.o55L (.cinit)
                 [ 0000b438 ]  00005a1c          *   0000000a             : obj_init.o55L (.cinit)
                 [ 0000b44c ]  00005a26          *   0000000a             : sys.o55L (.cinit)
                 [ 0000b460 ]  00005a30          *   0000000a   rts55x.lib : _lock.obj (.cinit)
                 [ 0000b474 ]  00005a3a          *   0000000a              : exit.obj (.cinit)
                 [ 0000b488 ]  00005a44          *   00000009   lnkrtdx.a55L : rtdx.o55L (.cinit)
                 [ 0000b49a ]  00005a4d          *   00000008   rts55x.lib : atexit.obj (.cinit)
                 [ 0000b4aa ]  00005a55          *   00000005   bios.a55L : knl_swit.o55L (.cinit)
                 [ 0000b4b4 ]  00005a5a          *   00000005   rts55x.lib : sinit.obj (.cinit)
                 [ 0000b4be ]  00005a5f          *   00000004              : fopen.obj (.cinit)
                 [ 0000b4c6 ]  00005a63          *   00000001   --HOLE-- [fill = 0]

.rtdx_text 
*            0     0000b4c8  [ 00005a64 ] 00000942          *   
                   0000b4c8  [ 00005a64 ] 000001db          *   rtdxx.lib : buffer1.o55L (.rtdx_text:_RTDX_write_next)
                   0000b6a3  [ 00005b51+] 0000017c          *             : buffer1.o55L (.rtdx_text:_RTDX_Buffer_WriteCB)
                   0000b81f  [ 00005c0f+] 0000010f          *             : rtdx_mon.o55L (.rtdx_text:_RTDX_Init_RT_Monitor)
                   0000b92e  [ 00005c97 ] 000000ec          *             : rtdx_mon.o55L (.rtdx_text:_RTDX_Poll)
                   0000ba1a  [ 00005d0d ] 000000b5          *             : buffer1.o55L (.rtdx_text:_claim)
                   0000bacf  [ 00005d67+] 00000093          *             : rtdx_mon.o55L (.rtdx_text:_StartXFer)
                   0000bb62  [ 00005db1 ] 00000088          *             : rtdx_mon.o55L (.rtdx_text:_RTDX_Mon_Queue)
                   0000bbea  [ 00005df5 ] 00000065          *             : rtdx_mon.o55L (.rtdx_text:_RTDX_H2TPoll)
                   0000bc4f  [ 00005e27+] 00000053          *             : buffer1.o55L (.rtdx_text:_RTDX_Buffer_Initialize)
                   0000bca2  [ 00005e51 ] 0000004b          *             : buffer2.o55L (.rtdx_text:_RTDX_Buffer_ReadCB)
                   0000bced  [ 00005e76+] 0000003c          *             : rtdx_mon.o55L (.rtdx_text:_RTDX_Final_RT_Monitor)
                   0000bd29  [ 00005e94+] 0000003b          *             : buffer1.o55L (.rtdx_text:_RTDX_Buffer_Size)
                   0000bd64  [ 00005eb2 ] 0000002a          *             : intr_tgt.o55L (.rtdx_text:_RTDX_Mask_IER)
                   0000bd8e  [ 00005ec7 ] 00000022          *             : buffer2.o55L (.rtdx_text:_RTDX_Buffer_Read)
                   0000bdb0  [ 00005ed8 ] 0000001e          *             : intr_tgt.o55L (.rtdx_text:_RTDX_Set_IER)
                   0000bdce  [ 00005ee7 ] 0000001c          *             : buffer1.o55L (.rtdx_text:_RTDX_Buffer_Write)
                   0000bdea  [ 00005ef5 ] 00000017          *             : rtdx_mon.o55L (.rtdx_text:_Allow_EmuAccess)
                   0000be01  [ 00005f00+] 00000004          *             : rtdx_mon.o55L (.rtdx_text:_Disallow_EmuAccess)
                   0000be05  [ 00005f02+] 00000004          *             : rtdx_mon.o55L (.rtdx_text:_Wait)
                   0000be09  [ 00005f04 ] 00000001          *   --HOLE-- [fill = 20]

.trace       0   [ 0000be0a ]  00005f05          *   00000200   
                 [ 0000be0a ]  00005f05          *   00000200   --HOLE-- [fill = 00]

.mem         0   [ 0000c20a ]  00006105          *   00000001   UNINITIALIZED
                 [ 0000c20a ]  00006105          *   00000001   VC5505_CSL_BIOS_cfg.obj (.mem)

.sysinit     0     0000c20c  [ 00006106 ] 00000344          *   
                   0000c20c  [ 00006106 ] 00000111          *   bios.a55L : mem_init.o55L (.sysinit)
                   0000c31d  [ 0000618e+] 000000ca          *   VC5505_CSL_BIOS_cfg.obj (.sysinit)
                   0000c3e7  [ 000061f3 ] 00000001          *   --HOLE-- [fill = 20]
                   0000c3e8  [ 000061f4 ] 00000084          *   bios.a55L : tsk_init.o55L (.sysinit)
                   0000c46c  [ 00006236 ] 00000071          *             : autoinit.o55L (.sysinit)
                   0000c4dd  [ 0000626e+] 0000006f          *             : boot.o55L (.sysinit)
                   0000c54c  [ 000062a6 ] 00000002          *             : obj_init.o55L (.sysinit)
                   0000c54e  [ 000062a7 ] 00000002          *   --HOLE-- [fill = 20]

.rtdx_data 
*            0   [ 0000c550 ]  000062a8          *   00000128   UNINITIALIZED
                 [ 0000c550 ]  000062a8          *   00000102   VC5505_CSL_BIOS_cfg.obj (.rtdx_data)
                 [ 0000c754 ]  000063aa          *   00000012   rtdxx.lib : rtdx_mon.o55L (.rtdx_data)
                 [ 0000c778 ]  000063bc          *   00000010             : buffer1.o55L (.rtdx_data)
                 [ 0000c798 ]  000063cc          *   00000004   bios.a55L : rtdx_data.o55L (.rtdx_data)

.cio         0   [ 0000c7a0 ]  000063d0          *   00000120   UNINITIALIZED
                 [ 0000c7a0 ]  000063d0          *   00000120   rts55x.lib : trgmsg.obj (.cio)

.sem         0   [ 0000c9e0 ]  000064f0          *   00000108   UNINITIALIZED
                 [ 0000c9e0 ]  000064f0          *   00000108   VC5505_CSL_BIOS_cfg.obj (.sem)

.sysdata     0   [ 0000cbf0 ]  000065f8          *   000000cc   UNINITIALIZED
                 [ 0000cbf0 ]  000065f8          *   000000b0   bios.a55L : biosdata.o55L (.sysdata)
                 [ 0000cd50 ]  000066a8          *   00000016             : rta.o55L (.sysdata)
                 [ 0000cd7c ]  000066be          *   00000006   lnkrtdx.a55L : rtdx.o55L (.sysdata)

.switch      0   [ 0000cd88 ]  000066c4          *   000000b4   
                 [ 0000cd88 ]  000066c4          *   00000020   C55XXCSL_LP.lib : csl_dma.obj (.switch:_DMA_config)
                 [ 0000cdc8 ]  000066e4          *   00000020                   : csl_dma.obj (.switch:_DMA_getConfig)
                 [ 0000ce08 ]  00006704          *   00000020                   : csl_dma.obj (.switch:_DMA_reset)
                 [ 0000ce48 ]  00006724          *   0000001a   csl_usb_msc_fullspeed_example.obj (.switch:_MUSB_Handle_EP0_Intr)
                 [ 0000ce7c ]  0000673e          *   00000018   C55XXCSL_LP.lib : csl_usb.obj (.switch:_USB_coreEventProcessEp0)
                 [ 0000ceac ]  00006756          *   00000012                   : csl_sysctrl.obj (.switch:_SYS_setEBSR)
                 [ 0000ced0 ]  00006768          *   00000010                   : csl_msc.obj (.switch:_MSC_Bulk)

.tsk         0   [ 0000cef0 ]  00006778          *   000000b0   UNINITIALIZED
                 [ 0000cef0 ]  00006778          *   000000b0   VC5505_CSL_BIOS_cfg.obj (.tsk)

.mbx         0   [ 0000d050 ]  00006828          *   00000068   UNINITIALIZED
                 [ 0000d050 ]  00006828          *   00000068   VC5505_CSL_BIOS_cfg.obj (.mbx)

.pip         0   [ 0000d120 ]  00006890          *   00000064   UNINITIALIZED
                 [ 0000d120 ]  00006890          *   00000064   VC5505_CSL_BIOS_cfg.obj (.pip)

.MBX_msc$que 
*            0   [ 0000d1e8 ]  000068f4          *   00000060   UNINITIALIZED
                 [ 0000d1e8 ]  000068f4          *   00000060   --HOLE--

.MBX_musb$que 
*            0   [ 0000d2a8 ]  00006954          *   00000060   UNINITIALIZED
                 [ 0000d2a8 ]  00006954          *   00000060   --HOLE--

.log         0   [ 0000d368 ]  000069b4          *   0000000a   UNINITIALIZED
                 [ 0000d368 ]  000069b4          *   0000000a   VC5505_CSL_BIOS_cfg.obj (.log)

.LOG_system$buf 
*            0   [ 0000d380 ]  000069c0          *   00000040   UNINITIALIZED
                 [ 0000d380 ]  000069c0          *   00000040   VC5505_CSL_BIOS_cfg.obj (.LOG_system$buf)

.args        0   [ 0000d400 ]  00006a00          *   00000040   
                 [ 0000d400 ]  00006a00          *   00000040   --HOLE-- [fill = 0]

.hst0        0   [ 0000d480 ]  00006a40          *   00000040   UNINITIALIZED
                 [ 0000d480 ]  00006a40          *   00000040   VC5505_CSL_BIOS_cfg.obj (.hst0)

.gblinit     0   [ 0000d500 ]  00006a80          *   00000035   
                 [ 0000d500 ]  00006a80          *   00000035   VC5505_CSL_BIOS_cfg.obj (.gblinit)

.sts         0   [ 0000d56c ]  00006ab6          *   00000028   UNINITIALIZED
                 [ 0000d56c ]  00006ab6          *   00000028   VC5505_CSL_BIOS_cfg.obj (.sts)

.hst         0   [ 0000d5bc ]  00006ade          *   0000001a   UNINITIALIZED
                 [ 0000d5bc ]  00006ade          *   0000001a   VC5505_CSL_BIOS_cfg.obj (.hst)

.swi         0   [ 0000d5f0 ]  00006af8          *   00000014   UNINITIALIZED
                 [ 0000d5f0 ]  00006af8          *   00000014   VC5505_CSL_BIOS_cfg.obj (.swi)

.hst1        0   [ 0000d618 ]  00006b0c          *   00000008   UNINITIALIZED
                 [ 0000d618 ]  00006b0c          *   00000008   VC5505_CSL_BIOS_cfg.obj (.hst1)

.sys         0   [ 0000d628 ]  00006b14          *   00000008   UNINITIALIZED
                 [ 0000d628 ]  00006b14          *   00000008   VC5505_CSL_BIOS_cfg.obj (.sys)

.idl         0   [ 0000d638 ]  00006b1c          *   00000006   UNINITIALIZED
                 [ 0000d638 ]  00006b1c          *   00000006   VC5505_CSL_BIOS_cfg.obj (.idl)

.idlcal      0   [ 0000d644 ]  00006b22          *   00000006   UNINITIALIZED
                 [ 0000d644 ]  00006b22          *   00000006   VC5505_CSL_BIOS_cfg.obj (.idlcal)

.pinit       0   [ 0000d650 ]  00006b28          *   00000006   
                 [ 0000d650 ]  00006b28          *   00000002   rtdxx.lib : buffer1.o55L (.pinit)
                 [ 0000d654 ]  00006b2a          *   00000002             : rtdx_mon.o55L (.pinit)
                 [ 0000d658 ]  00006b2c          *   00000002   --HOLE-- [fill = 0]

.trcdata     0   [ 0000d65c ]  00006b2e          *   00000003   
                 [ 0000d65c ]  00006b2e          *   00000003   bios.a55L : trc.o55L (.trcdata)

.text        0     00010000  [ 00008000 ] 00010150          *   
                   00010000  [ 00008000 ] 00003465          *   C55XXCSL_LP.lib : csl_mmcsd.obj (.text)
                   00013465  [ 00009a32+] 0000253f          *   csl_usb_msc_fullspeed_example.obj (.text)
                   000159a4  [ 0000acd2 ] 00001ea1          *   C55XXCSL_LP.lib : csl_msc.obj (.text)
                   00017845  [ 0000bc22+] 00001c83          *                   : csl_usb.obj (.text)
                   000194c8  [ 0000ca64 ] 000015a4          *   rts55x.lib : _printfi.obj (.text)
                   0001aa6c  [ 0000d536 ] 0000148c          *   C55XXCSL_LP.lib : csl_dma.obj (.text)
                   0001bef8  [ 0000df7c ] 00000983          *                   : csl_mmcsd_ataIf.obj (.text)
                   0001c87b  [ 0000e43d+] 00000543          *   rts55x.lib : lowlev.obj (.text)
                   0001cdbe  [ 0000e6df ] 00000528          *              : trgdrv.obj (.text)
                   0001d2e6  [ 0000e973 ] 000003cc          *              : divd.obj (.text)
                   0001d6b2  [ 0000eb59 ] 0000039a          *   C55XXCSL_LP.lib : csl_intc.obj (.text)
                   0001da4c  [ 0000ed26 ] 00000321          *   chk_mmc.obj (.text)
                   0001dd6d  [ 0000eeb6+] 000002c3          *   atafs_bios_drv_lib.lib : ata.obj (.text)
                   0001e030  [ 0000f018 ] 0000027f          *   rts55x.lib : fopen.obj (.text)
                   0001e2af  [ 0000f157+] 0000025e          *              : llmpy.obj (.text)
                   0001e50d  [ 0000f286+] 0000025a          *              : addd.obj (.text)
                   0001e767  [ 0000f3b3+] 00000217          *   C55XXCSL_LP.lib : csl_pll.obj (.text)
                   0001e97e  [ 0000f4bf ] 000001f2          *   atafs_bios_drv_lib.lib : ata_usb.obj (.text)
                   0001eb70  [ 0000f5b8 ] 000001ee          *   C55XXCSL_LP.lib : csl_sysctrl.obj (.text)
                   0001ed5e  [ 0000f6af ] 000001ea          *   rts55x.lib : cmpd.obj (.text)
                   0001ef48  [ 0000f7a4 ] 00000163          *              : fputs.obj (.text)
                   0001f0ab  [ 0000f855+] 0000014c          *              : mpyd.obj (.text)
                   0001f1f7  [ 0000f8fb+] 00000103          *   atafs_bios_drv_lib.lib : ata_readword.obj (.text)
                   0001f2fa  [ 0000f97d ] 000000e6          *   rts55x.lib : setvbuf.obj (.text)
                   0001f3e0  [ 0000f9f0 ] 000000dd          *              : _io_perm.obj (.text)
                   0001f4bd  [ 0000fa5e+] 000000c2          *              : fflush.obj (.text)
                   0001f57f  [ 0000fabf+] 000000ba          *              : trgmsg.obj (.text:CIO_breakpoint)
                   0001f639  [ 0000fb1c+] 000000a6          *              : fputc.obj (.text)
                   0001f6df  [ 0000fb6f+] 000000a1          *              : divul.obj (.text)
                   0001f780  [ 0000fbc0 ] 0000008c          *   atafs_bios_drv_lib.lib : ata_flush.obj (.text)
                   0001f80c  [ 0000fc06 ] 00000087          *                          : ata_.obj (.text)
                   0001f893  [ 0000fc49+] 0000007d          *   rts55x.lib : ltoa.obj (.text)
                   0001f910  [ 0000fc88 ] 0000007b          *              : fclose.obj (.text)
                   0001f98b  [ 0000fcc5+] 00000077          *              : fixdul.obj (.text)
                   0001fa02  [ 0000fd01 ] 00000076          *              : frcmpyd.obj (.text)
                   0001fa78  [ 0000fd3c ] 00000075          *              : sinit.obj (.text)
                   0001faed  [ 0000fd76+] 00000073          *              : frcmpyd_div.obj (.text)
                   0001fb60  [ 0000fdb0 ] 00000072          *              : remul.obj (.text)
                   0001fbd2  [ 0000fde9 ] 0000006f          *              : atexit.obj (.text)
                   0001fc41  [ 0000fe20+] 0000006f          *              : fixdli.obj (.text)
                   0001fcb0  [ 0000fe58 ] 0000006d          *              : trgmsg.obj (.text)
                   0001fd1d  [ 0000fe8e+] 0000006b          *              : fseek.obj (.text)
                   0001fd88  [ 0000fec4 ] 00000067          *              : fltlid.obj (.text)
                   0001fdef  [ 0000fef7 ] 00000001          *   --HOLE-- [fill = 20]
                   0001fdf0  [ 0000fef8 ] 0000005c          *   bios.a55L : tsk_stup.o55L (.text)
                   0001fe4c  [ 0000ff26 ] 0000005c          *   rts55x.lib : atoi.obj (.text)
                   0001fea8  [ 0000ff54 ] 0000005b          *              : fltuld.obj (.text)
                   0001ff03  [ 0000ff81+] 00000050          *              : printf.obj (.text)
                   0001ff53  [ 0000ffa9+] 0000004b          *              : remli.obj (.text)
                   0001ff9e  [ 0000ffcf ] 00000048          *              : divli.obj (.text)
                   0001ffe6  [ 0000fff3 ] 0000003f          *              : memcpy.obj (.text)
                   00020025  [ 00010012+] 0000003e          *              : exit.obj (.text)
                   00020063  [ 00010031+] 0000002a          *              : fixdi.obj (.text)
                   0002008d  [ 00010046+] 0000002a          *              : udiv.obj (.text)
                   000200b7  [ 0001005b+] 00000023          *              : memccpy.obj (.text)
                   000200da  [ 0001006d ] 0000001a          *              : isinf.obj (.text)
                   000200f4  [ 0001007a ] 00000014          *              : subd.obj (.text)
                   00020108  [ 00010084 ] 00000013          *              : lmpy.obj (.text)
                   0002011b  [ 0001008d+] 00000012          *              : _lock.obj (.text)
                   0002012d  [ 00010096+] 00000010          *              : negd.obj (.text)
                   0002013d  [ 0001009e+] 0000000a          *              : remove.obj (.text)
                   00020147  [ 000100a3+] 00000007          *              : exit.obj (.text:CIO_breakpoint)
                   0002014e  [ 000100a7 ] 00000002          *   --HOLE-- [fill = 20]

.data        0   [ 00010000 ]  00008000          *   00000000   UNINITIALIZED

.const       0   [ 00020150 ]  000100a8          *   00000717   
                 [ 00020150 ]  000100a8          *   00000519   csl_usb_msc_fullspeed_example.obj (.const:.string)
                 [ 00020b82 ]  000105c1          *   00000101   rts55x.lib : ctype.obj (.const:__ctypes_)
                 [ 00020d84 ]  000106c2          *   0000004f   bios.a55L : tsk_stup.o55L (.const)
                 [ 00020e22 ]  00010711          *   00000001   --HOLE-- [fill = 0]
                 [ 00020e24 ]  00010712          *   00000024   rts55x.lib : _printfi.obj (.const:.string)
                 [ 00020e6c ]  00010736          *   00000023   bios.a55L : utl_doab.o55L (.const)
                 [ 00020eb2 ]  00010759          *   00000001   --HOLE-- [fill = 0]
                 [ 00020eb4 ]  0001075a          *   00000022             : utl_doer.o55L (.const)
                 [ 00020ef8 ]  0001077c          *   00000012   C55XXCSL_LP.lib : csl_msc.obj (.const:.string)
                 [ 00020f1c ]  0001078e          *   0000000c   rts55x.lib : _printfi.obj (.const)
                 [ 00020f34 ]  0001079a          *   00000008              : divd.obj (.const:_initial_approx$1)
                 [ 00020f44 ]  000107a2          *   00000006   rtdxx.lib : rtdx_mon.o55L (.const)
                 [ 00020f50 ]  000107a8          *   00000004   C55XXCSL_LP.lib : csl_pll.obj (.const)
                 [ 00020f58 ]  000107ac          *   00000004   bios.a55L : mem_allo.o55L (.const)
                 [ 00020f60 ]  000107b0          *   00000004             : mem_free.o55L (.const)
                 [ 00020f68 ]  000107b4          *   00000004   rtdxx.lib : buffer1.o55L (.const)
                 [ 00020f70 ]  000107b8          *   00000002   rts55x.lib : fputs.obj (.const:.string)
                 [ 00020f74 ]  000107ba          *   00000002              : fltlid.obj (.const)
                 [ 00020f78 ]  000107bc          *   00000002              : fltuld.obj (.const)
                 [ 00020f7c ]  000107be          *   00000001   bios.a55L : tsk.o55L (.const)

.printf      0   [ 00020f7e ]  000107bf          *   0000008a   COPY SECTION
                 [ 00020f7e ]  000107bf          *   0000008a   VC5505_CSL_BIOS_cfg.obj (.printf)

.sysstack 
*            0   [ 00020f80 ]  000107c0          *   00000200   UNINITIALIZED
                 [ 00020f80 ]  000107c0          *   00000200   --HOLE--

.stack       0   [ 00021380 ]  000109c0          *   00000400   UNINITIALIZED
                 [ 00021380 ]  000109c0          *   00000400   --HOLE--

.hwi_disp_sec 
*            0   [ 00021b80 ]  00010dc0          *   000000c0   UNINITIALIZED
                 [ 00021b80 ]  00010dc0          *   000000c0   bios.a55L : hwi_disp_asm.o55L (.hwi_disp_sec)

.bss         0   [ 00022000 ]  00011000          *   00005ccc   UNINITIALIZED
                 [ 00022000 ]  00011000          *   00004400   csl_usb_msc_fullspeed_example.obj (.bss)
                 [ 0002a800 ]  00015400          *   00000d24   C55XXCSL_LP.lib : csl_mmcsd_ataIf.obj (.bss)
                 [ 0002c248 ]  00016124          *   00000472                   : csl_usb.obj (.bss)
                 [ 0002cb2c ]  00016596          *   00000200   chk_mmc.obj (.bss)
                 [ 0002cf2c ]  00016796          *   00000119   rts55x.lib : defs.obj (.bss)
                 [ 0002d15e ]  000168af          *   000000d0              : trgdrv.obj (.bss)
                 [ 0002d2fe ]  0001697f          *   00000001              : fopen.obj (.bss)
                 [ 0002d300 ]  00016980          *   000000c2              : atexit.obj (.bss)
                 [ 0002d484 ]  00016a42          *   0000008a   bios.a55L : knl.o55L (.bss)
                 [ 0002d598 ]  00016acc          *   00000084   C55XXCSL_LP.lib : csl_intc.obj (.bss)
                 [ 0002d6a0 ]  00016b50          *   00000071   rts55x.lib : lowlev.obj (.bss)
                 [ 0002d782 ]  00016bc1          *   00000001   --HOLE--
                 [ 0002d784 ]  00016bc2          *   00000030   bios.a55L : tsk.o55L (.bss)
                 [ 0002d7e4 ]  00016bf2          *   00000028             : tsk_stup.o55L (.bss)
                 [ 0002d834 ]  00016c1a          *   00000024   C55XXCSL_LP.lib : csl_mmcsd.obj (.bss)
                 [ 0002d87c ]  00016c3e          *   00000023   bios.a55L : obj_init.o55L (.bss)
                 [ 0002d8c2 ]  00016c61          *   00000001   --HOLE--
                 [ 0002d8c4 ]  00016c62          *   0000001a   VC5505_CSL_BIOS_cfg.obj (.bss)
                 [ 0002d8f8 ]  00016c7c          *   00000014   bios.a55L : sys.o55L (.bss)
                 [ 0002d920 ]  00016c90          *   0000000c   bios5505.a55L : clk5505_data.o55L (.bss)
                 [ 0002d938 ]  00016c9c          *   00000008   bios.a55L : knl_tick.o55L (.bss)
                 [ 0002d948 ]  00016ca4          *   00000006             : utl_putc.o55L (.bss)
                 [ 0002d954 ]  00016caa          *   00000006   rtdxx.lib : buffer1.o55L (.bss)
                 [ 0002d960 ]  00016cb0          *   00000004   atafs_bios_drv_lib.lib : ata_.obj (.bss)
                 [ 0002d968 ]  00016cb4          *   00000004   bios.a55L : clk_data.o55L (.bss)
                 [ 0002d970 ]  00016cb8          *   00000004   rts55x.lib : _lock.obj (.bss)
                 [ 0002d978 ]  00016cbc          *   00000004              : exit.obj (.bss)
                 [ 0002d980 ]  00016cc0          *   00000003   C55XXCSL_LP.lib : csl_sysctrl.obj (.bss)
                 [ 0002d986 ]  00016cc3          *   00000002   atafs_bios_drv_lib.lib : ata_readword.obj (.bss)
                 [ 0002d98a ]  00016cc5          *   00000001   --HOLE--
                 [ 0002d98c ]  00016cc6          *   00000002   bios.a55L : clk_data2.o55L (.bss)
                 [ 0002d990 ]  00016cc8          *   00000002             : mem_asm.o55L (.bss)
                 [ 0002d994 ]  00016cca          *   00000002   rts55x.lib : sinit.obj (.bss)

.SARAM$heap 
*            0   [ 0002d998 ]  00016ccc          *   00003f80   UNINITIALIZED
                 [ 0002d998 ]  00016ccc          *   00003f80   --HOLE--

.mainTsk$stk 
*            0   [ 00035898 ]  0001ac4c          *   00002000   UNINITIALIZED
                 [ 00035898 ]  0001ac4c          *   00002000   VC5505_CSL_BIOS_cfg.obj (.mainTsk$stk)

.TSK_MUSBMSCTask$stk 
*            0   [ 00039898 ]  0001cc4c          *   00001100   UNINITIALIZED
                 [ 00039898 ]  0001cc4c          *   00001100   VC5505_CSL_BIOS_cfg.obj (.TSK_MUSBMSCTask$stk)

.TSK_MUSBMainTask$stk 
*            0   [ 0003ba98 ]  0001dd4c          *   00001100   UNINITIALIZED
                 [ 0003ba98 ]  0001dd4c          *   00001100   VC5505_CSL_BIOS_cfg.obj (.TSK_MUSBMainTask$stk)

.TSK_idle$stk 
*            0   [ 0003dc98 ]  0001ee4c          *   00000500   UNINITIALIZED
                 [ 0003dc98 ]  0001ee4c          *   00000500   VC5505_CSL_BIOS_cfg.obj (.TSK_idle$stk)

.hwi_vec     0     0004fc00  [ 00027e00 ] 00000100          *   
                   0004fc00  [ 00027e00 ] 00000100          *   VC5505_CSL_BIOS_cfg.obj (.hwi_vec)


GLOBAL SYMBOLS: SORTED ALPHABETICALLY BY Name 

abs. value/
byte addr   word addr   name
---------   ---------   ----
00000002                $TI_capability$C5500$CallingConvention
00000002                $TI_capability$C5500$MemoryModel
00000001                $TI_capability_requires_rev3
            00011000    .bss
            00008000    .data
00010000                .text
00000014                BIOSDATA_O_CLK_D_COUNTSPMS
0000000e                BIOSDATA_O_CLK_D_DIRTY
00000016                BIOSDATA_O_CLK_D_IDLETIME
00000018                BIOSDATA_O_CLK_D_ISRHOOK
00000010                BIOSDATA_O_CLK_D_PRD
0000001a                BIOSDATA_O_CLK_D_TABBEG
00000012                BIOSDATA_O_CLK_D_TDDR
0000001c                BIOSDATA_O_CLK_D_TIMEFXN
00000006                BIOSDATA_O_CLK_HTIMEDIV
00000008                BIOSDATA_O_CLK_HTIMEMULT
0000000a                BIOSDATA_O_CLK_LTIMEDIV
0000000c                BIOSDATA_O_CLK_LTIMEMULT
0000001e                BIOSDATA_O_CLK_R_TIMH
0000001f                BIOSDATA_O_CLK_R_TIML
00000020                BIOSDATA_O_HST_D_CHANMASK
000000a0                BIOSDATA_O_HST_D_TABBEGADDR
000000a2                BIOSDATA_O_HST_D_TABENDADDR
00000088                BIOSDATA_O_HWI_D_SPSAVE
0000008a                BIOSDATA_O_HWI_D_SSPSAVE
0000008c                BIOSDATA_O_HWI_D_STKBOTADDR
00000090                BIOSDATA_O_HWI_D_STKTOPADDR
0000008e                BIOSDATA_O_HWI_D_SYSTKBOTADDR
00000092                BIOSDATA_O_HWI_D_SYSTKTOPADDR
00000022                BIOSDATA_O_IDL_D_CALBEG
00000024                BIOSDATA_O_IDL_D_CALIBRATE
00000026                BIOSDATA_O_IDL_D_TABBEG
00000028                BIOSDATA_O_LOG_D_SYSTEM
00000098                BIOSDATA_O_MEM_D_FREELIST
0000009a                BIOSDATA_O_MEM_D_LOCKADDR
00000096                BIOSDATA_O_MEM_D_MEMTAB
00000095                BIOSDATA_O_MEM_D_NUMSEGMENTS
0000009c                BIOSDATA_O_MEM_D_UNLOCKADDR
0000002a                BIOSDATA_O_PIP_D_TABBEG
0000002c                BIOSDATA_O_PIP_D_TABLEN
0000002e                BIOSDATA_O_PRD_D_CUR
00000030                BIOSDATA_O_PRD_D_ELAPSED
00000031                BIOSDATA_O_PRD_D_PREVTIM
00000032                BIOSDATA_O_PRD_D_SCALAR
00000034                BIOSDATA_O_PRD_D_SWIHANDLE
00000036                BIOSDATA_O_PRD_D_TABBEG
00000038                BIOSDATA_O_PRD_D_TABLEN
0000003a                BIOSDATA_O_PRD_D_THOOK
0000003c                BIOSDATA_O_PRD_D_TICKH
0000003d                BIOSDATA_O_PRD_D_TICKL
000000a8                BIOSDATA_O_RTDX_D_BUFREAD
000000aa                BIOSDATA_O_RTDX_D_BUFWRITE
00000046                BIOSDATA_O_SWI_D_CURFXN
00000042                BIOSDATA_O_SWI_D_CURMASK
00000045                BIOSDATA_O_SWI_D_CURMBOX
00000043                BIOSDATA_O_SWI_D_CURSET
00000040                BIOSDATA_O_SWI_D_EXECADDR
00000044                BIOSDATA_O_SWI_D_LOCK
00000048                BIOSDATA_O_SWI_D_RDYBEG
0000004a                BIOSDATA_O_SWI_D_RDYTAB
0000003e                BIOSDATA_O_SWI_D_RUNADDR
0000009e                BIOSDATA_O_SYS
000000a4                BIOSDATA_O_TSK_D_IDLSTKADDR
000000a6                BIOSDATA_O_TSK_D_IDLSYSTKADDR
0000c31d                BIOS_init
0000c3ab                BIOS_start
00000000                BUF$
00000001                BUF_ENABLED
00020148                C$$EXIT
0001f634                C$$IO$$
            000065f8    C55_BIOSDATAOBJ
00000001                CLK$
00000060                CLK_A_TABBEG
000000c0                CLK_A_TABBEGb
00000001                CLK_CALDIV
00000004                CLK_CALMULT
0000c350                CLK_COUNTSPMS
00000000                CLK_COUNTSPMSHIGH
            0000660e    CLK_D_idletime
            00006610    CLK_D_isrhook
            00006612    CLK_D_tabbeg
            00006614    CLK_D_timefxn
0000a05f                CLK_F_gethtime
0000a00c                CLK_F_itime
0000a040                CLK_HOOKFXN
00000001                CLK_HTIMEDIV
00000002                CLK_HTIMEMULT
0000c350                CLK_HTIMEPERLTIME
00000010                CLK_IMR0TINTMASK
00000000                CLK_IMR1TINTMASK
00000000                CLK_INTBIT
00000004                CLK_INTID
00000001                CLK_LTIMEDIV
000186a0                CLK_LTIMEMULT
000003e8                CLK_MICROSECS
0000c34f                CLK_PRD
00000000                CLK_PRDHIGH
00001810                CLK_REGS
            00006616    CLK_R_timh
            00006617    CLK_R_timl
00000020                CLK_TCR
00000000                CLK_TDDR
00000000                CLK_TDDRHIGH
0000a05f                CLK_TIMEFXN
00000001                CLK_TIMER0ARG
0000a040                CLK_TIMER0FUNC
00000000                CLK_TIMER1ARG
0000a040                CLK_TIMER1FUNC
00000000                CLK_TIMER2ARG
0000a040                CLK_TIMER2FUNC
00000046                CLK_TIMERIFR
00000045                CLK_TIMERIMR
00000010                CLK_TIMERIMRMASK
00000000                CLK_TIMERNUM
00000000                CLK_USETIMER
            00016c6e    DARAM
00000060                DARAM$B
000000c0                DARAM$Bb
00007fa0                DARAM$L
00000000                DEV$
00000000                DGN$
00000000                DHL$
00000000                DHL_gChannelsAvailable
00000000                DIO$
00000000                DIO_NUMSWIBASE
00000000                DIO_NUMTSKBASE
00000000                DIO_STATIC
00000000                DPI$
0000a040                FXN_F_nop
0000a042                FXN_F_run
0000a063                FXN_F_selfLoop
0000a05f                FXN_F_zero
00000001                GBL$
00005205                GBL_A_VERSION
0000a11c                GBL_BIOS_BOOTFXN
00f80000                GBL_CACHEICRTAG1
00f81000                GBL_CACHEICRTAG2
00000002                GBL_CACHETYPE
00000000                GBL_CALLCSLCFGINIT
00004e20                GBL_CLKIN
00000001                GBL_CLKMD
00001581                GBL_CLKTYPE
00000001                GBL_DCRPOSTEDWRITE
00001581                GBL_DSPSUBTYPE
00000037                GBL_DSPTYPE
00000000                GBL_ENABLEICACHE
00000001                GBL_ENABLEINST
00000042                GBL_FOOTPRINT
000186a0                GBL_FREQ
00000001                GBL_LARGEMODEL
00000000                GBL_MODIFYCLKMD
00000000                GBL_NULL
00008000                GBL_PLLDIV0
00008003                GBL_PLLDIV1
0000000f                GBL_PLLM
00000000                GBL_PROCID
00000000                GBL_ROM
00000000                GBL_SUPPORTCSL
0000dbef                GBL_TRCMASKVALUE
00000000                GBL_USERINIT
0000a11c                GBL_USERINITFXN
00000001                GBL_boot
            00006b30    GBL_initdone
            000109c0    GBL_stackbeg
            00010dbf    GBL_stackend
            000107c0    GBL_sysstackbeg
            000109bf    GBL_sysstackend
00000000                GIO$
0000a11c                GIO_CREATEFXN
0000a11c                GIO_DELETEFXN
0000a11c                GIO_PENDFXN
0000a11c                GIO_POSTFXN
00000000                HOOK$
00000000                HOOK_KNLID
00000001                HST$
00006ade                HST_A_TABBEG
0000d5bc                HST_A_TABBEGb
00006af8                HST_A_TABEND
0000d5f0                HST_A_TABENDb
00000000                HST_BIOSLINK
00000000                HST_DSM
            00016c6e    HST_DSMBUFSEG
00000400                HST_DSMMEMSIZE
            00006618    HST_D_chanmask
            00006698    HST_D_tabbegaddr
            0000669a    HST_D_tabendaddr
000000ff                HST_MAXFRAMEALLOWED
00000040                HST_MAXFRAMESET
00000000                HST_NONE
00000001                HST_RTDX
00000001                HWI$
0004fc00                HWI_A_VECS
00000018                HWI_BERR
00000019                HWI_DLOG
            0000668c    HWI_D_inhwi
            00006680    HWI_D_spsave
            00006682    HWI_D_sspsave
            00006684    HWI_D_stkbotaddr
            00006688    HWI_D_stktopaddr
            00006686    HWI_D_systkbotaddr
            0000668a    HWI_D_systktopaddr
000087d7                HWI_F_dispatch
0000000a                HWI_INT10
0000000b                HWI_INT11
0000000c                HWI_INT12
0000000d                HWI_INT13
0000000e                HWI_INT14
0000000f                HWI_INT15
00000010                HWI_INT16
00000011                HWI_INT17
00000012                HWI_INT18
00000013                HWI_INT19
00000002                HWI_INT2
00000014                HWI_INT20
00000015                HWI_INT21
00000016                HWI_INT22
00000017                HWI_INT23
00000003                HWI_INT3
00000004                HWI_INT4
00000005                HWI_INT5
00000006                HWI_INT6
00000007                HWI_INT7
00000008                HWI_INT8
00000009                HWI_INT9
00000001                HWI_NMI
00000000                HWI_RESET
0000001a                HWI_RTOS
0000001b                HWI_SINT27
0000001c                HWI_SINT28
0000001d                HWI_SINT29
0000001e                HWI_SINT30
0000001f                HWI_SINT31
00000004                HWI_TINT
00000000                HWI_ZEROTAB
00020108                I$$LMPY
0002008d                I$$UDIV
000200a2                I$$UMOD
00000001                IDL$
00006b22                IDL_A_CALBEG
0000d644                IDL_A_CALBEGb
00006b1c                IDL_A_TABBEG
0000d638                IDL_A_TABBEGb
00000000                IDL_CALIBRERROR
00000000                IDL_CALIBRFXN
            0000661a    IDL_D_calbeg
            0000661c    IDL_D_calibrate
            0000661e    IDL_D_tabbeg
            00006b20    IDL_END
            00006b26    IDL_END$
0000a0f6                IDL_F_loop
00000000                IDL_USECLKIDLTIME
00000001                ISRC$
0000963c                KNL_glue
            00006af8    KNL_swi
00000001                KNL_swi$dorta
00000000                KNL_swi$ord
00000000                KNL_swi$pri
            00006ab8    KNL_swi$sts
            000107d7    KNL_swi$sts$avgfmt
00000002                KNL_swi$sts$filter
00000001                KNL_swi$sts$filtmaxmult
00000001                KNL_swi$sts$filtsummult
            000107c7    KNL_swi$sts$maxfmt
            00006ab6    KNL_swi$sts$stsobj
            000107cf    KNL_swi$sts$sumfmt
00000000                KNL_swi$sts$unittype
00000000                KNL_swi$swi
0000967b                KNL_tick_stub
00000001                LCK$
            000066be    LNKCTRL
            000066bf    LNK_D_dataReadyMask
            000066be    LNK_D_fromHostMask
            000066c1    LNK_D_readDone
            000066c2    LNK_D_readFail
            000066c0    LNK_D_readPend
            000066c3    LNK_D_writeFail
00008436                LNK_F_checkChanEnabled
0000848f                LNK_F_dataPump
0000845d                LNK_F_getChanPtr
00008444                LNK_F_getNextChan
00008434                LNK_F_init
000087b2                LNK_F_readCallBack
            00006b1c    LNK_dataPump
            00006b22    LNK_dataPump$
000085fa                LNK_newin
000086de                LNK_newout
0000848f                LNK_rcloop
000084e3                LNK_rdrtry
000084ed                LNK_rrloop
0000856d                LNK_wrloop
00008563                LNK_wrrtry
00000001                LOG$
000069b4                LOG_A_TABBEG
0000d368                LOG_A_TABBEGb
000069be                LOG_A_TABEND
0000d37c                LOG_A_TABENDb
00000001                LOG_A_TABLEN
            00006620    LOG_D_system
00000001                LOG_ENABLED
00009de4                LOG_F_event
            000069b4    LOG_system
            000069c0    LOG_system$buf
00000000                LOG_system$datatype
00000000                LOG_system$log
00000040                LOG_system$size
00000001                MBX$
            00006862    MBX_msc
            0000686a    MBX_msc$data
            0000687a    MBX_msc$free
            000068f4    MBX_msc$queElems
            0000682e    MBX_musb
            00006836    MBX_musb$data
            00006846    MBX_musb$free
            00006954    MBX_musb$queElems
00000001                MEM$
            00016c6e    MEM_MALLOCSEG
00000000                MEM_NULL
            00016c6e    MEM_SEGZERO
00000002                MEM_gNumHeap
00000000                MSGQ$
00000000                MSGQ_USEMSGQ
00000000                OBJ$
00000000                PIP$
00006890                PIP_A_TABBEG
0000d120                PIP_A_TABBEGb
000068f4                PIP_A_TABEND
0000d1e8                PIP_A_TABENDb
00000002                PIP_A_TABLEN
            00006622    PIP_D_tabbeg
            00006624    PIP_D_tablen
0000952b                PIP_F_give
00009529                PIP_F_probe
0000959d                PIP_F_start
000094d5                PIP_F_take
00000064                PIP_OBJSIZE
00000000                PIP_gNextId
00000002                PIP_gNumEmbed
00000000                POOL$
00000000                POOL_USEPOOL
00000001                PRD$
00000060                PRD_A_TABBEG
000000c0                PRD_A_TABBEGb
00000060                PRD_A_TABEND
000000c0                PRD_A_TABENDb
00000000                PRD_A_TABLEN
            00006626    PRD_D_cur
            00006628    PRD_D_elapsed
            00006629    PRD_D_prevtim
            0000662a    PRD_D_scalar
            0000662c    PRD_D_swihandle
            0000662e    PRD_D_tabbeg
            00006630    PRD_D_tablen
            00006632    PRD_D_thook
            00006634    PRD_D_tickh
            00006635    PRD_D_tickl
00004000                PRD_SCALAR
00000000                PRD_SWIHANDLE
0000967b                PRD_THOOKFXN
00000001                PWRM$
00000000                PWRM_PWRM_ADAPTCLK
0000a11c                PWRM_PWRM_BOOTHOOKFXN
00000023                PWRM_PWRM_CAPSMASK
0000003f                PWRM_PWRM_DS_IDLEMASK
00000000                PWRM_PWRM_ENABLE
00000005                PWRM_PWRM_IDLEMASK
00000000                PWRM_PWRM_IER0
00000000                PWRM_PWRM_IER1
00000640                PWRM_PWRM_INITMILVOLTS
0000000f                PWRM_PWRM_INITSP
00000000                PWRM_PWRM_SCALING
00000001                QUE$
            000066a8    RTA_D_fromHost
            000066ac    RTA_D_logval
            000066b6    RTA_D_stsval
            000066aa    RTA_D_toHost
00009f5c                RTA_F_andn
00009301                RTA_F_dispatch
00009278                RTA_F_getlog
000092a4                RTA_F_getsts
00009f72                RTA_F_or
000092d3                RTA_F_readblk
000092e6                RTA_F_resetmem
000092e2                RTA_F_writeword
            00006b1e    RTA_dispatcher
            00006b24    RTA_dispatcher$
            00006ae0    RTA_fromHost
            00006b0c    RTA_fromHost$buf
00000008                RTA_fromHost$framesize
00000000                RTA_fromHost$hst
00000001                RTA_fromHost$id
00000000                RTA_fromHost$mode
            00006890    RTA_fromHost$pipe
            00016c70    RTA_fromHost$pipe$dtab
            00006892    RTA_fromHost$pipe$rd
            00006894    RTA_fromHost$pipe$rdaddr
            00006898    RTA_fromHost$pipe$rdcurdesc
            00006896    RTA_fromHost$pipe$rdsize
            000068a8    RTA_fromHost$pipe$rdstshdl
            000068aa    RTA_fromHost$pipe$wr
            000068ac    RTA_fromHost$pipe$wraddr
            000068b0    RTA_fromHost$pipe$wrcurdesc
            000068ae    RTA_fromHost$pipe$wrsize
            000068c0    RTA_fromHost$pipe$wrstshdl
            00006ae4    RTA_fromHost$rtdx
            00006aec    RTA_toHost
            00006a40    RTA_toHost$buf
00000040                RTA_toHost$framesize
00000000                RTA_toHost$hst
00000000                RTA_toHost$id
00000001                RTA_toHost$mode
            000068c2    RTA_toHost$pipe
            00016c76    RTA_toHost$pipe$dtab
            000068c4    RTA_toHost$pipe$rd
            000068c6    RTA_toHost$pipe$rdaddr
            000068ca    RTA_toHost$pipe$rdcurdesc
            000068c8    RTA_toHost$pipe$rdsize
            000068da    RTA_toHost$pipe$rdstshdl
            000068dc    RTA_toHost$pipe$wr
            000068de    RTA_toHost$pipe$wraddr
            000068e2    RTA_toHost$pipe$wrcurdesc
            000068e0    RTA_toHost$pipe$wrsize
            000068f2    RTA_toHost$pipe$wrstshdl
            00006af0    RTA_toHost$rtdx
00000001                RTDX$
00000102                RTDX_BUFMEMSIZE
            00016c6e    RTDX_DATAMEMSEG
            000066a0    RTDX_D_BufRead
            000066a2    RTDX_D_BufWrite
00000000                RTDX_MODE
00000001                RTDX_USERTDX
00000000                RTDX_USERTEXECUTION
            00016c6f    SARAM
00016ccc                SARAM$B
0002d998                SARAM$Bb
00007f00                SARAM$L
00000001                SEM$
            0000650c    SEM_AbortTransferDone
            0000657a    SEM_ClearEndpointStalltDone
            00006522    SEM_ConnectDeviceDone
            000065a6    SEM_DisconnectDeviceDone
            000065bc    SEM_I2cDevBusy
            0000654e    SEM_MUSBDMARxComplete
            00006564    SEM_MUSBDMATxComplete
            00006590    SEM_MUSBMSCTaskExited
            000064f6    SEM_MUSBMainTaskExited
            000065d2    SEM_RTCAlarmOff
            00006538    SEM_ResetDeviceDone
            000065e8    SEM_mmcsd_dmaTransferDone
00000000                SIO$
00000000                STS$
00006ab6                STS_A_TABBEG
0000d56c                STS_A_TABBEGb
00006ade                STS_A_TABEND
0000d5bc                STS_A_TABENDb
00009eee                STS_F_add
00009ecc                STS_F_delta
00009f06                STS_F_reset
00000001                SWI$
00006af8                SWI_A_TABBEG
0000d5f0                SWI_A_TABBEGb
00006b0c                SWI_A_TABEND
0000d618                SWI_A_TABENDb
00000001                SWI_A_TABLEN
            0000663e    SWI_D_curfxn
            0000663a    SWI_D_curmask
            0000663d    SWI_D_curmbox
            0000663b    SWI_D_curset
            00006638    SWI_D_execaddr
            0000667e    SWI_D_inswi
            0000663c    SWI_D_lock
            00006640    SWI_D_rdybeg
            00006642    SWI_D_rdytab
            00006636    SWI_D_runaddr
00000000                SWI_EHOOKFXN
000081a6                SWI_EXECFXN
00008060                SWI_F_enable
000081a6                SWI_F_exec
0000811e                SWI_F_exec_sync
00008093                SWI_F_post
00008292                SWI_F_run
00000000                SWI_IHOOKFXN
00008292                SWI_RUNFXN
00000001                SYS$
            00006b14    SYS$config
0000a068                SYS_ABORTFXN
0000a08c                SYS_ERRORFXN
0000a104                SYS_EXITFXN
00009fa0                SYS_PUTCFXN
00004000                TRC_GBLTARG
            00006b2f    TRC_R_mask
            00006b2e    TRC_cinit
00000001                TSK$
            0000669c    TSK_D_idlstkaddr
            0000669e    TSK_D_idlsystkaddr
            000067d6    TSK_MUSBMSCTask
00000003                TSK_MUSBMSCTask$ord
00000008                TSK_MUSBMSCTask$pri
            0001cc4c    TSK_MUSBMSCTask$stack
            0001dc2e    TSK_MUSBMSCTask$stkptr
            00006ad0    TSK_MUSBMSCTask$sts
            00010825    TSK_MUSBMSCTask$sts$avgfmt
00000002                TSK_MUSBMSCTask$sts$filter
00000001                TSK_MUSBMSCTask$sts$filtmaxmult
00000001                TSK_MUSBMSCTask$sts$filtsummult
            00010815    TSK_MUSBMSCTask$sts$maxfmt
            00006ace    TSK_MUSBMSCTask$sts$stsobj
            0001081d    TSK_MUSBMSCTask$sts$sumfmt
00000000                TSK_MUSBMSCTask$sts$unittype
            0001dc4c    TSK_MUSBMSCTask$sysstack
            0001dd2e    TSK_MUSBMSCTask$sysstkptr
00000000                TSK_MUSBMSCTask$tsk
            000067ee    TSK_MUSBMSCTask$tskobj
            00006802    TSK_MUSBMainTask
00000004                TSK_MUSBMainTask$ord
00000007                TSK_MUSBMainTask$pri
            0001dd4c    TSK_MUSBMainTask$stack
            0001ed2e    TSK_MUSBMainTask$stkptr
            00006ad8    TSK_MUSBMainTask$sts
            0001083f    TSK_MUSBMainTask$sts$avgfmt
00000002                TSK_MUSBMainTask$sts$filter
00000001                TSK_MUSBMainTask$sts$filtmaxmult
00000001                TSK_MUSBMainTask$sts$filtsummult
            0001082f    TSK_MUSBMainTask$sts$maxfmt
            00006ad6    TSK_MUSBMainTask$sts$stsobj
            00010837    TSK_MUSBMainTask$sts$sumfmt
00000000                TSK_MUSBMainTask$sts$unittype
            0001ed4c    TSK_MUSBMainTask$sysstack
            0001ee2e    TSK_MUSBMainTask$sysstkptr
00000000                TSK_MUSBMainTask$tsk
            0000681a    TSK_MUSBMainTask$tskobj
00000000                TSK_NUM_HOOKS
00000001                TSK_PRIORITY
00000000                TSK_READYFXN
            00016c6e    TSK_STACKSEG
00000400                TSK_STACKSIZE
00000000                TSK_SWITCHFXN
00000100                TSK_SYSTACKSIZE
0000a11c                TSK_VCREATEFXN
0000a11c                TSK_VDELETEFXN
0000a11c                TSK_VEXITFXN
            0000677e    TSK_idle
00000001                TSK_idle$ord
00000000                TSK_idle$pri
            0001ee4c    TSK_idle$stack
            0001f22e    TSK_idle$stkptr
            00006ac0    TSK_idle$sts
            000107f1    TSK_idle$sts$avgfmt
00000002                TSK_idle$sts$filter
00000001                TSK_idle$sts$filtmaxmult
00000001                TSK_idle$sts$filtsummult
            000107e1    TSK_idle$sts$maxfmt
            00006abe    TSK_idle$sts$stsobj
            000107e9    TSK_idle$sts$sumfmt
00000000                TSK_idle$sts$unittype
            0001f24c    TSK_idle$sysstack
            0001f32e    TSK_idle$sysstkptr
00000000                TSK_idle$tsk
            00006796    TSK_idle$tskobj
00000000                UDEV$
ffffffff                VECT
            000110d2    _ATALogicalUnit
            00016123    _ATA_No_Swap
0001e01f                _ATA_enableMFW
0001e001                _ATA_getSerialID
0001e97e                _ATA_readSector
0001dd6d                _ATA_systemInit
0001eaa0                _ATA_writeSector
000138e7                _AppGetMediaSize
00013989                _AppGetMediaStatus
000138f7                _AppLockMedia
000138fb                _AppMediaEject
000138ff                _AppMediaInit
00013ab6                _AppReadMedia
0001398d                _AppWriteMedia
0000c31d                _BIOS_init
0000c3ab                _BIOS_start
0000c350                _CLK_COUNTSPMS
            00016cb4    _CLK_DFLTMICROSECS
            0000660c    _CLK_D_countspms
            00006606    _CLK_D_dirty
            00016cb6    _CLK_D_microseconds
            00006608    _CLK_D_prd
            0000660a    _CLK_D_tddr
0000c34f                _CLK_PRD
00001810                _CLK_REGS
00000020                _CLK_TCR
00000000                _CLK_TDDR
00000000                _CLK_TIMERNUM
00000000                _CLK_USETIMER
            000065fe    _CLK_htimeDiv
            00006600    _CLK_htimeMult
            00016cc6    _CLK_htimePerLtime
            00006610    _CLK_isrhook
0000a00c                _CLK_itime
            00006602    _CLK_ltimeDiv
            00006604    _CLK_ltimeMult
            00006616    _CLK_time
            00016c96    _CLK_timer0arg
            00016c90    _CLK_timer0func
            00016c98    _CLK_timer1arg
            00016c92    _CLK_timer1func
            00016c9a    _CLK_timer2arg
            00016c94    _CLK_timer2func
00001810                _CLK_timer5505
00001c14                _CLK_timerIAFR
00000000                _CLK_timerNum
0000a120                _CLK_wdogdisable
0001418d                _CSL_mscTest
00013d8f                _CSL_selfWakeupCallBack
00013d91                _CSL_suspendCallBack
0001dab7                _Check_boot_record
00013bf1                _CompleteTransfer
            00016c6e    _DARAM
00000060                _DARAM_base
000000c0                _DARAM_baseb
00007fa0                _DARAM_length
0001bee4                _DMA_close
0001b4bc                _DMA_config
0001b032                _DMA_getConfig
0001afbc                _DMA_getLastTransferType
0001af91                _DMA_init
0001af05                _DMA_open
0001ac61                _DMA_reset
0001ab81                _DMA_start
0001aaa1                _DMA_stop
0001aa6c                _DMA_swapWords
0001492c                _DeviceNotification
0000a11c                _FXN_F_nop
            000065fa    _GBL_clkIn
            000065fc    _GBL_freq
0000a113                _GBL_getVersion
            000065f8    _GBL_procId
0001d288                _HOSTclock
0001d21d                _HOSTclose
0001d168                _HOSTlseek
0001d0c9                _HOSTopen
0001d03c                _HOSTread
0001cf8e                _HOSTrename
0001cf30                _HOSTtime
0001cec6                _HOSTunlink
0001ce39                _HOSTwrite
00006ade                _HST_A_TABBEG
00006af8                _HST_A_TABEND
            000107bf    _HST_HOST_CHANNEL_DRIVER
00000018                _HWI_BERR
00000019                _HWI_DLOG
            0000668c    _HWI_D_inhwi
            00006680    _HWI_D_spsave
            00006682    _HWI_D_sspsave
00008a56                _HWI_F_DispIsr0
000087d7                _HWI_F_dispatch
0000000a                _HWI_INT10
0000000b                _HWI_INT11
0000000c                _HWI_INT12
0000000d                _HWI_INT13
0000000e                _HWI_INT14
0000000f                _HWI_INT15
00000010                _HWI_INT16
00000011                _HWI_INT17
00000012                _HWI_INT18
00000013                _HWI_INT19
00000002                _HWI_INT2
00000014                _HWI_INT20
00000015                _HWI_INT21
00000016                _HWI_INT22
00000017                _HWI_INT23
00000003                _HWI_INT3
00000004                _HWI_INT4
00000005                _HWI_INT5
00000006                _HWI_INT6
00000007                _HWI_INT7
00000008                _HWI_INT8
00000009                _HWI_INT9
00000001                _HWI_NMI
00000000                _HWI_RESET
0000001a                _HWI_RTOS
0000001b                _HWI_SINT27
0000001c                _HWI_SINT28
0000001d                _HWI_SINT29
0000001e                _HWI_SINT30
0000001f                _HWI_SINT31
            00010dc0    _HWI_STKBOTTOM
            000109c0    _HWI_STKTOP
            000109c0    _HWI_SYSSTKBOTTOM
            000107c0    _HWI_SYSSTKTOP
00000004                _HWI_TINT
            00006680    _HWI_data
0000a0ac                _HWI_disable
            00010dc0    _HWI_dispatchTab
0000a0bc                _HWI_enable
0000a0c0                _HWI_restore
0000a0f6                _IDL_loop
0001da0d                _IRQ_clear
0001d9fd                _IRQ_clearAll
0001d9b3                _IRQ_config
0001d94b                _IRQ_disable
0001d93d                _IRQ_disableAll
0001d8d1                _IRQ_enable
0001d896                _IRQ_getArg
0001d84a                _IRQ_getConfig
0001d6b2                _IRQ_globalDisable
0001d83c                _IRQ_globalEnable
0001d6c0                _IRQ_globalRestore
0001d7ef                _IRQ_init
0001d7cc                _IRQ_map
0001d770                _IRQ_restore
0001d749                _IRQ_setArg
0001d72b                _IRQ_setVecs
0001d6cc                _IRQ_test
            00016a96    _KNL_alarm
00009bbf                _KNL_check
            00016abe    _KNL_curqueue
            00016ab6    _KNL_curtask
            00016aba    _KNL_curtime
            00016a9e    _KNL_dummy
00009cd0                _KNL_enter
00009d10                _KNL_exit
00009c1a                _KNL_idle
            00016aca    _KNL_idlefxn
            00016a9a    _KNL_inactive
00009d30                _KNL_ipost
00009c37                _KNL_max
            00016ac0    _KNL_maxqueue
00009fd8                _KNL_post
            00016ab8    _KNL_prevtask
            00016a9c    _KNL_priority
            00016a44    _KNL_queues
00008cc4                _KNL_run
0000969b                _KNL_saveIsrFrame
            00016a43    _KNL_set
            00016a98    _KNL_setpri
            00006af8    _KNL_swi
            00016abc    _KNL_swiptr
000095ee                _KNL_switch
            00016ac4    _KNL_tcreatefxn
            00016ac6    _KNL_tdeletefxn
00009268                _KNL_tick
            00016ac8    _KNL_treadyfxn
            00016ac2    _KNL_tswitchfxn
            00016a42    _KNL_wFlag
            00016a94    _KNL_wList
00009dac                _LCK_pend
00009d8c                _LCK_post
000087b2                _LNK_F_readCallBack
            00006b1c    _LNK_dataPump
000069b4                _LOG_A_TABBEG
000069be                _LOG_A_TABEND
00000001                _LOG_A_TABLEN
            00006620    _LOG_D_system
00009de4                _LOG_event
            000069b4    _LOG_system
            00006862    _MBX_msc
            0000682e    _MBX_musb
000096fc                _MBX_pend
00009784                _MBX_post
            00016cc8    _MEM
            0000668d    _MEM_D_NUMSEGMENTS
            00006690    _MEM_D_freelist
            00006692    _MEM_D_lockaddr
            0000668e    _MEM_D_memtab
            00006694    _MEM_D_unlockaddr
000093a8                _MEM_alloc
00008e4c                _MEM_free
0000c20c                _MEM_init
            00016c62    _MEM_memtab
00013377                _MMC_bootModeRead
00013337                _MMC_bootPartitionDisable
000132d4                _MMC_bootPartitionEnable
0001c877                _MMC_busyStatusCheck
00011bac                _MMC_checkReadDmaDone
00013234                _MMC_clearResponse
000131f3                _MMC_close
0001c873                _MMC_commandReadyStatusCheck
0001316e                _MMC_config
00013107                _MMC_configFifo
0001c86f                _MMC_dataReadyStatusCheck
000130b3                _MMC_deselectCard
00013073                _MMC_disableBootPartitionAccess
00013044                _MMC_drrdy
00013017                _MMC_dxrdy
00012ff7                _MMC_enableBootMode
00012f9e                _MMC_enableBootPartitionAccess
00012deb                _MMC_eventDisable
00012c38                _MMC_eventEnable
0001c86b                _MMC_file_system_format
0001c867                _MMC_flushFat
00012c16                _MMC_getBootPartitionSize
00012908                _MMC_getCardCsd
000126d2                _MMC_getCardExtCsd
0001262c                _MMC_getCardStatus
000125a7                _MMC_getConfig
0001257c                _MMC_getNumberOfCards
0001c863                _MMC_getSerialID
0001254b                _MMC_getStatus
0001c85f                _MMC_get_date
0001c85b                _MMC_get_mod_date
0001c857                _MMC_get_mod_time
0001c853                _MMC_get_time
0001090d                _MMC_ierDisable
0001095f                _MMC_ierEnable
00012528                _MMC_init
000124c2                _MMC_initCtrl
0001c758                _MMC_initState
0001093e                _MMC_intEnable
0001c403                _MMC_issueReadCommand
00012356                _MMC_open
00011c2b                _MMC_read
0001c33b                _MMC_readNSectors
0001c71a                _MMC_readNextNWords
0001c6c4                _MMC_readNextWord
0001c65f                _MMC_readNextWord1
0001c122                _MMC_readWriteControl
0001c0e9                _MMC_read_CID
0001c0b0                _MMC_read_CSD
0001c0ac                _MMC_reset
00011b75                _MMC_saveStatus
00011838                _MMC_selectCard
000116fe                _MMC_sendAllCID
00010101                _MMC_sendCmd
000116b4                _MMC_sendGoIdle
00011656                _MMC_sendOpCond
0001162e                _MMC_sendSwitchCmd
000115e7                _MMC_setBlockLength
000115a6                _MMC_setBootBusWidth
0001157a                _MMC_setCallBack
0001155d                _MMC_setCardPtr
00011530                _MMC_setCardType
000114f7                _MMC_setDataTransferCallback
0001145f                _MMC_setDmaChanConfig
0001141b                _MMC_setDmaHandle
000113c5                _MMC_setEMMCBusWidth
00011360                _MMC_setEndianMode
00011302                _MMC_setRca
00011273                _MMC_setWriteBlkEraseCnt
000111ec                _MMC_setupNative
000111b6                _MMC_stop
00010990                _MMC_write
0001bfc7                _MMC_writeNSectors
0001befc                _MMC_writeSector
0001bef8                _MMC_writeSectorFlush
000158f0                _MSCTask
            0001125e    _MSC_AppHandle
000176c3                _MSC_Bulk
000176a2                _MSC_Close
000174ea                _MSC_Ctrl
000168e9                _MSC_ExecuteRead
00016b65                _MSC_ExecuteWrite
000174d6                _MSC_GetLunLockedStatus
000174d0                _MSC_GetactivityFlagStatus
000174ca                _MSC_GetsuspendFlagStatus
00016639                _MSC_HandlePreventAllowMediaRemoval
00016775                _MSC_HandleReadCapacity
00016ea3                _MSC_HandleStateWaitForCBW
000164b8                _MSC_HandleTestUnitReady
00016411                _MSC_Open
0001635a                _MSC_OpenFullspeed
00015c08                _MSC_SetLunAttr
00015ba0                _MSC_handleDataDirMisMatch
00015b48                _MSC_reqBotMscReset
000159ec                _MSC_reqGetDescriptor
000159a4                _MSC_sendCswWithPhaseError
00014ab1                _MUSB_Handle_EP0_Intr
000149f9                _MUSB_Handle_Resume_Intr
000152dd                _MainTask
0000c54c                _OBJ_init
            00016c5a    _OBJ_segtab
            00016c3e    _OBJ_table
            00016cc2    _PG1_flag
            00016cc1    _PG3_flag
            00016cc0    _PG4_flag
00006890                _PIP_A_TABBEG
000068f4                _PIP_A_TABEND
0001e947                _PLL_bypass
0001e8be                _PLL_config
0001e88b                _PLL_enable
0001e86c                _PLL_init
0001e816                _PLL_reset
            00006635    _PRD_D_tick
            000114cc    _PaSs
            000114cb    _PaSs_StAtE
00009278                _RTA_F_getlog
            00006b1e    _RTA_dispatcher
            00006ae0    _RTA_fromHost
            00006aec    _RTA_toHost
            000062a8    _RTDX_Buffer
            000063ce    _RTDX_Buffer_End
0000bc4f                _RTDX_Buffer_Initialize
0000bd8e                _RTDX_Buffer_Read
0000bca2                _RTDX_Buffer_ReadCB
0000bd29                _RTDX_Buffer_Size
            000063cc    _RTDX_Buffer_Start
0000bdce                _RTDX_Buffer_Write
0000b6a3                _RTDX_Buffer_WriteCB
0000bced                _RTDX_Final_RT_Monitor
0000bbea                _RTDX_H2TPoll
0000b81f                _RTDX_Init_RT_Monitor
00000003                _RTDX_JTAGONLY
00000001                _RTDX_LMM
0000bd64                _RTDX_Mask_IER
0000bb62                _RTDX_Mon_Queue
0000b92e                _RTDX_Poll
0000bdb0                _RTDX_Set_IER
00000000                _RTDX_interrupt_mask
            000063c2    _RTDX_writing
            00015404    _ReadNBufs
            00016c6f    _SARAM
00016ccc                _SARAM_base
0002d998                _SARAM_baseb
00007f00                _SARAM_length
0001087a                _SD_configurePullup
00010460                _SD_getCardCsd
00010311                _SD_sendAllCID
00010262                _SD_sendRca
000101a2                _SD_setBusWidth
            0000650c    _SEM_AbortTransferDone
            0000657a    _SEM_ClearEndpointStalltDone
            00006522    _SEM_ConnectDeviceDone
            000065a6    _SEM_DisconnectDeviceDone
            000065bc    _SEM_I2cDevBusy
            0000654e    _SEM_MUSBDMARxComplete
            00006564    _SEM_MUSBDMATxComplete
            00006590    _SEM_MUSBMSCTaskExited
            000064f6    _SEM_MUSBMainTaskExited
            000065d2    _SEM_RTCAlarmOff
            00006538    _SEM_ResetDeviceDone
            000065e8    _SEM_mmcsd_dmaTransferDone
00009e35                _SEM_pend
00008b38                _SEM_pendEnterKnl
00009c4c                _SEM_post
00009c4c                _SEM_postBinary
00009e84                _SEM_postEnterKnl
00006ab6                _STS_A_TABBEG
00006ade                _STS_A_TABEND
00009eee                _STS_add
00009ecc                _STS_delta
00009f06                _STS_reset
0000a10c                _STS_set
            0000663e    _SWI_D_curfxn
            0000663a    _SWI_D_curmask
            0000667e    _SWI_D_inswi
            0000663c    _SWI_D_lock
            00006640    _SWI_D_rdybeg
            00006636    _SWI_data
00008060                _SWI_enable
00008093                _SWI_post
            00006696    _SYS
            00005f05    _SYS_PUTCBEG
            00006104    _SYS_PUTCEND
0000a0c8                _SYS_abort
0000a0e0                _SYS_error
00009f14                _SYS_exit
            00016c7c    _SYS_exitStack
            00016c8c    _SYS_exitStackPtr
            00016c8e    _SYS_exitStackTop
0001ecf5                _SYS_peripheralReset
0001eb84                _SYS_setEBSR
0001eb70                _SYS_set_DSP_LDO_voltage
00014d2f                _StartDevice
00013d04                _StartTransfer
000149aa                _StopDevice
            00006b2f    _TRC_R_mask
            00016be0    _TSK
            00016bc4    _TSK_ATTRS
            000067d6    _TSK_MUSBMSCTask
            00006802    _TSK_MUSBMainTask
            00016bd2    _TSK_config
00009910                _TSK_exit
            0000677e    _TSK_idle
0000c3e8                _TSK_init
            00016bc2    _TSK_nTasks
            00016bc3    _TSK_pid
00009a08                _TSK_setup
00009b5c                _TSK_startup
            00016be2    _TSK_timerSem
000158f0                _USBMSCTask
000152dd                _USBMainTask
000147d0                _USB_MUSB_Isr
            0001148c    _USB_ReqTable
0001949b                _USB_abortAllTransaction
00019383                _USB_abortTransaction
0001932b                _USB_bytesRemaining
00017fd9                _USB_clearEndptStall
00019106                _USB_config
000148ec                _USB_configEndpointDataSize
00018e1d                _USB_configEndpt
00018dfb                _USB_connectDev
00018145                _USB_coreEventProcessEp0
00018902                _USB_disconnectDev
00018d3a                _USB_epNumToHandle
00018bdc                _USB_findFifoSize
00018ba2                _USB_getDataCountReadFromFifo
00017f84                _USB_getEndptStall
00018b5c                _USB_getEvents
00018b4a                _USB_getFrameNo
00018b3e                _USB_getMaxPower
00017f7e                _USB_getRemoteWakeupStat
00017f13                _USB_getSetupPacket
00017ed6                _USB_handleResumeIntr
00018a5f                _USB_init
00018924                _USB_intrHandler
00017e7b                _USB_isTransactionDone
00017e48                _USB_issueRemoteWakeup
00017d64                _USB_open
00017d23                _USB_peekEvents
00017c32                _USB_postTransaction
00017c1b                _USB_releaseEndpt
00017bd6                _USB_requestEndpt
00017a63                _USB_resetDev
00017a10                _USB_selfwakeup
000179dc                _USB_setDevAddr
000179b7                _USB_setFullSpeedMode
0001798b                _USB_setParams
00017975                _USB_setRemoteWakeup
00017874                _USB_stallEndpt
00017845                _USB_suspendDevice
000147e8                _USBisr
0000a068                _UTL_doAbort
0000a08c                _UTL_doError
00009fa0                _UTL_doPutc
0000a104                _UTL_halt
ffffffff                _VECT
            0001115a    __AtaBuffer
0001f780                __AtaFlush
0001f80c                __AtaReadByte
0001f839                __AtaReadDoubleWord
0001f1f7                __AtaReadWord
            000063d0    __CIOBUF_
            000066a6    __HOOK_NUMHOOKS
            000066a4    __HOOK_knlId
            00016c06    __MEM_mutex
0000980c                __SEM_dopost
            00010dc0    __STACK_END
00000800                __STACK_SIZE
00000400                __SYSSTACK_SIZE
            00016bf2    __TSK_mutex
0001face                ___add_dtor
            00016980    ___atexit_func_id__
ffffffff                ___binit__
            00011000    ___bss__
ffffffff                ___c_args__
            00005092    ___cinit__
            00008000    ___data__
            00008000    ___edata__
            00016ccc    ___end__
00020150                ___etext__
000200da                ___isinf
            00006b28    ___pinit__
00010000                ___text__
0001e50d                __addd
0001e151                __cleanup
            00016cbc    __cleanup_ptr
0001eef0                __cmpd
            000105c1    __ctypes_
0001d2e6                __divd
0001ff9e                __divli
0001e4d8                __divlli
0002008d                __divu
0001f6df                __divul
0001e3e4                __divull
0001f4bd                __doflush
            00016cbe    __dtors_ptr
0001eebc                __eqld
00020063                __fixdi
0001fc41                __fixdli
0001f98b                __fixdul
0001fd88                __fltlid
0001fea8                __fltuld
0001fa02                __frcmpyd
0001faed                __frcmpyd_div
            000168ae    __ft_end
            00016796    __ftable
0001ee72                __geqd
0001ee27                __gtrd
0001edda                __leqd
            00016cb8    __lock
0001ed92                __lssd
0001f0ab                __mpyd
00020108                __mpyli
0001e32c                __mpylli
0002012d                __negd
0001ed5e                __neqd
0002012b                __nop
0001a82a                __printfi
0001f460                __rd_ok
00020123                __register_lock
0002011b                __register_unlock
0001ff53                __remli
0001e2fd                __remlli
000200a2                __remu
0001fb60                __remul
0001e2af                __remull
            000109c0    __stack
000200f4                __subd
            000107c0    __sysstack
            0001680e    __tmpnams
            00016cba    __unlock
0001f3e0                __wrt_ok
00020147                _abort
0001ccce                _add_device
000138d7                _appBulkFxn
000138c7                _appCtrlFxn
            000110be    _ataMMCState
0001fbd2                _atexit
0001fe4c                _atoi
0000c46c                _auto_init
            00016696    _boot_record
0000c4dd                _c_int00
            00015d1a    _cached_phySector0
            0001611c    _cached_phySector1
            0001611e    _cached_phySector2
            00016120    _cached_phySector3
0001fa78                _call_dtors
00009090                _calloc
0001479f                _checkTxDone
0001dc9c                _chk_mmc
0001cc5b                _close
00013584                _computeClkRate
00013498                _configDmaforMmcSd
000135ee                _configSdCard
            00015402    _count
            00016594    _curConfigureNum
            00016595    _curInterfaceNum
            0001109e    _dmaConfig
            000110b5    _dmaRdChanObj
            0001109c    _dmaRdHandle
            000114c4    _dmaRxCnt
            000114c5    _dmaTxCnt
            000110ac    _dmaWrChanObj
            0001109a    _dmaWrHandle
0001479d                _dma_isr
            00016cca    _dtors
00020025                _exit
0001f910                _fclose
0001f526                _fflush
0001cc52                _find_registered_device
0001e274                _fopen
0001f639                _fputc
0001ef48                _fputs
000090bc                _free
0001e1ab                _freopen
0001fd1d                _fseek
            00016cc4    _gAtaWord
            00015400    _gCountRead
            00015403    _gDoneWrite
            0001635c    _gEpObj
            000162a8    _gEpStatus
            00015d18    _gNextPhySector
            00015c16    _gReadBuf
            000114c6    _gStartCaching
            0001125c    _gUSBDMAEndOfRx
            00016126    _gUsbContext
            0001147c    _gUsbDevHandle
            0001657c    _gUsbEpHandle
            00016200    _gUsbTransfer
            00015d17    _gWordCount
            00015d1c    _gWriteBuf
            00015c14    _gWriteSector
            00016cb2    _gdword
00014723                _genDelay
0001da4c                _getMMCSize
0001e767                _getSysClk
0001cdbe                _getenv
            00014400    _glbaCacheBuff
            000114c7    _glbaCaheCnt
            000114c8    _glbaStartNum
            0001125a    _gpstrMMCState
            00016cb0    _gtByte
            00016cc3    _gtempword
            00013000    _hpDescrRx
            00012000    _hpDescrTx
            00014000    _linkingRam
0001cbec                _lseek
0001f893                _ltoa
            0001145c    _lunAttr
000146a9                _main
            000067aa    _mainTsk
00008fc4                _malloc
            00016596    _master_boot_record
00009010                _memalign
000200b7                _memccpy
0001ffe6                _memcpy
[...]
00012356                _MMC_open
000124c2                _MMC_initCtrl
00012528                _MMC_init
0001254b                _MMC_getStatus
0001257c                _MMC_getNumberOfCards
000125a7                _MMC_getConfig
0001262c                _MMC_getCardStatus
000126d2                _MMC_getCardExtCsd
00012908                _MMC_getCardCsd
00012c16                _MMC_getBootPartitionSize
00012c38                _MMC_eventEnable
00012deb                _MMC_eventDisable
00012f9e                _MMC_enableBootPartitionAccess
00012ff7                _MMC_enableBootMode
00013017                _MMC_dxrdy
00013044                _MMC_drrdy
00013073                _MMC_disableBootPartitionAccess
000130b3                _MMC_deselectCard
00013107                _MMC_configFifo
0001316e                _MMC_config
000131f3                _MMC_close
00013234                _MMC_clearResponse
000132d4                _MMC_bootPartitionEnable
00013337                _MMC_bootPartitionDisable
00013377                _MMC_bootModeRead
00013465                _mmcsdDataCallback
00013480                _mmcsd0_isr
00013498                _configDmaforMmcSd
00013584                _computeClkRate
000135ee                _configSdCard
000138c7                _appCtrlFxn
000138d7                _appBulkFxn
000138e7                _AppGetMediaSize
000138f7                _AppLockMedia
000138fb                _AppMediaEject
000138ff                _AppMediaInit
00013989                _AppGetMediaStatus
0001398d                _AppWriteMedia
00013ab6                _AppReadMedia
00013bf1                _CompleteTransfer
00013d04                _StartTransfer
00013d8f                _CSL_selfWakeupCallBack
00013d91                _CSL_suspendCallBack
0001418d                _CSL_mscTest
000146a9                _main
00014723                _genDelay
0001479d                _dma_isr
0001479f                _checkTxDone
000147d0                _USB_MUSB_Isr
000147e8                _USBisr
000148ec                _USB_configEndpointDataSize
0001492c                _DeviceNotification
000149aa                _StopDevice
000149f9                _MUSB_Handle_Resume_Intr
00014ab1                _MUSB_Handle_EP0_Intr
00014d2f                _StartDevice
000152dd                _MainTask
000152dd                _USBMainTask
000158f0                _MSCTask
000158f0                _USBMSCTask
000159a4                _MSC_sendCswWithPhaseError
000159ec                _MSC_reqGetDescriptor
00015b48                _MSC_reqBotMscReset
00015ba0                _MSC_handleDataDirMisMatch
00015c08                _MSC_SetLunAttr
0001635a                _MSC_OpenFullspeed
00016411                _MSC_Open
000164b8                _MSC_HandleTestUnitReady
00016639                _MSC_HandlePreventAllowMediaRemoval
00016775                _MSC_HandleReadCapacity
000168e9                _MSC_ExecuteRead
00016b65                _MSC_ExecuteWrite
00016ccc                SARAM$B
00016ccc                _SARAM_base
00016ea3                _MSC_HandleStateWaitForCBW
000174ca                _MSC_GetsuspendFlagStatus
000174d0                _MSC_GetactivityFlagStatus
000174d6                _MSC_GetLunLockedStatus
000174ea                _MSC_Ctrl
000176a2                _MSC_Close
000176c3                _MSC_Bulk
00017845                _USB_suspendDevice
00017874                _USB_stallEndpt
00017975                _USB_setRemoteWakeup
0001798b                _USB_setParams
000179b7                _USB_setFullSpeedMode
000179dc                _USB_setDevAddr
00017a10                _USB_selfwakeup
00017a63                _USB_resetDev
00017bd6                _USB_requestEndpt
00017c1b                _USB_releaseEndpt
00017c32                _USB_postTransaction
00017d23                _USB_peekEvents
00017d64                _USB_open
00017e48                _USB_issueRemoteWakeup
00017e7b                _USB_isTransactionDone
00017ed6                _USB_handleResumeIntr
00017f13                _USB_getSetupPacket
00017f7e                _USB_getRemoteWakeupStat
00017f84                _USB_getEndptStall
00017fd9                _USB_clearEndptStall
00018145                _USB_coreEventProcessEp0
000186a0                CLK_LTIMEMULT
000186a0                GBL_FREQ
00018902                _USB_disconnectDev
00018924                _USB_intrHandler
00018a5f                _USB_init
00018b3e                _USB_getMaxPower
00018b4a                _USB_getFrameNo
00018b5c                _USB_getEvents
00018ba2                _USB_getDataCountReadFromFifo
00018bdc                _USB_findFifoSize
00018d3a                _USB_epNumToHandle
00018dfb                _USB_connectDev
00018e1d                _USB_configEndpt
00019106                _USB_config
0001932b                _USB_bytesRemaining
00019383                _USB_abortTransaction
0001949b                _USB_abortAllTransaction
0001a82a                __printfi
0001aa6c                _DMA_swapWords
0001aaa1                _DMA_stop
0001ab81                _DMA_start
0001ac61                _DMA_reset
0001af05                _DMA_open
0001af91                _DMA_init
0001afbc                _DMA_getLastTransferType
0001b032                _DMA_getConfig
0001b4bc                _DMA_config
0001bee4                _DMA_close
0001bef8                _MMC_writeSectorFlush
0001befc                _MMC_writeSector
0001bfc7                _MMC_writeNSectors
0001c0ac                _MMC_reset
0001c0b0                _MMC_read_CSD
0001c0e9                _MMC_read_CID
0001c122                _MMC_readWriteControl
0001c33b                _MMC_readNSectors
0001c403                _MMC_issueReadCommand
0001c65f                _MMC_readNextWord1
0001c6c4                _MMC_readNextWord
0001c71a                _MMC_readNextNWords
0001c758                _MMC_initState
0001c853                _MMC_get_time
0001c857                _MMC_get_mod_time
0001c85b                _MMC_get_mod_date
0001c85f                _MMC_get_date
0001c863                _MMC_getSerialID
0001c867                _MMC_flushFat
0001c86b                _MMC_file_system_format
0001c86f                _MMC_dataReadyStatusCheck
0001c873                _MMC_commandReadyStatusCheck
0001c877                _MMC_busyStatusCheck
0001c87b                _write
0001c9bd                _unlink
0001c9f0                _rename
0001ca49                _remove_device
0001ca7f                _read
0001cb2d                _open
0001cbec                _lseek
0001cc52                _find_registered_device
0001cc5b                _close
0001ccce                _add_device
0001cdbe                _getenv
0001ce39                _HOSTwrite
0001cec6                _HOSTunlink
0001cf30                _HOSTtime
0001cf8e                _HOSTrename
0001d03c                _HOSTread
0001d0c9                _HOSTopen
0001d168                _HOSTlseek
0001d21d                _HOSTclose
0001d288                _HOSTclock
0001d2e6                __divd
0001d6b2                _IRQ_globalDisable
0001d6c0                _IRQ_globalRestore
0001d6cc                _IRQ_test
0001d72b                _IRQ_setVecs
0001d749                _IRQ_setArg
0001d770                _IRQ_restore
0001d7cc                _IRQ_map
0001d7ef                _IRQ_init
0001d83c                _IRQ_globalEnable
0001d84a                _IRQ_getConfig
0001d896                _IRQ_getArg
0001d8d1                _IRQ_enable
0001d93d                _IRQ_disableAll
0001d94b                _IRQ_disable
0001d9b3                _IRQ_config
0001d9fd                _IRQ_clearAll
0001da0d                _IRQ_clear
0001da4c                _getMMCSize
0001dab7                _Check_boot_record
0001dc9c                _chk_mmc
0001dd6d                _ATA_systemInit
0001e001                _ATA_getSerialID
0001e01f                _ATA_enableMFW
0001e151                __cleanup
0001e1ab                _freopen
0001e274                _fopen
0001e2af                __remull
0001e2fd                __remlli
0001e32c                __mpylli
0001e3e4                __divull
0001e4d8                __divlli
0001e50d                __addd
0001e767                _getSysClk
0001e816                _PLL_reset
0001e86c                _PLL_init
0001e88b                _PLL_enable
0001e8be                _PLL_config
0001e947                _PLL_bypass
0001e97e                _ATA_readSector
0001eaa0                _ATA_writeSector
0001eb70                _SYS_set_DSP_LDO_voltage
0001eb84                _SYS_setEBSR
0001ecf5                _SYS_peripheralReset
0001ed5e                __neqd
0001ed92                __lssd
0001edda                __leqd
0001ee27                __gtrd
0001ee72                __geqd
0001eebc                __eqld
0001eef0                __cmpd
0001ef48                _fputs
0001f07d                _puts
0001f0ab                __mpyd
0001f1f7                __AtaReadWord
0001f2fa                _setvbuf
0001f3e0                __wrt_ok
0001f460                __rd_ok
0001f4bd                __doflush
0001f526                _fflush
0001f57f                _writemsg
0001f634                C$$IO$$
0001f639                _fputc
0001f639                _putc
0001f6d0                _putchar
0001f6df                __divul
0001f780                __AtaFlush
0001f80c                __AtaReadByte
0001f839                __AtaReadDoubleWord
0001f893                _ltoa
0001f910                _fclose
0001f98b                __fixdul
0001fa02                __frcmpyd
0001fa78                _call_dtors
0001face                ___add_dtor
0001faed                __frcmpyd_div
0001fb60                __remul
0001fbd2                _atexit
0001fc41                __fixdli
0001fcb0                _readmsg
0001fd1d                _fseek
0001fd88                __fltlid
0001fe4c                _atoi
0001fea8                __fltuld
0001ff03                _printf
0001ff53                __remli
0001ff9e                __divli
0001ffe6                _memcpy
00020025                _exit
00020063                __fixdi
0002008d                I$$UDIV
0002008d                __divu
000200a2                I$$UMOD
000200a2                __remu
000200b7                _memccpy
000200da                ___isinf
000200f4                __subd
00020108                I$$LMPY
00020108                __mpyli
0002011b                __register_unlock
00020123                __register_lock
0002012b                __nop
0002012d                __negd
0002013d                _remove
00020147                _abort
00020148                C$$EXIT
00020150                ___etext__
00020150                etext
            000105c1    __ctypes_
            000107bf    _HST_HOST_CHANNEL_DRIVER
            000107c0    GBL_sysstackbeg
            000107c0    _HWI_SYSSTKTOP
            000107c0    __sysstack
            000107c7    KNL_swi$sts$maxfmt
            000107cf    KNL_swi$sts$sumfmt
            000107d7    KNL_swi$sts$avgfmt
            000107e1    TSK_idle$sts$maxfmt
            000107e9    TSK_idle$sts$sumfmt
            000107f1    TSK_idle$sts$avgfmt
            000107fb    mainTsk$sts$maxfmt
            00010803    mainTsk$sts$sumfmt
            0001080b    mainTsk$sts$avgfmt
            00010815    TSK_MUSBMSCTask$sts$maxfmt
            0001081d    TSK_MUSBMSCTask$sts$sumfmt
            00010825    TSK_MUSBMSCTask$sts$avgfmt
            0001082f    TSK_MUSBMainTask$sts$maxfmt
            00010837    TSK_MUSBMainTask$sts$sumfmt
            0001083f    TSK_MUSBMainTask$sts$avgfmt
            000109bf    GBL_sysstackend
            000109c0    GBL_stackbeg
            000109c0    _HWI_STKTOP
            000109c0    _HWI_SYSSTKBOTTOM
            000109c0    __stack
            00010dbf    GBL_stackend
            00010dc0    _HWI_STKBOTTOM
            00010dc0    _HWI_dispatchTab
            00010dc0    __STACK_END
            00011000    .bss
            00011000    ___bss__
            00011000    _mmcsdTxferComplete
            00011001    _tempData
            00011002    _pMmcsdContObj
            00011042    _mmcsdHandle
            00011044    _mmcCardObj
            00011062    _sdCardIdObj
            00011072    _sdCardCsdObj
            00011094    _mmcsdDmaConfig
            00011099    _queuePendH
            0001109a    _dmaWrHandle
            0001109c    _dmaRdHandle
            0001109e    _dmaConfig
            000110ac    _dmaWrChanObj
            000110b5    _dmaRdChanObj
            000110be    _ataMMCState
            000110d2    _ATALogicalUnit
            0001115a    __AtaBuffer
            0001125a    _gpstrMMCState
            0001125c    _gUSBDMAEndOfRx
            0001125d    _usbDevDisconnect
            0001125e    _MSC_AppHandle
            0001127c    _pAppClassHandle
            0001127e    _mscClassStruct
            00011458    _pHandle
            0001145a    _pId
            0001145b    _vId
            0001145c    _lunAttr
            0001147c    _gUsbDevHandle
            0001147e    _stringDescriptor
            0001148c    _USB_ReqTable
            000114c4    _dmaRxCnt
            000114c5    _dmaTxCnt
            000114c6    _gStartCaching
            000114c7    _glbaCaheCnt
            000114c8    _glbaStartNum
            000114ca    _temp
            000114cb    _PaSs_StAtE
            000114cc    _PaSs
            000114e0    _usbDataBuffer
            00012000    _hpDescrTx
            00013000    _hpDescrRx
            00014000    _linkingRam
            00014400    _glbaCacheBuff
            00015400    _gCountRead
            00015402    _count
            00015403    _gDoneWrite
            00015404    _ReadNBufs
            00015c04    _sector
            00015c14    _gWriteSector
            00015c16    _gReadBuf
            00015d16    _sectBuffered
            00015d17    _gWordCount
            00015d18    _gNextPhySector
            00015d1a    _cached_phySector0
            00015d1c    _gWriteBuf
            0001611c    _cached_phySector1
            0001611e    _cached_phySector2
            00016120    _cached_phySector3
            00016122    _nbuf_cached
            00016123    _ATA_No_Swap
            00016124    _usbRegisters
            00016125    _sysCtrlRegs
            00016126    _gUsbContext
            00016200    _gUsbTransfer
            000162a8    _gEpStatus
            0001635c    _gEpObj
            0001657c    _gUsbEpHandle
            00016594    _curConfigureNum
            00016595    _curInterfaceNum
            00016596    _master_boot_record
            00016696    _boot_record
            00016796    __ftable
            0001680e    __tmpnams
            000168ae    __ft_end
            00016980    ___atexit_func_id__
            00016a42    _KNL_wFlag
            00016a43    _KNL_set
            00016a44    _KNL_queues
            00016a94    _KNL_wList
            00016a96    _KNL_alarm
            00016a98    _KNL_setpri
            00016a9a    _KNL_inactive
            00016a9c    _KNL_priority
            00016a9e    _KNL_dummy
            00016ab6    _KNL_curtask
            00016ab8    _KNL_prevtask
            00016aba    _KNL_curtime
            00016abc    _KNL_swiptr
            00016abe    _KNL_curqueue
            00016ac0    _KNL_maxqueue
            00016ac2    _KNL_tswitchfxn
            00016ac4    _KNL_tcreatefxn
            00016ac6    _KNL_tdeletefxn
            00016ac8    _KNL_treadyfxn
            00016aca    _KNL_idlefxn
            00016bc2    _TSK_nTasks
            00016bc3    _TSK_pid
            00016bc4    _TSK_ATTRS
            00016bd2    _TSK_config
            00016be0    _TSK
            00016be2    _TSK_timerSem
            00016bf2    __TSK_mutex
            00016c06    __MEM_mutex
            00016c1a    _mmcsdCardExtCSD
            00016c3e    _OBJ_table
            00016c5a    _OBJ_segtab
            00016c62    _MEM_memtab
            00016c6e    DARAM
            00016c6e    HST_DSMBUFSEG
            00016c6e    MEM_MALLOCSEG
            00016c6e    MEM_SEGZERO
            00016c6e    RTDX_DATAMEMSEG
            00016c6e    TSK_STACKSEG
            00016c6e    _DARAM
            00016c6f    SARAM
            00016c6f    _SARAM
            00016c70    RTA_fromHost$pipe$dtab
            00016c76    RTA_toHost$pipe$dtab
            00016c7c    _SYS_exitStack
            00016c8c    _SYS_exitStackPtr
            00016c8e    _SYS_exitStackTop
            00016c90    _CLK_timer0func
            00016c92    _CLK_timer1func
            00016c94    _CLK_timer2func
            00016c96    _CLK_timer0arg
            00016c98    _CLK_timer1arg
            00016c9a    _CLK_timer2arg
            00016cae    _rtdxNullChanCnt
            00016caf    _rtdxNullFuncCnt
            00016cb0    _gtByte
            00016cb2    _gdword
            00016cb4    _CLK_DFLTMICROSECS
            00016cb6    _CLK_D_microseconds
            00016cb8    __lock
            00016cba    __unlock
            00016cbc    __cleanup_ptr
            00016cbe    __dtors_ptr
            00016cc0    _PG4_flag
            00016cc1    _PG3_flag
            00016cc2    _PG1_flag
            00016cc3    _gtempword
            00016cc4    _gAtaWord
            00016cc6    _CLK_htimePerLtime
            00016cc8    _MEM
            00016cca    _dtors
0002d998                SARAM$Bb
0002d998                _SARAM_baseb
            00016ccc    ___end__
            00016ccc    end
            0001ac4c    mainTsk$stack
            0001bc2e    mainTsk$stkptr
            0001bc4c    mainTsk$sysstack
            0001cc2e    mainTsk$sysstkptr
            0001cc4c    TSK_MUSBMSCTask$stack
            0001dc2e    TSK_MUSBMSCTask$stkptr
            0001dc4c    TSK_MUSBMSCTask$sysstack
            0001dd2e    TSK_MUSBMSCTask$sysstkptr
            0001dd4c    TSK_MUSBMainTask$stack
            0001ed2e    TSK_MUSBMainTask$stkptr
            0001ed4c    TSK_MUSBMainTask$sysstack
            0001ee2e    TSK_MUSBMainTask$sysstkptr
            0001ee4c    TSK_idle$stack
            0001f22e    TSK_idle$stkptr
            0001f24c    TSK_idle$sysstack
            0001f32e    TSK_idle$sysstkptr
0004fc00                HWI_A_VECS
0004fc00                hwi0
0004fc08                hwi1
0004fc10                hwi2
0004fc18                hwi3
0004fc20                hwi4
0004fc28                hwi5
0004fc30                hwi6
0004fc38                hwi7
0004fc40                hwi8
0004fc48                hwi9
0004fc50                hwi10
0004fc58                hwi11
0004fc60                hwi12
0004fc68                hwi13
0004fc70                hwi14
0004fc78                hwi15
0004fc80                hwi16
0004fc88                hwi17
0004fc90                hwi18
0004fc98                hwi19
0004fca0                hwi20
0004fca8                hwi21
0004fcb0                hwi22
0004fcb8                hwi23
0004fcc0                hwi24
0004fcc8                hwi25
0004fcd0                hwi26
0004fcd8                hwi27
0004fce0                hwi28
0004fce8                hwi29
0004fcf0                hwi30
0004fcf8                hwi31
00f80000                GBL_CACHEICRTAG1
00f81000                GBL_CACHEICRTAG2
ffffffff                VECT
ffffffff                _VECT
ffffffff                ___binit__
ffffffff                ___c_args__
ffffffff                binit

[1287 symbols]
