<?xml version="1.0"?>
<link_info>
   <banner>TMS320C55x Linker PC v4.4.1</banner>
   <copyright>Copyright (c) 1996-2012 Texas Instruments Incorporated</copyright>
   <link_time>0x563525e8</link_time>
   <output_file>CSL_I2C_PolledExample_Out.out</output_file>
   <entry_point>
      <name>_c_int00</name>
      <address>0xd122</address>
   </entry_point>
   <input_file_list>
      <input_file id="fl-2">
         <path>.\</path>
         <kind>object</kind>
         <file>csl_i2c_polled_example.obj</file>
         <name>csl_i2c_polled_example.obj</name>
      </input_file>
      <input_file id="fl-8">
         <path>C:\c55\DMFX_1_1\c55xx_csl\ccs_v5.0_examples\C55XXCSL_LP\Debug\</path>
         <kind>archive</kind>
         <file>C55XXCSL_LP.lib</file>
         <name>csl_i2c.obj</name>
      </input_file>
      <input_file id="fl-9">
         <path>C:\ti\ccsv5\tools\compiler\c5500_4.4.1\lib\</path>
         <kind>archive</kind>
         <file>rts55x.lib</file>
         <name>boot.obj</name>
      </input_file>
      <input_file id="fl-a">
         <path>C:\ti\ccsv5\tools\compiler\c5500_4.4.1\lib\</path>
         <kind>archive</kind>
         <file>rts55x.lib</file>
         <name>divul.obj</name>
      </input_file>
      <input_file id="fl-b">
         <path>C:\ti\ccsv5\tools\compiler\c5500_4.4.1\lib\</path>
         <kind>archive</kind>
         <file>rts55x.lib</file>
         <name>exit.obj</name>
      </input_file>
      <input_file id="fl-c">
         <path>C:\ti\ccsv5\tools\compiler\c5500_4.4.1\lib\</path>
         <kind>archive</kind>
         <file>rts55x.lib</file>
         <name>lmpy.obj</name>
      </input_file>
      <input_file id="fl-d">
         <path>C:\ti\ccsv5\tools\compiler\c5500_4.4.1\lib\</path>
         <kind>archive</kind>
         <file>rts55x.lib</file>
         <name>printf.obj</name>
      </input_file>
      <input_file id="fl-e">
         <path>C:\ti\ccsv5\tools\compiler\c5500_4.4.1\lib\</path>
         <kind>archive</kind>
         <file>rts55x.lib</file>
         <name>remul.obj</name>
      </input_file>
      <input_file id="fl-f">
         <path>C:\ti\ccsv5\tools\compiler\c5500_4.4.1\lib\</path>
         <kind>archive</kind>
         <file>rts55x.lib</file>
         <name>vectors.obj</name>
      </input_file>
      <input_file id="fl-10">
         <path>C:\ti\ccsv5\tools\compiler\c5500_4.4.1\lib\</path>
         <kind>archive</kind>
         <file>rts55x.lib</file>
         <name>_lock.obj</name>
      </input_file>
      <input_file id="fl-11">
         <path>C:\ti\ccsv5\tools\compiler\c5500_4.4.1\lib\</path>
         <kind>archive</kind>
         <file>rts55x.lib</file>
         <name>_printfi.obj</name>
      </input_file>
      <input_file id="fl-12">
         <path>C:\ti\ccsv5\tools\compiler\c5500_4.4.1\lib\</path>
         <kind>archive</kind>
         <file>rts55x.lib</file>
         <name>args_main.obj</name>
      </input_file>
      <input_file id="fl-13">
         <path>C:\ti\ccsv5\tools\compiler\c5500_4.4.1\lib\</path>
         <kind>archive</kind>
         <file>rts55x.lib</file>
         <name>atoi.obj</name>
      </input_file>
      <input_file id="fl-14">
         <path>C:\ti\ccsv5\tools\compiler\c5500_4.4.1\lib\</path>
         <kind>archive</kind>
         <file>rts55x.lib</file>
         <name>autoinit.obj</name>
      </input_file>
      <input_file id="fl-15">
         <path>C:\ti\ccsv5\tools\compiler\c5500_4.4.1\lib\</path>
         <kind>archive</kind>
         <file>rts55x.lib</file>
         <name>cmpd.obj</name>
      </input_file>
      <input_file id="fl-16">
         <path>C:\ti\ccsv5\tools\compiler\c5500_4.4.1\lib\</path>
         <kind>archive</kind>
         <file>rts55x.lib</file>
         <name>ctype.obj</name>
      </input_file>
      <input_file id="fl-17">
         <path>C:\ti\ccsv5\tools\compiler\c5500_4.4.1\lib\</path>
         <kind>archive</kind>
         <file>rts55x.lib</file>
         <name>defs.obj</name>
      </input_file>
      <input_file id="fl-18">
         <path>C:\ti\ccsv5\tools\compiler\c5500_4.4.1\lib\</path>
         <kind>archive</kind>
         <file>rts55x.lib</file>
         <name>divd.obj</name>
      </input_file>
      <input_file id="fl-19">
         <path>C:\ti\ccsv5\tools\compiler\c5500_4.4.1\lib\</path>
         <kind>archive</kind>
         <file>rts55x.lib</file>
         <name>fixdi.obj</name>
      </input_file>
      <input_file id="fl-1a">
         <path>C:\ti\ccsv5\tools\compiler\c5500_4.4.1\lib\</path>
         <kind>archive</kind>
         <file>rts55x.lib</file>
         <name>fixdli.obj</name>
      </input_file>
      <input_file id="fl-1b">
         <path>C:\ti\ccsv5\tools\compiler\c5500_4.4.1\lib\</path>
         <kind>archive</kind>
         <file>rts55x.lib</file>
         <name>fltlid.obj</name>
      </input_file>
      <input_file id="fl-1c">
         <path>C:\ti\ccsv5\tools\compiler\c5500_4.4.1\lib\</path>
         <kind>archive</kind>
         <file>rts55x.lib</file>
         <name>fputc.obj</name>
      </input_file>
      <input_file id="fl-1d">
         <path>C:\ti\ccsv5\tools\compiler\c5500_4.4.1\lib\</path>
         <kind>archive</kind>
         <file>rts55x.lib</file>
         <name>fputs.obj</name>
      </input_file>
      <input_file id="fl-1e">
         <path>C:\ti\ccsv5\tools\compiler\c5500_4.4.1\lib\</path>
         <kind>archive</kind>
         <file>rts55x.lib</file>
         <name>frcmpyd_div.obj</name>
      </input_file>
      <input_file id="fl-1f">
         <path>C:\ti\ccsv5\tools\compiler\c5500_4.4.1\lib\</path>
         <kind>archive</kind>
         <file>rts55x.lib</file>
         <name>isinf.obj</name>
      </input_file>
      <input_file id="fl-20">
         <path>C:\ti\ccsv5\tools\compiler\c5500_4.4.1\lib\</path>
         <kind>archive</kind>
         <file>rts55x.lib</file>
         <name>llmpy.obj</name>
      </input_file>
      <input_file id="fl-21">
         <path>C:\ti\ccsv5\tools\compiler\c5500_4.4.1\lib\</path>
         <kind>archive</kind>
         <file>rts55x.lib</file>
         <name>lowlev.obj</name>
      </input_file>
      <input_file id="fl-22">
         <path>C:\ti\ccsv5\tools\compiler\c5500_4.4.1\lib\</path>
         <kind>archive</kind>
         <file>rts55x.lib</file>
         <name>ltoa.obj</name>
      </input_file>
      <input_file id="fl-23">
         <path>C:\ti\ccsv5\tools\compiler\c5500_4.4.1\lib\</path>
         <kind>archive</kind>
         <file>rts55x.lib</file>
         <name>memccpy.obj</name>
      </input_file>
      <input_file id="fl-24">
         <path>C:\ti\ccsv5\tools\compiler\c5500_4.4.1\lib\</path>
         <kind>archive</kind>
         <file>rts55x.lib</file>
         <name>memcpy.obj</name>
      </input_file>
      <input_file id="fl-25">
         <path>C:\ti\ccsv5\tools\compiler\c5500_4.4.1\lib\</path>
         <kind>archive</kind>
         <file>rts55x.lib</file>
         <name>mpyd.obj</name>
      </input_file>
      <input_file id="fl-26">
         <path>C:\ti\ccsv5\tools\compiler\c5500_4.4.1\lib\</path>
         <kind>archive</kind>
         <file>rts55x.lib</file>
         <name>negd.obj</name>
      </input_file>
      <input_file id="fl-27">
         <path>C:\ti\ccsv5\tools\compiler\c5500_4.4.1\lib\</path>
         <kind>archive</kind>
         <file>rts55x.lib</file>
         <name>remli.obj</name>
      </input_file>
      <input_file id="fl-28">
         <path>C:\ti\ccsv5\tools\compiler\c5500_4.4.1\lib\</path>
         <kind>archive</kind>
         <file>rts55x.lib</file>
         <name>subd.obj</name>
      </input_file>
      <input_file id="fl-29">
         <path>C:\ti\ccsv5\tools\compiler\c5500_4.4.1\lib\</path>
         <kind>archive</kind>
         <file>rts55x.lib</file>
         <name>trgdrv.obj</name>
      </input_file>
      <input_file id="fl-2a">
         <path>C:\ti\ccsv5\tools\compiler\c5500_4.4.1\lib\</path>
         <kind>archive</kind>
         <file>rts55x.lib</file>
         <name>trgmsg.obj</name>
      </input_file>
      <input_file id="fl-2b">
         <path>C:\ti\ccsv5\tools\compiler\c5500_4.4.1\lib\</path>
         <kind>archive</kind>
         <file>rts55x.lib</file>
         <name>udiv.obj</name>
      </input_file>
      <input_file id="fl-2c">
         <path>C:\ti\ccsv5\tools\compiler\c5500_4.4.1\lib\</path>
         <kind>archive</kind>
         <file>rts55x.lib</file>
         <name>_io_perm.obj</name>
      </input_file>
      <input_file id="fl-2d">
         <path>C:\ti\ccsv5\tools\compiler\c5500_4.4.1\lib\</path>
         <kind>archive</kind>
         <file>rts55x.lib</file>
         <name>addd.obj</name>
      </input_file>
      <input_file id="fl-2e">
         <path>C:\ti\ccsv5\tools\compiler\c5500_4.4.1\lib\</path>
         <kind>archive</kind>
         <file>rts55x.lib</file>
         <name>divli.obj</name>
      </input_file>
      <input_file id="fl-2f">
         <path>C:\ti\ccsv5\tools\compiler\c5500_4.4.1\lib\</path>
         <kind>archive</kind>
         <file>rts55x.lib</file>
         <name>fflush.obj</name>
      </input_file>
      <input_file id="fl-30">
         <path>C:\ti\ccsv5\tools\compiler\c5500_4.4.1\lib\</path>
         <kind>archive</kind>
         <file>rts55x.lib</file>
         <name>frcmpyd.obj</name>
      </input_file>
      <input_file id="fl-31">
         <path>C:\ti\ccsv5\tools\compiler\c5500_4.4.1\lib\</path>
         <kind>archive</kind>
         <file>rts55x.lib</file>
         <name>fseek.obj</name>
      </input_file>
      <input_file id="fl-32">
         <path>C:\ti\ccsv5\tools\compiler\c5500_4.4.1\lib\</path>
         <kind>archive</kind>
         <file>rts55x.lib</file>
         <name>setvbuf.obj</name>
      </input_file>
      <input_file id="fl-33">
         <path>C:\ti\ccsv5\tools\compiler\c5500_4.4.1\lib\</path>
         <kind>archive</kind>
         <file>rts55x.lib</file>
         <name>fopen.obj</name>
      </input_file>
      <input_file id="fl-34">
         <path>C:\ti\ccsv5\tools\compiler\c5500_4.4.1\lib\</path>
         <kind>archive</kind>
         <file>rts55x.lib</file>
         <name>memory.obj</name>
      </input_file>
      <input_file id="fl-35">
         <path>C:\ti\ccsv5\tools\compiler\c5500_4.4.1\lib\</path>
         <kind>archive</kind>
         <file>rts55x.lib</file>
         <name>fclose.obj</name>
      </input_file>
      <input_file id="fl-36">
         <path>C:\ti\ccsv5\tools\compiler\c5500_4.4.1\lib\</path>
         <kind>archive</kind>
         <file>rts55x.lib</file>
         <name>remove.obj</name>
      </input_file>
   </input_file_list>
   <object_component_list>
      <object_component id="oc-43">
         <name>.text</name>
         <load_address>0x8000</load_address>
         <run_address>0x8000</run_address>
         <size>0x15a4</size>
         <input_file_ref idref="fl-11"/>
      </object_component>
      <object_component id="oc-17">
         <name>.text</name>
         <load_address>0x95a4</load_address>
         <run_address>0x95a4</run_address>
         <size>0xe8f</size>
         <input_file_ref idref="fl-8"/>
      </object_component>
      <object_component id="oc-85">
         <name>.text</name>
         <load_address>0xa433</load_address>
         <run_address>0xa433</run_address>
         <size>0x543</size>
         <input_file_ref idref="fl-21"/>
      </object_component>
      <object_component id="oc-a7">
         <name>.text</name>
         <load_address>0xa976</load_address>
         <run_address>0xa976</run_address>
         <size>0x528</size>
         <input_file_ref idref="fl-29"/>
      </object_component>
      <object_component id="oc-d8">
         <name>.text</name>
         <load_address>0xae9e</load_address>
         <run_address>0xae9e</run_address>
         <size>0x4b5</size>
         <input_file_ref idref="fl-34"/>
      </object_component>
      <object_component id="oc-5f">
         <name>.text</name>
         <load_address>0xb353</load_address>
         <run_address>0xb353</run_address>
         <size>0x3cc</size>
         <input_file_ref idref="fl-18"/>
      </object_component>
      <object_component id="oc-f">
         <name>.text</name>
         <load_address>0xb71f</load_address>
         <run_address>0xb71f</run_address>
         <size>0x358</size>
         <input_file_ref idref="fl-2"/>
      </object_component>
      <object_component id="oc-d2">
         <name>.text</name>
         <load_address>0xba77</load_address>
         <run_address>0xba77</run_address>
         <size>0x27f</size>
         <input_file_ref idref="fl-33"/>
      </object_component>
      <object_component id="oc-81">
         <name>.text</name>
         <load_address>0xbcf6</load_address>
         <run_address>0xbcf6</run_address>
         <size>0x25e</size>
         <input_file_ref idref="fl-20"/>
      </object_component>
      <object_component id="oc-ba">
         <name>.text</name>
         <load_address>0xbf54</load_address>
         <run_address>0xbf54</run_address>
         <size>0x25a</size>
         <input_file_ref idref="fl-2d"/>
      </object_component>
      <object_component id="oc-55">
         <name>.text</name>
         <load_address>0xc1ae</load_address>
         <run_address>0xc1ae</run_address>
         <size>0x1ea</size>
         <input_file_ref idref="fl-15"/>
      </object_component>
      <object_component id="oc-74">
         <name>.text</name>
         <load_address>0xc398</load_address>
         <run_address>0xc398</run_address>
         <size>0x163</size>
         <input_file_ref idref="fl-1d"/>
      </object_component>
      <object_component id="oc-97">
         <name>.text</name>
         <load_address>0xc4fb</load_address>
         <run_address>0xc4fb</run_address>
         <size>0x14c</size>
         <input_file_ref idref="fl-25"/>
      </object_component>
      <object_component id="oc-ce">
         <name>.text</name>
         <load_address>0xc647</load_address>
         <run_address>0xc647</run_address>
         <size>0xe6</size>
         <input_file_ref idref="fl-32"/>
      </object_component>
      <object_component id="oc-b6">
         <name>.text</name>
         <load_address>0xc72d</load_address>
         <run_address>0xc72d</run_address>
         <size>0xdd</size>
         <input_file_ref idref="fl-2c"/>
      </object_component>
      <object_component id="oc-c2">
         <name>.text</name>
         <load_address>0xc80a</load_address>
         <run_address>0xc80a</run_address>
         <size>0xc2</size>
         <input_file_ref idref="fl-2f"/>
      </object_component>
      <object_component id="oc-af">
         <name>.text:CIO_breakpoint</name>
         <load_address>0xc8cc</load_address>
         <run_address>0xc8cc</run_address>
         <size>0xba</size>
         <input_file_ref idref="fl-2a"/>
      </object_component>
      <object_component id="oc-70">
         <name>.text</name>
         <load_address>0xc986</load_address>
         <run_address>0xc986</run_address>
         <size>0xa6</size>
         <input_file_ref idref="fl-1c"/>
      </object_component>
      <object_component id="oc-21">
         <name>.text</name>
         <load_address>0xca2c</load_address>
         <run_address>0xca2c</run_address>
         <size>0xa1</size>
         <input_file_ref idref="fl-a"/>
      </object_component>
      <object_component id="oc-8b">
         <name>.text</name>
         <load_address>0xcacd</load_address>
         <run_address>0xcacd</run_address>
         <size>0x7d</size>
         <input_file_ref idref="fl-22"/>
      </object_component>
      <object_component id="oc-df">
         <name>.text</name>
         <load_address>0xcb4a</load_address>
         <run_address>0xcb4a</run_address>
         <size>0x7b</size>
         <input_file_ref idref="fl-35"/>
      </object_component>
      <object_component id="oc-c6">
         <name>.text</name>
         <load_address>0xcbc5</load_address>
         <run_address>0xcbc5</run_address>
         <size>0x76</size>
         <input_file_ref idref="fl-30"/>
      </object_component>
      <object_component id="oc-79">
         <name>.text</name>
         <load_address>0xcc3b</load_address>
         <run_address>0xcc3b</run_address>
         <size>0x73</size>
         <input_file_ref idref="fl-1e"/>
      </object_component>
      <object_component id="oc-34">
         <name>.text</name>
         <load_address>0xccae</load_address>
         <run_address>0xccae</run_address>
         <size>0x72</size>
         <input_file_ref idref="fl-e"/>
      </object_component>
      <object_component id="oc-67">
         <name>.text</name>
         <load_address>0xcd20</load_address>
         <run_address>0xcd20</run_address>
         <size>0x6f</size>
         <input_file_ref idref="fl-1a"/>
      </object_component>
      <object_component id="oc-ac">
         <name>.text</name>
         <load_address>0xcd8f</load_address>
         <run_address>0xcd8f</run_address>
         <size>0x6d</size>
         <input_file_ref idref="fl-2a"/>
      </object_component>
      <object_component id="oc-ca">
         <name>.text</name>
         <load_address>0xcdfc</load_address>
         <run_address>0xcdfc</run_address>
         <size>0x6b</size>
         <input_file_ref idref="fl-31"/>
      </object_component>
      <object_component id="oc-6b">
         <name>.text</name>
         <load_address>0xce67</load_address>
         <run_address>0xce67</run_address>
         <size>0x67</size>
         <input_file_ref idref="fl-1b"/>
      </object_component>
      <object_component id="oc-4d">
         <name>.text</name>
         <load_address>0xcece</load_address>
         <run_address>0xcece</run_address>
         <size>0x5c</size>
         <input_file_ref idref="fl-13"/>
      </object_component>
      <object_component id="oc-30">
         <name>.text</name>
         <load_address>0xcf2a</load_address>
         <run_address>0xcf2a</run_address>
         <size>0x50</size>
         <input_file_ref idref="fl-d"/>
      </object_component>
      <object_component id="oc-51">
         <name>.text</name>
         <load_address>0xcf7a</load_address>
         <run_address>0xcf7a</run_address>
         <size>0x4d</size>
         <input_file_ref idref="fl-14"/>
      </object_component>
      <object_component id="oc-49">
         <name>.text</name>
         <load_address>0xcfc7</load_address>
         <run_address>0xcfc7</run_address>
         <size>0x4b</size>
         <input_file_ref idref="fl-12"/>
      </object_component>
      <object_component id="oc-9f">
         <name>.text</name>
         <load_address>0xd012</load_address>
         <run_address>0xd012</run_address>
         <size>0x4b</size>
         <input_file_ref idref="fl-27"/>
      </object_component>
      <object_component id="oc-be">
         <name>.text</name>
         <load_address>0xd05d</load_address>
         <run_address>0xd05d</run_address>
         <size>0x48</size>
         <input_file_ref idref="fl-2e"/>
      </object_component>
      <object_component id="oc-93">
         <name>.text</name>
         <load_address>0xd0a5</load_address>
         <run_address>0xd0a5</run_address>
         <size>0x3f</size>
         <input_file_ref idref="fl-24"/>
      </object_component>
      <object_component id="oc-25">
         <name>.text</name>
         <load_address>0xd0e4</load_address>
         <run_address>0xd0e4</run_address>
         <size>0x3e</size>
         <input_file_ref idref="fl-b"/>
      </object_component>
      <object_component id="oc-e">
         <name>.text</name>
         <load_address>0xd122</load_address>
         <run_address>0xd122</run_address>
         <size>0x34</size>
         <input_file_ref idref="fl-9"/>
      </object_component>
      <object_component id="oc-63">
         <name>.text</name>
         <load_address>0xd156</load_address>
         <run_address>0xd156</run_address>
         <size>0x2a</size>
         <input_file_ref idref="fl-19"/>
      </object_component>
      <object_component id="oc-b2">
         <name>.text</name>
         <load_address>0xd180</load_address>
         <run_address>0xd180</run_address>
         <size>0x2a</size>
         <input_file_ref idref="fl-2b"/>
      </object_component>
      <object_component id="oc-8f">
         <name>.text</name>
         <load_address>0xd1aa</load_address>
         <run_address>0xd1aa</run_address>
         <size>0x23</size>
         <input_file_ref idref="fl-23"/>
      </object_component>
      <object_component id="oc-7d">
         <name>.text</name>
         <load_address>0xd1cd</load_address>
         <run_address>0xd1cd</run_address>
         <size>0x1a</size>
         <input_file_ref idref="fl-1f"/>
      </object_component>
      <object_component id="oc-a3">
         <name>.text</name>
         <load_address>0xd1e7</load_address>
         <run_address>0xd1e7</run_address>
         <size>0x14</size>
         <input_file_ref idref="fl-28"/>
      </object_component>
      <object_component id="oc-2c">
         <name>.text</name>
         <load_address>0xd1fb</load_address>
         <run_address>0xd1fb</run_address>
         <size>0x13</size>
         <input_file_ref idref="fl-c"/>
      </object_component>
      <object_component id="oc-3d">
         <name>.text</name>
         <load_address>0xd20e</load_address>
         <run_address>0xd20e</run_address>
         <size>0x12</size>
         <input_file_ref idref="fl-10"/>
      </object_component>
      <object_component id="oc-9b">
         <name>.text</name>
         <load_address>0xd220</load_address>
         <run_address>0xd220</run_address>
         <size>0x10</size>
         <input_file_ref idref="fl-26"/>
      </object_component>
      <object_component id="oc-e3">
         <name>.text</name>
         <load_address>0xd230</load_address>
         <run_address>0xd230</run_address>
         <size>0xa</size>
         <input_file_ref idref="fl-36"/>
      </object_component>
      <object_component id="oc-29">
         <name>.text:CIO_breakpoint</name>
         <load_address>0xd23a</load_address>
         <run_address>0xd23a</run_address>
         <size>0x7</size>
         <input_file_ref idref="fl-b"/>
      </object_component>
      <object_component id="oc-38">
         <name>.text</name>
         <load_address>0xd241</load_address>
         <run_address>0xd241</run_address>
         <size>0x2</size>
         <input_file_ref idref="fl-f"/>
      </object_component>
      <object_component id="oc-88">
         <name>.cinit</name>
         <load_address>0xd6f8</load_address>
         <run_address>0xd6f8</run_address>
         <size>0x5a</size>
         <input_file_ref idref="fl-21"/>
      </object_component>
      <object_component id="oc-5d">
         <name>.cinit</name>
         <load_address>0xd752</load_address>
         <run_address>0xd752</run_address>
         <size>0x54</size>
         <input_file_ref idref="fl-17"/>
      </object_component>
      <object_component id="oc-40">
         <name>.cinit</name>
         <load_address>0xd7a6</load_address>
         <run_address>0xd7a6</run_address>
         <size>0x14</size>
         <input_file_ref idref="fl-10"/>
      </object_component>
      <object_component id="oc-28">
         <name>.cinit</name>
         <load_address>0xd7ba</load_address>
         <run_address>0xd7ba</run_address>
         <size>0x14</size>
         <input_file_ref idref="fl-b"/>
      </object_component>
      <object_component id="oc-12">
         <name>.cinit</name>
         <load_address>0xd7ce</load_address>
         <run_address>0xd7ce</run_address>
         <size>0x10</size>
         <input_file_ref idref="fl-2"/>
      </object_component>
      <object_component id="oc-d5">
         <name>.cinit</name>
         <load_address>0xd7de</load_address>
         <run_address>0xd7de</run_address>
         <size>0x8</size>
         <input_file_ref idref="fl-33"/>
      </object_component>
      <object_component id="oc-db">
         <name>.cinit</name>
         <load_address>0xd7e6</load_address>
         <run_address>0xd7e6</run_address>
         <size>0x8</size>
         <input_file_ref idref="fl-34"/>
      </object_component>
      <object_component id="oc-1d">
         <name>.stack</name>
         <uninitialized>true</uninitialized>
         <run_address>0x200</run_address>
         <size>0x0</size>
         <input_file_ref idref="fl-9"/>
      </object_component>
      <object_component id="oc-ff">
         <name>.stack</name>
         <uninitialized>true</uninitialized>
         <run_address>0x200</run_address>
         <size>0x0</size>
      </object_component>
      <object_component id="oc-e7">
         <name>.sysstack</name>
         <uninitialized>true</uninitialized>
         <run_address>0x4200</run_address>
         <size>0x0</size>
         <input_file_ref idref="fl-9"/>
      </object_component>
      <object_component id="oc-101">
         <name>.sysstack</name>
         <uninitialized>true</uninitialized>
         <run_address>0x4200</run_address>
         <size>0x0</size>
      </object_component>
      <object_component id="oc-10">
         <name>.bss</name>
         <uninitialized>true</uninitialized>
         <run_address>0x56b8</run_address>
         <size>0xae</size>
         <input_file_ref idref="fl-2"/>
      </object_component>
      <object_component id="oc-18">
         <name>.bss</name>
         <uninitialized>true</uninitialized>
         <run_address>0x5768</run_address>
         <size>0x24</size>
         <input_file_ref idref="fl-8"/>
      </object_component>
      <object_component id="oc-26">
         <name>.bss</name>
         <uninitialized>true</uninitialized>
         <run_address>0x57a0</run_address>
         <size>0x8</size>
         <input_file_ref idref="fl-b"/>
      </object_component>
      <object_component id="oc-3e">
         <name>.bss</name>
         <uninitialized>true</uninitialized>
         <run_address>0x5798</run_address>
         <size>0x8</size>
         <input_file_ref idref="fl-10"/>
      </object_component>
      <object_component id="oc-5b">
         <name>.bss</name>
         <uninitialized>true</uninitialized>
         <run_address>0x5200</run_address>
         <size>0x232</size>
         <input_file_ref idref="fl-17"/>
      </object_component>
      <object_component id="oc-86">
         <name>.bss</name>
         <uninitialized>true</uninitialized>
         <run_address>0x55d4</run_address>
         <size>0xe2</size>
         <input_file_ref idref="fl-21"/>
      </object_component>
      <object_component id="oc-a8">
         <name>.bss</name>
         <uninitialized>true</uninitialized>
         <run_address>0x5432</run_address>
         <size>0x1a0</size>
         <input_file_ref idref="fl-29"/>
      </object_component>
      <object_component id="oc-d3">
         <name>.bss</name>
         <uninitialized>true</uninitialized>
         <run_address>0x55d2</run_address>
         <size>0x2</size>
         <input_file_ref idref="fl-33"/>
      </object_component>
      <object_component id="oc-d9">
         <name>.bss</name>
         <uninitialized>true</uninitialized>
         <run_address>0x578c</run_address>
         <size>0xc</size>
         <input_file_ref idref="fl-34"/>
      </object_component>
      <object_component id="oc-dc">
         <name>.sysmem</name>
         <uninitialized>true</uninitialized>
         <run_address>0x2200</run_address>
         <size>0x0</size>
         <input_file_ref idref="fl-34"/>
      </object_component>
      <object_component id="oc-100">
         <name>.sysmem</name>
         <uninitialized>true</uninitialized>
         <run_address>0x2200</run_address>
         <size>0x0</size>
      </object_component>
      <object_component id="oc-13">
         <name>.const:.string</name>
         <load_address>0xd244</load_address>
         <run_address>0xd244</run_address>
         <size>0x238</size>
         <input_file_ref idref="fl-2"/>
      </object_component>
      <object_component id="oc-e8">
         <name>.const:__ctypes_</name>
         <load_address>0xd47c</load_address>
         <run_address>0xd47c</run_address>
         <size>0x202</size>
         <input_file_ref idref="fl-16"/>
      </object_component>
      <object_component id="oc-46">
         <name>.const:.string</name>
         <load_address>0xd680</load_address>
         <run_address>0xd680</run_address>
         <size>0x48</size>
         <input_file_ref idref="fl-11"/>
      </object_component>
      <object_component id="oc-45">
         <name>.const</name>
         <load_address>0xd6c8</load_address>
         <run_address>0xd6c8</run_address>
         <size>0x18</size>
         <input_file_ref idref="fl-11"/>
      </object_component>
      <object_component id="oc-e9">
         <name>.const:_initial_approx$1</name>
         <load_address>0xd6e0</load_address>
         <run_address>0xd6e0</run_address>
         <size>0x10</size>
         <input_file_ref idref="fl-18"/>
      </object_component>
      <object_component id="oc-76">
         <name>.const:.string</name>
         <load_address>0xd6f0</load_address>
         <run_address>0xd6f0</run_address>
         <size>0x4</size>
         <input_file_ref idref="fl-1d"/>
      </object_component>
      <object_component id="oc-6d">
         <name>.const</name>
         <load_address>0xd6f4</load_address>
         <run_address>0xd6f4</run_address>
         <size>0x4</size>
         <input_file_ref idref="fl-1b"/>
      </object_component>
      <object_component id="oc-ae">
         <name>.cio</name>
         <uninitialized>true</uninitialized>
         <run_address>0x57a8</run_address>
         <size>0x240</size>
         <input_file_ref idref="fl-2a"/>
      </object_component>
      <object_component id="oc-39">
         <name>vectors</name>
         <load_address>0x100</load_address>
         <run_address>0x100</run_address>
         <size>0x100</size>
         <input_file_ref idref="fl-f"/>
      </object_component>
      <object_component id="oc-11">
         <name>.debug_info</name>
         <load_address>0x0</load_address>
         <run_address>0x0</run_address>
         <size>0x15e6</size>
         <input_file_ref idref="fl-2"/>
      </object_component>
      <object_component id="oc-19">
         <name>.debug_info</name>
         <load_address>0x15e6</load_address>
         <run_address>0x15e6</run_address>
         <size>0x2781</size>
         <input_file_ref idref="fl-8"/>
      </object_component>
      <object_component id="oc-1e">
         <name>.debug_info</name>
         <load_address>0x3d67</load_address>
         <run_address>0x3d67</run_address>
         <size>0xe8</size>
         <input_file_ref idref="fl-9"/>
      </object_component>
      <object_component id="oc-22">
         <name>.debug_info</name>
         <load_address>0x3e4f</load_address>
         <run_address>0x3e4f</run_address>
         <size>0x534</size>
         <input_file_ref idref="fl-a"/>
      </object_component>
      <object_component id="oc-27">
         <name>.debug_info</name>
         <load_address>0x4383</load_address>
         <run_address>0x4383</run_address>
         <size>0x5fb</size>
         <input_file_ref idref="fl-b"/>
      </object_component>
      <object_component id="oc-2d">
         <name>.debug_info</name>
         <load_address>0x497e</load_address>
         <run_address>0x497e</run_address>
         <size>0xbd</size>
         <input_file_ref idref="fl-c"/>
      </object_component>
      <object_component id="oc-31">
         <name>.debug_info</name>
         <load_address>0x4a3b</load_address>
         <run_address>0x4a3b</run_address>
         <size>0x76c</size>
         <input_file_ref idref="fl-d"/>
      </object_component>
      <object_component id="oc-35">
         <name>.debug_info</name>
         <load_address>0x51a7</load_address>
         <run_address>0x51a7</run_address>
         <size>0x534</size>
         <input_file_ref idref="fl-e"/>
      </object_component>
      <object_component id="oc-3a">
         <name>.debug_info</name>
         <load_address>0x56db</load_address>
         <run_address>0x56db</run_address>
         <size>0xbc</size>
         <input_file_ref idref="fl-f"/>
      </object_component>
      <object_component id="oc-3f">
         <name>.debug_info</name>
         <load_address>0x5797</load_address>
         <run_address>0x5797</run_address>
         <size>0x5bc</size>
         <input_file_ref idref="fl-10"/>
      </object_component>
      <object_component id="oc-44">
         <name>.debug_info</name>
         <load_address>0x5d53</load_address>
         <run_address>0x5d53</run_address>
         <size>0x27bd</size>
         <input_file_ref idref="fl-11"/>
      </object_component>
      <object_component id="oc-4a">
         <name>.debug_info</name>
         <load_address>0x8510</load_address>
         <run_address>0x8510</run_address>
         <size>0x586</size>
         <input_file_ref idref="fl-12"/>
      </object_component>
      <object_component id="oc-4e">
         <name>.debug_info</name>
         <load_address>0x8a96</load_address>
         <run_address>0x8a96</run_address>
         <size>0x5a4</size>
         <input_file_ref idref="fl-13"/>
      </object_component>
      <object_component id="oc-52">
         <name>.debug_info</name>
         <load_address>0x903a</load_address>
         <run_address>0x903a</run_address>
         <size>0xcd</size>
         <input_file_ref idref="fl-14"/>
      </object_component>
      <object_component id="oc-56">
         <name>.debug_info</name>
         <load_address>0x9107</load_address>
         <run_address>0x9107</run_address>
         <size>0x81f</size>
         <input_file_ref idref="fl-15"/>
      </object_component>
      <object_component id="oc-59">
         <name>.debug_info</name>
         <load_address>0x9926</load_address>
         <run_address>0x9926</run_address>
         <size>0x498</size>
         <input_file_ref idref="fl-16"/>
      </object_component>
      <object_component id="oc-5c">
         <name>.debug_info</name>
         <load_address>0x9dbe</load_address>
         <run_address>0x9dbe</run_address>
         <size>0x57e</size>
         <input_file_ref idref="fl-17"/>
      </object_component>
      <object_component id="oc-60">
         <name>.debug_info</name>
         <load_address>0xa33c</load_address>
         <run_address>0xa33c</run_address>
         <size>0x7e8</size>
         <input_file_ref idref="fl-18"/>
      </object_component>
      <object_component id="oc-64">
         <name>.debug_info</name>
         <load_address>0xab24</load_address>
         <run_address>0xab24</run_address>
         <size>0x4cf</size>
         <input_file_ref idref="fl-19"/>
      </object_component>
      <object_component id="oc-68">
         <name>.debug_info</name>
         <load_address>0xaff3</load_address>
         <run_address>0xaff3</run_address>
         <size>0x534</size>
         <input_file_ref idref="fl-1a"/>
      </object_component>
      <object_component id="oc-6c">
         <name>.debug_info</name>
         <load_address>0xb527</load_address>
         <run_address>0xb527</run_address>
         <size>0x549</size>
         <input_file_ref idref="fl-1b"/>
      </object_component>
      <object_component id="oc-71">
         <name>.debug_info</name>
         <load_address>0xba70</load_address>
         <run_address>0xba70</run_address>
         <size>0x6aa</size>
         <input_file_ref idref="fl-1c"/>
      </object_component>
      <object_component id="oc-75">
         <name>.debug_info</name>
         <load_address>0xc11a</load_address>
         <run_address>0xc11a</run_address>
         <size>0x942</size>
         <input_file_ref idref="fl-1d"/>
      </object_component>
      <object_component id="oc-7a">
         <name>.debug_info</name>
         <load_address>0xca5c</load_address>
         <run_address>0xca5c</run_address>
         <size>0x53e</size>
         <input_file_ref idref="fl-1e"/>
      </object_component>
      <object_component id="oc-7e">
         <name>.debug_info</name>
         <load_address>0xcf9a</load_address>
         <run_address>0xcf9a</run_address>
         <size>0x680</size>
         <input_file_ref idref="fl-1f"/>
      </object_component>
      <object_component id="oc-82">
         <name>.debug_info</name>
         <load_address>0xd61a</load_address>
         <run_address>0xd61a</run_address>
         <size>0x7d4</size>
         <input_file_ref idref="fl-20"/>
      </object_component>
      <object_component id="oc-87">
         <name>.debug_info</name>
         <load_address>0xddee</load_address>
         <run_address>0xddee</run_address>
         <size>0x144b</size>
         <input_file_ref idref="fl-21"/>
      </object_component>
      <object_component id="oc-8c">
         <name>.debug_info</name>
         <load_address>0xf239</load_address>
         <run_address>0xf239</run_address>
         <size>0x5ad</size>
         <input_file_ref idref="fl-22"/>
      </object_component>
      <object_component id="oc-90">
         <name>.debug_info</name>
         <load_address>0xf7e6</load_address>
         <run_address>0xf7e6</run_address>
         <size>0x574</size>
         <input_file_ref idref="fl-23"/>
      </object_component>
      <object_component id="oc-94">
         <name>.debug_info</name>
         <load_address>0xfd5a</load_address>
         <run_address>0xfd5a</run_address>
         <size>0xd1</size>
         <input_file_ref idref="fl-24"/>
      </object_component>
      <object_component id="oc-98">
         <name>.debug_info</name>
         <load_address>0xfe2b</load_address>
         <run_address>0xfe2b</run_address>
         <size>0x55b</size>
         <input_file_ref idref="fl-25"/>
      </object_component>
      <object_component id="oc-9c">
         <name>.debug_info</name>
         <load_address>0x10386</load_address>
         <run_address>0x10386</run_address>
         <size>0x4b7</size>
         <input_file_ref idref="fl-26"/>
      </object_component>
      <object_component id="oc-a0">
         <name>.debug_info</name>
         <load_address>0x1083d</load_address>
         <run_address>0x1083d</run_address>
         <size>0x4f2</size>
         <input_file_ref idref="fl-27"/>
      </object_component>
      <object_component id="oc-a4">
         <name>.debug_info</name>
         <load_address>0x10d2f</load_address>
         <run_address>0x10d2f</run_address>
         <size>0x4de</size>
         <input_file_ref idref="fl-28"/>
      </object_component>
      <object_component id="oc-a9">
         <name>.debug_info</name>
         <load_address>0x1120d</load_address>
         <run_address>0x1120d</run_address>
         <size>0xed4</size>
         <input_file_ref idref="fl-29"/>
      </object_component>
      <object_component id="oc-ad">
         <name>.debug_info</name>
         <load_address>0x120e1</load_address>
         <run_address>0x120e1</run_address>
         <size>0x744</size>
         <input_file_ref idref="fl-2a"/>
      </object_component>
      <object_component id="oc-b3">
         <name>.debug_info</name>
         <load_address>0x12825</load_address>
         <run_address>0x12825</run_address>
         <size>0xef</size>
         <input_file_ref idref="fl-2b"/>
      </object_component>
      <object_component id="oc-b7">
         <name>.debug_info</name>
         <load_address>0x12914</load_address>
         <run_address>0x12914</run_address>
         <size>0x662</size>
         <input_file_ref idref="fl-2c"/>
      </object_component>
      <object_component id="oc-bb">
         <name>.debug_info</name>
         <load_address>0x12f76</load_address>
         <run_address>0x12f76</run_address>
         <size>0x5ab</size>
         <input_file_ref idref="fl-2d"/>
      </object_component>
      <object_component id="oc-bf">
         <name>.debug_info</name>
         <load_address>0x13521</load_address>
         <run_address>0x13521</run_address>
         <size>0x4f2</size>
         <input_file_ref idref="fl-2e"/>
      </object_component>
      <object_component id="oc-c3">
         <name>.debug_info</name>
         <load_address>0x13a13</load_address>
         <run_address>0x13a13</run_address>
         <size>0x706</size>
         <input_file_ref idref="fl-2f"/>
      </object_component>
      <object_component id="oc-c7">
         <name>.debug_info</name>
         <load_address>0x14119</load_address>
         <run_address>0x14119</run_address>
         <size>0x4d2</size>
         <input_file_ref idref="fl-30"/>
      </object_component>
      <object_component id="oc-cb">
         <name>.debug_info</name>
         <load_address>0x145eb</load_address>
         <run_address>0x145eb</run_address>
         <size>0x5f7</size>
         <input_file_ref idref="fl-31"/>
      </object_component>
      <object_component id="oc-cf">
         <name>.debug_info</name>
         <load_address>0x14be2</load_address>
         <run_address>0x14be2</run_address>
         <size>0x64a</size>
         <input_file_ref idref="fl-32"/>
      </object_component>
      <object_component id="oc-d4">
         <name>.debug_info</name>
         <load_address>0x1522c</load_address>
         <run_address>0x1522c</run_address>
         <size>0xa1c</size>
         <input_file_ref idref="fl-33"/>
      </object_component>
      <object_component id="oc-da">
         <name>.debug_info</name>
         <load_address>0x15c48</load_address>
         <run_address>0x15c48</run_address>
         <size>0xb97</size>
         <input_file_ref idref="fl-34"/>
      </object_component>
      <object_component id="oc-e0">
         <name>.debug_info</name>
         <load_address>0x167df</load_address>
         <run_address>0x167df</run_address>
         <size>0x64f</size>
         <input_file_ref idref="fl-35"/>
      </object_component>
      <object_component id="oc-e4">
         <name>.debug_info</name>
         <load_address>0x16e2e</load_address>
         <run_address>0x16e2e</run_address>
         <size>0x510</size>
         <input_file_ref idref="fl-36"/>
      </object_component>
      <object_component id="oc-103">
         <name>.debug_info</name>
         <load_address>0x1733e</load_address>
         <run_address>0x1733e</run_address>
         <size>0x6e</size>
      </object_component>
      <object_component id="oc-14">
         <name>.debug_frame</name>
         <load_address>0x0</load_address>
         <run_address>0x0</run_address>
         <size>0x102</size>
         <input_file_ref idref="fl-2"/>
      </object_component>
      <object_component id="oc-1a">
         <name>.debug_frame</name>
         <load_address>0x102</load_address>
         <run_address>0x102</run_address>
         <size>0x1ef</size>
         <input_file_ref idref="fl-8"/>
      </object_component>
      <object_component id="oc-15">
         <name>.debug_line</name>
         <load_address>0x0</load_address>
         <run_address>0x0</run_address>
         <size>0x1c2</size>
         <input_file_ref idref="fl-2"/>
      </object_component>
      <object_component id="oc-1b">
         <name>.debug_line</name>
         <load_address>0x1c2</load_address>
         <run_address>0x1c2</run_address>
         <size>0x513</size>
         <input_file_ref idref="fl-8"/>
      </object_component>
      <object_component id="oc-1f">
         <name>.debug_line</name>
         <load_address>0x6d5</load_address>
         <run_address>0x6d5</run_address>
         <size>0x54</size>
         <input_file_ref idref="fl-9"/>
      </object_component>
      <object_component id="oc-23">
         <name>.debug_line</name>
         <load_address>0x729</load_address>
         <run_address>0x729</run_address>
         <size>0x44</size>
         <input_file_ref idref="fl-a"/>
      </object_component>
      <object_component id="oc-2a">
         <name>.debug_line</name>
         <load_address>0x76d</load_address>
         <run_address>0x76d</run_address>
         <size>0x51</size>
         <input_file_ref idref="fl-b"/>
      </object_component>
      <object_component id="oc-2e">
         <name>.debug_line</name>
         <load_address>0x7be</load_address>
         <run_address>0x7be</run_address>
         <size>0x3c</size>
         <input_file_ref idref="fl-c"/>
      </object_component>
      <object_component id="oc-32">
         <name>.debug_line</name>
         <load_address>0x7fa</load_address>
         <run_address>0x7fa</run_address>
         <size>0x69</size>
         <input_file_ref idref="fl-d"/>
      </object_component>
      <object_component id="oc-36">
         <name>.debug_line</name>
         <load_address>0x863</load_address>
         <run_address>0x863</run_address>
         <size>0x44</size>
         <input_file_ref idref="fl-e"/>
      </object_component>
      <object_component id="oc-3b">
         <name>.debug_line</name>
         <load_address>0x8a7</load_address>
         <run_address>0x8a7</run_address>
         <size>0x37</size>
         <input_file_ref idref="fl-f"/>
      </object_component>
      <object_component id="oc-41">
         <name>.debug_line</name>
         <load_address>0x8de</load_address>
         <run_address>0x8de</run_address>
         <size>0x57</size>
         <input_file_ref idref="fl-10"/>
      </object_component>
      <object_component id="oc-47">
         <name>.debug_line</name>
         <load_address>0x935</load_address>
         <run_address>0x935</run_address>
         <size>0x328</size>
         <input_file_ref idref="fl-11"/>
      </object_component>
      <object_component id="oc-4b">
         <name>.debug_line</name>
         <load_address>0xc5d</load_address>
         <run_address>0xc5d</run_address>
         <size>0x41</size>
         <input_file_ref idref="fl-12"/>
      </object_component>
      <object_component id="oc-4f">
         <name>.debug_line</name>
         <load_address>0xc9e</load_address>
         <run_address>0xc9e</run_address>
         <size>0x46</size>
         <input_file_ref idref="fl-13"/>
      </object_component>
      <object_component id="oc-53">
         <name>.debug_line</name>
         <load_address>0xce4</load_address>
         <run_address>0xce4</run_address>
         <size>0x55</size>
         <input_file_ref idref="fl-14"/>
      </object_component>
      <object_component id="oc-57">
         <name>.debug_line</name>
         <load_address>0xd39</load_address>
         <run_address>0xd39</run_address>
         <size>0xad</size>
         <input_file_ref idref="fl-15"/>
      </object_component>
      <object_component id="oc-61">
         <name>.debug_line</name>
         <load_address>0xde6</load_address>
         <run_address>0xde6</run_address>
         <size>0x5b</size>
         <input_file_ref idref="fl-18"/>
      </object_component>
      <object_component id="oc-65">
         <name>.debug_line</name>
         <load_address>0xe41</load_address>
         <run_address>0xe41</run_address>
         <size>0x3d</size>
         <input_file_ref idref="fl-19"/>
      </object_component>
      <object_component id="oc-69">
         <name>.debug_line</name>
         <load_address>0xe7e</load_address>
         <run_address>0xe7e</run_address>
         <size>0x3d</size>
         <input_file_ref idref="fl-1a"/>
      </object_component>
      <object_component id="oc-6e">
         <name>.debug_line</name>
         <load_address>0xebb</load_address>
         <run_address>0xebb</run_address>
         <size>0x44</size>
         <input_file_ref idref="fl-1b"/>
      </object_component>
      <object_component id="oc-72">
         <name>.debug_line</name>
         <load_address>0xeff</load_address>
         <run_address>0xeff</run_address>
         <size>0x56</size>
         <input_file_ref idref="fl-1c"/>
      </object_component>
      <object_component id="oc-77">
         <name>.debug_line</name>
         <load_address>0xf55</load_address>
         <run_address>0xf55</run_address>
         <size>0xa8</size>
         <input_file_ref idref="fl-1d"/>
      </object_component>
      <object_component id="oc-7b">
         <name>.debug_line</name>
         <load_address>0xffd</load_address>
         <run_address>0xffd</run_address>
         <size>0x40</size>
         <input_file_ref idref="fl-1e"/>
      </object_component>
      <object_component id="oc-7f">
         <name>.debug_line</name>
         <load_address>0x103d</load_address>
         <run_address>0x103d</run_address>
         <size>0x38</size>
         <input_file_ref idref="fl-1f"/>
      </object_component>
      <object_component id="oc-83">
         <name>.debug_line</name>
         <load_address>0x1075</load_address>
         <run_address>0x1075</run_address>
         <size>0xa8</size>
         <input_file_ref idref="fl-20"/>
      </object_component>
      <object_component id="oc-89">
         <name>.debug_line</name>
         <load_address>0x111d</load_address>
         <run_address>0x111d</run_address>
         <size>0x1b0</size>
         <input_file_ref idref="fl-21"/>
      </object_component>
      <object_component id="oc-8d">
         <name>.debug_line</name>
         <load_address>0x12cd</load_address>
         <run_address>0x12cd</run_address>
         <size>0x40</size>
         <input_file_ref idref="fl-22"/>
      </object_component>
      <object_component id="oc-91">
         <name>.debug_line</name>
         <load_address>0x130d</load_address>
         <run_address>0x130d</run_address>
         <size>0x3c</size>
         <input_file_ref idref="fl-23"/>
      </object_component>
      <object_component id="oc-95">
         <name>.debug_line</name>
         <load_address>0x1349</load_address>
         <run_address>0x1349</run_address>
         <size>0x4d</size>
         <input_file_ref idref="fl-24"/>
      </object_component>
      <object_component id="oc-99">
         <name>.debug_line</name>
         <load_address>0x1396</load_address>
         <run_address>0x1396</run_address>
         <size>0x3c</size>
         <input_file_ref idref="fl-25"/>
      </object_component>
      <object_component id="oc-9d">
         <name>.debug_line</name>
         <load_address>0x13d2</load_address>
         <run_address>0x13d2</run_address>
         <size>0x37</size>
         <input_file_ref idref="fl-26"/>
      </object_component>
      <object_component id="oc-a1">
         <name>.debug_line</name>
         <load_address>0x1409</load_address>
         <run_address>0x1409</run_address>
         <size>0x3c</size>
         <input_file_ref idref="fl-27"/>
      </object_component>
      <object_component id="oc-a5">
         <name>.debug_line</name>
         <load_address>0x1445</load_address>
         <run_address>0x1445</run_address>
         <size>0x37</size>
         <input_file_ref idref="fl-28"/>
      </object_component>
      <object_component id="oc-aa">
         <name>.debug_line</name>
         <load_address>0x147c</load_address>
         <run_address>0x147c</run_address>
         <size>0x15d</size>
         <input_file_ref idref="fl-29"/>
      </object_component>
      <object_component id="oc-b0">
         <name>.debug_line</name>
         <load_address>0x15d9</load_address>
         <run_address>0x15d9</run_address>
         <size>0x6a</size>
         <input_file_ref idref="fl-2a"/>
      </object_component>
      <object_component id="oc-b4">
         <name>.debug_line</name>
         <load_address>0x1643</load_address>
         <run_address>0x1643</run_address>
         <size>0x58</size>
         <input_file_ref idref="fl-2b"/>
      </object_component>
      <object_component id="oc-b8">
         <name>.debug_line</name>
         <load_address>0x169b</load_address>
         <run_address>0x169b</run_address>
         <size>0x57</size>
         <input_file_ref idref="fl-2c"/>
      </object_component>
      <object_component id="oc-bc">
         <name>.debug_line</name>
         <load_address>0x16f2</load_address>
         <run_address>0x16f2</run_address>
         <size>0x5c</size>
         <input_file_ref idref="fl-2d"/>
      </object_component>
      <object_component id="oc-c0">
         <name>.debug_line</name>
         <load_address>0x174e</load_address>
         <run_address>0x174e</run_address>
         <size>0x3c</size>
         <input_file_ref idref="fl-2e"/>
      </object_component>
      <object_component id="oc-c4">
         <name>.debug_line</name>
         <load_address>0x178a</load_address>
         <run_address>0x178a</run_address>
         <size>0x5b</size>
         <input_file_ref idref="fl-2f"/>
      </object_component>
      <object_component id="oc-c8">
         <name>.debug_line</name>
         <load_address>0x17e5</load_address>
         <run_address>0x17e5</run_address>
         <size>0x3a</size>
         <input_file_ref idref="fl-30"/>
      </object_component>
      <object_component id="oc-cc">
         <name>.debug_line</name>
         <load_address>0x181f</load_address>
         <run_address>0x181f</run_address>
         <size>0x3c</size>
         <input_file_ref idref="fl-31"/>
      </object_component>
      <object_component id="oc-d0">
         <name>.debug_line</name>
         <load_address>0x185b</load_address>
         <run_address>0x185b</run_address>
         <size>0x3f</size>
         <input_file_ref idref="fl-32"/>
      </object_component>
      <object_component id="oc-d6">
         <name>.debug_line</name>
         <load_address>0x189a</load_address>
         <run_address>0x189a</run_address>
         <size>0xd7</size>
         <input_file_ref idref="fl-33"/>
      </object_component>
      <object_component id="oc-dd">
         <name>.debug_line</name>
         <load_address>0x1971</load_address>
         <run_address>0x1971</run_address>
         <size>0x112</size>
         <input_file_ref idref="fl-34"/>
      </object_component>
      <object_component id="oc-e1">
         <name>.debug_line</name>
         <load_address>0x1a83</load_address>
         <run_address>0x1a83</run_address>
         <size>0x3d</size>
         <input_file_ref idref="fl-35"/>
      </object_component>
      <object_component id="oc-e5">
         <name>.debug_line</name>
         <load_address>0x1ac0</load_address>
         <run_address>0x1ac0</run_address>
         <size>0x39</size>
         <input_file_ref idref="fl-36"/>
      </object_component>
      <object_component id="oc-16">
         <name>.debug_abbrev</name>
         <load_address>0x0</load_address>
         <run_address>0x0</run_address>
         <size>0x17f</size>
         <input_file_ref idref="fl-2"/>
      </object_component>
      <object_component id="oc-1c">
         <name>.debug_abbrev</name>
         <load_address>0x17f</load_address>
         <run_address>0x17f</run_address>
         <size>0x173</size>
         <input_file_ref idref="fl-8"/>
      </object_component>
      <object_component id="oc-20">
         <name>.debug_abbrev</name>
         <load_address>0x2f2</load_address>
         <run_address>0x2f2</run_address>
         <size>0x3a</size>
         <input_file_ref idref="fl-9"/>
      </object_component>
      <object_component id="oc-24">
         <name>.debug_abbrev</name>
         <load_address>0x32c</load_address>
         <run_address>0x32c</run_address>
         <size>0xb5</size>
         <input_file_ref idref="fl-a"/>
      </object_component>
      <object_component id="oc-2b">
         <name>.debug_abbrev</name>
         <load_address>0x3e1</load_address>
         <run_address>0x3e1</run_address>
         <size>0xf7</size>
         <input_file_ref idref="fl-b"/>
      </object_component>
      <object_component id="oc-2f">
         <name>.debug_abbrev</name>
         <load_address>0x4d8</load_address>
         <run_address>0x4d8</run_address>
         <size>0x38</size>
         <input_file_ref idref="fl-c"/>
      </object_component>
      <object_component id="oc-33">
         <name>.debug_abbrev</name>
         <load_address>0x510</load_address>
         <run_address>0x510</run_address>
         <size>0x145</size>
         <input_file_ref idref="fl-d"/>
      </object_component>
      <object_component id="oc-37">
         <name>.debug_abbrev</name>
         <load_address>0x655</load_address>
         <run_address>0x655</run_address>
         <size>0xb5</size>
         <input_file_ref idref="fl-e"/>
      </object_component>
      <object_component id="oc-3c">
         <name>.debug_abbrev</name>
         <load_address>0x70a</load_address>
         <run_address>0x70a</run_address>
         <size>0x26</size>
         <input_file_ref idref="fl-f"/>
      </object_component>
      <object_component id="oc-42">
         <name>.debug_abbrev</name>
         <load_address>0x730</load_address>
         <run_address>0x730</run_address>
         <size>0x9f</size>
         <input_file_ref idref="fl-10"/>
      </object_component>
      <object_component id="oc-48">
         <name>.debug_abbrev</name>
         <load_address>0x7cf</load_address>
         <run_address>0x7cf</run_address>
         <size>0x1f8</size>
         <input_file_ref idref="fl-11"/>
      </object_component>
      <object_component id="oc-4c">
         <name>.debug_abbrev</name>
         <load_address>0x9c7</load_address>
         <run_address>0x9c7</run_address>
         <size>0xec</size>
         <input_file_ref idref="fl-12"/>
      </object_component>
      <object_component id="oc-50">
         <name>.debug_abbrev</name>
         <load_address>0xab3</load_address>
         <run_address>0xab3</run_address>
         <size>0xd5</size>
         <input_file_ref idref="fl-13"/>
      </object_component>
      <object_component id="oc-54">
         <name>.debug_abbrev</name>
         <load_address>0xb88</load_address>
         <run_address>0xb88</run_address>
         <size>0x44</size>
         <input_file_ref idref="fl-14"/>
      </object_component>
      <object_component id="oc-58">
         <name>.debug_abbrev</name>
         <load_address>0xbcc</load_address>
         <run_address>0xbcc</run_address>
         <size>0xb7</size>
         <input_file_ref idref="fl-15"/>
      </object_component>
      <object_component id="oc-5a">
         <name>.debug_abbrev</name>
         <load_address>0xc83</load_address>
         <run_address>0xc83</run_address>
         <size>0x68</size>
         <input_file_ref idref="fl-16"/>
      </object_component>
      <object_component id="oc-5e">
         <name>.debug_abbrev</name>
         <load_address>0xceb</load_address>
         <run_address>0xceb</run_address>
         <size>0x83</size>
         <input_file_ref idref="fl-17"/>
      </object_component>
      <object_component id="oc-62">
         <name>.debug_abbrev</name>
         <load_address>0xd6e</load_address>
         <run_address>0xd6e</run_address>
         <size>0x112</size>
         <input_file_ref idref="fl-18"/>
      </object_component>
      <object_component id="oc-66">
         <name>.debug_abbrev</name>
         <load_address>0xe80</load_address>
         <run_address>0xe80</run_address>
         <size>0x8f</size>
         <input_file_ref idref="fl-19"/>
      </object_component>
      <object_component id="oc-6a">
         <name>.debug_abbrev</name>
         <load_address>0xf0f</load_address>
         <run_address>0xf0f</run_address>
         <size>0xb7</size>
         <input_file_ref idref="fl-1a"/>
      </object_component>
      <object_component id="oc-6f">
         <name>.debug_abbrev</name>
         <load_address>0xfc6</load_address>
         <run_address>0xfc6</run_address>
         <size>0xc2</size>
         <input_file_ref idref="fl-1b"/>
      </object_component>
      <object_component id="oc-73">
         <name>.debug_abbrev</name>
         <load_address>0x1088</load_address>
         <run_address>0x1088</run_address>
         <size>0x103</size>
         <input_file_ref idref="fl-1c"/>
      </object_component>
      <object_component id="oc-78">
         <name>.debug_abbrev</name>
         <load_address>0x118b</load_address>
         <run_address>0x118b</run_address>
         <size>0x140</size>
         <input_file_ref idref="fl-1d"/>
      </object_component>
      <object_component id="oc-7c">
         <name>.debug_abbrev</name>
         <load_address>0x12cb</load_address>
         <run_address>0x12cb</run_address>
         <size>0x9a</size>
         <input_file_ref idref="fl-1e"/>
      </object_component>
      <object_component id="oc-80">
         <name>.debug_abbrev</name>
         <load_address>0x1365</load_address>
         <run_address>0x1365</run_address>
         <size>0xd0</size>
         <input_file_ref idref="fl-1f"/>
      </object_component>
      <object_component id="oc-84">
         <name>.debug_abbrev</name>
         <load_address>0x1435</load_address>
         <run_address>0x1435</run_address>
         <size>0xb7</size>
         <input_file_ref idref="fl-20"/>
      </object_component>
      <object_component id="oc-8a">
         <name>.debug_abbrev</name>
         <load_address>0x14ec</load_address>
         <run_address>0x14ec</run_address>
         <size>0x225</size>
         <input_file_ref idref="fl-21"/>
      </object_component>
      <object_component id="oc-8e">
         <name>.debug_abbrev</name>
         <load_address>0x1711</load_address>
         <run_address>0x1711</run_address>
         <size>0xec</size>
         <input_file_ref idref="fl-22"/>
      </object_component>
      <object_component id="oc-92">
         <name>.debug_abbrev</name>
         <load_address>0x17fd</load_address>
         <run_address>0x17fd</run_address>
         <size>0xb7</size>
         <input_file_ref idref="fl-23"/>
      </object_component>
      <object_component id="oc-96">
         <name>.debug_abbrev</name>
         <load_address>0x18b4</load_address>
         <run_address>0x18b4</run_address>
         <size>0x38</size>
         <input_file_ref idref="fl-24"/>
      </object_component>
      <object_component id="oc-9a">
         <name>.debug_abbrev</name>
         <load_address>0x18ec</load_address>
         <run_address>0x18ec</run_address>
         <size>0xdc</size>
         <input_file_ref idref="fl-25"/>
      </object_component>
      <object_component id="oc-9e">
         <name>.debug_abbrev</name>
         <load_address>0x19c8</load_address>
         <run_address>0x19c8</run_address>
         <size>0x81</size>
         <input_file_ref idref="fl-26"/>
      </object_component>
      <object_component id="oc-a2">
         <name>.debug_abbrev</name>
         <load_address>0x1a49</load_address>
         <run_address>0x1a49</run_address>
         <size>0xa6</size>
         <input_file_ref idref="fl-27"/>
      </object_component>
      <object_component id="oc-a6">
         <name>.debug_abbrev</name>
         <load_address>0x1aef</load_address>
         <run_address>0x1aef</run_address>
         <size>0x8f</size>
         <input_file_ref idref="fl-28"/>
      </object_component>
      <object_component id="oc-ab">
         <name>.debug_abbrev</name>
         <load_address>0x1b7e</load_address>
         <run_address>0x1b7e</run_address>
         <size>0x15a</size>
         <input_file_ref idref="fl-29"/>
      </object_component>
      <object_component id="oc-b1">
         <name>.debug_abbrev</name>
         <load_address>0x1cd8</load_address>
         <run_address>0x1cd8</run_address>
         <size>0xde</size>
         <input_file_ref idref="fl-2a"/>
      </object_component>
      <object_component id="oc-b5">
         <name>.debug_abbrev</name>
         <load_address>0x1db6</load_address>
         <run_address>0x1db6</run_address>
         <size>0x38</size>
         <input_file_ref idref="fl-2b"/>
      </object_component>
      <object_component id="oc-b9">
         <name>.debug_abbrev</name>
         <load_address>0x1dee</load_address>
         <run_address>0x1dee</run_address>
         <size>0xd1</size>
         <input_file_ref idref="fl-2c"/>
      </object_component>
      <object_component id="oc-bd">
         <name>.debug_abbrev</name>
         <load_address>0x1ebf</load_address>
         <run_address>0x1ebf</run_address>
         <size>0xd4</size>
         <input_file_ref idref="fl-2d"/>
      </object_component>
      <object_component id="oc-c1">
         <name>.debug_abbrev</name>
         <load_address>0x1f93</load_address>
         <run_address>0x1f93</run_address>
         <size>0xa6</size>
         <input_file_ref idref="fl-2e"/>
      </object_component>
      <object_component id="oc-c5">
         <name>.debug_abbrev</name>
         <load_address>0x2039</load_address>
         <run_address>0x2039</run_address>
         <size>0x136</size>
         <input_file_ref idref="fl-2f"/>
      </object_component>
      <object_component id="oc-c9">
         <name>.debug_abbrev</name>
         <load_address>0x216f</load_address>
         <run_address>0x216f</run_address>
         <size>0x81</size>
         <input_file_ref idref="fl-30"/>
      </object_component>
      <object_component id="oc-cd">
         <name>.debug_abbrev</name>
         <load_address>0x21f0</load_address>
         <run_address>0x21f0</run_address>
         <size>0xd1</size>
         <input_file_ref idref="fl-31"/>
      </object_component>
      <object_component id="oc-d1">
         <name>.debug_abbrev</name>
         <load_address>0x22c1</load_address>
         <run_address>0x22c1</run_address>
         <size>0x10b</size>
         <input_file_ref idref="fl-32"/>
      </object_component>
      <object_component id="oc-d7">
         <name>.debug_abbrev</name>
         <load_address>0x23cc</load_address>
         <run_address>0x23cc</run_address>
         <size>0x1a2</size>
         <input_file_ref idref="fl-33"/>
      </object_component>
      <object_component id="oc-de">
         <name>.debug_abbrev</name>
         <load_address>0x256e</load_address>
         <run_address>0x256e</run_address>
         <size>0x1de</size>
         <input_file_ref idref="fl-34"/>
      </object_component>
      <object_component id="oc-e2">
         <name>.debug_abbrev</name>
         <load_address>0x274c</load_address>
         <run_address>0x274c</run_address>
         <size>0x118</size>
         <input_file_ref idref="fl-35"/>
      </object_component>
      <object_component id="oc-e6">
         <name>.debug_abbrev</name>
         <load_address>0x2864</load_address>
         <run_address>0x2864</run_address>
         <size>0xbf</size>
         <input_file_ref idref="fl-36"/>
      </object_component>
      <object_component id="oc-104">
         <name>.debug_abbrev</name>
         <load_address>0x2923</load_address>
         <run_address>0x2923</run_address>
         <size>0xd</size>
      </object_component>
   </object_component_list>
   <logical_group_list>
      <logical_group id="lg-2">
         <name>.intvec</name>
         <run_address>0x0</run_address>
         <size>0x0</size>
         <contents>
         </contents>
      </logical_group>
      <logical_group id="lg-3">
         <name>.text</name>
         <load_address>0x8000</load_address>
         <run_address>0x8000</run_address>
         <size>0x5244</size>
         <contents>
            <object_component_ref idref="oc-43"/>
            <object_component_ref idref="oc-17"/>
            <object_component_ref idref="oc-85"/>
            <object_component_ref idref="oc-a7"/>
            <object_component_ref idref="oc-d8"/>
            <object_component_ref idref="oc-5f"/>
            <object_component_ref idref="oc-f"/>
            <object_component_ref idref="oc-d2"/>
            <object_component_ref idref="oc-81"/>
            <object_component_ref idref="oc-ba"/>
            <object_component_ref idref="oc-55"/>
            <object_component_ref idref="oc-74"/>
            <object_component_ref idref="oc-97"/>
            <object_component_ref idref="oc-ce"/>
            <object_component_ref idref="oc-b6"/>
            <object_component_ref idref="oc-c2"/>
            <object_component_ref idref="oc-af"/>
            <object_component_ref idref="oc-70"/>
            <object_component_ref idref="oc-21"/>
            <object_component_ref idref="oc-8b"/>
            <object_component_ref idref="oc-df"/>
            <object_component_ref idref="oc-c6"/>
            <object_component_ref idref="oc-79"/>
            <object_component_ref idref="oc-34"/>
            <object_component_ref idref="oc-67"/>
            <object_component_ref idref="oc-ac"/>
            <object_component_ref idref="oc-ca"/>
            <object_component_ref idref="oc-6b"/>
            <object_component_ref idref="oc-4d"/>
            <object_component_ref idref="oc-30"/>
            <object_component_ref idref="oc-51"/>
            <object_component_ref idref="oc-49"/>
            <object_component_ref idref="oc-9f"/>
            <object_component_ref idref="oc-be"/>
            <object_component_ref idref="oc-93"/>
            <object_component_ref idref="oc-25"/>
            <object_component_ref idref="oc-e"/>
            <object_component_ref idref="oc-63"/>
            <object_component_ref idref="oc-b2"/>
            <object_component_ref idref="oc-8f"/>
            <object_component_ref idref="oc-7d"/>
            <object_component_ref idref="oc-a3"/>
            <object_component_ref idref="oc-2c"/>
            <object_component_ref idref="oc-3d"/>
            <object_component_ref idref="oc-9b"/>
            <object_component_ref idref="oc-e3"/>
            <object_component_ref idref="oc-29"/>
            <object_component_ref idref="oc-38"/>
         </contents>
      </logical_group>
      <logical_group id="lg-4">
         <name>.data</name>
         <run_address>0x200</run_address>
         <size>0x0</size>
         <contents>
         </contents>
      </logical_group>
      <logical_group id="lg-5">
         <name>.cinit</name>
         <load_address>0xd6f8</load_address>
         <run_address>0xd6f8</run_address>
         <size>0xf8</size>
         <contents>
            <object_component_ref idref="oc-88"/>
            <object_component_ref idref="oc-5d"/>
            <object_component_ref idref="oc-40"/>
            <object_component_ref idref="oc-28"/>
            <object_component_ref idref="oc-12"/>
            <object_component_ref idref="oc-d5"/>
            <object_component_ref idref="oc-db"/>
         </contents>
      </logical_group>
      <logical_group id="lg-6">
         <name>.switch</name>
         <run_address>0x0</run_address>
         <size>0x0</size>
         <contents>
         </contents>
      </logical_group>
      <logical_group id="lg-7">
         <name>.stack</name>
         <run_address>0x200</run_address>
         <size>0x2000</size>
         <contents>
            <object_component_ref idref="oc-1d"/>
            <object_component_ref idref="oc-ff"/>
         </contents>
      </logical_group>
      <logical_group id="lg-8">
         <name>.sysstack</name>
         <run_address>0x4200</run_address>
         <size>0x1000</size>
         <contents>
            <object_component_ref idref="oc-e7"/>
            <object_component_ref idref="oc-101"/>
         </contents>
      </logical_group>
      <logical_group id="lg-9">
         <name>.bss</name>
         <run_address>0x5200</run_address>
         <size>0x5a8</size>
         <contents>
            <object_component_ref idref="oc-10"/>
            <object_component_ref idref="oc-18"/>
            <object_component_ref idref="oc-26"/>
            <object_component_ref idref="oc-3e"/>
            <object_component_ref idref="oc-5b"/>
            <object_component_ref idref="oc-86"/>
            <object_component_ref idref="oc-a8"/>
            <object_component_ref idref="oc-d3"/>
            <object_component_ref idref="oc-d9"/>
         </contents>
      </logical_group>
      <logical_group id="lg-a">
         <name>.sysmem</name>
         <run_address>0x2200</run_address>
         <size>0x2000</size>
         <contents>
            <object_component_ref idref="oc-dc"/>
            <object_component_ref idref="oc-100"/>
         </contents>
      </logical_group>
      <logical_group id="lg-b">
         <name>.const</name>
         <load_address>0xd244</load_address>
         <run_address>0xd244</run_address>
         <size>0x4b4</size>
         <contents>
            <object_component_ref idref="oc-13"/>
            <object_component_ref idref="oc-e8"/>
            <object_component_ref idref="oc-46"/>
            <object_component_ref idref="oc-45"/>
            <object_component_ref idref="oc-e9"/>
            <object_component_ref idref="oc-76"/>
            <object_component_ref idref="oc-6d"/>
         </contents>
      </logical_group>
      <logical_group id="lg-c">
         <name>.cio</name>
         <run_address>0x57a8</run_address>
         <size>0x240</size>
         <contents>
            <object_component_ref idref="oc-ae"/>
         </contents>
      </logical_group>
      <logical_group id="lg-d">
         <name>vectors</name>
         <load_address>0x100</load_address>
         <run_address>0x100</run_address>
         <size>0x100</size>
         <contents>
            <object_component_ref idref="oc-39"/>
         </contents>
      </logical_group>
      <logical_group id="lg-f6">
         <name>.debug_info</name>
         <load_address>0x0</load_address>
         <run_address>0x0</run_address>
         <size>0x173ac</size>
         <contents>
            <object_component_ref idref="oc-11"/>
            <object_component_ref idref="oc-19"/>
            <object_component_ref idref="oc-1e"/>
            <object_component_ref idref="oc-22"/>
            <object_component_ref idref="oc-27"/>
            <object_component_ref idref="oc-2d"/>
            <object_component_ref idref="oc-31"/>
            <object_component_ref idref="oc-35"/>
            <object_component_ref idref="oc-3a"/>
            <object_component_ref idref="oc-3f"/>
            <object_component_ref idref="oc-44"/>
            <object_component_ref idref="oc-4a"/>
            <object_component_ref idref="oc-4e"/>
            <object_component_ref idref="oc-52"/>
            <object_component_ref idref="oc-56"/>
            <object_component_ref idref="oc-59"/>
            <object_component_ref idref="oc-5c"/>
            <object_component_ref idref="oc-60"/>
            <object_component_ref idref="oc-64"/>
            <object_component_ref idref="oc-68"/>
            <object_component_ref idref="oc-6c"/>
            <object_component_ref idref="oc-71"/>
            <object_component_ref idref="oc-75"/>
            <object_component_ref idref="oc-7a"/>
            <object_component_ref idref="oc-7e"/>
            <object_component_ref idref="oc-82"/>
            <object_component_ref idref="oc-87"/>
            <object_component_ref idref="oc-8c"/>
            <object_component_ref idref="oc-90"/>
            <object_component_ref idref="oc-94"/>
            <object_component_ref idref="oc-98"/>
            <object_component_ref idref="oc-9c"/>
            <object_component_ref idref="oc-a0"/>
            <object_component_ref idref="oc-a4"/>
            <object_component_ref idref="oc-a9"/>
            <object_component_ref idref="oc-ad"/>
            <object_component_ref idref="oc-b3"/>
            <object_component_ref idref="oc-b7"/>
            <object_component_ref idref="oc-bb"/>
            <object_component_ref idref="oc-bf"/>
            <object_component_ref idref="oc-c3"/>
            <object_component_ref idref="oc-c7"/>
            <object_component_ref idref="oc-cb"/>
            <object_component_ref idref="oc-cf"/>
            <object_component_ref idref="oc-d4"/>
            <object_component_ref idref="oc-da"/>
            <object_component_ref idref="oc-e0"/>
            <object_component_ref idref="oc-e4"/>
            <object_component_ref idref="oc-103"/>
         </contents>
      </logical_group>
      <logical_group id="lg-f8">
         <name>.debug_frame</name>
         <load_address>0x0</load_address>
         <run_address>0x0</run_address>
         <size>0x2f1</size>
         <contents>
            <object_component_ref idref="oc-14"/>
            <object_component_ref idref="oc-1a"/>
         </contents>
      </logical_group>
      <logical_group id="lg-fa">
         <name>.debug_line</name>
         <load_address>0x0</load_address>
         <run_address>0x0</run_address>
         <size>0x1af9</size>
         <contents>
            <object_component_ref idref="oc-15"/>
            <object_component_ref idref="oc-1b"/>
            <object_component_ref idref="oc-1f"/>
            <object_component_ref idref="oc-23"/>
            <object_component_ref idref="oc-2a"/>
            <object_component_ref idref="oc-2e"/>
            <object_component_ref idref="oc-32"/>
            <object_component_ref idref="oc-36"/>
            <object_component_ref idref="oc-3b"/>
            <object_component_ref idref="oc-41"/>
            <object_component_ref idref="oc-47"/>
            <object_component_ref idref="oc-4b"/>
            <object_component_ref idref="oc-4f"/>
            <object_component_ref idref="oc-53"/>
            <object_component_ref idref="oc-57"/>
            <object_component_ref idref="oc-61"/>
            <object_component_ref idref="oc-65"/>
            <object_component_ref idref="oc-69"/>
            <object_component_ref idref="oc-6e"/>
            <object_component_ref idref="oc-72"/>
            <object_component_ref idref="oc-77"/>
            <object_component_ref idref="oc-7b"/>
            <object_component_ref idref="oc-7f"/>
            <object_component_ref idref="oc-83"/>
            <object_component_ref idref="oc-89"/>
            <object_component_ref idref="oc-8d"/>
[...]
      </symbol>
      <symbol id="sm-84">
         <name>_i2cSetup</name>
         <value>0x573c</value>
         <object_component_ref idref="oc-10"/>
      </symbol>
      <symbol id="sm-85">
         <name>_gI2cWrBuf</name>
         <value>0x56b8</value>
         <object_component_ref idref="oc-10"/>
      </symbol>
      <symbol id="sm-86">
         <name>_CSL_i2cPolledTest</name>
         <value>0xb767</value>
         <object_component_ref idref="oc-f"/>
      </symbol>
      <symbol id="sm-87">
         <name>_PaSs_StAtE</name>
         <value>0x5762</value>
         <object_component_ref idref="oc-10"/>
      </symbol>
      <symbol id="sm-88">
         <name>_PaSs</name>
         <value>0x5764</value>
         <object_component_ref idref="oc-10"/>
      </symbol>
      <symbol id="sm-89">
         <name>_gI2cRdBuf</name>
         <value>0x56fc</value>
         <object_component_ref idref="oc-10"/>
      </symbol>
      <symbol id="sm-12f">
         <name>_I2C_eventEnable</name>
         <value>0xa137</value>
         <object_component_ref idref="oc-17"/>
      </symbol>
      <symbol id="sm-130">
         <name>_i2cHandle</name>
         <value>0x5788</value>
         <object_component_ref idref="oc-18"/>
      </symbol>
      <symbol id="sm-131">
         <name>_I2C_read</name>
         <value>0x9cd5</value>
         <object_component_ref idref="oc-17"/>
      </symbol>
      <symbol id="sm-132">
         <name>_I2C_write</name>
         <value>0x9a82</value>
         <object_component_ref idref="oc-17"/>
      </symbol>
      <symbol id="sm-133">
         <name>_I2C_init</name>
         <value>0x95a4</value>
         <object_component_ref idref="oc-17"/>
      </symbol>
      <symbol id="sm-134">
         <name>_I2C_getEventId</name>
         <value>0xa417</value>
         <object_component_ref idref="oc-17"/>
      </symbol>
      <symbol id="sm-135">
         <name>_I2C_setCallback</name>
         <value>0xa38a</value>
         <object_component_ref idref="oc-17"/>
      </symbol>
      <symbol id="sm-136">
         <name>_I2C_getConfig</name>
         <value>0x97b2</value>
         <object_component_ref idref="oc-17"/>
      </symbol>
      <symbol id="sm-137">
         <name>_gI2cObj</name>
         <value>0x5768</value>
         <object_component_ref idref="oc-18"/>
      </symbol>
      <symbol id="sm-138">
         <name>_I2C_setup</name>
         <value>0x9888</value>
         <object_component_ref idref="oc-17"/>
      </symbol>
      <symbol id="sm-139">
         <name>_I2C_config</name>
         <value>0x964d</value>
         <object_component_ref idref="oc-17"/>
      </symbol>
      <symbol id="sm-13a">
         <name>_I2C_eventDisable</name>
         <value>0xa26b</value>
         <object_component_ref idref="oc-17"/>
      </symbol>
      <symbol id="sm-146">
         <name>__sysstack</name>
         <value>0x4200</value>
         <object_component_ref idref="oc-e7"/>
      </symbol>
      <symbol id="sm-147">
         <name>_c_int00</name>
         <value>0xd122</value>
         <object_component_ref idref="oc-e"/>
      </symbol>
      <symbol id="sm-148">
         <name>__stack</name>
         <value>0x200</value>
         <object_component_ref idref="oc-1d"/>
      </symbol>
      <symbol id="sm-153">
         <name>__divul</name>
         <value>0xca2c</value>
         <object_component_ref idref="oc-21"/>
      </symbol>
      <symbol id="sm-163">
         <name>C$$EXIT</name>
         <value>0xd23b</value>
         <object_component_ref idref="oc-29"/>
      </symbol>
      <symbol id="sm-164">
         <name>_exit</name>
         <value>0xd0e4</value>
         <object_component_ref idref="oc-25"/>
      </symbol>
      <symbol id="sm-165">
         <name>_abort</name>
         <value>0xd23a</value>
         <object_component_ref idref="oc-29"/>
      </symbol>
      <symbol id="sm-166">
         <name>__cleanup_ptr</name>
         <value>0x57a0</value>
         <object_component_ref idref="oc-26"/>
      </symbol>
      <symbol id="sm-167">
         <name>__dtors_ptr</name>
         <value>0x57a4</value>
         <object_component_ref idref="oc-26"/>
      </symbol>
      <symbol id="sm-16f">
         <name>__mpyli</name>
         <value>0xd1fb</value>
         <object_component_ref idref="oc-2c"/>
      </symbol>
      <symbol id="sm-170">
         <name>I$$LMPY</name>
         <value>0xd1fb</value>
         <object_component_ref idref="oc-2c"/>
      </symbol>
      <symbol id="sm-17a">
         <name>_printf</name>
         <value>0xcf2a</value>
         <object_component_ref idref="oc-30"/>
      </symbol>
      <symbol id="sm-185">
         <name>__remul</name>
         <value>0xccae</value>
         <object_component_ref idref="oc-34"/>
      </symbol>
      <symbol id="sm-18f">
         <name>_Reset</name>
         <value>0x100</value>
         <object_component_ref idref="oc-39"/>
      </symbol>
      <symbol id="sm-19d">
         <name>__unlock</name>
         <value>0x579c</value>
         <object_component_ref idref="oc-3e"/>
      </symbol>
      <symbol id="sm-19e">
         <name>__lock</name>
         <value>0x5798</value>
         <object_component_ref idref="oc-3e"/>
      </symbol>
      <symbol id="sm-19f">
         <name>__register_lock</name>
         <value>0xd216</value>
         <object_component_ref idref="oc-3d"/>
      </symbol>
      <symbol id="sm-1a0">
         <name>__nop</name>
         <value>0xd21e</value>
         <object_component_ref idref="oc-3d"/>
      </symbol>
      <symbol id="sm-1a1">
         <name>__register_unlock</name>
         <value>0xd20e</value>
         <object_component_ref idref="oc-3d"/>
      </symbol>
      <symbol id="sm-1b3">
         <name>__printfi</name>
         <value>0x9362</value>
         <object_component_ref idref="oc-43"/>
      </symbol>
      <symbol id="sm-1bd">
         <name>__args_main</name>
         <value>0xcfc7</value>
         <object_component_ref idref="oc-49"/>
      </symbol>
      <symbol id="sm-1be">
         <name>__TI_args_main</name>
         <value>0x1</value>
      </symbol>
      <symbol id="sm-1c8">
         <name>_atoi</name>
         <value>0xcece</value>
         <object_component_ref idref="oc-4d"/>
      </symbol>
      <symbol id="sm-1d0">
         <name>_auto_init</name>
         <value>0xcf7a</value>
         <object_component_ref idref="oc-51"/>
      </symbol>
      <symbol id="sm-1da">
         <name>__eqld</name>
         <value>0xc30c</value>
         <object_component_ref idref="oc-55"/>
      </symbol>
      <symbol id="sm-1db">
         <name>__cmpd</name>
         <value>0xc340</value>
         <object_component_ref idref="oc-55"/>
      </symbol>
      <symbol id="sm-1dc">
         <name>__neqd</name>
         <value>0xc1ae</value>
         <object_component_ref idref="oc-55"/>
      </symbol>
      <symbol id="sm-1dd">
         <name>__gtrd</name>
         <value>0xc277</value>
         <object_component_ref idref="oc-55"/>
      </symbol>
      <symbol id="sm-1de">
         <name>__geqd</name>
         <value>0xc2c2</value>
         <object_component_ref idref="oc-55"/>
      </symbol>
      <symbol id="sm-1df">
         <name>__leqd</name>
         <value>0xc22a</value>
         <object_component_ref idref="oc-55"/>
      </symbol>
      <symbol id="sm-1e0">
         <name>__lssd</name>
         <value>0xc1e2</value>
         <object_component_ref idref="oc-55"/>
      </symbol>
      <symbol id="sm-1e8">
         <name>__ctypes_</name>
         <value>0xd47c</value>
         <object_component_ref idref="oc-e8"/>
      </symbol>
      <symbol id="sm-1f2">
         <name>__tmpnams</name>
         <value>0x52f0</value>
         <object_component_ref idref="oc-5b"/>
      </symbol>
      <symbol id="sm-1f3">
         <name>__ft_end</name>
         <value>0x5430</value>
         <object_component_ref idref="oc-5b"/>
      </symbol>
      <symbol id="sm-1f4">
         <name>__ftable</name>
         <value>0x5200</value>
         <object_component_ref idref="oc-5b"/>
      </symbol>
      <symbol id="sm-200">
         <name>__divd</name>
         <value>0xb353</value>
         <object_component_ref idref="oc-5f"/>
      </symbol>
      <symbol id="sm-20a">
         <name>__fixdi</name>
         <value>0xd156</value>
         <object_component_ref idref="oc-63"/>
      </symbol>
      <symbol id="sm-214">
         <name>__fixdli</name>
         <value>0xcd20</value>
         <object_component_ref idref="oc-67"/>
      </symbol>
      <symbol id="sm-220">
         <name>__fltlid</name>
         <value>0xce67</value>
         <object_component_ref idref="oc-6b"/>
      </symbol>
      <symbol id="sm-22a">
         <name>_putchar</name>
         <value>0xca1d</value>
         <object_component_ref idref="oc-70"/>
      </symbol>
      <symbol id="sm-22b">
         <name>_putc</name>
         <value>0xc986</value>
         <object_component_ref idref="oc-70"/>
      </symbol>
      <symbol id="sm-22c">
         <name>_fputc</name>
         <value>0xc986</value>
         <object_component_ref idref="oc-70"/>
      </symbol>
      <symbol id="sm-23a">
         <name>_puts</name>
         <value>0xc4cd</value>
         <object_component_ref idref="oc-74"/>
      </symbol>
      <symbol id="sm-23b">
         <name>_fputs</name>
         <value>0xc398</value>
         <object_component_ref idref="oc-74"/>
      </symbol>
      <symbol id="sm-245">
         <name>__frcmpyd_div</name>
         <value>0xcc3b</value>
         <object_component_ref idref="oc-79"/>
      </symbol>
      <symbol id="sm-24f">
         <name>___isinf</name>
         <value>0xd1cd</value>
         <object_component_ref idref="oc-7d"/>
      </symbol>
      <symbol id="sm-259">
         <name>__divull</name>
         <value>0xbe2b</value>
         <object_component_ref idref="oc-81"/>
      </symbol>
      <symbol id="sm-25a">
         <name>__mpylli</name>
         <value>0xbd73</value>
         <object_component_ref idref="oc-81"/>
      </symbol>
      <symbol id="sm-25b">
         <name>__remlli</name>
         <value>0xbd44</value>
         <object_component_ref idref="oc-81"/>
      </symbol>
      <symbol id="sm-25c">
         <name>__divlli</name>
         <value>0xbf1f</value>
         <object_component_ref idref="oc-81"/>
      </symbol>
      <symbol id="sm-25d">
         <name>__remull</name>
         <value>0xbcf6</value>
         <object_component_ref idref="oc-81"/>
      </symbol>
      <symbol id="sm-26f">
         <name>_add_device</name>
         <value>0xa886</value>
         <object_component_ref idref="oc-85"/>
      </symbol>
      <symbol id="sm-270">
         <name>_rename</name>
         <value>0xa5a8</value>
         <object_component_ref idref="oc-85"/>
      </symbol>
      <symbol id="sm-271">
         <name>_read</name>
         <value>0xa637</value>
         <object_component_ref idref="oc-85"/>
      </symbol>
      <symbol id="sm-272">
         <name>_unlink</name>
         <value>0xa575</value>
         <object_component_ref idref="oc-85"/>
      </symbol>
      <symbol id="sm-273">
         <name>_remove_device</name>
         <value>0xa601</value>
         <object_component_ref idref="oc-85"/>
      </symbol>
      <symbol id="sm-274">
         <name>_open</name>
         <value>0xa6e5</value>
         <object_component_ref idref="oc-85"/>
      </symbol>
      <symbol id="sm-275">
         <name>_find_registered_device</name>
         <value>0xa80a</value>
         <object_component_ref idref="oc-85"/>
      </symbol>
      <symbol id="sm-276">
         <name>_lseek</name>
         <value>0xa7a4</value>
         <object_component_ref idref="oc-85"/>
      </symbol>
      <symbol id="sm-277">
         <name>_close</name>
         <value>0xa813</value>
         <object_component_ref idref="oc-85"/>
      </symbol>
      <symbol id="sm-278">
         <name>_write</name>
         <value>0xa433</value>
         <object_component_ref idref="oc-85"/>
      </symbol>
      <symbol id="sm-282">
         <name>_ltoa</name>
         <value>0xcacd</value>
         <object_component_ref idref="oc-8b"/>
      </symbol>
      <symbol id="sm-28d">
         <name>_memccpy</name>
         <value>0xd1aa</value>
         <object_component_ref idref="oc-8f"/>
      </symbol>
      <symbol id="sm-295">
         <name>_memcpy</name>
         <value>0xd0a5</value>
         <object_component_ref idref="oc-93"/>
      </symbol>
      <symbol id="sm-29f">
         <name>__mpyd</name>
         <value>0xc4fb</value>
         <object_component_ref idref="oc-97"/>
      </symbol>
      <symbol id="sm-2a9">
         <name>__negd</name>
         <value>0xd220</value>
         <object_component_ref idref="oc-9b"/>
      </symbol>
      <symbol id="sm-2b3">
         <name>__remli</name>
         <value>0xd012</value>
         <object_component_ref idref="oc-9f"/>
      </symbol>
      <symbol id="sm-2bd">
         <name>__subd</name>
         <value>0xd1e7</value>
         <object_component_ref idref="oc-a3"/>
      </symbol>
      <symbol id="sm-2c9">
         <name>_HOSTopen</name>
         <value>0xac81</value>
         <object_component_ref idref="oc-a7"/>
      </symbol>
      <symbol id="sm-2ca">
         <name>_HOSTread</name>
         <value>0xabf4</value>
         <object_component_ref idref="oc-a7"/>
      </symbol>
      <symbol id="sm-2cb">
         <name>_HOSTtime</name>
         <value>0xaae8</value>
         <object_component_ref idref="oc-a7"/>
      </symbol>
      <symbol id="sm-2cc">
         <name>_getenv</name>
         <value>0xa976</value>
         <object_component_ref idref="oc-a7"/>
      </symbol>
      <symbol id="sm-2cd">
         <name>_HOSTrename</name>
         <value>0xab46</value>
         <object_component_ref idref="oc-a7"/>
      </symbol>
      <symbol id="sm-2ce">
         <name>_HOSTclock</name>
         <value>0xae40</value>
         <object_component_ref idref="oc-a7"/>
      </symbol>
      <symbol id="sm-2cf">
         <name>_HOSTwrite</name>
         <value>0xa9f1</value>
         <object_component_ref idref="oc-a7"/>
      </symbol>
      <symbol id="sm-2d0">
         <name>_HOSTlseek</name>
         <value>0xad20</value>
         <object_component_ref idref="oc-a7"/>
      </symbol>
      <symbol id="sm-2d1">
         <name>_HOSTunlink</name>
         <value>0xaa7e</value>
         <object_component_ref idref="oc-a7"/>
      </symbol>
      <symbol id="sm-2d2">
         <name>_HOSTclose</name>
         <value>0xadd5</value>
         <object_component_ref idref="oc-a7"/>
      </symbol>
      <symbol id="sm-2e4">
         <name>C$$IO$$</name>
         <value>0xc981</value>
         <object_component_ref idref="oc-af"/>
      </symbol>
      <symbol id="sm-2e5">
         <name>__CIOBUF_</name>
         <value>0x57a8</value>
         <object_component_ref idref="oc-ae"/>
      </symbol>
      <symbol id="sm-2e6">
         <name>_readmsg</name>
         <value>0xcd8f</value>
         <object_component_ref idref="oc-ac"/>
      </symbol>
      <symbol id="sm-2e7">
         <name>_writemsg</name>
         <value>0xc8cc</value>
         <object_component_ref idref="oc-af"/>
      </symbol>
      <symbol id="sm-2ef">
         <name>__remu</name>
         <value>0xd195</value>
         <object_component_ref idref="oc-b2"/>
      </symbol>
      <symbol id="sm-2f0">
         <name>__divu</name>
         <value>0xd180</value>
         <object_component_ref idref="oc-b2"/>
      </symbol>
      <symbol id="sm-2f1">
         <name>I$$UMOD</name>
         <value>0xd195</value>
         <object_component_ref idref="oc-b2"/>
      </symbol>
      <symbol id="sm-2f2">
         <name>I$$UDIV</name>
         <value>0xd180</value>
         <object_component_ref idref="oc-b2"/>
      </symbol>
      <symbol id="sm-2fc">
         <name>__rd_ok</name>
         <value>0xc7ad</value>
         <object_component_ref idref="oc-b6"/>
      </symbol>
      <symbol id="sm-2fd">
         <name>__wrt_ok</name>
         <value>0xc72d</value>
         <object_component_ref idref="oc-b6"/>
      </symbol>
      <symbol id="sm-307">
         <name>__addd</name>
         <value>0xbf54</value>
         <object_component_ref idref="oc-ba"/>
      </symbol>
      <symbol id="sm-311">
         <name>__divli</name>
         <value>0xd05d</value>
         <object_component_ref idref="oc-be"/>
      </symbol>
      <symbol id="sm-31b">
         <name>__doflush</name>
         <value>0xc80a</value>
         <object_component_ref idref="oc-c2"/>
      </symbol>
      <symbol id="sm-31c">
         <name>_fflush</name>
         <value>0xc873</value>
         <object_component_ref idref="oc-c2"/>
      </symbol>
      <symbol id="sm-326">
         <name>__frcmpyd</name>
         <value>0xcbc5</value>
         <object_component_ref idref="oc-c6"/>
      </symbol>
      <symbol id="sm-330">
         <name>_fseek</name>
         <value>0xcdfc</value>
         <object_component_ref idref="oc-ca"/>
      </symbol>
      <symbol id="sm-33a">
         <name>_setvbuf</name>
         <value>0xc647</value>
         <object_component_ref idref="oc-ce"/>
      </symbol>
      <symbol id="sm-349">
         <name>__cleanup</name>
         <value>0xbb98</value>
         <object_component_ref idref="oc-d2"/>
      </symbol>
      <symbol id="sm-34a">
         <name>_fopen</name>
         <value>0xbcbb</value>
         <object_component_ref idref="oc-d2"/>
      </symbol>
      <symbol id="sm-34b">
         <name>_freopen</name>
         <value>0xbbf2</value>
         <object_component_ref idref="oc-d2"/>
      </symbol>
      <symbol id="sm-35b">
         <name>__sys_memory</name>
         <value>0x2200</value>
         <object_component_ref idref="oc-dc"/>
      </symbol>
      <symbol id="sm-35c">
         <name>_chkheap</name>
         <value>0xb325</value>
         <object_component_ref idref="oc-d8"/>
      </symbol>
      <symbol id="sm-35d">
         <name>_realloc</name>
         <value>0xb0c4</value>
         <object_component_ref idref="oc-d8"/>
      </symbol>
      <symbol id="sm-35e">
         <name>_free_memory</name>
         <value>0xb2cf</value>
         <object_component_ref idref="oc-d8"/>
      </symbol>
      <symbol id="sm-35f">
         <name>_max_free</name>
         <value>0xb275</value>
         <object_component_ref idref="oc-d8"/>
      </symbol>
      <symbol id="sm-360">
         <name>_free</name>
         <value>0xae9e</value>
         <object_component_ref idref="oc-d8"/>
      </symbol>
      <symbol id="sm-361">
         <name>_calloc</name>
         <value>0xb32d</value>
         <object_component_ref idref="oc-d8"/>
      </symbol>
      <symbol id="sm-362">
         <name>_malloc</name>
         <value>0xafcf</value>
         <object_component_ref idref="oc-d8"/>
      </symbol>
      <symbol id="sm-363">
         <name>_minit</name>
         <value>0xaf6a</value>
         <object_component_ref idref="oc-d8"/>
      </symbol>
      <symbol id="sm-36d">
         <name>_fclose</name>
         <value>0xcb4a</value>
         <object_component_ref idref="oc-df"/>
      </symbol>
      <symbol id="sm-377">
         <name>_remove</name>
         <value>0xd230</value>
         <object_component_ref idref="oc-e3"/>
      </symbol>
   </symbol_table>
</link_info>
